 HYPOINVERSE 2000 STARTING
6/2014 VERSION 1.40 (geoid depth possible)                            
 COMMAND?     33 STATIONS READ IN.
  FIND INPUT PHASE FILE TYPE & SET PHS(COP) & ARC(CAR) FORMATS
  INPUT IS A HYPOINVERSE ARCHIVE-2000 FILE, NO SHADOWS
  SETTING FORMATS COP 3, CAR 1
  SEQ ---DATE--- TIME REMARK -LAT-  --LON-  DEPTH  RMS PMAG  NUM  ERH  ERZ  ID
    1 2021- 7-29 16:00     - 55  7  161 12  36.10 0.25  0.0    9 16.1  7.6         1
    2 2021- 7-29 16:08     - 55 14  160 56  19.95 0.21  0.0   11  3.0 21.3         2
    3 2021- 7-29 16:09     - 55 13  160 49  17.91 0.16  0.0   11  6.2 16.7         3
    4 2021- 7-29 16:38     - 55 17  160 57  52.36 0.13  0.0    8 13.4  5.1         4
    5 2021- 7-29 17:00     - 55 18  160 54  43.33 0.25  0.0   11 17.9  7.4         5
    6 2021- 7-29 17:04     - 55 15  161 49  52.63 0.01  0.0    5 10.0  3.1         6
    7 2021- 7-29 17:08     - 55 22  161 36  19.95 0.03  0.0    4 11.9  3.7         7
    8 2021- 7-29 17:23       55 14  161 24  13.12 0.12  0.0   10  3.6  1.1         8
    9 2021- 7-29 17:28     - 55 30  161 28   4.90 0.70  0.0    5 15.7 55.4         9
   10 2021- 7-29 17:33     - 55 14  161 19  21.42 0.13  0.0    5 14.4  7.1        10
   11 2021- 7-29 17:34     - 55 30  161 33  20.84 0.26  0.0    5 23.1  8.4        11
   12 2021- 7-29 17:52     - 55 16  160 42  46.37 0.16  0.0   10 14.5  6.5        12
   13 2021- 7-29 18:14     # 55 14  161 36   9.92 0.20  0.0    8  3.2 10.2        13
   14 2021- 7-29 18:17       55  9  161 13  13.30 0.08  0.0    5  2.7  2.0        14
   15 2021- 7-29 18:38     - 55 12  161  7  19.85 0.21  0.0   11  3.7 21.2        15
  SEQ ---DATE--- TIME REMARK -LAT-  --LON-  DEPTH  RMS PMAG  NUM  ERH  ERZ  ID
   16 2021- 7-29 18:46       55 19  160 51  40.83 0.11  0.0    9  3.0  4.7        16
   17 2021- 7-29 18:53       54 45  161 58   8.29 0.11  0.0    6  5.4  1.4        17
   18 2021- 7-29 19:12     - 55 15  160 53  25.03 0.12  0.0   10 13.1 15.8        18
   19 2021- 7-29 19:30     - 55 26  161 11  20.14 0.09  0.0    6  3.9 14.0        19
   20 2021- 7-29 19:53     - 55 15  160 32  13.04 0.15  0.0   10 11.3 14.5        20
   21 2021- 7-29 20:21     - 55 22  160 31  76.42 0.23  0.0    9 19.8 11.3        21
   22 2021- 7-29 20:23     - 55  8  160 53  24.89 0.24  0.0   12  2.7 23.6        22
   23 2021- 7-29 20:25       55 15  161  2  26.87 0.13  0.0    9  4.0  7.8        23
   24 2021- 7-29 20:31     - 55 15  161  2  21.40 0.13  0.0    8 11.1 10.4        24
   25 2021- 7-29 20:33     - 55 12  160 49  17.93 0.14  0.0   12  5.8 15.2        25
   26 2021- 7-29 20:42       55  8  161 45  18.89 0.04  0.0    5  5.5  3.1        26
   27 2021- 7-29 21:00       55 13  161 16  17.67 0.13  0.0    8  3.2  1.6        27
   28 2021- 7-29 21:08     - 55 25  160 50  13.26 0.20  0.0    5  9.0 12.0        28
   29 2021- 7-29 21:18     - 55 15  160 53  26.25 0.21  0.0   11  4.9 17.7        29
   30 2021- 7-29 21:39     - 55 14  161  9  13.95 0.21  0.0   11  8.6 17.5        30
  SEQ ---DATE--- TIME REMARK -LAT-  --LON-  DEPTH  RMS PMAG  NUM  ERH  ERZ  ID
   31 2021- 7-29 22:02     - 55 16  161  5  13.88 0.08  0.0    7  6.7  7.5        31
   32 2021- 7-29 22:18     - 55 13  160 52  28.60 0.15  0.0    9 15.1 10.6        32
   33 2021- 7-29 22:56       55 14  160 33  21.90 0.12  0.0   11  2.7  1.9        33
   34 2021- 7-29 23:38     - 55 14  160 48  26.55 0.11  0.0   12  3.1 12.9        34
