 HYPOINVERSE 2000 STARTING
6/2014 VERSION 1.40 (geoid depth possible)                            
 COMMAND?     33 STATIONS READ IN.
  FIND INPUT PHASE FILE TYPE & SET PHS(COP) & ARC(CAR) FORMATS
  INPUT IS A HYPOINVERSE ARCHIVE-2000 FILE, NO SHADOWS
  SETTING FORMATS COP 3, CAR 1
  SEQ ---DATE--- TIME REMARK -LAT-  --LON-  DEPTH  RMS PMAG  NUM  ERH  ERZ  ID
    1 2021- 7-29  7:59     - 55 27  162 21   5.61 0.35  0.0    7  2.0 28.8         1
    2 2021- 7-29  8:03       55 16  161 40  45.59 0.16  0.0    9  3.0  5.6         2
    3 2021- 7-29  8:09     - 55  4  161  9  14.41 0.07  0.0    5  5.8 12.3         3
    4 2021- 7-29  8:13     - 55 16  161 20  23.39 0.11  0.0    5 12.8  6.5         4
    5 2021- 7-29  8:16       55 18  161 18  27.04 0.12  0.0    8  2.8  4.3         5
    6 2021- 7-29  8:17     - 55 20  162  1   8.07 0.08  0.0    4  6.7  8.2         6
    7 2021- 7-29  8:26     - 55 15  160 57  27.68 0.11  0.0    6  4.7 12.6         7
    8 2021- 7-29  8:40     - 55 15  160 31  44.73 0.14  0.0   10 14.8  7.6         8
    9 2021- 7-29  8:55     - 55  2  161 31   5.78 0.09  0.0    5  2.2 14.5         9
   10 2021- 7-29  8:58     - 55 38  162 13   4.09 0.21  0.0    6  2.1 21.4        10
   11 2021- 7-29  9:08     - 55  8  160 59  20.17 0.14  0.0    9  2.4 17.3        11
   12 2021- 7-29  9:17       55 20  160 59  34.95 0.26  0.0   11  2.9  6.4        12
   13 2021- 7-29  9:23       55 17  160 56  41.76 0.18  0.0   12  3.2  4.3        13
   14 2021- 7-29  9:26     - 55 21  160 24  10.11 0.17  0.0    7 15.3 12.2        14
   15 2021- 7-29  9:28     - 55 18  160 37  53.72 0.22  0.0   11 19.0  9.1        15
  SEQ ---DATE--- TIME REMARK -LAT-  --LON-  DEPTH  RMS PMAG  NUM  ERH  ERZ  ID
   16 2021- 7-29  9:36       55  5  161 46  14.10 0.08  0.0    6  2.5  0.7        16
   17 2021- 7-29  9:38     - 54 59  161 27   4.12 0.09  0.0    6  2.3 14.5        17
   18 2021- 7-29  9:43     - 55  4  161 31   5.70 0.05  0.0    5  1.4 12.9        18
   19 2021- 7-29  9:45       55 18  161  8  12.18 0.09  0.0    7  2.8  1.5        19
   20 2021- 7-29  9:52     - 55 16  161 15  14.17 0.20  0.0   11  7.4 16.3        20
   21 2021- 7-29  9:54       55 19  160 60  44.16 0.10  0.0   13  2.0  3.0        21
   22 2021- 7-29  9:59     - 55  9  160 55  33.78 0.27  0.0    8 23.0 10.6        22
   23 2021- 7-29 10:02       55  6  161 25  18.38 0.10  0.0    7  1.7  1.7        23
   24 2021- 7-29 10:05     - 55 20  161 50  16.84 0.29  0.0    4  9.0 22.3        24
   25 2021- 7-29 10:06     - 55 16  161 35   5.82 0.10  0.0    5  1.9 13.9        25
   26 2021- 7-29 10:13     - 55 17  161  1  10.58 0.16  0.0    5  4.8 13.1        26
   27 2021- 7-29 10:16       55 11  161 30  13.34 0.26  0.0    7 11.8  1.7        27
   28 2021- 7-29 10:17     - 55 13  161 24  14.90 0.20  0.0   11  2.3 20.2        28
   29 2021- 7-29 10:20     - 55 22  161 50  14.09 0.15  0.0    4 13.5 10.0        29
   30 2021- 7-29 10:22     # 55 28  161 29  10.85 0.24  0.0    5  5.2 13.2        30
  SEQ ---DATE--- TIME REMARK -LAT-  --LON-  DEPTH  RMS PMAG  NUM  ERH  ERZ  ID
   31 2021- 7-29 10:24     - 55 11  160 32  21.62 0.14  0.0    8 15.2  3.7        31
   32 2021- 7-29 10:27       55 12  160 50  39.30 0.18  0.0   10  4.4  7.2        32
   33 2021- 7-29 10:38       55 17  160 42  41.70 0.17  0.0   10  4.5  5.7        33
   34 2021- 7-29 10:42     - 55 18  161 23  20.18 0.10  0.0    6 12.7  4.5        34
   35 2021- 7-29 10:50     - 54 39  160 59  15.23 0.43  0.0   10 12.7 32.9        35
   36 2021- 7-29 10:54     - 55 21  161 15  21.16 0.11  0.0    6  2.8 13.1        36
   37 2021- 7-29 10:59     - 55 35  161 15  10.47 0.13  0.0    8  1.4 16.3        37
   38 2021- 7-29 11:05     # 55  9  161 30  20.26 0.32  0.0   10  8.3  5.1        38
   39 2021- 7-29 11:09     - 55 16  161  4  20.05 0.14  0.0    9 13.1 17.2        39
   40 2021- 7-29 11:17     - 55 16  161 33  27.12 0.05  0.0    4 10.5  7.0        40
   41 2021- 7-29 11:24     # 55  7  163 22   6.18 0.66  0.0    7 26.7 28.8        41
   42 2021- 7-29 11:29     - 55 15  160 33  33.48 0.21  0.0   11 13.9 13.4        42
   43 2021- 7-29 11:41     - 55 15  160 46  37.61 0.15  0.0   10 14.5  7.0        43
   44 2021- 7-29 11:48     - 55 17  160 31  44.34 0.18  0.0    8 17.7 10.6        44
   45 2021- 7-29 12:17     - 55 13  160 54   6.08 0.25  0.0    7 17.6 13.2        45
  SEQ ---DATE--- TIME REMARK -LAT-  --LON-  DEPTH  RMS PMAG  NUM  ERH  ERZ  ID
   46 2021- 7-29 12:18     - 55 13  160 57  37.59 0.13  0.0    8 13.5  6.1        46
   47 2021- 7-29 12:24       55 20  161 30   5.76 0.04  0.0    5  2.1  7.1        47
   48 2021- 7-29 12:28     - 55  4  160 16   5.64 0.34  0.0    9 21.5 25.1        48
   49 2021- 7-29 12:32     - 55 17  161  2  28.35 0.20  0.0    8 19.4  9.6        49
   50 2021- 7-29 12:43       55 16  161 22  19.90 0.21  0.0   12  2.5  5.4        50
   51 2021- 7-29 12:52     - 55 25  162  1   5.36 0.16  0.0    5  2.2 15.9        51
   52 2021- 7-29 13:03     - 55 27  162 15   5.71 0.18  0.0    4  1.7 19.2        52
   53 2021- 7-29 13:15       55 15  161 13  26.35 0.16  0.0   10  4.5  4.5        53
   54 2021- 7-29 13:18       55 18  160 58  29.13 0.17  0.0   12  4.1  8.1        54
   55 2021- 7-29 13:30     - 55 14  160 30  20.77 0.22  0.0    9 20.4  4.1        55
   56 2021- 7-29 13:48     - 55 13  160 28  10.93 0.20  0.0   10 13.4 18.1        56
   57 2021- 7-29 14:02     - 55 10  159 34   5.50 0.21  0.0   10 20.1 21.3        57
   58 2021- 7-29 14:08       55 17  161 13  48.86 0.18  0.0    8  6.0  3.5        58
   59 2021- 7-29 14:16     - 55 14  160 58  12.30 0.10  0.0    7  7.7 11.1        59
   60 2021- 7-29 14:20     - 55 12  159 60   5.51 0.21  0.0    5 19.9 21.0        60
  SEQ ---DATE--- TIME REMARK -LAT-  --LON-  DEPTH  RMS PMAG  NUM  ERH  ERZ  ID
   61 2021- 7-29 14:48     - 55 25  162 16   5.52 0.24  0.0    5  2.4 19.8        61
   62 2021- 7-29 14:49     - 55 12  160 58  25.50 0.11  0.0    9 11.9 13.8        62
   63 2021- 7-29 14:53       55 13  161  2  15.91 0.11  0.0   10  1.5  2.9        63
   64 2021- 7-29 14:57       55 18  161 30  19.69 0.03  0.0    5  3.0  0.9        64
   65 2021- 7-29 14:58     - 55 29  161 11  15.57 0.26  0.0    9  2.8 24.2        65
   66 2021- 7-29 15:11     - 54 35  161 18  19.94 0.13  0.0   12  1.2 16.3        66
   67 2021- 7-29 15:13     - 55  8  160 40  14.60 0.22  0.0   10 19.2 22.4        67
   68 2021- 7-29 15:30       55 13  161 22  19.35 0.18  0.0    8  4.1  1.8        68
   69 2021- 7-29 16:00     # 55  8  161 14  32.04 0.25  0.0    9 15.6  8.0        69
   70 2021- 7-29 16:08       55 15  160 55  11.07 0.24  0.0   11  5.3 10.3        70
   71 2021- 7-29 16:09     - 55 14  160 48  17.43 0.15  0.0   11  6.1 16.3        71
   72 2021- 7-29 16:38     - 55 16  160 54  51.72 0.12  0.0    8 13.4  5.2        72
   73 2021- 7-29 17:00     - 55 18  160 52  38.27 0.24  0.0   11 18.3  8.2        73
   74 2021- 7-29 17:04     - 55 15  161 56  52.80 0.02  0.0    5  9.5  3.2        74
   75 2021- 7-29 17:08     - 55 22  161 42  17.92 0.01  0.0    4 10.6  6.5        75
  SEQ ---DATE--- TIME REMARK -LAT-  --LON-  DEPTH  RMS PMAG  NUM  ERH  ERZ  ID
   76 2021- 7-29 17:22       55  9  161  2   4.80 0.20  0.0   10 10.1  2.6        76
   77 2021- 7-29 17:28     - 55 29  161 48   1.10 0.15  0.0    4  4.2 13.2        77
   78 2021- 7-29 17:33     - 55 14  161 25  14.70 0.09  0.0    5 10.8 14.7        78
   79 2021- 7-29 17:34     - 55 30  161 50   4.63 0.26  0.0    5  6.4 21.7        79
   80 2021- 7-29 17:52     - 55 15  160 40  47.48 0.12  0.0    9 13.9  5.3        80
   81 2021- 7-29 18:14       55 14  161 37  10.95 0.17  0.0    7  2.9  5.6        81
   82 2021- 7-29 18:17       55  9  161 13  13.28 0.08  0.0    5  2.3  1.7        82
   83 2021- 7-29 18:38     - 55 10  160 54  20.06 0.32  0.0   11 23.2 29.1        83
   84 2021- 7-29 18:46       55 19  160 51  40.51 0.12  0.0    9  3.1  5.0        84
   85 2021- 7-29 18:53       54 46  161 57   7.05 0.11  0.0    6  4.5  1.0        85
   86 2021- 7-29 19:12     - 55 16  161 19  15.41 0.17  0.0   10  2.3 16.1        86
   87 2021- 7-29 19:30       55 25  161  9  29.56 0.06  0.0    6  3.0  5.9        87
   88 2021- 7-29 19:53     - 55 15  160 20   5.53 0.14  0.0   10 11.3 14.0        88
   89 2021- 7-29 20:21       55 19  161 10  38.05 0.23  0.0    9  6.6  6.4        89
   90 2021- 7-29 20:23     - 55  7  160 52  18.92 0.23  0.0   11  7.5 20.4        90
  SEQ ---DATE--- TIME REMARK -LAT-  --LON-  DEPTH  RMS PMAG  NUM  ERH  ERZ  ID
   91 2021- 7-29 20:25     - 55 12  160 25   5.50 0.09  0.0    8  8.7 11.7        91
   92 2021- 7-29 20:31     - 55 15  161  8   9.09 0.17  0.0    8 12.4  9.1        92
   93 2021- 7-29 20:33     - 55 13  160 47  28.28 0.13  0.0   12  2.6 12.1        93
   94 2021- 7-29 20:42       55  8  161 44  19.40 0.03  0.0    5  5.2  1.9        94
   95 2021- 7-29 21:00       55 14  161 29  14.77 0.13  0.0    8  7.7  1.1        95
   96 2021- 7-29 21:08     - 55 21  160 46  29.27 0.18  0.0    5  6.0 15.4        96
   97 2021- 7-29 21:18       55 15  160 54  33.80 0.20  0.0   11  4.8  7.7        97
   98 2021- 7-29 21:39       55 15  161  8  26.38 0.14  0.0   10  3.0  4.7        98
   99 2021- 7-29 22:02     - 55 11  160 58  12.76 0.08  0.0    7  6.7  9.5        99
  100 2021- 7-29 22:18     - 55 12  160 37  27.52 0.13  0.0    9 12.0 13.7       100
  101 2021- 7-29 22:56       55 16  160 36  38.41 0.14  0.0   12  3.0  8.4       101
  102 2021- 7-29 23:38     - 55 13  160 48  25.39 0.09  0.0   11  2.9 14.2       102
