 HYPOINVERSE 2000 STARTING
6/2014 VERSION 1.40 (geoid depth possible)                            
 COMMAND?     33 STATIONS READ IN.
  FIND INPUT PHASE FILE TYPE & SET PHS(COP) & ARC(CAR) FORMATS
  INPUT IS A HYPOINVERSE ARCHIVE-2000 FILE, NO SHADOWS
  SETTING FORMATS COP 3, CAR 1
  SEQ ---DATE--- TIME REMARK -LAT-  --LON-  DEPTH  RMS PMAG  NUM  ERH  ERZ  ID
    1 2021- 7-29 16:00     - 55  7  161 12  35.99 0.39  0.0    9 24.7 10.8         1
    2 2021- 7-29 16:08     - 55 15  160 55  24.98 0.21  0.0   12  3.1 21.0         2
    3 2021- 7-29 16:09     - 55 13  160 49  17.64 0.16  0.0   11  6.2 16.7         3
    4 2021- 7-29 16:38     - 55 15  161 18  10.88 0.13  0.0    7 10.3 15.7         4
    5 2021- 7-29 17:00     - 55 14  160 56  30.23 0.20  0.0   10 17.2 10.0         5
    6 2021- 7-29 17:04     - 55 14  161 27  42.69 0.08  0.0    4  9.1  7.5         6
    7 2021- 7-29 17:08     - 55 22  161 39  19.14 0.01  0.0    4 10.1  5.0         7
    8 2021- 7-29 17:23       55 14  161 23  13.19 0.12  0.0   10  3.6  1.0         8
    9 2021- 7-29 17:28     - 55 29  161 47   1.23 0.11  0.0    4  4.1 12.1         9
   10 2021- 7-29 17:33     - 55 14  161 25  19.38 0.12  0.0    5 12.9  2.1        10
   11 2021- 7-29 17:34     - 55 30  161 34  20.37 0.26  0.0    5 22.5  8.7        11
   12 2021- 7-29 17:52     - 55 15  160 36  47.28 0.14  0.0   10 15.0  5.8        12
   13 2021- 7-29 18:14       55 14  161 36  13.30 0.19  0.0    8  2.9  1.9        13
   14 2021- 7-29 18:17       55  9  161 13  13.25 0.08  0.0    5  2.7  2.0        14
   15 2021- 7-29 18:38     - 55  9  160 54  20.09 0.31  0.0   10 21.8 28.9        15
  SEQ ---DATE--- TIME REMARK -LAT-  --LON-  DEPTH  RMS PMAG  NUM  ERH  ERZ  ID
   16 2021- 7-29 18:46       55 19  160 51  40.77 0.11  0.0    9  3.0  4.8        16
   17 2021- 7-29 18:53       54 45  161 57   8.28 0.11  0.0    6  5.4  1.4        17
   18 2021- 7-29 19:12       55 17  161 20  22.98 0.17  0.0   11  2.6  4.4        18
   19 2021- 7-29 19:30       55 26  161 11  23.19 0.08  0.0    6  4.2  3.1        19
   20 2021- 7-29 19:53     - 55 15  160 24  11.61 0.14  0.0   10 11.5 11.7        20
   21 2021- 7-29 20:21     - 55 22  160 32  75.99 0.23  0.0    9 19.9 11.2        21
   22 2021- 7-29 20:23     - 55  7  160 52  19.43 0.24  0.0   11  7.9 21.3        22
   23 2021- 7-29 20:25     - 55 15  161  2  25.08 0.13  0.0    9  4.1 15.0        23
   24 2021- 7-29 20:31     - 55 15  161  8  22.29 0.13  0.0    8 12.9  9.3        24
   25 2021- 7-29 20:33     - 55 12  160 49  17.35 0.14  0.0   12  5.8 15.1        25
   26 2021- 7-29 20:42       55  8  161 45  18.95 0.04  0.0    5  5.5  3.1        26
   27 2021- 7-29 21:00     - 55 13  161 16  14.16 0.13  0.0    8  6.8 13.3        27
   28 2021- 7-29 21:08     - 55 19  160 46  31.88 0.19  0.0    6  6.3 14.0        28
   29 2021- 7-29 21:18     - 55 14  160 50  17.25 0.22  0.0   10 18.3 22.1        29
   30 2021- 7-29 21:39       55 15  161  8  24.52 0.14  0.0   10  3.1  1.3        30
  SEQ ---DATE--- TIME REMARK -LAT-  --LON-  DEPTH  RMS PMAG  NUM  ERH  ERZ  ID
   31 2021- 7-29 22:02     - 55 16  161  5  13.40 0.08  0.0    7  7.7  8.4        31
   32 2021- 7-29 22:19     - 55 15  161  8  20.52 0.13  0.0    8 12.6 14.3        32
   33 2021- 7-29 22:56       55 14  160 33  21.78 0.12  0.0   11  2.7  1.7        33
   34 2021- 7-29 23:38     - 55 14  160 48  26.16 0.10  0.0   12  3.0 13.2        34
