 HYPOINVERSE 2000 STARTING
6/2014 VERSION 1.40 (geoid depth possible)                            
 COMMAND?     33 STATIONS READ IN.
  FIND INPUT PHASE FILE TYPE & SET PHS(COP) & ARC(CAR) FORMATS
  INPUT IS A HYPOINVERSE ARCHIVE-2000 FILE, NO SHADOWS
  SETTING FORMATS COP 3, CAR 1
  SEQ ---DATE--- TIME REMARK -LAT-  --LON-  DEPTH  RMS PMAG  NUM  ERH  ERZ  ID
    1 2021- 7-29  7:59     - 55 27  162 24   9.14 0.20  0.0    8  1.4 19.1         1
    2 2021- 7-29  8:03     # 55 18  161 26  26.27 1.47  0.0   12 12.2 19.6         2
 *** DISTANCE & RESIDUAL WEIGHTING CANCELLED FOR EVENT: 2021  7 29  8  6
    3 2021- 7-29  8:06     # 55 27  161 31   9.00 0.61  0.0    5 18.2 30.4         3
 *** DISTANCE & RESIDUAL WEIGHTING CANCELLED FOR EVENT: 2021  7 29  8  6
    4 2021- 7-29  8:06     - 55 19  161  1   9.00 0.47  0.0    4  6.8 41.1         4
    5 2021- 7-29  8:09     - 55  2  161  6   9.03 0.11  0.0    5  2.5 15.3         5
 *** DISTANCE & RESIDUAL WEIGHTING CANCELLED FOR EVENT: 2021  7 29  8 10
    6 2021- 7-29  8:10     - 55  8  162 25   9.00 1.91  0.0    5 70.1 69.9         6
    7 2021- 7-29  8:13     - 55 16  161 10  28.39 0.08  0.0    5 11.8  5.5         7
 *** DISTANCE & RESIDUAL WEIGHTING CANCELLED FOR EVENT: 2021  7 29  8 14
    8 2021- 7-29  8:14     - 55 24  162  2   9.02 0.59  0.0    4 16.5 35.8         8
    9 2021- 7-29  8:16     - 55  6  160 46   9.61 0.13  0.0    8 13.1 16.3         9
   10 2021- 7-29  8:17       55 19  161 56  12.71 0.13  0.0    4  3.7  6.2        10
   11 2021- 7-29  8:26     # 55 13  160 56  30.25 0.11  0.0    6  6.6  2.9        11
 *** DISTANCE & RESIDUAL WEIGHTING CANCELLED FOR EVENT: 2021  7 29  8 31
   12 2021- 7-29  8:31     - 55 23  161 55   8.99 0.74  0.0    4 41.0 29.0        12
   13 2021- 7-29  8:33     - 55 30  162 10   8.85 0.04  0.0    4  1.4 12.7        13
   14 2021- 7-29  8:39     - 55 22  161 35   6.53 0.23  0.0    4  5.6 22.6        14
   15 2021- 7-29  8:40       55 15  160 37  47.88 0.17  0.0   11  4.9  6.1        15
  SEQ ---DATE--- TIME REMARK -LAT-  --LON-  DEPTH  RMS PMAG  NUM  ERH  ERZ  ID
   16 2021- 7-29  8:55       55  7  161 48  10.32 0.00  0.0    4  2.3  2.8        16
   17 2021- 7-29  8:55       55 22  161 22  44.41 0.05  0.0    5  3.3  1.8        17
   18 2021- 7-29  8:58     - 55 42  162 10   9.32 0.17  0.0    5  2.3 18.8        18
   19 2021- 7-29  9:08     - 55  6  160 58   9.00 0.27  0.0   10  2.8 24.6        19
   20 2021- 7-29  9:17     - 55 13  160 56   9.06 0.27  0.0   11  2.6 24.4        20
   21 2021- 7-29  9:23       55 16  160 51  44.88 0.20  0.0   13  3.8  4.9        21
   22 2021- 7-29  9:26     - 55 20  160 48   9.01 0.34  0.0    7 27.9 30.2        22
   23 2021- 7-29  9:28     - 55 16  160 59   8.71 0.19  0.0    7 16.0 19.7        23
 *** DISTANCE & RESIDUAL WEIGHTING CANCELLED FOR EVENT: 2021  7 29  9 29
   24 2021- 7-29  9:29     - 55 19  161  9  43.18 0.34  0.0    4 24.6  6.3        24
   25 2021- 7-29  9:36       55  5  161 46  12.27 0.08  0.0    6  2.7  1.7        25
   26 2021- 7-29  9:38     - 54 57  161 22   9.14 0.12  0.0    6  3.0 15.7        26
 *** DISTANCE & RESIDUAL WEIGHTING CANCELLED FOR EVENT: 2021  7 29  9 38
   27 2021- 7-29  9:38     - 55 30  161 18   8.51 0.82  0.0    5  6.9 64.0        27
   28 2021- 7-29  9:43     - 55  3  161 26   9.22 0.14  0.0    6  1.7 14.9        28
   29 2021- 7-29  9:45     - 55 15  161  2   9.05 0.11  0.0    7  2.6 14.9        29
   30 2021- 7-29  9:52     - 55 16  161 11   8.91 0.20  0.0   10  3.1 18.3        30
  SEQ ---DATE--- TIME REMARK -LAT-  --LON-  DEPTH  RMS PMAG  NUM  ERH  ERZ  ID
   31 2021- 7-29  9:54     - 55 17  160 29  34.09 0.13  0.0   12  2.7 16.0        31
   32 2021- 7-29  9:59     - 55 12  160 46  75.04 0.11  0.0    7 13.4  8.4        32
 *** DISTANCE & RESIDUAL WEIGHTING CANCELLED FOR EVENT: 2021  7 29 10  0
   33 2021- 7-29  9:59     - 55 41  160 55   8.98 0.36  0.0    4 27.8 32.4        33
   34 2021- 7-29 10:02       55  5  161 23  22.08 0.10  0.0    7  1.6  4.0        34
   35 2021- 7-29 10:05     - 55 15  161 43  35.21 0.19  0.0    4 11.5 14.5        35
   36 2021- 7-29 10:06     - 55 18  161 39   8.01 0.09  0.0    4  6.0 12.1        36
   37 2021- 7-29 10:08       55 29  161 59  48.23 0.00  0.0    4  3.6  3.7        37
   38 2021- 7-29 10:13     - 55 16  160 54   9.57 0.18  0.0    5  3.2 19.2        38
   39 2021- 7-29 10:16       55 11  161 30  13.37 0.23  0.0    7 11.4  6.7        39
   40 2021- 7-29 10:16     - 55  9  161  7   9.00 0.26  0.0    4 21.0 24.7        40
   41 2021- 7-29 10:17     - 55 13  161 22   8.64 0.22  0.0   10  2.6 18.0        41
 *** DISTANCE & RESIDUAL WEIGHTING CANCELLED FOR EVENT: 2021  7 29 10 18
   42 2021- 7-29 10:18     - 55 26  162 19   9.00 0.33  0.0    4  3.7 25.8        42
   43 2021- 7-29 10:20     - 55 21  161 42  32.00 0.10  0.0    4  7.0 12.2        43
 *** DISTANCE & RESIDUAL WEIGHTING CANCELLED FOR EVENT: 2021  7 29 10 21
   44 2021- 7-29 10:21     - 54 57  160 59   9.01 1.95  0.0    5 95.1 27.6        44
   45 2021- 7-29 10:22       55 26  161 45  19.14 0.13  0.0    5  4.3  1.7        45
  SEQ ---DATE--- TIME REMARK -LAT-  --LON-  DEPTH  RMS PMAG  NUM  ERH  ERZ  ID
   46 2021- 7-29 10:24     - 55  7  160 23  15.90 0.19  0.0    8 18.3 20.3        46
   47 2021- 7-29 10:27       55 11  160 49  45.00 0.18  0.0   10  4.4  6.1        47
 *** DISTANCE & RESIDUAL WEIGHTING CANCELLED FOR EVENT: 2021  7 29 10 34
   48 2021- 7-29 10:34     # 55 22  162 15   8.95 0.70  0.0    4  6.5 37.4        48
   49 2021- 7-29 10:38     - 55  8  160 41   9.56 0.35  0.0   11  8.4 30.9        49
   50 2021- 7-29 10:42     - 55 16  161 17  18.08 0.10  0.0    5 13.9  5.9        50
   51 2021- 7-29 10:50     - 54 39  161  3   9.12 0.30  0.0    8  3.4 27.7        51
   52 2021- 7-29 10:50     - 55  7  163 18   9.06 0.14  0.0    6  1.5 17.0        52
   53 2021- 7-29 10:54     - 55 19  161  6   8.85 0.18  0.0    7  2.5 19.4        53
   54 2021- 7-29 10:59     - 55 35  161 11   8.89 0.13  0.0    8  1.4 15.5        54
   55 2021- 7-29 11:05     - 55  8  160 35  20.94 0.30  0.0    8 19.7 22.5        55
   56 2021- 7-29 11:09     - 55 15  160 50   9.00 0.15  0.0    7 15.2 17.3        56
 *** DISTANCE & RESIDUAL WEIGHTING CANCELLED FOR EVENT: 2021  7 29 11 17
   57 2021- 7-29 11:17     # 55 14  161 36   9.00 0.88  0.0    6 32.9 42.0        57
 *** DISTANCE & RESIDUAL WEIGHTING CANCELLED FOR EVENT: 2021  7 29 11 17
   58 2021- 7-29 11:17     - 55 25  162  7   9.06 1.31  0.0    4 11.7 94.2        58
   59 2021- 7-29 11:23     - 55  8  163 31  18.09 0.63  0.0    9  5.0 53.7        59
   60 2021- 7-29 11:29     - 55 14  160 45  32.81 0.14  0.0    9 15.0 17.2        60
  SEQ ---DATE--- TIME REMARK -LAT-  --LON-  DEPTH  RMS PMAG  NUM  ERH  ERZ  ID
   61 2021- 7-29 11:31     - 55 15  161 18   8.97 0.09  0.0    5  2.7 13.2        61
   62 2021- 7-29 11:42     - 55 14  161  2   9.05 0.32  0.0   10  9.6 27.2        62
   63 2021- 7-29 11:42     - 55 22  160 47   9.06 0.11  0.0    4  3.4 15.2        63
   64 2021- 7-29 11:48       55 17  161 40  19.92 0.14  0.0    8  2.0  1.5        64
 *** DISTANCE & RESIDUAL WEIGHTING CANCELLED FOR EVENT: 2021  7 29 12  4
   65 2021- 7-29 12:04     - 55 21  162 55   9.09 0.56  0.0    4 22.5 48.6        65
   66 2021- 7-29 12:17     - 55 15  161 19   8.88 0.10  0.0    5 10.4  9.4        66
 *** DISTANCE & RESIDUAL WEIGHTING CANCELLED FOR EVENT: 2021  7 29 12 18
   67 2021- 7-29 12:18     # 55 13  162  4   7.69 1.16  0.0    4 22.7 53.2        67
   68 2021- 7-29 12:18       55 16  161 27  28.45 0.13  0.0    7  3.8  2.7        68
   69 2021- 7-29 12:24     - 55 20  161 27   3.66 0.02  0.0    5  2.2 10.3        69
   70 2021- 7-29 12:28     - 55  3  160 57   9.14 0.40  0.0    9 11.3 34.5        70
   71 2021- 7-29 12:32     - 55 18  161  1  32.76 0.19  0.0    8 17.6  0.9        71
   72 2021- 7-29 12:43       55 16  161 22  24.51 0.21  0.0   12  2.3  3.9        72
   73 2021- 7-29 12:52     - 55 24  161 45  31.82 0.08  0.0    6  7.4  8.4        73
 *** DISTANCE & RESIDUAL WEIGHTING CANCELLED FOR EVENT: 2021  7 29 12 52
   74 2021- 7-29 12:52     - 55 29  162 32   9.21 0.26  0.0    4  2.4 24.4        74
   75 2021- 7-29 13:03       55 27  162  6  36.70 0.13  0.0    6  2.2  7.0        75
  SEQ ---DATE--- TIME REMARK -LAT-  --LON-  DEPTH  RMS PMAG  NUM  ERH  ERZ  ID
   76 2021- 7-29 13:13     - 55 22  161 51  33.24 0.06  0.0    4  9.4  8.2        76
   77 2021- 7-29 13:15       55 15  161 13  33.03 0.16  0.0   10  5.5  2.9        77
   78 2021- 7-29 13:18     - 55 18  160 50   8.96 0.30  0.0   11  6.1 27.1        78
   79 2021- 7-29 13:30     - 55 11  160 56   9.30 0.22  0.0   10  2.8 21.0        79
 *** DISTANCE & RESIDUAL WEIGHTING CANCELLED FOR EVENT: 2021  7 29 13 34
   80 2021- 7-29 13:34     - 55  7  162  4   8.81 0.44  0.0    4 15.7 34.8        80
 *** DISTANCE & RESIDUAL WEIGHTING CANCELLED FOR EVENT: 2021  7 29 13 38
   81 2021- 7-29 13:38     - 55 20  161 40  30.88 0.59  0.0    5 31.5 21.4        81
   82 2021- 7-29 13:48     - 55 11  160 54   9.56 0.40  0.0   11  7.5 32.7        82
   83 2021- 7-29 14:02     - 55  8  160 40   9.02 0.48  0.0    9 32.1 41.0        83
   84 2021- 7-29 14:03     - 55 21  162  1   9.02 0.09  0.0    5  1.6 11.1        84
   85 2021- 7-29 14:08     - 55 23  161 41  32.55 0.02  0.0    5  6.2  6.5        85
 *** DISTANCE & RESIDUAL WEIGHTING CANCELLED FOR EVENT: 2021  7 29 14  9
   86 2021- 7-29 14:08     # 55 13  161 59   4.22 1.34  0.0    4 12.6 70.0        86
   87 2021- 7-29 14:16     - 54 56  161 52   7.19 0.10  0.0    4  8.4 14.2        87
   88 2021- 7-29 14:16     - 55 11  160 57   9.09 0.10  0.0    6  2.0 14.7        88
 *** DISTANCE & RESIDUAL WEIGHTING CANCELLED FOR EVENT: 2021  7 29 14 17
   89 2021- 7-29 14:17     # 55 10  161 53  15.87 0.46  0.0    4  3.7  8.2        89
   90 2021- 7-29 16:00     - 55  6  161  6   8.09 0.25  0.0    6 18.4 23.9        90
  SEQ ---DATE--- TIME REMARK -LAT-  --LON-  DEPTH  RMS PMAG  NUM  ERH  ERZ  ID
   91 2021- 7-29 16:08     - 55 16  161  4   8.94 0.20  0.0    8  3.5 19.7        91
   92 2021- 7-29 16:09     - 55 10  160 47   9.19 0.32  0.0   12  3.5 28.7        92
   93 2021- 7-29 16:26     - 55  4  161 46   9.11 0.05  0.0    4  8.7  9.7        93
   94 2021- 7-29 16:38     # 55 14  161 31  25.27 0.25  0.0    9  9.1  6.3        94
   95 2021- 7-29 17:00     - 55 18  160 54  49.23 0.25  0.0   11 17.7  6.8        95
   96 2021- 7-29 17:04     - 55 14  161 37  51.64 0.04  0.0    4  9.9  4.0        96
 *** DISTANCE & RESIDUAL WEIGHTING CANCELLED FOR EVENT: 2021  7 29 17  4
   97 2021- 7-29 17:04     - 55 10  161 24   9.00 0.65  0.0    4  8.6 41.9        97
   98 2021- 7-29 17:08     - 55 21  161 20  27.05 0.08  0.0    5 13.0  4.0        98
   99 2021- 7-29 17:23     - 55 13  161 20   9.00 0.14  0.0   10  3.7 12.8        99
 *** DISTANCE & RESIDUAL WEIGHTING CANCELLED FOR EVENT: 2021  7 29 17 28
  100 2021- 7-29 17:28     - 55 29  163  0   9.00 1.54  0.0    5 36.8 98.9       100
  101 2021- 7-29 17:28     - 55 23  160 29   9.00 0.13  0.0    4 14.3 16.0       101
  102 2021- 7-29 17:33       55 13  161  3  32.21 0.14  0.0    6  5.4  0.9       102
  103 2021- 7-29 17:34     - 55 29  161 31  21.32 0.26  0.0    5 22.5 10.0       103
  104 2021- 7-29 17:52     - 55 15  161  3  37.19 0.14  0.0    8 12.9  4.7       104
  105 2021- 7-29 18:14       55 13  161 35   6.34 0.20  0.0    9  2.8 10.8       105
  SEQ ---DATE--- TIME REMARK -LAT-  --LON-  DEPTH  RMS PMAG  NUM  ERH  ERZ  ID
  106 2021- 7-29 18:17     - 55  5  161 18  10.19 0.18  0.0    6  3.9 15.8       106
  107 2021- 7-29 18:18     - 55 12  161 51   0.10 0.10  0.0    4  3.0 14.0       107
  108 2021- 7-29 18:38     - 55  9  160 52   9.08 0.30  0.0   10  3.3 26.7       108
 *** DISTANCE & RESIDUAL WEIGHTING CANCELLED FOR EVENT: 2021  7 29 18 38
  109 2021- 7-29 18:38     - 55 45  161 22   9.00 0.92  0.0    4  8.1 76.3       109
  110 2021- 7-29 18:38     - 55 43  161 22   8.99 0.06  0.0    4  2.2 13.4       110
  111 2021- 7-29 18:46       55 14  160 52  37.39 0.08  0.0    7  3.4  6.3       111
  112 2021- 7-29 18:53     - 54 43  161 59   9.00 0.08  0.0    4 10.5 13.2       112
  113 2021- 7-29 18:54     - 54 53  162 10   7.79 0.10  0.0    5  8.0 12.2       113
  114 2021- 7-29 19:12       55 17  161 20  27.82 0.16  0.0   10  3.1  2.9       114
 *** DISTANCE & RESIDUAL WEIGHTING CANCELLED FOR EVENT: 2021  7 29 19 12
  115 2021- 7-29 19:12     # 55 46  162  2   8.98 0.47  0.0    4 13.5  7.6       115
 *** DISTANCE & RESIDUAL WEIGHTING CANCELLED FOR EVENT: 2021  7 29 19 15
  116 2021- 7-29 19:15     # 55 25  161 45  28.54 0.00  0.0    4  3.9  1.1       116
 *** DISTANCE & RESIDUAL WEIGHTING CANCELLED FOR EVENT: 2021  7 29 19 30
  117 2021- 7-29 19:30     - 55 22  162  7   9.00 0.38  0.0    4 27.7 24.9       117
 *** DISTANCE & RESIDUAL WEIGHTING CANCELLED FOR EVENT: 2021  7 29 19 30
  118 2021- 7-29 19:30     # 55 22  161 23  29.28 1.01  0.0    9 16.6 15.0       118
  119 2021- 7-29 19:53     - 55 12  160 30  15.71 0.23  0.0   10 20.5 22.8       119
  120 2021- 7-29 20:21     - 55 22  160 34  81.87 0.24  0.0    9 19.2 10.7       120
  SEQ ---DATE--- TIME REMARK -LAT-  --LON-  DEPTH  RMS PMAG  NUM  ERH  ERZ  ID
  121 2021- 7-29 20:23     - 55  8  160 53  33.03 0.23  0.0   12  2.7 22.6       121
  122 2021- 7-29 20:25     - 55 15  161  2  33.15 0.14  0.0    9  4.4 14.3       122
  123 2021- 7-29 20:31     - 55 16  161  7   9.00 0.15  0.0    7 13.4 16.7       123
  124 2021- 7-29 20:33     - 55 13  160 46   9.05 0.25  0.0   11  3.0 23.5       124
  125 2021- 7-29 20:42       55  8  161 44  19.19 0.03  0.0    5  5.3  3.1       125
  126 2021- 7-29 21:00     - 55 12  161  9  17.02 0.13  0.0    9  2.3 16.7       126
  127 2021- 7-29 21:08     - 55 27  160 49   8.96 0.12  0.0    4  6.9 15.7       127
 *** DISTANCE & RESIDUAL WEIGHTING CANCELLED FOR EVENT: 2021  7 29 21  8
  128 2021- 7-29 21:08     # 55 40  162 10   9.00 3.14  0.0    4 44.0 80.5       128
  129 2021- 7-29 21:18     - 55 13  161  3   8.99 0.26  0.0    9 20.1 23.4       129
  130 2021- 7-29 21:39     - 55 15  161  6   9.16 0.26  0.0   12  3.5 21.4       130
  131 2021- 7-29 21:58     - 55  2  161 31   9.00 0.43  0.0    4 22.5 29.4       131
  132 2021- 7-29 22:02     - 55 14  161  2   8.89 0.13  0.0    7  4.1 15.9       132
  133 2021- 7-29 22:18     - 55 12  160 34  36.55 0.13  0.0    9 14.2 12.7       133
