 HYPOINVERSE 2000 STARTING
6/2014 VERSION 1.40 (geoid depth possible)                            
 COMMAND?     33 STATIONS READ IN.
  FIND INPUT PHASE FILE TYPE & SET PHS(COP) & ARC(CAR) FORMATS
  INPUT IS A HYPOINVERSE ARCHIVE-2000 FILE, NO SHADOWS
  SETTING FORMATS COP 3, CAR 1
  SEQ ---DATE--- TIME REMARK -LAT-  --LON-  DEPTH  RMS PMAG  NUM  ERH  ERZ  ID
    1 2021- 7-29 16:00     - 55  4  161  4  21.80 0.33  0.0    9 21.9 24.4         1
    2 2021- 7-29 16:08     - 55 15  160 55  25.96 0.20  0.0   12  3.2 17.1         2
    3 2021- 7-29 16:09     - 55 12  160 48  24.22 0.17  0.0   11  5.0 18.0         3
    4 2021- 7-29 16:38     - 55 16  160 46  55.98 0.12  0.0    8 13.6  5.4         4
    5 2021- 7-29 17:00     - 55 13  159 45  -0.00 0.17  0.0   11 16.5 18.2         5
    6 2021- 7-29 17:04     - 55 15  162 29   1.59 0.03  0.0    4  1.9  9.0         6
    7 2021- 7-29 17:08     - 55 21  161 55  -0.00 0.03  0.0    4  0.8 12.7         7
    8 2021- 7-29 17:23     - 55 14  161 22  15.51 0.12  0.0   11  3.8 13.2         8
    9 2021- 7-29 17:28     - 55 29  161 46   1.12 0.11  0.0    4  4.4 12.5         9
   10 2021- 7-29 17:33     - 55 25  162  4   0.04 0.59  0.0    7  2.8 48.8        10
   11 2021- 7-29 17:34     - 55 50  161 58  13.23 0.25  0.0    7 10.8 15.7        11
   12 2021- 7-29 17:52     - 55 17  161 49  -0.12 0.67  0.0    7  3.5 53.8        12
   13 2021- 7-29 18:14       55 14  161 36   9.87 0.20  0.0    8  3.1 10.8        13
   14 2021- 7-29 18:17     - 55  6  161 20  -2.54 0.09  0.0    5  2.3 14.4        14
   15 2021- 7-29 18:38       55 14  161 12  35.71 0.41  0.0   12  7.9  5.5        15
  SEQ ---DATE--- TIME REMARK -LAT-  --LON-  DEPTH  RMS PMAG  NUM  ERH  ERZ  ID
   16 2021- 7-29 18:46     - 55 17  161 53  -0.08 0.22  0.0    6  1.2 21.6        16
   17 2021- 7-29 18:53     - 54 50  161 59  -2.40 0.16  0.0    6  4.2 17.5        17
   18 2021- 7-29 19:12     - 55 16  160 55  26.18 0.12  0.0   10 11.9 10.6        18
   19 2021- 7-29 19:30       55 26  161  9  26.24 0.05  0.0    6  3.0  6.1        19
   20 2021- 7-29 19:53     - 55 16  160 45  26.63 0.16  0.0   11  3.6 15.9        20
   21 2021- 7-29 20:21     - 55 15  162  3   0.05 0.51  0.0    7  2.7 40.7        21
   22 2021- 7-29 20:23     - 55  8  160 53  27.86 0.24  0.0   12  3.7 16.6        22
   23 2021- 7-29 20:25     - 55 15  161  2  25.07 0.12  0.0    9  3.9 14.4        23
   24 2021- 7-29 20:31     - 55 14  160 53  25.18 0.14  0.0    9 14.7 16.2        24
   25 2021- 7-29 20:33     - 55 13  160 48  28.52 0.12  0.0   12  2.5 11.0        25
   26 2021- 7-29 20:42     - 55 13  161 56   0.07 0.10  0.0    4  1.1 14.9        26
   27 2021- 7-29 21:00     # 55 14  161 31   1.60 0.16  0.0    7  6.7  6.2        27
   28 2021- 7-29 21:08     - 55 20  160 46  31.16 0.19  0.0    5  6.2 14.5        28
   29 2021- 7-29 21:18     - 55 15  160 54  26.41 0.21  0.0   11  4.9 17.0        29
   30 2021- 7-29 21:39     - 55 14  160 58  25.71 0.15  0.0   10 14.0 12.6        30
 *** DISTANCE & RESIDUAL WEIGHTING CANCELLED FOR EVENT: 2021  7 29 22  2
  SEQ ---DATE--- TIME REMARK -LAT-  --LON-  DEPTH  RMS PMAG  NUM  ERH  ERZ  ID
   31 2021- 7-29 22:02     # 55 15  161 37  -0.10 1.62  0.0    8 11.9 28.3        31
   32 2021- 7-29 22:18     - 55 12  160 42  28.35 0.14  0.0   10  5.2 13.3        32
   33 2021- 7-29 22:56       55 15  160 33  31.57 0.12  0.0   11  3.0  2.8        33
   34 2021- 7-29 23:38       55 14  160 45  31.62 0.21  0.0   11  6.1 11.9        34
