 HYPOINVERSE 2000 STARTING
6/2014 VERSION 1.40 (geoid depth possible)                            
 COMMAND?     33 STATIONS READ IN.
  FIND INPUT PHASE FILE TYPE & SET PHS(COP) & ARC(CAR) FORMATS
  INPUT IS A HYPOINVERSE ARCHIVE-2000 FILE, NO SHADOWS
  SETTING FORMATS COP 3, CAR 1
  SEQ ---DATE--- TIME REMARK -LAT-  --LON-  DEPTH  RMS PMAG  NUM  ERH  ERZ  ID
    1 2021- 7-29  7:59     # 55 26  162 25  71.57 0.16  0.0   10  2.3  3.9         1
    2 2021- 7-29  8:03     # 55 19  161 24  32.16 1.24  0.0   12 10.0 15.6         2
    3 2021- 7-29  8:09     - 55  0  160 53  14.85 0.17  0.0    5 17.6  5.2         3
    4 2021- 7-29  8:13     - 55 17  161 10  14.69 0.11  0.0    5 11.5 15.3         4
    5 2021- 7-29  8:16     - 55 16  161  8  28.62 0.12  0.0    8 11.8  6.5         5
    6 2021- 7-29  8:17       55 19  161 56  14.98 0.00  0.0    4  3.7  3.8         6
    7 2021- 7-29  8:26       55 14  160 58  17.10 0.12  0.0    6  4.5  2.5         7
    8 2021- 7-29  8:40     - 55 16  160 49  42.33 0.19  0.0   10 14.5  5.5         8
    9 2021- 7-29  8:55       55  2  161 30  13.76 0.09  0.0    5  2.9  2.1         9
   10 2021- 7-29  8:58     - 55 40  162  6  16.45 0.17  0.0    5  2.5 18.7        10
   11 2021- 7-29  9:08     - 55  8  160 59  19.83 0.14  0.0    9  2.4 17.2        11
   12 2021- 7-29  9:17       55 18  160 59  42.73 0.17  0.0   10  2.5  4.2        12
   13 2021- 7-29  9:23       55 17  160 56  40.88 0.21  0.0   12  3.4  4.9        13
   14 2021- 7-29  9:26     - 55 20  160 42  16.50 0.20  0.0    7 19.4 20.5        14
   15 2021- 7-29  9:28     - 55 13  160 35  30.46 0.15  0.0   10 16.3 13.8        15
  SEQ ---DATE--- TIME REMARK -LAT-  --LON-  DEPTH  RMS PMAG  NUM  ERH  ERZ  ID
   16 2021- 7-29  9:36       55  5  161 46  14.17 0.09  0.0    6  2.6  0.7        16
   17 2021- 7-29  9:38     - 54 59  161 24  16.52 0.14  0.0    6  3.3 16.4        17
   18 2021- 7-29  9:43       55  6  161 28  20.84 0.09  0.0    6  1.6  6.1        18
   19 2021- 7-29  9:45       55 19  161  5  14.56 0.10  0.0    7  6.1  8.5        19
   20 2021- 7-29  9:52       55 16  161  3  18.34 0.22  0.0   11  6.6  1.9        20
   21 2021- 7-29  9:54     - 55 14  159 59  16.50 0.15  0.0   11 15.2 17.6        21
   22 2021- 7-29  9:59     - 55  8  160 44  16.50 0.19  0.0    8 18.4 20.4        22
   23 2021- 7-29 10:02       55  6  161 25  18.43 0.10  0.0    7  1.7  1.7        23
   24 2021- 7-29 10:05     - 55  7  160 58  50.74 0.37  0.0    6 23.3 19.4        24
   25 2021- 7-29 10:06     - 55 20  161 43  13.63 0.08  0.0    4 13.2  4.1        25
   26 2021- 7-29 10:13     - 55 17  161  2  17.85 0.19  0.0    5  9.2 16.6        26
   27 2021- 7-29 10:16       55 11  161 30  13.33 0.23  0.0    6 10.7  1.5        27
   28 2021- 7-29 10:17     - 55 13  161 24  15.55 0.18  0.0   11  2.2 14.1        28
   29 2021- 7-29 10:20     - 55 20  161 33  39.72 0.07  0.0    4  8.6 10.0        29
   30 2021- 7-29 10:22       55 20  161 30  22.05 0.14  0.0    8  2.4  1.7        30
  SEQ ---DATE--- TIME REMARK -LAT-  --LON-  DEPTH  RMS PMAG  NUM  ERH  ERZ  ID
   31 2021- 7-29 10:24     - 55 10  160 31  21.32 0.15  0.0    8 15.5  3.9        31
   32 2021- 7-29 10:27       55 11  160 50  39.37 0.17  0.0   10  4.3  7.1        32
   33 2021- 7-29 10:38     - 55 13  160 44  16.48 0.19  0.0   11  6.7 18.3        33
   34 2021- 7-29 10:42     - 55 17  161 22  17.31 0.09  0.0    5 12.4  3.4        34
   35 2021- 7-29 10:50     - 54 40  160 60  13.87 0.42  0.0   10 17.4 26.4        35
   36 2021- 7-29 10:54     - 55 20  161 15  19.68 0.13  0.0    6  5.3 13.4        36
   37 2021- 7-29 10:59     - 55 34  161 14  16.39 0.13  0.0    8  1.6 14.2        37
   38 2021- 7-29 11:05       55  7  161 25  23.30 0.25  0.0    9  4.5  4.3        38
   39 2021- 7-29 11:09     - 55 13  160 50  17.04 0.14  0.0   10 14.5 17.2        39
 *** DISTANCE & RESIDUAL WEIGHTING CANCELLED FOR EVENT: 2021  7 29 11 17
   40 2021- 7-29 11:17     - 55 14  161 26  16.50 0.73  0.0    6 43.0 18.4        40
   41 2021- 7-29 11:24     - 55  6  163 26  16.39 0.59  0.0    7 20.0 35.6        41
   42 2021- 7-29 11:29     - 55 16  160 35  45.12 0.21  0.0   11 18.1  9.3        42
   43 2021- 7-29 11:42     - 55 13  160 55  18.23 0.18  0.0   11  6.4 17.6        43
   44 2021- 7-29 11:48     - 55 16  161  9  29.20 0.24  0.0    9 17.2  6.7        44
   45 2021- 7-29 12:17     - 55 13  161  5  14.56 0.26  0.0    7 20.9 21.6        45
  SEQ ---DATE--- TIME REMARK -LAT-  --LON-  DEPTH  RMS PMAG  NUM  ERH  ERZ  ID
   46 2021- 7-29 12:18       55 16  161 26  24.88 0.15  0.0    8  4.4  2.5        46
   47 2021- 7-29 12:24       55 24  161 34  15.10 0.02  0.0    5  2.5  1.2        47
   48 2021- 7-29 12:28       55 10  161 14  26.69 0.42  0.0    9 23.6 11.5        48
   49 2021- 7-29 12:32     - 55 18  161 14  22.92 0.21  0.0    7 18.3  8.3        49
   50 2021- 7-29 12:43       55 16  161 24  22.15 0.21  0.0   12  2.3  3.7        50
   51 2021- 7-29 12:52     - 55 24  161 32  33.18 0.12  0.0    6 10.6  8.5        51
   52 2021- 7-29 13:03       55 27  162  6  34.19 0.13  0.0    6  2.2  7.2        52
   53 2021- 7-29 13:15       55 14  161 12  25.00 0.15  0.0   10  3.7  5.8        53
   54 2021- 7-29 13:18     - 55 17  160 55  19.95 0.20  0.0   12  5.3 21.0        54
   55 2021- 7-29 13:30     - 55 14  160 55  18.42 0.22  0.0   11  7.8 20.3        55
   56 2021- 7-29 13:48       55 14  161  5  32.02 0.11  0.0    9  3.6  3.4        56
   57 2021- 7-29 14:02     - 55 12  159 60  16.50 0.22  0.0    9 20.1 22.3        57
   58 2021- 7-29 14:08       55 18  161 11  47.23 0.16  0.0    8  5.9  3.4        58
   59 2021- 7-29 14:16       55 14  160 58  16.17 0.11  0.0    7  2.6  3.1        59
   60 2021- 7-29 14:20     - 54 60  160  4  16.49 0.22  0.0    6 21.1 22.0        60
  SEQ ---DATE--- TIME REMARK -LAT-  --LON-  DEPTH  RMS PMAG  NUM  ERH  ERZ  ID
   61 2021- 7-29 14:48       55 27  162 12  26.78 0.03  0.0    5  2.6  6.1        61
   62 2021- 7-29 14:49     - 55 18  161  6  45.36 0.13  0.0    9 13.3  3.7        62
   63 2021- 7-29 14:53       55 18  161  4  34.93 0.23  0.0   10  3.3  6.1        63
   64 2021- 7-29 14:57       55 18  161 32  19.94 0.01  0.0    5  3.0  1.6        64
   65 2021- 7-29 14:58     - 55 29  161 10  16.16 0.30  0.0    9  3.1 24.9        65
   66 2021- 7-29 15:11     - 54 36  161 19  16.54 0.14  0.0   12  5.5 13.9        66
   67 2021- 7-29 15:13     - 55  8  160 49  16.73 0.21  0.0   10 16.1 21.4        67
   68 2021- 7-29 15:30       55 13  161 22  20.11 0.20  0.0    8  2.6 11.5        68
   69 2021- 7-29 16:00     - 55 10  161 18  15.42 0.35  0.0    8 17.2 29.9        69
   70 2021- 7-29 16:08       55 16  160 57  28.93 0.21  0.0   12  3.1 10.3        70
   71 2021- 7-29 16:09       55 12  160 49  16.24 0.17  0.0   11  3.0  2.2        71
   72 2021- 7-29 16:38     - 55 15  161 13  19.80 0.19  0.0    9 15.7 20.1        72
   73 2021- 7-29 17:00     - 55 15  161  5  28.78 0.21  0.0   10 17.0  8.2        73
   74 2021- 7-29 17:04     - 55 14  161 28  43.61 0.08  0.0    4  9.3  7.1        74
   75 2021- 7-29 17:08     - 55 22  161 29  21.51 0.07  0.0    5 12.8  2.5        75
  SEQ ---DATE--- TIME REMARK -LAT-  --LON-  DEPTH  RMS PMAG  NUM  ERH  ERZ  ID
   76 2021- 7-29 17:23       55 13  161 19  17.38 0.16  0.0   11  4.5  2.4        76
   77 2021- 7-29 17:28     - 55 29  161 47  -1.17 0.11  0.0    4  4.1 12.9        77
   78 2021- 7-29 17:33     - 55 14  161 15  22.86 0.13  0.0    5 15.2  7.7        78
   79 2021- 7-29 17:34     - 55 30  161 29  22.26 0.26  0.0    5 23.7  7.0        79
   80 2021- 7-29 17:52     - 55 15  160 42  46.46 0.16  0.0   10 14.8  6.5        80
   81 2021- 7-29 18:14     - 55  7  161  4  16.18 0.34  0.0    8 23.2  6.2        81
   82 2021- 7-29 18:17     - 55  9  161 12  14.20 0.08  0.0    5  6.7 12.7        82
   83 2021- 7-29 18:38     - 55 12  161  6  20.31 0.22  0.0   11  4.0 20.9        83
   84 2021- 7-29 18:46       55 19  160 51  40.85 0.11  0.0    9  3.0  4.7        84
   85 2021- 7-29 18:53       54 45  161 58   8.29 0.11  0.0    6  5.4  1.4        85
   86 2021- 7-29 19:12       55 17  161 19  22.15 0.17  0.0   11  2.5  4.8        86
   87 2021- 7-29 19:30       55 26  161  9  26.38 0.05  0.0    6  3.0  6.1        87
   88 2021- 7-29 19:53     - 55 16  160 35  20.90 0.15  0.0   10 16.0  4.8        88
   89 2021- 7-29 20:21     - 55 22  160 31  76.43 0.23  0.0    9 19.7 11.3        89
   90 2021- 7-29 20:23     - 55  8  160 53  24.90 0.24  0.0   12  2.7 23.6        90
  SEQ ---DATE--- TIME REMARK -LAT-  --LON-  DEPTH  RMS PMAG  NUM  ERH  ERZ  ID
   91 2021- 7-29 20:25     - 55 15  161  2  20.08 0.11  0.0    9  3.5 15.3        91
   92 2021- 7-29 20:31     - 55 14  160 49  16.31 0.13  0.0    9 14.8  2.6        92
   93 2021- 7-29 20:33     - 55 12  160 49  17.87 0.14  0.0   12  5.8 15.2        93
   94 2021- 7-29 20:42       55  8  161 45  18.97 0.04  0.0    5  5.5  3.1        94
   95 2021- 7-29 21:00       55 13  161 16  13.43 0.13  0.0    8  3.0  0.9        95
   96 2021- 7-29 21:08       55 23  160 48  17.18 0.19  0.0    5  7.7  3.1        96
   97 2021- 7-29 21:18     - 55 14  160 52  18.55 0.23  0.0   11  7.8 20.6        97
   98 2021- 7-29 21:39       55 15  161  8  24.64 0.14  0.0   10  3.1  1.2        98
   99 2021- 7-29 22:02     - 55 15  161  0  18.36 0.06  0.0    8  4.9 12.4        99
  100 2021- 7-29 22:18     - 55 12  160 42  27.63 0.14  0.0   10  5.2 14.3       100
  101 2021- 7-29 22:56       55 14  160 33  21.93 0.12  0.0   11  2.5  2.2       101
  102 2021- 7-29 23:38     - 55 14  160 48  27.28 0.10  0.0   12  3.0 11.1       102
