 HYPOINVERSE 2000 STARTING
6/2014 VERSION 1.40 (geoid depth possible)                            
 COMMAND?     33 STATIONS READ IN.
  FIND INPUT PHASE FILE TYPE & SET PHS(COP) & ARC(CAR) FORMATS
  INPUT IS A HYPOINVERSE ARCHIVE-2000 FILE, NO SHADOWS
  SETTING FORMATS COP 3, CAR 1
  SEQ ---DATE--- TIME REMARK -LAT-  --LON-  DEPTH  RMS PMAG  NUM  ERH  ERZ  ID
    1 2021- 7-29 16:00     # 55  7  161 13  36.26 0.24  0.0    9 15.5  7.1         1
    2 2021- 7-29 16:08     - 55 15  160 57  20.33 0.21  0.0   12  3.1 21.2         2
    3 2021- 7-29 16:09     - 55 12  160 48  17.69 0.18  0.0   11  6.6 17.9         3
    4 2021- 7-29 16:38     - 55 15  161 18  11.30 0.13  0.0    7 10.0 14.8         4
    5 2021- 7-29 17:00     - 55 14  160 53  29.81 0.19  0.0   10 16.9 10.9         5
    6 2021- 7-29 17:04     - 55 15  161 48  52.49 0.01  0.0    4 10.2  3.1         6
    7 2021- 7-29 17:08     - 55 22  161 39  19.30 0.01  0.0    4 11.9  3.7         7
    8 2021- 7-29 17:23       55 14  161 23  13.17 0.12  0.0   10  3.6  1.0         8
    9 2021- 7-29 17:28     - 55 29  161 47   0.38 0.11  0.0    4  4.1 14.8         9
   10 2021- 7-29 17:33     - 55 14  161 24  18.16 0.12  0.0    5 13.1  2.5        10
   11 2021- 7-29 17:34     - 55 29  161 34  19.82 0.26  0.0    5 22.5  7.8        11
   12 2021- 7-29 17:52       55 16  160 44  43.53 0.17  0.0   10  5.8  5.3        12
   13 2021- 7-29 18:14       55 14  161 37  12.06 0.20  0.0    8  2.9  5.1        13
   14 2021- 7-29 18:17       55  9  161 13  13.26 0.08  0.0    5  2.7  2.0        14
   15 2021- 7-29 18:38     - 55 12  161  7  20.26 0.20  0.0   11  3.7 19.9        15
  SEQ ---DATE--- TIME REMARK -LAT-  --LON-  DEPTH  RMS PMAG  NUM  ERH  ERZ  ID
   16 2021- 7-29 18:46       55 19  160 51  40.93 0.11  0.0    9  3.0  4.7        16
   17 2021- 7-29 18:53       54 45  161 58   8.32 0.11  0.0    6  5.4  1.4        17
   18 2021- 7-29 19:12     - 55 16  160 57  27.09 0.13  0.0   10 13.4  9.7        18
   19 2021- 7-29 19:30     - 55 25  161 19  33.74 0.02  0.0    4 10.9  5.9        19
   20 2021- 7-29 19:53     - 55 15  160 30  13.57 0.15  0.0   10 10.5 13.3        20
   21 2021- 7-29 20:21     - 55 19  160 51  56.43 0.23  0.0    9 19.1  9.0        21
   22 2021- 7-29 20:23     - 55  8  160 53  25.54 0.25  0.0   12  2.7 22.9        22
   23 2021- 7-29 20:25     - 55 15  161  2  24.96 0.12  0.0    9  3.9 15.3        23
   24 2021- 7-29 20:31     - 55 15  161  7  13.50 0.16  0.0    8 14.4 18.1        24
   25 2021- 7-29 20:33     - 55 12  160 49  17.67 0.14  0.0   12  5.8 15.1        25
   26 2021- 7-29 20:42       55  8  161 45  18.95 0.04  0.0    5  5.5  3.1        26
   27 2021- 7-29 21:00       55 13  161 16  17.74 0.12  0.0    8  3.2  1.5        27
   28 2021- 7-29 21:08     - 55 25  160 50  13.87 0.19  0.0    5  8.8 11.9        28
   29 2021- 7-29 21:18     - 55 14  160 56  18.46 0.22  0.0   11  7.9 20.3        29
   30 2021- 7-29 21:39       55 15  161  9  12.97 0.20  0.0   11  3.2  1.3        30
  SEQ ---DATE--- TIME REMARK -LAT-  --LON-  DEPTH  RMS PMAG  NUM  ERH  ERZ  ID
   31 2021- 7-29 22:02       55 16  161  1  17.45 0.06  0.0    7  3.0  1.0        31
   32 2021- 7-29 22:19     - 55 13  160 58  25.64 0.15  0.0    9 11.0 10.3        32
   33 2021- 7-29 22:56     - 55 15  160 33  23.03 0.12  0.0   11  4.4 15.2        33
   34 2021- 7-29 23:38       55 14  160 48  32.51 0.23  0.0   12  4.6  6.7        34
