 HYPOINVERSE 2000 STARTING
6/2014 VERSION 1.40 (geoid depth possible)                            
 COMMAND?     33 STATIONS READ IN.
  FIND INPUT PHASE FILE TYPE & SET PHS(COP) & ARC(CAR) FORMATS
  INPUT IS A HYPOINVERSE ARCHIVE-2000 FILE, NO SHADOWS
  SETTING FORMATS COP 3, CAR 1
  SEQ ---DATE--- TIME REMARK -LAT-  --LON-  DEPTH  RMS PMAG  NUM  ERH  ERZ  ID
    1 2021- 7-29  7:59     - 55 27  162 21  15.16 0.27  0.0    7  2.0 24.5         1
    2 2021- 7-29  8:03       55 25  161 51  51.29 0.18  0.0    8  2.7  4.2         2
    3 2021- 7-29  8:09     - 55  5  161  8  25.34 0.09  0.0    5  2.2 11.7         3
    4 2021- 7-29  8:13     - 55 16  161 26  29.90 0.05  0.0    4 11.5  5.1         4
    5 2021- 7-29  8:16     # 55 17  161 18  24.98 0.13  0.0    8  3.0  4.5         5
 *** DISTANCE & RESIDUAL WEIGHTING CANCELLED FOR EVENT: 2021  7 29  8 17
    6 2021- 7-29  8:17     - 55 20  162  8   0.50 0.69  0.0    6  3.1 57.8         6
    7 2021- 7-29  8:26     - 55 17  161 47  15.02 0.01  0.0    4 10.6  6.0         7
    8 2021- 7-29  8:40       55 16  160 57  35.32 0.19  0.0   12  3.2  4.6         8
    9 2021- 7-29  8:55       55  5  161 37  14.66 0.07  0.0    5  2.4  1.5         9
   10 2021- 7-29  8:58     - 55 37  162 15  -2.30 0.23  0.0    6  2.0 22.7        10
   11 2021- 7-29  9:08     - 55 22  161 25  44.05 0.20  0.0    6 17.9  8.0        11
   12 2021- 7-29  9:17       55 18  160 59  42.66 0.17  0.0   10  2.5  4.2        12
   13 2021- 7-29  9:23       55 21  160 55  37.09 0.29  0.0   11  4.9  7.7        13
   14 2021- 7-29  9:26     - 55 20  160 19   0.50 0.19  0.0    7 14.4 15.6        14
   15 2021- 7-29  9:28     - 55 21  161  9  20.00 0.10  0.0    7 12.3 12.9        15
  SEQ ---DATE--- TIME REMARK -LAT-  --LON-  DEPTH  RMS PMAG  NUM  ERH  ERZ  ID
   16 2021- 7-29  9:36       55  5  161 46  14.10 0.09  0.0    6  2.5  0.7        16
   17 2021- 7-29  9:38     - 55  2  161 36   2.49 0.06  0.0    6  5.8 13.4        17
   18 2021- 7-29  9:43     - 55  4  161 32  -1.38 0.02  0.0    5  1.1 12.5        18
   19 2021- 7-29  9:45       55 19  161  5  14.86 0.10  0.0    7  4.2  4.6        19
   20 2021- 7-29  9:52     - 55 15  160 51  28.57 0.22  0.0   10 19.1 14.6        20
   21 2021- 7-29  9:54       55 19  160 59  44.44 0.09  0.0   11  2.0  2.9        21
   22 2021- 7-29  9:59     - 55 15  161 14  53.60 0.13  0.0    6 13.5  7.1        22
   23 2021- 7-29 10:02       55  6  161 25  18.45 0.10  0.0    7  1.7  1.7        23
   24 2021- 7-29 10:05     - 55 14  161 38  39.04 0.14  0.0    4 10.1 12.7        24
   25 2021- 7-29 10:06     - 55 16  161 35  -1.44 0.10  0.0    5  1.2 14.4        25
   26 2021- 7-29 10:13       55 24  161 42  49.02 0.09  0.0    7  3.0  1.7        26
   27 2021- 7-29 10:16     - 55 10  161  9   7.45 0.38  0.0    8 23.1 17.9        27
   28 2021- 7-29 10:17     - 55 13  161 21  19.86 0.17  0.0   11  2.3 16.0        28
   29 2021- 7-29 10:20     - 55 22  161 49  14.81 0.14  0.0    4  2.9 17.3        29
   30 2021- 7-29 10:22       55 26  161 46  17.69 0.15  0.0    5  3.4  1.3        30
  SEQ ---DATE--- TIME REMARK -LAT-  --LON-  DEPTH  RMS PMAG  NUM  ERH  ERZ  ID
   31 2021- 7-29 10:24     - 55 11  160 36  33.35 0.16  0.0    8 15.7 14.2        31
   32 2021- 7-29 10:27     - 55 14  161 13  31.18 0.19  0.0    9 15.6  5.7        32
   33 2021- 7-29 10:38     - 55 17  160 39  25.65 0.22  0.0   12  5.9 21.5        33
   34 2021- 7-29 10:42     - 55 17  161 20  17.92 0.10  0.0    5 13.0  4.0        34
   35 2021- 7-29 10:50     - 55 33  163 35   4.00 0.99  0.0   14 45.2 51.1        35
   36 2021- 7-29 10:54     # 55 16  161 34  19.27 0.14  0.0    6  3.6  0.9        36
   37 2021- 7-29 10:59     - 55 35  161 16   2.55 0.13  0.0    8  4.8 14.8        37
   38 2021- 7-29 11:05       55 11  161 38  17.64 0.35  0.0    9  6.4  3.7        38
   39 2021- 7-29 11:09     - 55 15  161  1  24.12 0.15  0.0   10 14.0  1.7        39
   40 2021- 7-29 11:17     - 55 16  161 46  18.24 0.02  0.0    4  7.4  8.7        40
   41 2021- 7-29 11:24     - 55  4  163 28  24.01 0.56  0.0    7 14.0 46.3        41
   42 2021- 7-29 11:29     - 55 14  160 47  33.65 0.20  0.0   11 17.3  8.8        42
   43 2021- 7-29 11:41     - 55 13  160 42  28.20 0.12  0.0   10 12.8 10.7        43
   44 2021- 7-29 11:48     - 55 16  161 10  29.43 0.24  0.0    9 16.8  6.5        44
   45 2021- 7-29 12:17     - 55 13  160 50   3.73 0.28  0.0    7 18.4 15.5        45
  SEQ ---DATE--- TIME REMARK -LAT-  --LON-  DEPTH  RMS PMAG  NUM  ERH  ERZ  ID
   46 2021- 7-29 12:18       55 16  161 26  25.04 0.15  0.0    8  4.4  2.6        46
   47 2021- 7-29 12:24     - 55 20  161 30   4.81 0.01  0.0    5  1.9  9.1        47
   48 2021- 7-29 12:28     - 55 10  160 35  44.34 0.24  0.0    9 21.8 12.5        48
   49 2021- 7-29 12:32     - 55 18  160 57  25.44 0.19  0.0    8 16.8 15.4        49
   50 2021- 7-29 12:43       55 21  161 24  19.39 0.10  0.0    9  1.9  3.1        50
   51 2021- 7-29 12:52     - 55 25  162  1   0.50 0.16  0.0    5  0.8 18.5        51
   52 2021- 7-29 13:03     - 55 27  162 15   0.57 0.21  0.0    4  1.8 21.5        52
   53 2021- 7-29 13:15       55 14  161 13  25.47 0.16  0.0   10  4.1  5.1        53
   54 2021- 7-29 13:18     - 55 18  160 47  25.45 0.17  0.0   10 16.3 18.4        54
   55 2021- 7-29 13:30     - 55 18  161 11  26.10 0.25  0.0    8 19.3  8.1        55
   56 2021- 7-29 13:48     - 55 11  159 44   0.50 0.11  0.0   10 14.3 15.4        56
   57 2021- 7-29 14:02     - 55 10  159 36   0.50 0.22  0.0   10 20.2 21.7        57
   58 2021- 7-29 14:08       55 23  161 41  30.00 0.03  0.0    6  6.0  4.9        58
   59 2021- 7-29 14:16     - 55 16  160 56  28.24 0.14  0.0    7  3.1 12.4        59
   60 2021- 7-29 14:20     - 55 14  160 26   0.51 0.29  0.0    6 22.4 25.2        60
  SEQ ---DATE--- TIME REMARK -LAT-  --LON-  DEPTH  RMS PMAG  NUM  ERH  ERZ  ID
   61 2021- 7-29 14:48     - 55 27  162 20   0.56 0.24  0.0    5  2.1 23.5        61
   62 2021- 7-29 14:49     - 55 12  161  4  20.27 0.11  0.0    9 11.2 15.1        62
   63 2021- 7-29 14:53     - 55 14  161  2  20.56 0.10  0.0    9  1.7 14.4        63
   64 2021- 7-29 14:57     - 55 20  161 60   0.38 0.15  0.0    4  1.3 17.7        64
   65 2021- 7-29 14:58     - 55 31  161 13   2.32 0.37  0.0    9  9.1 28.1        65
   66 2021- 7-29 15:11     - 54 35  161 18  26.14 0.17  0.0   12  1.4 17.6        66
   67 2021- 7-29 15:13       55 13  161  9   1.13 0.42  0.0   11 11.3  7.2        67
   68 2021- 7-29 15:30       55 13  161 23  19.05 0.20  0.0    8  4.4  2.0        68
   69 2021- 7-29 16:00     - 55  4  161  5  21.80 0.33  0.0    9 21.8 24.7        69
   70 2021- 7-29 16:08     - 55 15  160 55  25.22 0.20  0.0   12  3.1 20.2        70
   71 2021- 7-29 16:09       55 13  160 48  30.33 0.17  0.0   11  3.0 11.4        71
   72 2021- 7-29 16:38     - 55 15  160 44  55.99 0.12  0.0    8 13.5  5.4        72
   73 2021- 7-29 17:00     - 55 13  159 45   0.50 0.17  0.0   11 16.7 18.2        73
   74 2021- 7-29 17:04     - 55 15  162 29   2.07 0.03  0.0    4  1.9  8.9        74
   75 2021- 7-29 17:08     - 55 21  161 52   8.17 0.01  0.0    4  5.7 10.9        75
  SEQ ---DATE--- TIME REMARK -LAT-  --LON-  DEPTH  RMS PMAG  NUM  ERH  ERZ  ID
   76 2021- 7-29 17:23       55 14  161 23  13.15 0.12  0.0   10  3.6  1.1        76
   77 2021- 7-29 17:28     - 55 29  161 47   0.59 0.11  0.0    4  4.1 14.3        77
   78 2021- 7-29 17:33     # 55 15  161 43  11.70 0.30  0.0    6  5.1  5.8        78
   79 2021- 7-29 17:34     - 55 51  161 54  19.89 0.25  0.0    7  6.8 24.5        79
   80 2021- 7-29 17:52     # 55 16  160 45  44.08 0.17  0.0   10  5.9  5.2        80
   81 2021- 7-29 18:14       55 14  161 37  10.01 0.19  0.0    7  3.0  8.2        81
   82 2021- 7-29 18:17     - 55  6  161 20  -2.70 0.09  0.0    5  2.3 14.4        82
   83 2021- 7-29 18:38     - 55 12  161  7  19.57 0.23  0.0   11  8.1 20.0        83
   84 2021- 7-29 18:46       55 19  160 51  40.75 0.11  0.0    9  3.0  4.7        84
   85 2021- 7-29 18:53     - 54 49  161 59  -2.28 0.16  0.0    6  4.2 17.5        85
   86 2021- 7-29 19:12     - 55 16  160 55  25.44 0.13  0.0   10 12.7 14.5        86
   87 2021- 7-29 19:30     - 55 26  161 11  20.23 0.09  0.0    6  4.0 13.8        87
   88 2021- 7-29 19:53     - 55 16  160 45  26.12 0.16  0.0   11  3.6 16.8        88
   89 2021- 7-29 20:21     - 55 15  162  3   0.48 0.51  0.0    7  2.7 39.1        89
   90 2021- 7-29 20:23       55 17  161 40  13.76 0.15  0.0    8  3.1  1.5        90
  SEQ ---DATE--- TIME REMARK -LAT-  --LON-  DEPTH  RMS PMAG  NUM  ERH  ERZ  ID
   91 2021- 7-29 20:25     - 55 15  161  2  25.36 0.12  0.0    9  3.9 11.8        91
   92 2021- 7-29 20:31     - 55 15  161  0  19.65 0.13  0.0    8 14.0 16.4        92
   93 2021- 7-29 20:33     - 55 13  160 48  27.92 0.11  0.0   12  2.5 11.7        93
   94 2021- 7-29 20:42     - 55 13  161 56   0.61 0.10  0.0    4  1.1 14.8        94
   95 2021- 7-29 21:00       55 12  161 13  13.10 0.15  0.0    9  2.5  1.0        95
   96 2021- 7-29 21:08     - 55 20  160 46  30.27 0.18  0.0    5  6.0 14.8        96
   97 2021- 7-29 21:18     - 55 14  160 53  25.78 0.21  0.0   11  4.9 19.4        97
   98 2021- 7-29 21:39       55 15  161  8  24.40 0.14  0.0   10  3.1  1.8        98
   99 2021- 7-29 22:02       55 13  160 55  35.40 0.12  0.0    8  2.6  7.3        99
  100 2021- 7-29 22:19     - 55 14  161  1  24.22 0.12  0.0    9 13.3  1.6       100
  101 2021- 7-29 22:56     - 55 15  160 33  32.91 0.12  0.0   11  2.9 15.3       101
  102 2021- 7-29 23:38     - 55 14  160 48  26.80 0.10  0.0   12  3.0 11.9       102
