 HYPOINVERSE 2000 STARTING
6/2014 VERSION 1.40 (geoid depth possible)                            
 COMMAND?     33 STATIONS READ IN.
  FIND INPUT PHASE FILE TYPE & SET PHS(COP) & ARC(CAR) FORMATS
  INPUT IS A HYPOINVERSE ARCHIVE-2000 FILE, NO SHADOWS
  SETTING FORMATS COP 3, CAR 1
  SEQ ---DATE--- TIME REMARK -LAT-  --LON-  DEPTH  RMS PMAG  NUM  ERH  ERZ  ID
    1 2021- 7-29 16:00     - 54 58  160 47  17.24 0.36  0.0    9 27.9 32.3         1
    2 2021- 7-29 16:08     - 55 15  160 55  25.40 0.20  0.0   12  3.2 19.7         2
    3 2021- 7-29 16:09     - 55 12  160 49  17.63 0.18  0.0   11  6.6 17.7         3
    4 2021- 7-29 16:38     - 55 17  160 57  52.55 0.13  0.0    8 13.4  5.2         4
    5 2021- 7-29 17:00     - 55 18  160 48  45.58 0.23  0.0   11 18.3  8.0         5
    6 2021- 7-29 17:04     - 55 15  161 49  52.67 0.01  0.0    5 10.1  3.1         6
    7 2021- 7-29 17:08     - 55 21  161 48  13.10 0.00  0.0    4  8.7  8.8         7
    8 2021- 7-29 17:23       55 14  161 23  13.25 0.12  0.0   10  3.7  1.0         8
    9 2021- 7-29 17:28     - 55 31  161 20   2.89 0.73  0.0    5 20.7 62.1         9
   10 2021- 7-29 17:33       55 13  161  3  23.73 0.14  0.0    6  5.0  2.7        10
   11 2021- 7-29 17:34     - 55 30  161 50   5.90 0.25  0.0    5  7.5 21.0        11
   12 2021- 7-29 17:52     - 55 15  161  8  30.21 0.13  0.0    8 12.7  5.3        12
   13 2021- 7-29 18:14       55 14  161 36  13.31 0.19  0.0    8  2.9  1.9        13
   14 2021- 7-29 18:17     - 55  6  161 18   3.35 0.10  0.0    5  5.2 14.1        14
   15 2021- 7-29 18:38     - 55 12  161  5  19.93 0.23  0.0   11  4.6 22.9        15
  SEQ ---DATE--- TIME REMARK -LAT-  --LON-  DEPTH  RMS PMAG  NUM  ERH  ERZ  ID
   16 2021- 7-29 18:46     # 55 19  160 51  40.95 0.11  0.0    9  3.0  4.7        16
   17 2021- 7-29 18:53       54 45  161 58   8.29 0.11  0.0    6  5.4  1.4        17
   18 2021- 7-29 19:12     - 55 16  161  2  26.07 0.14  0.0   10 13.2  9.7        18
   19 2021- 7-29 19:30       55 26  161  9  26.00 0.05  0.0    6  3.1  6.1        19
   20 2021- 7-29 19:53     - 55 15  160 12   7.03 0.13  0.0   10 11.1 13.1        20
   21 2021- 7-29 20:21       55 19  161  9  38.00 0.24  0.0    9  6.9  6.6        21
   22 2021- 7-29 20:23       55 11  160 52  43.41 1.03  0.0   12 25.0 31.6        22
   23 2021- 7-29 20:25     - 55 15  161  2  25.07 0.13  0.0    9  4.1 15.2        23
   24 2021- 7-29 20:31     - 55 15  161  8  19.49 0.13  0.0    8 12.9 16.7        24
   25 2021- 7-29 20:33     - 55 13  160 48  27.07 0.11  0.0   12  2.5 12.8        25
   26 2021- 7-29 20:42       55 12  161 54   8.87 0.10  0.0    4  6.2  7.1        26
   27 2021- 7-29 21:00     - 55 12  161 12  14.86 0.15  0.0    9  2.8 17.2        27
   28 2021- 7-29 21:08     - 55 21  160 46  27.59 0.19  0.0    5  6.1 17.0        28
   29 2021- 7-29 21:18     - 55 13  160 46  17.60 0.21  0.0   10 18.6 21.7        29
   30 2021- 7-29 21:39     - 55 14  161  2  18.47 0.15  0.0    9 13.7  1.7        30
  SEQ ---DATE--- TIME REMARK -LAT-  --LON-  DEPTH  RMS PMAG  NUM  ERH  ERZ  ID
   31 2021- 7-29 22:02     - 55 15  161  0  19.03 0.07  0.0    8  5.0 12.5        31
   32 2021- 7-29 22:18     - 55 12  160 38  29.30 0.13  0.0    9  9.4 10.4        32
   33 2021- 7-29 22:56     - 55 14  160 32  27.92 0.12  0.0   11  2.9 14.0        33
   34 2021- 7-29 23:38     - 55 14  160 48  25.85 0.10  0.0   12  3.0 13.8        34
