 HYPOINVERSE 2000 STARTING
6/2014 VERSION 1.40 (geoid depth possible)                            
 COMMAND?     33 STATIONS READ IN.
  FIND INPUT PHASE FILE TYPE & SET PHS(COP) & ARC(CAR) FORMATS
  INPUT IS A HYPOINVERSE ARCHIVE-2000 FILE, NO SHADOWS
  SETTING FORMATS COP 3, CAR 1
  SEQ ---DATE--- TIME REMARK -LAT-  --LON-  DEPTH  RMS PMAG  NUM  ERH  ERZ  ID
    1 2021- 7-29  7:59     # 55 25  162 27   0.02 0.50  0.0   10  2.6  5.1         1
    2 2021- 7-29  8:03     # 55 25  162 10   0.05 0.38  0.0    8  1.8  4.3         2
    3 2021- 7-29  8:09     - 55  5  161 14   9.85 0.08  0.0    5  5.7 12.6         3
    4 2021- 7-29  8:13     - 55 16  161  2  11.28 0.11  0.0    5 12.6 15.4         4
    5 2021- 7-29  8:16     - 55 36  161 58   6.92 0.15  0.0    4  5.2 17.2         5
    6 2021- 7-29  8:17     # 55 22  162  6   0.02 0.20  0.0    5  1.2  1.0         6
    7 2021- 7-29  8:26     - 55 18  161 59   1.87 0.05  0.0    4  8.3 10.2         7
    8 2021- 7-29  8:40       55 14  161  1  28.58 0.16  0.0   12  2.8  8.5         8
    9 2021- 7-29  8:55     - 55  3  161 34   6.37 0.12  0.0    5  5.5 13.9         9
   10 2021- 7-29  8:58     # 55 27  162  9   0.02 0.69  0.0    8  6.5  4.2        10
   11 2021- 7-29  9:08       55 12  161 18   7.16 0.16  0.0    9  1.9  5.0        11
   12 2021- 7-29  9:17     # 55 30  162  1   0.02 1.20  0.0   10  4.6  3.1        12
   13 2021- 7-29  9:23     - 55 14  160 58  13.08 0.27  0.0   10  4.0 25.6        13
   14 2021- 7-29  9:26     - 55 19  160 38   3.00 0.26  0.0    7 19.6 20.5        14
   15 2021- 7-29  9:28     - 55 22  161 22  19.92 0.06  0.0    6 12.0  4.7        15
  SEQ ---DATE--- TIME REMARK -LAT-  --LON-  DEPTH  RMS PMAG  NUM  ERH  ERZ  ID
   16 2021- 7-29  9:36       55  5  161 46  14.15 0.09  0.0    6  3.0  1.9        16
   17 2021- 7-29  9:38     - 55  2  161 37   3.08 0.05  0.0    6  5.8 12.8        17
   18 2021- 7-29  9:43       55  6  161 34   8.13 0.05  0.0    5  1.0  2.5        18
   19 2021- 7-29  9:45     - 55 18  161 10  12.69 0.09  0.0    7  2.9 14.6        19
   20 2021- 7-29  9:52     - 55 16  161 19  12.56 0.21  0.0   11  3.1 20.7        20
   21 2021- 7-29  9:54       55 27  161 43  19.49 0.09  0.0    6  6.7  6.3        21
   22 2021- 7-29  9:59     - 55  6  160 36   3.02 0.13  0.0    7 14.7 15.7        22
   23 2021- 7-29 10:02       55 10  161 52   8.05 0.09  0.0    6  2.2  2.5        23
   24 2021- 7-29 10:05     - 55 21  161 50   2.88 0.20  0.0    4  2.3 19.8        24
   25 2021- 7-29 10:06     - 55 17  161 37   5.23 0.05  0.0    4  3.2 11.4        25
   26 2021- 7-29 10:13     - 55 17  161  9   1.71 0.26  0.0    5 16.2 12.5        26
   27 2021- 7-29 10:16     # 55 11  161 30  10.08 0.23  0.0    7 11.2  2.4        27
   28 2021- 7-29 10:17     - 55 12  161 17  11.97 0.33  0.0   10 10.7 23.2        28
   29 2021- 7-29 10:20     - 55 22  161 51   3.11 0.16  0.0    4  2.5 17.9        29
   30 2021- 7-29 10:22       55 25  161 48  14.41 0.19  0.0    6  2.8  2.1        30
  SEQ ---DATE--- TIME REMARK -LAT-  --LON-  DEPTH  RMS PMAG  NUM  ERH  ERZ  ID
   31 2021- 7-29 10:24     - 55  9  160 39   3.01 0.21  0.0    8 18.1 20.7        31
   32 2021- 7-29 10:27     - 55 13  160 56   6.52 0.22  0.0   10 12.2 17.0        32
   33 2021- 7-29 10:38     - 55 11  160 51   7.60 0.29  0.0   11 10.8 23.4        33
   34 2021- 7-29 10:42     - 55 17  161 26  20.25 0.09  0.0    6 11.8  4.2        34
   35 2021- 7-29 10:50     # 54 51  161  8  48.25 0.71  0.0   13 10.2 29.4        35
   36 2021- 7-29 10:54       55 21  161 21   2.16 0.15  0.0    7  5.3  3.6        36
   37 2021- 7-29 10:59     - 55 34  161 20   6.51 0.14  0.0    8  5.8 14.2        37
   38 2021- 7-29 11:05     - 55  4  161 12  15.18 0.36  0.0   10  7.3 26.3        38
   39 2021- 7-29 11:09     - 55 14  160 57  28.30 0.13  0.0   10 13.5 10.5        39
 *** DISTANCE & RESIDUAL WEIGHTING CANCELLED FOR EVENT: 2021  7 29 11 17
   40 2021- 7-29 11:17     - 55 15  161 40   3.00 0.93  0.0    6 32.1 72.1        40
   41 2021- 7-29 11:24     - 55  9  163 13   4.77 0.71  0.0    7 45.9 25.1        41
   42 2021- 7-29 11:29     - 55 26  161 21  14.99 0.26  0.0    7 17.7 11.7        42
   43 2021- 7-29 11:41     - 55 16  160 40  51.24 0.17  0.0   10 15.6  6.5        43
   44 2021- 7-29 11:48     # 55 17  161 33  24.41 0.12  0.0    6  9.7  3.0        44
   45 2021- 7-29 12:17     - 55 18  160 45   2.98 0.18  0.0    7 16.8 18.1        45
  SEQ ---DATE--- TIME REMARK -LAT-  --LON-  DEPTH  RMS PMAG  NUM  ERH  ERZ  ID
   46 2021- 7-29 12:18     - 55 15  161 21  29.34 0.16  0.0    7 12.5  4.2        46
   47 2021- 7-29 12:24     - 55 20  161 35   7.32 0.02  0.0    5  1.6  9.0        47
   48 2021- 7-29 12:28     - 55  4  160 57   3.01 0.34  0.0    8 24.4 30.2        48
   49 2021- 7-29 12:32     - 55 13  160 45   3.08 0.19  0.0    7 16.2 16.8        49
   50 2021- 7-29 12:43     - 55 20  161 21  12.48 0.19  0.0    9  3.7 18.3        50
   51 2021- 7-29 12:52     - 55 22  161 21  48.92 0.10  0.0    7 10.6  6.3        51
   52 2021- 7-29 13:03     - 55 27  162 14   3.04 0.19  0.0    4  1.6 19.7        52
   53 2021- 7-29 13:15       55 21  161 29  18.07 0.08  0.0    6  3.5  4.0        53
   54 2021- 7-29 13:18     - 55 16  160 45   3.02 0.26  0.0   10 21.0 24.0        54
   55 2021- 7-29 13:30     - 55 14  161  5   8.53 0.22  0.0   11  9.7 19.2        55
   56 2021- 7-29 13:48     - 55 11  160 54   3.01 0.30  0.0   10 21.7 27.4        56
   57 2021- 7-29 14:02     - 55 10  160 46   3.01 0.46  0.0   10 30.0 38.9        57
   58 2021- 7-29 14:08     # 55 23  161 43  30.80 0.03  0.0    6  5.5  4.8        58
   59 2021- 7-29 14:16     # 55 21  161 53   0.09 1.23  0.0    6 12.1 11.5        59
   60 2021- 7-29 14:20     - 55 11  159 42   3.06 0.23  0.0    5 20.0 21.1        60
  SEQ ---DATE--- TIME REMARK -LAT-  --LON-  DEPTH  RMS PMAG  NUM  ERH  ERZ  ID
   61 2021- 7-29 14:48     - 55 27  162 18   3.21 0.19  0.0    5  2.0 19.7        61
   62 2021- 7-29 14:50     - 55 21  161 40  14.32 0.01  0.0    5  7.8  4.5        62
   63 2021- 7-29 14:53     - 55 14  161  7  11.73 0.16  0.0    9  7.5 15.7        63
   64 2021- 7-29 14:57     # 55 22  162  2   0.02 0.27  0.0    5  7.4  9.9        64
   65 2021- 7-29 14:58     # 55 26  161 11   6.59 0.44  0.0    9  6.5 16.3        65
   66 2021- 7-29 15:11     # 55 18  162 16   1.61 1.38  0.0    9 10.5  7.1        66
   67 2021- 7-29 15:13     - 55  8  160 51   3.00 0.26  0.0   10 19.0 24.5        67
   68 2021- 7-29 15:30     - 55  6  160 44  20.71 0.21  0.0    9 18.4 21.2        68
   69 2021- 7-29 16:00     - 55  2  160 59  15.90 0.34  0.0    7 25.8 28.3        69
   70 2021- 7-29 16:08     - 55 15  161  0   8.47 0.22  0.0   10  9.7 19.1        70
   71 2021- 7-29 16:09     - 55 13  160 56   8.00 0.24  0.0   12  9.7 20.5        71
   72 2021- 7-29 16:38     - 55 15  160 28   3.04 0.49  0.0   10 30.6 41.4        72
   73 2021- 7-29 17:00     - 55 14  159 52   3.00 0.18  0.0   11 14.8 17.6        73
   74 2021- 7-29 17:04       55 15  162 26   6.71 0.08  0.0    5  2.8  6.2        74
   75 2021- 7-29 17:08     - 55 22  161 54   4.67 0.01  0.0    4  0.8 12.2        75
  SEQ ---DATE--- TIME REMARK -LAT-  --LON-  DEPTH  RMS PMAG  NUM  ERH  ERZ  ID
   76 2021- 7-29 17:22     - 55 10  161  5   3.28 0.18  0.0   10  7.0 16.1        76
   77 2021- 7-29 17:28     # 55 29  161 51   0.01 0.24  0.0    5  2.5  1.7        77
   78 2021- 7-29 17:33     - 55 14  161 24  23.24 0.11  0.0    5 12.4  1.1        78
   79 2021- 7-29 17:34     - 55 48  161 60  15.60 0.24  0.0    7  5.8 23.6        79
   80 2021- 7-29 17:52     - 55 23  161 31  16.92 0.09  0.0    5 12.9  4.9        80
   81 2021- 7-29 18:14     # 55 14  161 38   5.02 0.21  0.0    8  3.3  2.5        81
   82 2021- 7-29 18:17     - 55  9  161 27   1.15 0.16  0.0    6 15.5  8.1        82
   83 2021- 7-29 18:38     - 55 23  161 31  13.06 0.15  0.0    6 15.5  4.5        83
   84 2021- 7-29 18:46     # 55 16  161 16  33.20 0.13  0.0    7  7.9  3.7        84
   85 2021- 7-29 18:54     - 55 14  162 23   2.94 2.46  0.0    8 23.8 98.9        85
   86 2021- 7-29 19:12     - 55 16  161  1  29.19 0.12  0.0   10 12.9  8.3        86
   87 2021- 7-29 19:30     - 55 26  160 59   2.90 0.20  0.0    6  6.6 18.4        87
   88 2021- 7-29 19:53     - 55 16  160 58  10.06 0.22  0.0   11  9.4 19.0        88
   89 2021- 7-29 20:21     - 55 19  161 13  42.70 0.23  0.0    8 16.7  7.4        89
   90 2021- 7-29 20:23       55 12  161  6   2.11 0.20  0.0   11  5.1  2.9        90
  SEQ ---DATE--- TIME REMARK -LAT-  --LON-  DEPTH  RMS PMAG  NUM  ERH  ERZ  ID
   91 2021- 7-29 20:25     - 55 13  160 52   3.00 0.21  0.0    8 17.7 20.6        91
   92 2021- 7-29 20:31     - 55 16  161 10  24.02 0.11  0.0    8 11.5 15.3        92
   93 2021- 7-29 20:33     - 55 13  160 54  10.99 0.20  0.0   12  8.6 17.7        93
   94 2021- 7-29 20:42     - 55 13  161 56   4.61 0.09  0.0    4  1.2 14.2        94
   95 2021- 7-29 21:00       55 13  161 21  16.73 0.14  0.0    9  3.4  6.0        95
   96 2021- 7-29 21:08     - 55 22  160 52  24.16 0.19  0.0    5  7.3 20.3        96
   97 2021- 7-29 21:18     - 55 15  161  0  23.65 0.21  0.0   11  9.4 17.7        97
   98 2021- 7-29 21:39       55 15  161 15  26.21 0.15  0.0   10  3.0  4.3        98
   99 2021- 7-29 22:02     - 55 16  161 38  22.58 0.06  0.0    6  8.7  4.1        99
  100 2021- 7-29 22:18     - 55 11  160 36  19.69 0.12  0.0    9 14.2 15.9       100
  101 2021- 7-29 22:56     # 55 27  161  9   7.07 0.31  0.0    9 12.1  1.9       101
  102 2021- 7-29 23:38     - 55 23  161 34  13.29 0.15  0.0    6 12.9  3.3       102
