 HYPOINVERSE 2000 STARTING
6/2014 VERSION 1.40 (geoid depth possible)                            
 COMMAND?     33 STATIONS READ IN.
  FIND INPUT PHASE FILE TYPE & SET PHS(COP) & ARC(CAR) FORMATS
  INPUT IS A HYPOINVERSE ARCHIVE-2000 FILE, NO SHADOWS
  SETTING FORMATS COP 3, CAR 1
  SEQ ---DATE--- TIME REMARK -LAT-  --LON-  DEPTH  RMS PMAG  NUM  ERH  ERZ  ID
    1 2021- 7-29  7:59     - 55 27  162 21  -1.03 0.38  0.0    7  2.3 33.9         1
    2 2021- 7-29  8:03     - 55 26  162 12  -1.11 0.30  0.0    7  1.7 27.8         2
    3 2021- 7-29  8:09     - 55  4  161  9  14.52 0.07  0.0    5  5.8 12.3         3
    4 2021- 7-29  8:13     # 55 20  161 50  -3.17 0.84  0.0    6  4.9 14.3         4
    5 2021- 7-29  8:16     - 55 39  162  5  -1.81 0.16  0.0    5  3.8 18.3         5
 *** DISTANCE & RESIDUAL WEIGHTING CANCELLED FOR EVENT: 2021  7 29  8 17
    6 2021- 7-29  8:17     - 55 20  162  8  -1.00 0.69  0.0    6  3.1 57.1         6
    7 2021- 7-29  8:26     - 55 17  161 56  -0.88 0.08  0.0    4  1.3 14.1         7
    8 2021- 7-29  8:40       55 15  160 39  42.50 0.15  0.0   11  4.2  6.2         8
    9 2021- 7-29  8:56     # 55  8  161 48  -3.13 0.20  0.0    4  6.9  9.2         9
   10 2021- 7-29  8:58     - 55 31  162 16  -3.20 0.79  0.0    8  5.0 66.1        10
   11 2021- 7-29  9:08     # 55 23  161 52  -3.13 1.60  0.0    9  5.5 13.4        11
   12 2021- 7-29  9:17       55 19  161 11  46.37 0.31  0.0   11  4.7  4.2        12
   13 2021- 7-29  9:23     # 55 26  161 47  -3.17 1.55  0.0   11 10.0 24.6        13
   14 2021- 7-29  9:26     - 55 22  160 22  13.57 0.20  0.0    7 16.7 13.2        14
   15 2021- 7-29  9:28     # 55 25  161 46  -3.17 1.25  0.0   10 11.3 17.4        15
 *** DISTANCE & RESIDUAL WEIGHTING CANCELLED FOR EVENT: 2021  7 29  9 36
  SEQ ---DATE--- TIME REMARK -LAT-  --LON-  DEPTH  RMS PMAG  NUM  ERH  ERZ  ID
   16 2021- 7-29  9:36     - 55  4  161 53  -0.90 0.86  0.0    7  7.8 64.3        16
   17 2021- 7-29  9:38     - 55  1  161 35  -0.95 0.09  0.0    6  6.1 14.3        17
   18 2021- 7-29  9:43     - 55  4  161 32  -1.03 0.02  0.0    5  1.3 12.5        18
   19 2021- 7-29  9:45     # 55 23  161 44  -3.18 1.29  0.0    7 14.9  7.6        19
   20 2021- 7-29  9:53     # 55 19  161 53  -3.17 1.11  0.0   10  3.6  8.2        20
   21 2021- 7-29  9:54     - 55 26  161 34  24.24 0.11  0.0    7 12.3  6.9        21
   22 2021- 7-29  9:59     # 55 20  161 46  -3.17 1.21  0.0    7  7.6 16.4        22
   23 2021- 7-29 10:02     # 55 11  161 50  -3.17 0.94  0.0    9  7.2 14.6        23
   24 2021- 7-29 10:05     - 55 22  161 53  -0.99 0.27  0.0    4  2.4 25.5        24
   25 2021- 7-29 10:06     - 55 16  161 35  -1.02 0.10  0.0    5  1.2 14.9        25
   26 2021- 7-29 10:13     - 55 17  161  1  -0.92 0.15  0.0    5  2.1 17.4        26
   27 2021- 7-29 10:16     - 55 12  161 14  -2.22 0.28  0.0    7 15.5 25.2        27
   28 2021- 7-29 10:17     # 55 20  161 37  -3.20 0.60  0.0    8  5.2 18.8        28
   29 2021- 7-29 10:20     - 55 22  161 55  -1.01 0.09  0.0    4  1.5 14.7        29
   30 2021- 7-29 10:22     - 55 23  162  2  -1.02 0.81  0.0    8  2.0 62.2        30
  SEQ ---DATE--- TIME REMARK -LAT-  --LON-  DEPTH  RMS PMAG  NUM  ERH  ERZ  ID
   31 2021- 7-29 10:24     - 55 18  161 48  -1.20 0.22  0.0    7  1.5 21.0        31
   32 2021- 7-29 10:27     # 55 19  161 51  -3.17 0.90  0.0    9  3.1 13.6        32
   33 2021- 7-29 10:38     # 55 24  161 43  -3.18 1.61  0.0   10 13.2  9.4        33
   34 2021- 7-29 10:42     - 55 18  161 12  18.93 0.12  0.0    6 14.8  1.9        34
   35 2021- 7-29 10:50     - 55 38  163 34   2.47 0.84  0.0   14 44.7 45.0        35
   36 2021- 7-29 10:54     - 55 20  161 10   2.89 0.14  0.0    6  1.9 12.7        36
   37 2021- 7-29 10:59     - 55 35  161 16   5.11 0.14  0.0    8  1.2 16.4        37
   38 2021- 7-29 11:05     - 55 13  161 37  -0.95 0.39  0.0    7  5.3 33.5        38
   39 2021- 7-29 11:09     # 55 22  161 47  -3.18 0.80  0.0    7  4.2  6.1        39
 *** DISTANCE & RESIDUAL WEIGHTING CANCELLED FOR EVENT: 2021  7 29 11 17
   40 2021- 7-29 11:17     # 55 14  161 43  -0.79 1.12  0.0    6 25.5 37.8        40
   41 2021- 7-29 11:24     - 55  6  163 26  17.20 0.59  0.0    7 19.9 35.4        41
   42 2021- 7-29 11:29     # 55 21  161 57  -3.06 1.22  0.0   11  2.9 19.1        42
   43 2021- 7-29 11:42     # 55 20  161 52  -3.17 1.08  0.0   10  3.1  7.6        43
   44 2021- 7-29 11:48     - 55 18  161 51  -0.87 0.39  0.0    7  1.7 29.1        44
   45 2021- 7-29 12:17     - 55  9  161  2  -2.10 0.23  0.0    6 20.1  5.0        45
  SEQ ---DATE--- TIME REMARK -LAT-  --LON-  DEPTH  RMS PMAG  NUM  ERH  ERZ  ID
   46 2021- 7-29 12:18     # 55 21  161 53  -3.06 0.97  0.0    9  3.2 27.6        46
   47 2021- 7-29 12:24     # 55 20  161 30   6.10 0.03  0.0    5  2.2  6.7        47
   48 2021- 7-29 12:28     # 55 20  161 46  -3.18 1.47  0.0    8  8.5 14.6        48
   49 2021- 7-29 12:32     - 55 17  161 57  -0.93 0.32  0.0    5  1.5 25.1        49
   50 2021- 7-29 12:43       55 20  161 22  16.61 0.12  0.0    9  2.2  4.7        50
   51 2021- 7-29 12:52     - 55 25  162  2  -0.98 0.17  0.0    5  0.8 18.7        51
   52 2021- 7-29 13:03     - 55 27  162 15  -1.01 0.21  0.0    4  1.8 21.3        52
   53 2021- 7-29 13:15     # 55 23  161 53  -3.17 1.24  0.0   12  4.3 17.7        53
   54 2021- 7-29 13:18     # 55 25  161 35  -3.17 1.12  0.0    8 15.1 29.0        54
   55 2021- 7-29 13:31     # 55 21  161 47  -3.18 1.25  0.0    8  5.7  9.9        55
   56 2021- 7-29 13:48     - 55 14  160  7  16.94 0.14  0.0   10 13.8 15.4        56
   57 2021- 7-29 14:02     - 55 10  159 35  -1.00 0.21  0.0   10 20.2 21.4        57
   58 2021- 7-29 14:08     - 55 25  161 60  -0.97 0.18  0.0    5  0.6 19.5        58
   59 2021- 7-29 14:16     # 55 25  161 47  -3.17 1.59  0.0    6 13.8 24.7        59
   60 2021- 7-29 14:20     - 55 14  160 23  -0.99 0.26  0.0    6 20.3 23.3        60
  SEQ ---DATE--- TIME REMARK -LAT-  --LON-  DEPTH  RMS PMAG  NUM  ERH  ERZ  ID
   61 2021- 7-29 14:48     - 55 27  162 20  -1.02 0.26  0.0    5  2.3 24.8        61
   62 2021- 7-29 14:50     # 55 23  161 53  -3.17 0.92  0.0    9  3.7 15.8        62
   63 2021- 7-29 14:53     # 55 27  161 25  -2.93 1.33  0.0   10  6.4 70.6        63
   64 2021- 7-29 14:57     - 55 20  161 60  -0.90 0.17  0.0    4  1.4 18.7        64
   65 2021- 7-29 14:58     - 55 29  161 11  16.31 0.26  0.0    9  2.8 21.8        65
   66 2021- 7-29 15:11     - 55 21  162 22  -1.11 1.50  0.0    9  6.3 99.0        66
   67 2021- 7-29 15:13     - 55  9  160 48  15.05 0.22  0.0   10 18.1  4.2        67
   68 2021- 7-29 15:30     - 55 15  161 30  -0.97 0.36  0.0    7  3.1 31.7        68
   69 2021- 7-29 16:00     # 55 16  161 53  -3.13 0.94  0.0    8  4.2 21.0        69
   70 2021- 7-29 16:08     - 55 17  160 57  24.74 0.21  0.0   12  6.1 20.6        70
   71 2021- 7-29 16:09     - 55 13  160 48  18.09 0.15  0.0   11  6.1 16.5        71
   72 2021- 7-29 16:38     - 55 16  160 55  51.39 0.13  0.0    8 13.5  5.2        72
   73 2021- 7-29 17:00     - 55 13  159 46  -1.00 0.17  0.0   11 16.9 18.6        73
   74 2021- 7-29 17:04     - 55 15  162 29  -1.73 0.03  0.0    4  1.7 12.7        74
   75 2021- 7-29 17:08     - 55 21  161 55  -0.96 0.02  0.0    4  0.8 12.6        75
  SEQ ---DATE--- TIME REMARK -LAT-  --LON-  DEPTH  RMS PMAG  NUM  ERH  ERZ  ID
   76 2021- 7-29 17:23     # 55 20  161 47  -3.17 1.29  0.0    9  4.8 14.1        76
   77 2021- 7-29 17:28     - 55 29  161 47  -0.40 0.14  0.0    4  4.3 17.0        77
   78 2021- 7-29 17:33     - 55 25  162  3  -1.08 0.59  0.0    7  2.8 50.5        78
   79 2021- 7-29 17:34     - 55 52  161 54  19.32 0.26  0.0    7  9.1 23.0        79
   80 2021- 7-29 17:52     - 55 17  161 50  -0.72 0.66  0.0    7  3.5 47.8        80
   81 2021- 7-29 18:14       55 14  161 37  10.39 0.17  0.0    7  2.8  5.9        81
   82 2021- 7-29 18:17     - 55  6  161 19   1.37 0.10  0.0    5  5.1 13.8        82
   83 2021- 7-29 18:38     # 55 21  161 57  -3.13 1.37  0.0   12  3.1 18.2        83
   84 2021- 7-29 18:46     - 55 17  161 53  -0.89 0.23  0.0    6  1.2 21.1        84
   85 2021- 7-29 18:53     # 54 49  161 59  -2.06 0.16  0.0    6  4.3  7.9        85
   86 2021- 7-29 19:12     # 55 22  161 52  -3.13 1.16  0.0    9  3.0 11.8        86
   87 2021- 7-29 19:30     # 55 25  161 44  -3.18 1.02  0.0    8 11.0 15.7        87
   88 2021- 7-29 19:53     # 55 25  161 39  -3.18 1.60  0.0    9 12.3 17.2        88
   89 2021- 7-29 20:21     - 55 15  162  4  -0.86 0.65  0.0    6  3.5 52.7        89
   90 2021- 7-29 20:23     # 55 21  161 52  -3.17 0.77  0.0   10  2.4  4.2        90
  SEQ ---DATE--- TIME REMARK -LAT-  --LON-  DEPTH  RMS PMAG  NUM  ERH  ERZ  ID
   91 2021- 7-29 20:25       55 15  161  2  30.83 0.12  0.0    9  3.5  5.3        91
   92 2021- 7-29 20:31     # 55 17  161 50  -3.17 0.81  0.0    8  3.7 14.9        92
   93 2021- 7-29 20:33     # 55 26  161 45  -3.17 1.45  0.0   11 14.4 17.8        93
   94 2021- 7-29 20:42     - 55 13  161 56  -1.04 0.09  0.0    4  1.1 14.7        94
   95 2021- 7-29 21:00     - 55 15  161 35  -0.41 0.12  0.0    6  4.5 15.6        95
   96 2021- 7-29 21:08     - 55 15  161  8  25.64 0.04  0.0    4 12.0  6.4        96
   97 2021- 7-29 21:18     # 55 22  161 48  -3.18 1.29  0.0   10  3.2  6.0        97
   98 2021- 7-29 21:39       55 15  161  8  26.38 0.14  0.0   10  3.0  4.8        98
   99 2021- 7-29 22:02     # 55 18  161 54  -3.17 0.46  0.0    6  6.4 18.1        99
  100 2021- 7-29 22:19     # 55 24  161 49  -3.17 1.67  0.0   10  4.9 14.7       100
  101 2021- 7-29 22:56     # 55 25  161 44  -3.18 1.52  0.0   12 13.3  7.9       101
  102 2021- 7-29 23:38     # 55 19  161 57  -3.13 0.91  0.0    9  2.7 16.9       102
