 HYPOINVERSE 2000 STARTING
6/2014 VERSION 1.40 (geoid depth possible)                            
 COMMAND?     33 STATIONS READ IN.
  FIND INPUT PHASE FILE TYPE & SET PHS(COP) & ARC(CAR) FORMATS
  INPUT IS A HYPOINVERSE ARCHIVE-2000 FILE, NO SHADOWS
  SETTING FORMATS COP 3, CAR 1
  SEQ ---DATE--- TIME REMARK -LAT-  --LON-  DEPTH  RMS PMAG  NUM  ERH  ERZ  ID
    1 2021- 7-29  7:59     - 55 27  162 21  10.06 0.31  0.0    7  2.0 28.3         1
    2 2021- 7-29  8:03       55 23  161 43  67.66 0.29  0.0   10  3.9  3.4         2
    3 2021- 7-29  8:09     - 55  4  161  9  14.02 0.06  0.0    5  5.6 12.0         3
    4 2021- 7-29  8:13     - 55 15  161 25  27.85 0.02  0.0    4 11.0  4.7         4
    5 2021- 7-29  8:16     - 55 13  160 57  20.21 0.15  0.0    9 14.0 17.6         5
    6 2021- 7-29  8:17       55 20  161 58  11.64 0.00  0.0    4  2.8  4.6         6
    7 2021- 7-29  8:26     - 55 15  160 59  27.23 0.14  0.0    6  5.2 13.6         7
    8 2021- 7-29  8:40       55 15  160 39  43.81 0.16  0.0   11  4.4  6.1         8
    9 2021- 7-29  8:55       55  5  161 36  14.49 0.07  0.0    5  2.8  1.5         9
   10 2021- 7-29  8:58     - 55 38  162 14   3.82 0.21  0.0    6  2.1 21.4        10
   11 2021- 7-29  9:08     - 55  7  160 57  20.08 0.19  0.0    9  2.7 20.0        11
   12 2021- 7-29  9:17       55 19  160 59  35.60 0.27  0.0   11  3.1  6.6        12
   13 2021- 7-29  9:23       55 17  160 55  40.70 0.23  0.0   12  3.7  5.4        13
   14 2021- 7-29  9:26     - 55 20  160 44  12.88 0.20  0.0    7 17.1 10.0        14
   15 2021- 7-29  9:28     - 55 13  160 27  36.29 0.17  0.0   10 18.0 13.8        15
  SEQ ---DATE--- TIME REMARK -LAT-  --LON-  DEPTH  RMS PMAG  NUM  ERH  ERZ  ID
   16 2021- 7-29  9:36       55  5  161 46  13.01 0.08  0.0    6  2.8  1.6        16
   17 2021- 7-29  9:38     - 54 59  161 26   7.24 0.11  0.0    6  5.2 12.7        17
   18 2021- 7-29  9:43     - 55  5  161 30  10.01 0.10  0.0    7  1.4 14.8        18
   19 2021- 7-29  9:45     - 55 18  161  8  13.25 0.09  0.0    7  6.7 12.8        19
   20 2021- 7-29  9:52     - 55 15  161  4  19.08 0.22  0.0   11  7.7 20.0        20
   21 2021- 7-29  9:54       55 19  160 60  44.35 0.10  0.0   13  2.0  2.9        21
   22 2021- 7-29  9:59     - 55 15  160 57  72.57 0.12  0.0    7 13.5  7.1        22
   23 2021- 7-29 10:02       55  6  161 25  18.75 0.10  0.0    7  1.6  1.6        23
   24 2021- 7-29 10:05     - 55 15  161 42  33.56 0.19  0.0    4 11.1 14.8        24
   25 2021- 7-29 10:06     - 55 18  161 40   9.31 0.07  0.0    4  9.9  7.2        25
   26 2021- 7-29 10:13     - 55 17  161  1  11.27 0.17  0.0    5  5.0 17.7        26
   27 2021- 7-29 10:16       55 11  161 32  13.65 0.26  0.0    7 11.0  1.5        27
   28 2021- 7-29 10:17     - 55 13  161 23  14.96 0.20  0.0   11  2.4 20.5        28
   29 2021- 7-29 10:20     - 55 21  161 42  27.93 0.14  0.0    4  8.9 12.7        29
   30 2021- 7-29 10:22       55 26  161 46  17.49 0.12  0.0    5  3.6  1.5        30
  SEQ ---DATE--- TIME REMARK -LAT-  --LON-  DEPTH  RMS PMAG  NUM  ERH  ERZ  ID
   31 2021- 7-29 10:24     - 55  9  160 23  10.00 0.14  0.0    8 10.8 12.2        31
   32 2021- 7-29 10:27     - 55 15  161 15  29.27 0.21  0.0    9 15.6  5.7        32
   33 2021- 7-29 10:38     - 55 13  160 44  16.43 0.18  0.0   10  6.4 17.6        33
   34 2021- 7-29 10:42     - 55 18  161 25  19.93 0.13  0.0    6 12.7  3.5        34
   35 2021- 7-29 10:50     - 54 40  161  1   9.46 0.37  0.0   10 17.6 20.4        35
   36 2021- 7-29 10:54     - 55 20  161 14  21.22 0.15  0.0    6  3.3 15.9        36
   37 2021- 7-29 10:59     - 55 35  161 15   9.98 0.13  0.0    8  1.4 16.6        37
   38 2021- 7-29 11:05       55 11  161 36  18.34 0.35  0.0    9  7.8  4.3        38
   39 2021- 7-29 11:09     - 55 13  160 45  16.18 0.12  0.0   10 13.8 16.0        39
 *** DISTANCE & RESIDUAL WEIGHTING CANCELLED FOR EVENT: 2021  7 29 11 17
   40 2021- 7-29 11:17     - 55 15  161 29  10.00 0.81  0.0    6 45.8 30.1        40
   41 2021- 7-29 11:24     - 55  6  163 27  16.09 0.57  0.0    7 19.3 34.4        41
   42 2021- 7-29 11:29     - 55 13  160 52  26.71 0.23  0.0   11 16.6 14.4        42
   43 2021- 7-29 11:41     - 55 13  160 14  20.70 0.16  0.0   10 15.3 18.4        43
   44 2021- 7-29 11:48     - 55 15  161  3  30.43 0.25  0.0    9 19.2  8.6        44
   45 2021- 7-29 12:17     - 55 16  161 15  12.46 0.09  0.0    6 13.6  2.8        45
  SEQ ---DATE--- TIME REMARK -LAT-  --LON-  DEPTH  RMS PMAG  NUM  ERH  ERZ  ID
   46 2021- 7-29 12:18     - 55 15  161 15  34.12 0.18  0.0    7 13.4  4.1        46
   47 2021- 7-29 12:24       55 24  161 34  15.11 0.02  0.0    5  2.5  1.2        47
   48 2021- 7-29 12:28     - 55  5  160 21  10.00 0.32  0.0    9 18.4 21.8        48
   49 2021- 7-29 12:32     - 55 17  160 60  32.49 0.22  0.0    8 19.9  9.5        49
   50 2021- 7-29 12:43       55 16  161 22  19.88 0.21  0.0   12  2.7  5.9        50
   51 2021- 7-29 12:52     - 55 24  161 39  33.89 0.10  0.0    7  9.1  7.7        51
   52 2021- 7-29 13:03     - 55 27  162 14  10.09 0.14  0.0    5  1.3 17.0        52
   53 2021- 7-29 13:15       55 15  161 15  31.31 0.24  0.0   10  7.3  5.1        53
   54 2021- 7-29 13:18     - 55 18  160 42  28.21 0.15  0.0   10 15.8 13.8        54
   55 2021- 7-29 13:30     # 55 14  160 56  17.01 0.22  0.0   11  3.4  2.2        55
   56 2021- 7-29 13:48     - 55 15  160 40   7.45 0.34  0.0   11 18.3 20.4        56
   57 2021- 7-29 14:02     - 55 10  159 45  10.00 0.22  0.0    9 20.5 22.2        57
   58 2021- 7-29 14:08       55 23  161 42  29.53 0.04  0.0    6  5.8  4.9        58
   59 2021- 7-29 14:16     - 55 14  160 59  11.57 0.10  0.0    7  7.2 10.3        59
   60 2021- 7-29 14:20     - 55 12  159 57  10.01 0.20  0.0    5 19.2 20.6        60
  SEQ ---DATE--- TIME REMARK -LAT-  --LON-  DEPTH  RMS PMAG  NUM  ERH  ERZ  ID
   61 2021- 7-29 14:48       55 27  162 11  30.53 0.04  0.0    5  2.7  6.5        61
   62 2021- 7-29 14:49     - 55 13  161  6  23.97 0.11  0.0    9 12.2  3.5        62
   63 2021- 7-29 14:53       55 13  161  3  18.03 0.15  0.0   10  1.9  2.2        63
   64 2021- 7-29 14:57     - 55 19  161 49  15.76 0.08  0.0    4 11.9  5.9        64
   65 2021- 7-29 14:58     - 55 27  161 13  14.88 0.42  0.0    9  4.9 37.3        65
   66 2021- 7-29 15:11     - 54 35  161 18  19.97 0.12  0.0   12  1.1 16.0        66
   67 2021- 7-29 15:13     - 55  7  160 36   6.24 0.20  0.0   10 13.8 13.6        67
   68 2021- 7-29 15:30     - 55 13  161 27  10.00 0.27  0.0    8  2.6 25.4        68
   69 2021- 7-29 16:00     - 55  5  161  6  20.48 0.32  0.0    9 21.8 28.5        69
   70 2021- 7-29 16:08     - 55 15  160 56  25.17 0.22  0.0   12  3.3 21.4        70
   71 2021- 7-29 16:09     - 55 14  160 49  17.43 0.15  0.0   11  6.1 16.3        71
   72 2021- 7-29 16:38     - 55 16  161  4  51.96 0.16  0.0    8 13.9  5.0        72
   73 2021- 7-29 17:00     - 55 14  160 49  27.10 0.19  0.0   10 15.0 12.5        73
   74 2021- 7-29 17:04     - 55 15  161 56  52.90 0.02  0.0    5  9.6  3.2        74
   75 2021- 7-29 17:08     - 55 22  161 29  22.44 0.06  0.0    5 12.6  3.1        75
  SEQ ---DATE--- TIME REMARK -LAT-  --LON-  DEPTH  RMS PMAG  NUM  ERH  ERZ  ID
   76 2021- 7-29 17:23       55 13  161 24  12.64 0.14  0.0   10  3.8  1.3        76
   77 2021- 7-29 17:28     - 55 30  161 36  -0.93 0.43  0.0    5 10.1 35.9        77
   78 2021- 7-29 17:33       55 12  161  4  23.95 0.14  0.0    6  4.5  2.4        78
   79 2021- 7-29 17:34     - 55 30  161 28  23.09 0.29  0.0    5 25.3  8.4        79
   80 2021- 7-29 17:52     - 55 16  160 43  48.28 0.14  0.0    9 13.9  5.1        80
   81 2021- 7-29 18:14       55 14  161 37  10.48 0.19  0.0    7  2.7  5.5        81
   82 2021- 7-29 18:17       55  8  161 14  10.86 0.12  0.0    6  2.7  3.0        82
   83 2021- 7-29 18:38     - 55 10  160 58   9.78 0.33  0.0   10 18.1 10.6        83
   84 2021- 7-29 18:46       55 19  160 49  36.75 0.12  0.0    9  2.7  5.5        84
   85 2021- 7-29 18:53       54 45  161 58   8.34 0.11  0.0    6  5.4  1.4        85
   86 2021- 7-29 19:12       55 17  161 19  22.79 0.18  0.0   10  2.7  4.8        86
   87 2021- 7-29 19:30       55 25  161  9  30.40 0.05  0.0    6  2.9  6.0        87
   88 2021- 7-29 19:53     - 55 15  160 12  10.37 0.14  0.0   10 12.1 11.6        88
   89 2021- 7-29 20:21     - 55 22  160 54  67.95 0.24  0.0    9 17.9  8.9        89
   90 2021- 7-29 20:23       55 17  161 40  13.84 0.15  0.0    8  3.2  1.6        90
  SEQ ---DATE--- TIME REMARK -LAT-  --LON-  DEPTH  RMS PMAG  NUM  ERH  ERZ  ID
   91 2021- 7-29 20:25       55 15  161  2  31.18 0.14  0.0    9  3.7  5.7        91
   92 2021- 7-29 20:31       55 15  161 16  11.25 0.12  0.0    8  9.8  3.1        92
   93 2021- 7-29 20:33     - 55 12  160 48  17.38 0.14  0.0   12  5.8 15.3        93
   94 2021- 7-29 20:42       55  9  161 49  16.35 0.09  0.0    5  5.2  3.7        94
   95 2021- 7-29 21:00       55 12  161 17  12.91 0.12  0.0    8  2.9  0.9        95
   96 2021- 7-29 21:08     - 55 22  160 45  27.28 0.16  0.0    5  5.7 16.1        96
   97 2021- 7-29 21:18     - 55 11  160 17  10.16 0.19  0.0   10 12.7 14.8        97
   98 2021- 7-29 21:39     - 55 15  161  8  20.06 0.16  0.0   10  3.4 17.8        98
   99 2021- 7-29 22:02     - 55 16  161  5  13.09 0.08  0.0    7  7.8  8.5        99
  100 2021- 7-29 22:18     - 55 12  160 42  29.77 0.14  0.0   10  5.1 12.1       100
  101 2021- 7-29 22:56       55 15  160 33  22.01 0.13  0.0   11  2.8  1.7       101
  102 2021- 7-29 23:38       55 14  160 49  28.85 0.09  0.0   12  2.5  8.0       102
