 HYPOINVERSE 2000 STARTING
6/2014 VERSION 1.40 (geoid depth possible)                            
 COMMAND?     33 STATIONS READ IN.
  FIND INPUT PHASE FILE TYPE & SET PHS(COP) & ARC(CAR) FORMATS
  INPUT IS A HYPOINVERSE ARCHIVE-2000 FILE, NO SHADOWS
  SETTING FORMATS COP 3, CAR 1
  SEQ ---DATE--- TIME REMARK -LAT-  --LON-  DEPTH  RMS PMAG  NUM  ERH  ERZ  ID
    1 2021- 7-29  7:59     - 55 27  162 21   3.09 0.35  0.0    7  2.3 31.6         1
    2 2021- 7-29  8:03       55 16  161 41  46.29 0.18  0.0    9  3.2  6.1         2
    3 2021- 7-29  8:09     - 55  4  161  9  14.05 0.06  0.0    5  5.6 12.0         3
    4 2021- 7-29  8:13     - 55 16  161 13  20.21 0.10  0.0    5 10.9 13.5         4
    5 2021- 7-29  8:16     - 55 12  161 15  13.67 0.19  0.0    9  6.4 15.6         5
    6 2021- 7-29  8:17       55 20  161 58  11.67 0.00  0.0    4  2.8  4.6         6
    7 2021- 7-29  8:26     - 55 17  161 39  18.44 0.02  0.0    4 11.2  4.6         7
    8 2021- 7-29  8:40       55 15  160 39  43.45 0.16  0.0   11  4.4  6.1         8
    9 2021- 7-29  8:55     - 55  3  161 33  10.20 0.13  0.0    5  3.0 12.1         9
   10 2021- 7-29  8:58     - 55 37  162 15  -1.91 0.23  0.0    6  2.1 22.9        10
   11 2021- 7-29  9:08     - 55  8  160 58  17.75 0.16  0.0    9  6.2 16.5        11
   12 2021- 7-29  9:17       55 19  160 60  35.80 0.27  0.0   11  3.2  6.6        12
   13 2021- 7-29  9:23       55 17  160 55  40.85 0.23  0.0   12  3.7  5.4        13
   14 2021- 7-29  9:26     - 55 21  160 38  14.52 0.20  0.0    7 15.5 13.4        14
   15 2021- 7-29  9:28     - 55 13  160 30  32.87 0.17  0.0   10 18.0 19.0        15
  SEQ ---DATE--- TIME REMARK -LAT-  --LON-  DEPTH  RMS PMAG  NUM  ERH  ERZ  ID
   16 2021- 7-29  9:36       55  5  161 46  12.96 0.08  0.0    6  2.8  1.6        16
   17 2021- 7-29  9:38     - 55  3  161 39   9.75 0.09  0.0    6  6.2 14.5        17
   18 2021- 7-29  9:43     - 55  5  161 29  15.11 0.12  0.0    7  1.7 12.6        18
   19 2021- 7-29  9:45       55 18  161  8  12.31 0.10  0.0    7  2.8  1.6        19
   20 2021- 7-29  9:52     - 55 14  161  6  12.81 0.24  0.0   11  9.4 18.3        20
   21 2021- 7-29  9:54       55 19  160 60  44.22 0.10  0.0   13  2.0  2.9        21
   22 2021- 7-29  9:59     - 55 17  161 23  52.75 0.15  0.0    8 13.6  8.7        22
   23 2021- 7-29 10:02       55  6  161 25  18.64 0.10  0.0    7  1.6  1.6        23
   24 2021- 7-29 10:05     - 55 15  161 49  24.14 0.24  0.0    4 10.6 16.9        24
   25 2021- 7-29 10:06     - 55 18  161 39   8.46 0.07  0.0    4  9.5  8.2        25
   26 2021- 7-29 10:13     - 55 17  161  1  18.28 0.17  0.0    5  5.8 17.5        26
   27 2021- 7-29 10:16     - 55 10  161 25   9.48 0.30  0.0    7 15.1 27.7        27
   28 2021- 7-29 10:17     - 55 20  161 14  15.09 0.27  0.0    8  5.2 25.2        28
   29 2021- 7-29 10:20     - 55 22  161 46  20.34 0.16  0.0    4  9.1 14.9        29
   30 2021- 7-29 10:22       55 26  161 46  17.49 0.12  0.0    5  3.6  1.5        30
  SEQ ---DATE--- TIME REMARK -LAT-  --LON-  DEPTH  RMS PMAG  NUM  ERH  ERZ  ID
   31 2021- 7-29 10:24     - 55  9  160 21   9.51 0.14  0.0    8 12.5 13.9        31
   32 2021- 7-29 10:27       55 12  160 49  38.77 0.19  0.0   10  4.4  7.5        32
   33 2021- 7-29 10:38     # 55 12  160 44  15.17 0.18  0.0   10  5.2  2.2        33
   34 2021- 7-29 10:42     - 55 19  161 26  20.70 0.14  0.0    6 13.1  3.5        34
   35 2021- 7-29 10:50     - 54 40  161  2   8.81 0.37  0.0   10 17.5 20.3        35
   36 2021- 7-29 10:54     - 55 20  161 14  21.03 0.16  0.0    6  3.0 16.3        36
   37 2021- 7-29 10:59     - 55 35  161 15  10.51 0.13  0.0    8  1.4 16.3        37
   38 2021- 7-29 11:05       55 11  161 37  17.56 0.36  0.0    9  7.6  4.3        38
   39 2021- 7-29 11:09     - 55 13  160 42  17.33 0.12  0.0   10  9.9 12.2        39
 *** DISTANCE & RESIDUAL WEIGHTING CANCELLED FOR EVENT: 2021  7 29 11 17
   40 2021- 7-29 11:17     # 55 13  161 29   9.50 0.85  0.0    6 36.1 12.6        40
   41 2021- 7-29 11:24     - 55  6  163 27  15.60 0.58  0.0    7 18.5 45.7        41
   42 2021- 7-29 11:29     - 55 14  160 51  28.28 0.23  0.0   11 18.7 14.0        42
   43 2021- 7-29 11:41     - 55 10  160 25   9.55 0.17  0.0   10 11.8 15.8        43
   44 2021- 7-29 11:48     - 55 16  160 32  44.76 0.20  0.0    8 19.0 11.3        44
   45 2021- 7-29 12:17     - 55 16  161 23  13.77 0.07  0.0    5 10.5  1.4        45
  SEQ ---DATE--- TIME REMARK -LAT-  --LON-  DEPTH  RMS PMAG  NUM  ERH  ERZ  ID
   46 2021- 7-29 12:18       55 16  161 25  26.12 0.14  0.0    7  4.4  2.8        46
   47 2021- 7-29 12:24       55 24  161 34  15.17 0.02  0.0    5  2.5  1.3        47
   48 2021- 7-29 12:28     - 55  4  160 15   9.50 0.33  0.0    9 18.0 23.3        48
   49 2021- 7-29 12:32     - 55 15  161  8  19.85 0.20  0.0    7 18.2 20.8        49
   50 2021- 7-29 12:43     - 55 16  161 19  15.38 0.21  0.0   12  3.6 17.3        50
   51 2021- 7-29 12:52     - 55 22  161 21  47.34 0.11  0.0    7 11.1  6.5        51
   52 2021- 7-29 13:03       55 27  162  7  31.91 0.15  0.0    6  2.3  7.6        52
   53 2021- 7-29 13:15       55 15  161 13  26.21 0.15  0.0   10  4.4  4.4        53
   54 2021- 7-29 13:18     - 55 16  160 32   8.01 0.15  0.0   10 12.1 11.5        54
   55 2021- 7-29 13:30     - 55 12  160 43  -0.64 0.21  0.0    9 15.8 12.0        55
   56 2021- 7-29 13:48     - 55 14  160 46  40.29 0.12  0.0   10 13.6  6.5        56
   57 2021- 7-29 14:02     - 55 10  159 45   9.50 0.22  0.0    9 20.5 22.1        57
   58 2021- 7-29 14:08       55 23  161 42  29.65 0.04  0.0    6  5.9  4.9        58
   59 2021- 7-29 14:16     - 55 14  160 58  13.24 0.10  0.0    7  7.1 10.1        59
   60 2021- 7-29 14:20     - 55 12  159 58   9.51 0.20  0.0    5 19.6 20.6        60
  SEQ ---DATE--- TIME REMARK -LAT-  --LON-  DEPTH  RMS PMAG  NUM  ERH  ERZ  ID
   61 2021- 7-29 14:48       55 27  162 12  30.19 0.04  0.0    5  2.7  6.5        61
   62 2021- 7-29 14:49     - 55 14  161 12  24.61 0.10  0.0    9 10.7  1.8        62
   63 2021- 7-29 14:53       55 13  161  4  18.18 0.16  0.0   10  2.1  1.0        63
   64 2021- 7-29 14:57     - 55 20  161 55  10.66 0.12  0.0    4 10.3 10.7        64
   65 2021- 7-29 14:58     - 55 30  161 10  15.95 0.33  0.0    9  3.5 28.2        65
   66 2021- 7-29 15:11       54 36  161 20  13.50 0.11  0.0   13  1.7  3.1        66
   67 2021- 7-29 15:13     - 55  7  160 32   9.50 0.21  0.0   10 18.6 21.2        67
   68 2021- 7-29 15:30       55 13  161 22  19.21 0.18  0.0    8  4.0  1.7        68
   69 2021- 7-29 16:00     # 55  7  161  9  24.16 0.31  0.0    9 20.0  4.1        69
   70 2021- 7-29 16:08       55 15  160 59  11.40 0.24  0.0   12  3.9  2.7        70
   71 2021- 7-29 16:09       55 14  160 49  36.05 0.16  0.0   11  2.9  7.8        71
   72 2021- 7-29 16:38     - 55 15  160 49  57.88 0.14  0.0    8 13.9  5.3        72
   73 2021- 7-29 17:00     - 55 14  160  9  20.67 0.22  0.0   11 18.7 21.9        73
   74 2021- 7-29 17:04       55 13  161 19  32.40 0.12  0.0    5  3.8  6.1        74
   75 2021- 7-29 17:08     - 55 22  161 24  23.66 0.07  0.0    5 13.3  2.7        75
  SEQ ---DATE--- TIME REMARK -LAT-  --LON-  DEPTH  RMS PMAG  NUM  ERH  ERZ  ID
   76 2021- 7-29 17:23       55 13  161 24  12.67 0.14  0.0   10  3.9  1.3        76
   77 2021- 7-29 17:28     - 55 29  161 47   1.08 0.14  0.0    4  4.6 13.8        77
   78 2021- 7-29 17:33     - 55 13  161 19  22.08 0.14  0.0    5 14.9  7.7        78
   79 2021- 7-29 17:34     - 55 30  161 38  18.53 0.28  0.0    5 21.7 13.5        79
   80 2021- 7-29 17:52       55 16  160 45  46.06 0.15  0.0   10  5.8  4.5        80
   81 2021- 7-29 18:14       55 13  161 37  13.25 0.18  0.0    7  2.7  3.9        81
   82 2021- 7-29 18:17       55  7  161 17   6.61 0.16  0.0    6  2.9  2.9        82
   83 2021- 7-29 18:38     - 55 12  161  6  13.95 0.28  0.0   11 11.2 21.2        83
   84 2021- 7-29 18:46     - 55 14  160 52  27.67 0.06  0.0    7  3.7  9.8        84
   85 2021- 7-29 18:53       54 45  161 57   8.32 0.11  0.0    6  5.4  1.4        85
   86 2021- 7-29 19:12     # 55 15  161 19  14.02 0.15  0.0   10  2.1  1.8        86
   87 2021- 7-29 19:30       55 24  161  6  32.28 0.26  0.0    7  6.0 12.5        87
   88 2021- 7-29 19:53     - 55 15  160 10   9.85 0.14  0.0   10 12.0 11.6        88
   89 2021- 7-29 20:21     - 55 19  161  5  43.89 0.22  0.0    8 18.1  8.9        89
   90 2021- 7-29 20:23     - 55  8  160 53  24.92 0.24  0.0   12  2.7 23.5        90
  SEQ ---DATE--- TIME REMARK -LAT-  --LON-  DEPTH  RMS PMAG  NUM  ERH  ERZ  ID
   91 2021- 7-29 20:25     - 55 15  161 25   9.49 0.31  0.0    9 13.0 21.1        91
   92 2021- 7-29 20:31     # 55 15  161 15  11.23 0.12  0.0    8 10.3  3.1        92
   93 2021- 7-29 20:33     # 55 12  160 49  16.23 0.14  0.0   12  2.6  1.8        93
   94 2021- 7-29 20:42     - 55 12  161 55   7.14 0.09  0.0    4  4.9 11.2        94
   95 2021- 7-29 21:00       55 12  161 17  12.11 0.14  0.0    8  3.5  1.2        95
   96 2021- 7-29 21:08     - 55 21  160 46  32.46 0.17  0.0    5  5.8 12.8        96
   97 2021- 7-29 21:18     - 55 11  160 16   9.57 0.19  0.0   10 14.0 16.4        97
   98 2021- 7-29 21:39     - 55 15  161  8  20.06 0.16  0.0   10  3.4 17.8        98
   99 2021- 7-29 22:02       55 16  161  1  17.39 0.06  0.0    7  2.9  1.0        99
  100 2021- 7-29 22:18     - 55 13  160 54  27.65 0.16  0.0    9 15.2 11.4       100
  101 2021- 7-29 22:56     - 55 15  160 32  24.10 0.13  0.0   11  4.5 15.8       101
  102 2021- 7-29 23:38       55 14  160 48  27.51 0.09  0.0   11  2.7 10.0       102
