 HYPOINVERSE 2000 STARTING
6/2014 VERSION 1.40 (geoid depth possible)                            
 COMMAND?     33 STATIONS READ IN.
  FIND INPUT PHASE FILE TYPE & SET PHS(COP) & ARC(CAR) FORMATS
  INPUT IS A HYPOINVERSE ARCHIVE-2000 FILE, NO SHADOWS
  SETTING FORMATS COP 3, CAR 1
  SEQ ---DATE--- TIME REMARK -LAT-  --LON-  DEPTH  RMS PMAG  NUM  ERH  ERZ  ID
    1 2021- 7-29  7:59     - 55 27  162 21  50.27 0.14  0.0    7  2.6 13.3         1
    2 2021- 7-29  8:03       55 25  161 50  54.22 0.18  0.0    8  2.7  4.3         2
    3 2021- 7-29  8:09     - 55  3  161  7   3.84 0.11  0.0    5  6.1 14.2         3
    4 2021- 7-29  8:10     - 55 13  161 16   4.10 0.24  0.0    6  8.9 20.2         4
    5 2021- 7-29  8:13     - 55 17  161 21  27.16 0.11  0.0    5 12.0  5.5         5
    6 2021- 7-29  8:16     - 55 25  161 24  36.20 0.08  0.0    5 11.8  5.1         6
 *** DISTANCE & RESIDUAL WEIGHTING CANCELLED FOR EVENT: 2021  7 29  8 17
    7 2021- 7-29  8:17     - 55 19  162  6   3.75 0.81  0.0    6 34.5 52.7         7
    8 2021- 7-29  8:25     - 55 17  160 37  52.38 0.17  0.0    5 17.4 13.5         8
    9 2021- 7-29  8:40     - 55 15  160 27  50.38 0.15  0.0   10 15.3  7.9         9
   10 2021- 7-29  8:55     # 55 26  161 34  26.94 0.33  0.0    4 19.3  6.3        10
   11 2021- 7-29  8:58     # 55 36  162 18   0.02 0.50  0.0    6  3.8  7.7        11
   12 2021- 7-29  9:08     - 55  7  160 60   2.24 0.27  0.0   10 10.0 22.4        12
   13 2021- 7-29  9:17     # 55 28  161  7  40.00 0.36  0.0   11  4.6  7.2        13
   14 2021- 7-29  9:23       55 17  160 55  45.25 0.21  0.0   13  3.2  4.2        14
   15 2021- 7-29  9:26     - 55 20  160 28   4.01 0.35  0.0    7 29.6 30.9        15
  SEQ ---DATE--- TIME REMARK -LAT-  --LON-  DEPTH  RMS PMAG  NUM  ERH  ERZ  ID
   16 2021- 7-29  9:28     - 55 17  160 56   1.66 0.19  0.0    7 16.5 20.3        16
   17 2021- 7-29  9:36       55  5  161 47  11.69 0.07  0.0    6  2.2  1.5        17
   18 2021- 7-29  9:38     - 55  2  161 37   3.94 0.08  0.0    6  6.6 14.1        18
   19 2021- 7-29  9:43     - 55  3  161 26   6.58 0.14  0.0    7  1.5 17.3        19
   20 2021- 7-29  9:45     - 55 16  161  4   3.67 0.11  0.0    7  6.6 13.8        20
   21 2021- 7-29  9:52     - 55 16  161 12   4.16 0.20  0.0   11  7.0 16.3        21
   22 2021- 7-29  9:54       55 19  160 57  49.70 0.10  0.0   12  1.9  2.8        22
   23 2021- 7-29  9:59     - 55  9  160 55   4.01 0.21  0.0    7 17.9 21.5        23
   24 2021- 7-29 10:02       55  5  161 23  22.02 0.10  0.0    7  1.6  4.0        24
   25 2021- 7-29 10:05       55 21  161 47  16.31 0.05  0.0    5  1.3  0.9        25
   26 2021- 7-29 10:06     - 55 17  161 36  16.30 0.14  0.0    4  7.5 14.8        26
 *** DISTANCE & RESIDUAL WEIGHTING CANCELLED FOR EVENT: 2021  7 29 10  8
   27 2021- 7-29 10:08     # 55 33  161 54   4.00 1.22  0.0    7 20.2 12.8        27
   28 2021- 7-29 10:13     - 55 16  160 55   1.53 0.17  0.0    5  6.8 17.0        28
   29 2021- 7-29 10:16     - 55  9  161 22   5.71 0.26  0.0    7 16.6 24.9        29
   30 2021- 7-29 10:16     - 55  8  160 47   4.00 0.15  0.0    5 15.5 17.4        30
  SEQ ---DATE--- TIME REMARK -LAT-  --LON-  DEPTH  RMS PMAG  NUM  ERH  ERZ  ID
   31 2021- 7-29 10:17     - 55 13  161 22   8.03 0.22  0.0   10  2.7 19.7        31
   32 2021- 7-29 10:20     - 55 22  161 48  19.20 0.14  0.0    4  6.5 13.8        32
   33 2021- 7-29 10:20     - 54 51  160 41   4.01 0.10  0.0    5 11.2 14.6        33
   34 2021- 7-29 10:22       55 26  161 44  19.26 0.13  0.0    6  3.0  1.3        34
   35 2021- 7-29 10:24     - 55  9  160 48   3.59 0.27  0.0   12  9.4 21.0        35
   36 2021- 7-29 10:27     - 55 12  160 45   3.16 0.33  0.0   10 12.6 26.7        36
   37 2021- 7-29 10:38     - 55  8  160 44   2.04 0.35  0.0   11 12.2 28.2        37
   38 2021- 7-29 10:42       55 16  161 15  18.65 0.10  0.0    6  4.4  4.9        38
   39 2021- 7-29 10:50     - 54 41  161  1   0.04 0.46  0.0   10 14.7 32.1        39
   40 2021- 7-29 10:50     - 55 39  162 16   3.85 0.10  0.0    5  8.0 11.1        40
   41 2021- 7-29 10:54     - 55 20  161 10   4.99 0.17  0.0    6  7.0 17.3        41
   42 2021- 7-29 10:59     - 55 35  161 11   4.90 0.13  0.0    8  6.2 14.1        42
   43 2021- 7-29 11:05       55  6  161 24  27.98 0.10  0.0    8  2.8  3.1        43
 *** DISTANCE & RESIDUAL WEIGHTING CANCELLED FOR EVENT: 2021  7 29 11  5
   44 2021- 7-29 11:05     # 55 23  161 24  27.36 0.40  0.0    7  9.3 10.8        44
   45 2021- 7-29 11:09     - 55 14  160 50  32.62 0.14  0.0    9 14.9 17.1        45
  SEQ ---DATE--- TIME REMARK -LAT-  --LON-  DEPTH  RMS PMAG  NUM  ERH  ERZ  ID
   46 2021- 7-29 11:17     - 55 16  161 46  18.48 0.02  0.0    4  7.2  8.7        46
   47 2021- 7-29 11:23     - 54 43  163 30   4.01 0.18  0.0    6  8.1 17.8        47
   48 2021- 7-29 11:29     - 55 16  160 41  49.20 0.22  0.0   11 18.4  8.4        48
   49 2021- 7-29 11:41     - 55 11  160 48   3.96 0.35  0.0   12 12.4 27.9        49
   50 2021- 7-29 11:42     - 55 19  160 46   2.75 0.16  0.0    5  7.7 16.6        50
   51 2021- 7-29 11:48       55 17  161 37  20.97 0.10  0.0    7  2.9  1.6        51
   52 2021- 7-29 12:17     - 55 21  160 51  30.96 0.19  0.0    6 19.2  2.6        52
   53 2021- 7-29 12:18       55 16  161 27  28.45 0.13  0.0    7  3.9  2.7        53
   54 2021- 7-29 12:24       55 29  161 37  16.84 0.01  0.0    5  2.3  1.6        54
   55 2021- 7-29 12:28     - 55  4  160 59   5.93 0.41  0.0    9 13.6 30.7        55
   56 2021- 7-29 12:32     - 55 12  161  4   4.00 0.24  0.0    7 20.8 23.2        56
   57 2021- 7-29 12:43     - 55 16  161 20   6.80 0.22  0.0   11  2.6 22.0        57
   58 2021- 7-29 12:52     - 55  8  161 13   4.11 0.11  0.0    9  4.7 11.6        58
   59 2021- 7-29 12:52     # 55 15  161 30   4.35 0.73  0.0    6 10.3  3.1        59
   60 2021- 7-29 13:03       55 27  162  6  36.71 0.13  0.0    6  2.3  7.0        60
  SEQ ---DATE--- TIME REMARK -LAT-  --LON-  DEPTH  RMS PMAG  NUM  ERH  ERZ  ID
   61 2021- 7-29 13:13     - 55 22  162  3  16.52 0.10  0.0    4  6.1 12.5        61
   62 2021- 7-29 13:15     # 55 15  161 13  33.00 0.16  0.0   10  5.6  2.9        62
   63 2021- 7-29 13:18     - 55 18  160 52   4.29 0.28  0.0   10 10.3 23.2        63
   64 2021- 7-29 13:30     - 55 10  160 56   3.00 0.25  0.0   11  9.4 20.7        64
   65 2021- 7-29 13:48     - 55 13  160 60   3.98 0.42  0.0   13 14.0 30.8        65
   66 2021- 7-29 14:02     - 55  6  160 38   3.99 0.56  0.0    9 39.1 47.7        66
   67 2021- 7-29 14:08     # 55 15  161 28   0.13 0.27  0.0    6  5.9  9.3        67
   68 2021- 7-29 14:16     - 54 59  161 52   6.93 0.12  0.0    5  3.7 13.5        68
   69 2021- 7-29 14:16     - 55 10  160 58   3.17 0.09  0.0    6  6.0 13.0        69
   70 2021- 7-29 14:20     - 54 54  160  3   5.12 0.23  0.0    6 18.8 13.3        70
   71 2021- 7-29 14:48     - 55 25  162 14   6.84 0.18  0.0    5  2.1 19.0        71
   72 2021- 7-29 14:49       55 17  161 25  24.63 0.10  0.0    9  3.2  4.9        72
   73 2021- 7-29 14:50     - 55 14  160 45   4.00 0.22  0.0    5 19.6 20.9        73
   74 2021- 7-29 14:53     - 55 13  160 59   4.28 0.22  0.0   10  8.6 19.4        74
   75 2021- 7-29 14:57     - 55 20  161 54  11.23 0.08  0.0    4  9.2  9.0        75
  SEQ ---DATE--- TIME REMARK -LAT-  --LON-  DEPTH  RMS PMAG  NUM  ERH  ERZ  ID
   76 2021- 7-29 14:58     - 55 30  161  8   5.20 0.35  0.0   10 10.6 23.7        76
   77 2021- 7-29 15:11       54 35  161 17  28.79 0.13  0.0   13  1.2  0.9        77
   78 2021- 7-29 15:13     - 55  5  160 41   4.01 0.28  0.0   10 20.7 26.2        78
   79 2021- 7-29 15:21     - 54 58  160 55   4.00 0.09  0.0    5 12.8 14.5        79
   80 2021- 7-29 15:30     - 55 13  161 22   6.69 0.30  0.0   10  2.9 28.0        80
   81 2021- 7-29 15:30     - 55 10  161 10   8.79 0.37  0.0    6 13.6 30.0        81
   82 2021- 7-29 15:54     - 55 30  162 20   6.99 0.08  0.0    5  1.8 14.3        82
   83 2021- 7-29 16:00     - 54 60  160 52  19.74 0.37  0.0    8 22.6 21.5        83
   84 2021- 7-29 16:08     - 55 15  160 52   2.03 0.30  0.0   11 11.5 24.5        84
   85 2021- 7-29 16:09     - 55 11  160 48   3.94 0.34  0.0   13 12.1 27.1        85
   86 2021- 7-29 16:38     - 55 15  160 21   3.08 0.60  0.0   11 18.0 45.3        86
   87 2021- 7-29 17:00     - 55 19  160 52   4.19 0.49  0.0   10 24.4 42.9        87
   88 2021- 7-29 17:00     - 55  6  160 45   4.02 0.77  0.0    6 53.3 64.3        88
   89 2021- 7-29 17:04       55 15  161 43  14.47 0.01  0.0    4  4.3  6.3        89
   90 2021- 7-29 17:04       55 18  161 29   5.20 0.06  0.0    6  2.3  1.9        90
  SEQ ---DATE--- TIME REMARK -LAT-  --LON-  DEPTH  RMS PMAG  NUM  ERH  ERZ  ID
   91 2021- 7-29 17:08     - 55 22  161 51   8.25 0.01  0.0    4  7.1 10.2        91
   92 2021- 7-29 17:23     - 55 12  161 19   6.63 0.13  0.0   10  3.5 16.7        92
   93 2021- 7-29 17:28     - 55 22  163  1   4.00 0.42  0.0    4 32.4 36.8        93
   94 2021- 7-29 17:33     - 55 14  161 25  24.10 0.13  0.0    5 12.1  7.3        94
   95 2021- 7-29 17:34     - 55 25  161 46   5.26 0.21  0.0    4 14.5 12.0        95
   96 2021- 7-29 17:52     - 55 15  160 35  52.60 0.15  0.0   10 15.0  6.5        96
   97 2021- 7-29 18:14       55 19  161 26  44.74 0.42  0.0    9  6.0  7.4        97
   98 2021- 7-29 18:17       55 25  162  4   3.61 0.00  0.0    4  1.1  2.4        98
   99 2021- 7-29 18:18     - 55  0  161 32   7.73 0.43  0.0    4  5.9 37.8        99
  100 2021- 7-29 18:38       55 13  161  8  32.51 0.19  0.0   12  3.1  0.7       100
  101 2021- 7-29 18:46     - 55 16  161 26  30.25 0.13  0.0    6 11.2  7.1       101
  102 2021- 7-29 18:53     - 54 39  161 55   3.99 0.10  0.0    6  8.9 15.0       102
  103 2021- 7-29 19:12     - 55 16  160 45   3.88 0.17  0.0   10  7.6 16.5       103
  104 2021- 7-29 19:30     - 55 22  161 13   5.63 0.09  0.0    6  5.8 12.9       104
  105 2021- 7-29 19:53     - 55 11  160 35   4.01 0.30  0.0   10 24.3 27.9       105
  SEQ ---DATE--- TIME REMARK -LAT-  --LON-  DEPTH  RMS PMAG  NUM  ERH  ERZ  ID
  106 2021- 7-29 20:21     - 55 19  160 54  55.31 0.24  0.0    9 19.6  8.9       106
  107 2021- 7-29 20:23     - 55  5  160 47  23.73 0.20  0.0   11  4.0 14.7       107
  108 2021- 7-29 20:25     - 55 11  160 45   0.92 0.32  0.0   11 11.6 25.6       108
  109 2021- 7-29 20:31     - 55 16  161  8   3.27 0.16  0.0    9  6.7 15.1       109
  110 2021- 7-29 20:33     - 55 13  160 47   4.01 0.24  0.0   12  9.5 20.9       110
  111 2021- 7-29 20:42       55  7  161 42  21.11 0.04  0.0    6  2.9  2.1       111
  112 2021- 7-29 21:00       55 12  161 14  21.45 0.16  0.0    9  3.3  4.1       112
  113 2021- 7-29 21:08       55 17  160 46  42.94 0.18  0.0    6  6.0  9.7       113
  114 2021- 7-29 21:18       55 14  160 52  31.29 0.21  0.0   11  4.8  1.1       114
  115 2021- 7-29 21:39       55 15  161  8  32.85 0.15  0.0   12  3.3  0.6       115
  116 2021- 7-29 22:02     - 55 16  161 40  18.64 0.05  0.0    6  8.7  3.9       116
  117 2021- 7-29 22:18     - 55 15  160 34  54.42 0.22  0.0   10 18.4  8.5       117
  118 2021- 7-29 22:56     - 55 10  160 32   3.21 0.35  0.0   12 12.5 27.8       118
  119 2021- 7-29 23:38     - 55 14  160 48  33.57 0.10  0.0   12  2.9 14.2       119
