 HYPOINVERSE 2000 STARTING
6/2014 VERSION 1.40 (geoid depth possible)                            
 COMMAND?     33 STATIONS READ IN.
  FIND INPUT PHASE FILE TYPE & SET PHS(COP) & ARC(CAR) FORMATS
  INPUT IS A HYPOINVERSE ARCHIVE-2000 FILE, NO SHADOWS
  SETTING FORMATS COP 3, CAR 1
  SEQ ---DATE--- TIME REMARK -LAT-  --LON-  DEPTH  RMS PMAG  NUM  ERH  ERZ  ID
    1 2021- 7-29  7:59     # 55 24  162 20  65.87 0.21  0.0   10  3.4  4.2         1
    2 2021- 7-29  8:03       55 24  161 47  58.84 0.19  0.0    9  2.5  1.8         2
    3 2021- 7-29  8:09     - 55  5  161 14  19.07 0.07  0.0    5  2.2 10.3         3
    4 2021- 7-29  8:13     - 55 16  161  6  22.47 0.13  0.0    5 14.9  2.0         4
    5 2021- 7-29  8:16     - 55 14  160 55  30.13 0.16  0.0    9 14.3 12.7         5
    6 2021- 7-29  8:17     - 55 19  161 46  50.50 0.10  0.0    5 11.6  1.8         6
    7 2021- 7-29  8:26       55 16  161  4  23.03 0.12  0.0    6  4.6  1.3         7
    8 2021- 7-29  8:40       55 15  160 46  42.79 0.19  0.0   12  5.8  4.2         8
    9 2021- 7-29  8:55       55  3  161 33  13.61 0.09  0.0    5  2.8 10.1         9
   10 2021- 7-29  8:58     - 55 36  162  5  21.17 0.20  0.0    6  9.0 18.7        10
   11 2021- 7-29  9:08       55  9  161  7  34.45 0.18  0.0    8  3.6  8.4        11
   12 2021- 7-29  9:17       55 19  161  8  44.22 0.18  0.0   10  2.3  3.4        12
   13 2021- 7-29  9:23       55 15  161  0  32.58 0.20  0.0   12  3.1  7.6        13
   14 2021- 7-29  9:26     - 55 20  160 43  19.63 0.15  0.0    7 16.5  3.4        14
   15 2021- 7-29  9:28     - 55 14  160 40  37.48 0.13  0.0   10 15.3 10.2        15
  SEQ ---DATE--- TIME REMARK -LAT-  --LON-  DEPTH  RMS PMAG  NUM  ERH  ERZ  ID
   16 2021- 7-29  9:36       55  5  161 45  14.75 0.09  0.0    6  3.2  2.1        16
   17 2021- 7-29  9:38     - 54 60  161 28  19.25 0.10  0.0    6  2.9 11.8        17
   18 2021- 7-29  9:43       55  7  161 34  21.21 0.08  0.0    6  1.8  4.8        18
   19 2021- 7-29  9:45       55 19  161 11  20.94 0.08  0.0    7  3.7  1.9        19
   20 2021- 7-29  9:52       55 16  161 18  20.11 0.22  0.0   12  3.2  6.6        20
   21 2021- 7-29  9:54     - 55 14  161  1  25.19 0.11  0.0   12  2.1 14.0        21
   22 2021- 7-29  9:59     - 55 12  161 10  20.62 0.13  0.0    7 14.7  1.5        22
   23 2021- 7-29 10:02       55  7  161 29  20.14 0.09  0.0    7  1.6  3.6        23
   24 2021- 7-29 10:05     - 55 15  161 39  39.78 0.25  0.0    4 13.6 18.4        24
   25 2021- 7-29 10:06     # 55 20  161 39  14.02 0.46  0.0    6 13.3 15.8        25
   26 2021- 7-29 10:13       55 24  161 48  44.20 0.09  0.0    7  2.7  1.4        26
   27 2021- 7-29 10:16     - 55  6  161 12  13.45 0.28  0.0    7 16.7 24.4        27
   28 2021- 7-29 10:17     - 55 14  161 29  12.46 0.21  0.0   10  2.4 19.5        28
   29 2021- 7-29 10:20     - 55 20  161 35  39.26 0.07  0.0    4  8.2 10.6        29
   30 2021- 7-29 10:22       55 21  161 36  21.63 0.14  0.0    8  2.5  0.9        30
  SEQ ---DATE--- TIME REMARK -LAT-  --LON-  DEPTH  RMS PMAG  NUM  ERH  ERZ  ID
   31 2021- 7-29 10:24     - 55 15  161 13  25.60 0.17  0.0    8 15.5  8.3        31
   32 2021- 7-29 10:27     - 55 14  161 12  34.66 0.16  0.0    9 14.4  5.3        32
   33 2021- 7-29 10:38       55 13  160 51  21.09 0.18  0.0   11  5.2  1.2        33
   34 2021- 7-29 10:42     - 55 19  161 21  23.02 0.14  0.0    6 13.4  2.2        34
   35 2021- 7-29 10:50     - 54 41  161  2  24.56 0.39  0.0   10  4.2 34.8        35
   36 2021- 7-29 10:54       55 21  161 20  17.37 0.16  0.0    7  4.7 10.4        36
   37 2021- 7-29 10:59       55 34  161 20  21.27 0.13  0.0    8  2.8  7.9        37
   38 2021- 7-29 11:05       55  8  161 30  24.11 0.23  0.0    9  5.1  3.3        38
   39 2021- 7-29 11:09     - 55 15  161  1  23.32 0.13  0.0   10 13.0 16.6        39
 *** DISTANCE & RESIDUAL WEIGHTING CANCELLED FOR EVENT: 2021  7 29 11 17
   40 2021- 7-29 11:17     # 55 14  161 27  19.00 0.72  0.0    6 37.4 31.1        40
   41 2021- 7-29 11:24     - 55  5  163 21  27.88 0.59  0.0    7  7.0 48.7        41
   42 2021- 7-29 11:29     - 55 15  161  6  29.89 0.22  0.0   10 16.3  8.1        42
   43 2021- 7-29 11:42       55 14  161  1  34.69 0.14  0.0   11  5.6  6.0        43
   44 2021- 7-29 11:48     - 55 17  160 49  45.01 0.20  0.0    8 17.3  7.6        44
   45 2021- 7-29 12:17     - 55 18  161 10  21.92 0.21  0.0    6 19.4  3.3        45
  SEQ ---DATE--- TIME REMARK -LAT-  --LON-  DEPTH  RMS PMAG  NUM  ERH  ERZ  ID
   46 2021- 7-29 12:18     - 55 15  161 20  30.61 0.17  0.0    7 12.8  4.4        46
   47 2021- 7-29 12:24     - 55 20  161 35   6.93 0.01  0.0    5  1.6 11.4        47
   48 2021- 7-29 12:28     - 55  4  160 41  16.80 0.29  0.0    9 24.3  5.6        48
   49 2021- 7-29 12:32     - 55 18  161 12  27.52 0.19  0.0    7 17.1  6.3        49
   50 2021- 7-29 12:43     - 55 14  160 59  34.24 0.13  0.0   10 13.1  7.3        50
   51 2021- 7-29 12:52     - 55 22  161 23  46.20 0.10  0.0    7 10.5  6.7        51
   52 2021- 7-29 13:03       55 27  162  6  35.68 0.11  0.0    6  2.1  7.1        52
   53 2021- 7-29 13:15       55 15  161 18  27.04 0.15  0.0   10  4.7  3.5        53
   54 2021- 7-29 13:18     - 55 18  161  1  24.30 0.19  0.0   12  4.9 20.0        54
   55 2021- 7-29 13:30     - 55 16  161  0  23.24 0.23  0.0   11  9.9 18.7        55
   56 2021- 7-29 13:48       55 15  161 15  30.97 0.13  0.0   10  3.1  2.9        56
   57 2021- 7-29 14:02     - 55 14  160 30  19.01 0.26  0.0    9 19.7 24.7        57
   58 2021- 7-29 14:08       55 15  161 15  35.42 0.12  0.0    7  5.0  5.8        58
   59 2021- 7-29 14:16       55 15  161  4  21.98 0.10  0.0    7  2.7  1.2        59
   60 2021- 7-29 14:20     - 55 14  160 15  19.01 0.27  0.0    5 23.3 25.5        60
  SEQ ---DATE--- TIME REMARK -LAT-  --LON-  DEPTH  RMS PMAG  NUM  ERH  ERZ  ID
   61 2021- 7-29 14:48       55 27  162 12  29.50 0.03  0.0    5  2.6  6.1        61
   62 2021- 7-29 14:49     - 55 19  161 15  44.95 0.12  0.0    9 11.3  3.8        62
   63 2021- 7-29 14:53       55 15  161  9  23.00 0.13  0.0    9  1.6  0.8        63
   64 2021- 7-29 14:57       55 18  161 38  20.93 0.01  0.0    5  3.3  1.5        64
   65 2021- 7-29 14:58     - 55 26  161 20   7.79 0.27  0.0    8  3.5 24.4        65
   66 2021- 7-29 15:11       54 39  161 23  19.79 0.11  0.0   12  1.0  0.6        66
   67 2021- 7-29 15:13     - 55  9  160 47  18.18 0.20  0.0   10 17.4  3.7        67
   68 2021- 7-29 15:30       55 14  161 28  21.05 0.18  0.0    8  1.9  5.6        68
   69 2021- 7-29 16:00     - 55  6  160 46 103.51 0.33  0.0    8 22.5 18.1        69
   70 2021- 7-29 16:08     - 55 15  161  1  25.63 0.19  0.0   12  2.9 15.8        70
   71 2021- 7-29 16:09     - 55 13  160 55  22.56 0.16  0.0   11  7.9 15.5        71
   72 2021- 7-29 16:38     - 55 17  161  6  51.74 0.14  0.0    8 12.5  4.6        72
   73 2021- 7-29 17:00     - 55 15  161  4  32.43 0.20  0.0   10 16.3  7.8        73
   74 2021- 7-29 17:03     - 55 13  161 21  77.80 0.07  0.0    4 11.9  8.6        74
   75 2021- 7-29 17:08     - 55 22  161 28  24.12 0.09  0.0    5 13.2  2.0        75
  SEQ ---DATE--- TIME REMARK -LAT-  --LON-  DEPTH  RMS PMAG  NUM  ERH  ERZ  ID
   76 2021- 7-29 17:23     - 55 14  161 26  13.03 0.11  0.0   10  3.3 12.2        76
   77 2021- 7-29 17:28     - 55 28  161 47   6.65 0.30  0.0    5  7.2 27.8        77
   78 2021- 7-29 17:33     - 55 14  161  9  25.51 0.13  0.0    6  4.7 11.4        78
   79 2021- 7-29 17:34       55 30  161 10  40.85 0.27  0.0    7  9.2  4.6        79
   80 2021- 7-29 17:52     - 55 15  160 36  50.95 0.15  0.0   10 15.3  7.1        80
   81 2021- 7-29 18:14     - 55  7  161  8  15.47 0.35  0.0    8 19.3 27.7        81
   82 2021- 7-29 18:17     - 55  9  161 17  12.96 0.08  0.0    5  2.4 13.6        82
   83 2021- 7-29 18:38     - 55 11  160 59  30.03 0.32  0.0   10 24.0 14.7        83
   84 2021- 7-29 18:46       55 19  160 58  43.31 0.14  0.0    8  3.4  3.2        84
   85 2021- 7-29 18:53       54 44  161 59  19.00 0.23  0.0    6 10.3  8.4        85
   86 2021- 7-29 19:12       55 16  161 23  15.81 0.18  0.0   10  2.4  8.9        86
   87 2021- 7-29 19:30       55 25  161 14  35.24 0.01  0.0    5  3.2  5.7        87
   88 2021- 7-29 19:53       55 16  160 52  21.98 0.15  0.0   11  3.3  1.1        88
   89 2021- 7-29 20:21     - 55 22  161  1  66.94 0.28  0.0    9 19.1  9.7        89
   90 2021- 7-29 20:23     - 55  8  160 59  26.65 0.23  0.0   11  3.2 18.2        90
  SEQ ---DATE--- TIME REMARK -LAT-  --LON-  DEPTH  RMS PMAG  NUM  ERH  ERZ  ID
   91 2021- 7-29 20:25     - 55 14  160 50  24.36 0.13  0.0    9 11.4 16.2        91
   92 2021- 7-29 20:31     - 55 16  161 10  23.47 0.11  0.0    8 11.4  1.0        92
   93 2021- 7-29 20:33     - 55 13  160 54  23.11 0.12  0.0   12  6.8 13.0        93
   94 2021- 7-29 20:42       55  8  161 44  20.03 0.02  0.0    5  5.4  3.3        94
   95 2021- 7-29 21:00       55 13  161 21  16.89 0.15  0.0    9  3.4  6.0        95
   96 2021- 7-29 21:08     - 55 21  160 53  22.82 0.19  0.0    5  9.7 17.5        96
   97 2021- 7-29 21:18       55 15  160 60  30.75 0.21  0.0   11  4.9 10.3        97
   98 2021- 7-29 21:39       55 16  161 15  26.73 0.15  0.0   10  3.2  4.3        98
   99 2021- 7-29 22:02       55 14  161  3  41.05 0.11  0.0    8  2.5  4.9        99
  100 2021- 7-29 22:19     - 55 15  161  5  27.85 0.10  0.0    9 12.2  6.8       100
  101 2021- 7-29 22:56     - 55 14  160 40  20.65 0.13  0.0   11  7.3 14.0       101
  102 2021- 7-29 23:38     - 55 14  160 54  27.35 0.12  0.0   12  3.2 11.3       102
