 HYPOINVERSE 2000 STARTING
6/2014 VERSION 1.40 (geoid depth possible)                            
 COMMAND?     33 STATIONS READ IN.
  FIND INPUT PHASE FILE TYPE & SET PHS(COP) & ARC(CAR) FORMATS
  INPUT IS A HYPOINVERSE ARCHIVE-2000 FILE, NO SHADOWS
  SETTING FORMATS COP 3, CAR 1
  SEQ ---DATE--- TIME REMARK -LAT-  --LON-  DEPTH  RMS PMAG  NUM  ERH  ERZ  ID
    1 2021- 7-29  7:59     - 55 27  162 21  56.31 0.13  0.0    8  2.8 13.6         1
    2 2021- 7-29  8:03     - 55 17  161  5  20.01 0.39  0.0    8  3.6 32.8         2
    3 2021- 7-29  8:09     - 55  3  161  6  19.86 0.07  0.0    5  2.4 11.1         3
    4 2021- 7-29  8:10       55 17  161 22  27.66 0.10  0.0    6  3.2  2.7         4
    5 2021- 7-29  8:13     - 55 17  161 10  28.12 0.08  0.0    5 11.6  5.5         5
    6 2021- 7-29  8:16     - 55 17  161  9  33.71 0.13  0.0    8 12.7  6.1         6
 *** DISTANCE & RESIDUAL WEIGHTING CANCELLED FOR EVENT: 2021  7 29  8 17
    7 2021- 7-29  8:17     # 55 17  161 57  22.86 0.79  0.0    6 12.8 17.6         7
    8 2021- 7-29  8:25     - 55 11  160 54  20.44 0.13  0.0    6  4.7 14.8         8
    9 2021- 7-29  8:40     - 55 14  160 23  50.19 0.14  0.0   10 15.5  8.4         9
   10 2021- 7-29  8:55       55 21  161  4  52.06 0.06  0.0    6  3.8  2.4        10
   11 2021- 7-29  8:58     - 55 41  162  8  20.13 0.17  0.0    5  5.9 17.7        11
   12 2021- 7-29  9:08       55  8  161  0  40.00 0.18  0.0    8  3.6  8.5        12
   13 2021- 7-29  9:17       55 19  160 59  39.31 0.26  0.0   12  3.0  5.9        13
   14 2021- 7-29  9:23     - 55 14  160 53  33.32 0.17  0.0   13  2.4 17.8        14
   15 2021- 7-29  9:26     - 55 20  161  9  33.53 0.20  0.0    7 17.4  8.6        15
  SEQ ---DATE--- TIME REMARK -LAT-  --LON-  DEPTH  RMS PMAG  NUM  ERH  ERZ  ID
   16 2021- 7-29  9:28     - 55 16  161 10  28.49 0.20  0.0    9 14.1  7.3        16
   17 2021- 7-29  9:36       55  5  161 45  13.55 0.10  0.0    7  2.7  1.8        17
   18 2021- 7-29  9:38     - 54 58  161 21  20.02 0.14  0.0    6  3.6 13.8        18
   19 2021- 7-29  9:43       55  5  161 27  26.30 0.09  0.0    7  2.3  5.3        19
   20 2021- 7-29  9:45     - 55 18  161  0  19.38 0.10  0.0    7  2.8 11.1        20
   21 2021- 7-29  9:52       55 15  161 13  22.16 0.24  0.0   12  3.3  6.0        21
   22 2021- 7-29  9:54       55 19  160 57  49.90 0.10  0.0   12  1.9  2.8        22
   23 2021- 7-29  9:59     - 55 11  161  8  24.61 0.15  0.0    7 14.4  5.3        23
   24 2021- 7-29 10:02       55  5  161 23  22.02 0.10  0.0    7  1.6  4.0        24
   25 2021- 7-29 10:05       55 21  161 47  16.29 0.05  0.0    5  1.3  0.9        25
   26 2021- 7-29 10:06       55 22  161 46  30.50 0.17  0.0    5  4.1  1.5        26
   27 2021- 7-29 10:08     - 55 35  161  9  19.35 0.05  0.0    4  2.4 11.3        27
   28 2021- 7-29 10:13       55 24  161 42  51.33 0.10  0.0    7  3.1  1.7        28
   29 2021- 7-29 10:16     - 55  3  161  1  20.19 0.28  0.0    7 18.6 12.8        29
   30 2021- 7-29 10:16     - 55  8  161 13  42.96 0.11  0.0    5 12.7  6.3        30
  SEQ ---DATE--- TIME REMARK -LAT-  --LON-  DEPTH  RMS PMAG  NUM  ERH  ERZ  ID
   31 2021- 7-29 10:17       55 12  161 20  21.12 0.18  0.0   11  2.3  5.8        31
   32 2021- 7-29 10:20     - 55 21  161 43  28.39 0.11  0.0    4  6.9 12.7        32
 *** DISTANCE & RESIDUAL WEIGHTING CANCELLED FOR EVENT: 2021  7 29 10 21
   33 2021- 7-29 10:21     # 55 19  161 33  68.18 0.85  0.0    7 30.3 32.4        33
   34 2021- 7-29 10:22       55 20  161 28  23.03 0.15  0.0    8  2.7  2.0        34
   35 2021- 7-29 10:24     - 55 11  160 34  40.34 0.16  0.0    9 16.1 13.3        35
   36 2021- 7-29 10:27     - 55 13  161  3  33.06 0.18  0.0    9 16.5 17.6        36
   37 2021- 7-29 10:38     - 55 14  160 41  35.78 0.15  0.0   12  5.0 13.4        37
   38 2021- 7-29 10:42       55 16  161 15  18.44 0.10  0.0    6  4.4  4.9        38
   39 2021- 7-29 10:50     - 54 38  160 56  20.62 0.46  0.0   10  4.5 39.5        39
   40 2021- 7-29 10:50     - 55 43  162 15  19.94 0.19  0.0    5  6.5 16.9        40
   41 2021- 7-29 10:54     - 55 20  161  7  19.50 0.17  0.0    6  3.9 15.1        41
   42 2021- 7-29 10:59       55 35  161 11  19.95 0.13  0.0    8  1.6  8.7        42
   43 2021- 7-29 11:05       55  6  161 24  28.11 0.10  0.0    8  2.8  3.1        43
   44 2021- 7-29 11:05       55 21  161 25  21.07 0.03  0.0    6  2.6  3.5        44
   45 2021- 7-29 11:09     - 55 15  161  7  28.83 0.17  0.0    8 13.2  6.9        45
  SEQ ---DATE--- TIME REMARK -LAT-  --LON-  DEPTH  RMS PMAG  NUM  ERH  ERZ  ID
   46 2021- 7-29 11:17     - 55 16  161 36  30.62 0.04  0.0    4  8.5  9.2        46
   47 2021- 7-29 11:23       54 36  163 26  23.92 0.05  0.0    6  4.9  2.2        47
   48 2021- 7-29 11:29     - 55 17  160 48  48.74 0.24  0.0   11 18.2  7.7        48
   49 2021- 7-29 11:42     - 55 14  160 53  33.46 0.13  0.0   12  4.0 15.2        49
   50 2021- 7-29 11:42     - 55 23  160 41  20.03 0.19  0.0    5  3.4 19.4        50
   51 2021- 7-29 11:48       55 17  161 37  20.97 0.09  0.0    7  2.6  1.4        51
   52 2021- 7-29 12:17     - 55 17  161  2  25.31 0.23  0.0    6 21.5 12.0        52
   53 2021- 7-29 12:18       55 16  161 26  28.41 0.13  0.0    7  3.9  2.7        53
   54 2021- 7-29 12:24       55 24  161 31  14.32 0.02  0.0    5  2.9  2.4        54
   55 2021- 7-29 12:28       55  4  160 58  20.07 0.37  0.0    9  9.9 23.0        55
   56 2021- 7-29 12:32     - 55 16  161 16  27.45 0.22  0.0    7 17.1  6.5        56
   57 2021- 7-29 12:43       55 16  161 23  24.97 0.21  0.0   12  2.2  3.6        57
   58 2021- 7-29 12:52       55 10  161 13  23.61 0.11  0.0    9  3.1  6.6        58
   59 2021- 7-29 12:52     - 55 15  161 32   6.54 0.82  0.0    6 11.1 69.2        59
   60 2021- 7-29 13:03       55 27  162  6  36.83 0.13  0.0    6  2.2  7.0        60
  SEQ ---DATE--- TIME REMARK -LAT-  --LON-  DEPTH  RMS PMAG  NUM  ERH  ERZ  ID
   61 2021- 7-29 13:12     - 55  7  160 54  20.27 0.16  0.0    5  5.3 18.0        61
   62 2021- 7-29 13:15       55 15  161 13  32.99 0.16  0.0   10  5.6  0.9        62
   63 2021- 7-29 13:18     - 55 18  160 57  33.06 0.19  0.0   12  4.9 19.8        63
   64 2021- 7-29 13:30     - 55 16  160 52  33.24 0.22  0.0   12  3.3 22.1        64
   65 2021- 7-29 13:48       55 14  161  3  36.75 0.11  0.0   10  3.1  3.4        65
   66 2021- 7-29 14:02     - 55  6  160 32  20.05 0.46  0.0    9 30.6 35.8        66
   67 2021- 7-29 14:08     - 55  5  161  5  13.29 0.46  0.0    9  9.5 29.7        67
   68 2021- 7-29 14:16     - 54 56  161 52   8.12 0.10  0.0    4  8.2 12.4        68
   69 2021- 7-29 14:16     - 55 12  160 54  20.51 0.09  0.0    7  2.3 13.0        69
   70 2021- 7-29 14:20     - 55 11  159 45  20.01 0.21  0.0    5 20.7 21.7        70
   71 2021- 7-29 14:48       55 27  162 12  29.23 0.04  0.0    5  2.3  6.9        71
   72 2021- 7-29 14:49     - 55 19  161 16  45.09 0.12  0.0    9 11.1  4.2        72
   73 2021- 7-29 14:50     - 55 10  160 34  20.15 0.24  0.0    5 22.4 23.5        73
   74 2021- 7-29 14:53       55 14  161  2  30.96 0.09  0.0   10  1.4  1.0        74
   75 2021- 7-29 14:57       55 17  161 30  22.13 0.02  0.0    5  3.5  1.9        75
  SEQ ---DATE--- TIME REMARK -LAT-  --LON-  DEPTH  RMS PMAG  NUM  ERH  ERZ  ID
   76 2021- 7-29 14:58     - 55 30  161  7   8.86 0.36  0.0   10  3.3 30.8        76
   77 2021- 7-29 15:11     - 54 35  161 16  19.95 0.13  0.0   14  1.1 14.0        77
   78 2021- 7-29 15:13     - 55  7  160 43  21.49 0.27  0.0   10 16.2 14.8        78
   79 2021- 7-29 15:21     - 55  0  160 59  19.99 0.11  0.0    6  5.4 14.5        79
   80 2021- 7-29 15:30       55 13  161 21  23.54 0.22  0.0   11  2.3  5.5        80
   81 2021- 7-29 15:30     # 55  9  161 18   0.03 0.51  0.0    6 21.3  7.5        81
   82 2021- 7-29 15:54     # 55 29  162 25  22.45 0.74  0.0    6 11.1 38.2        82
   83 2021- 7-29 16:00     - 54 57  160 29  56.13 0.36  0.0    9 29.6 19.1        83
   84 2021- 7-29 16:08       55 15  160 53  32.10 0.19  0.0   12  3.0  0.8        84
   85 2021- 7-29 16:09     - 55 11  160 45  20.39 0.24  0.0   13  2.8 17.8        85
   86 2021- 7-29 16:38       55 16  160 53  59.39 0.13  0.0    9  6.9  4.7        86
   87 2021- 7-29 17:00     - 55 15  161  6  32.65 0.22  0.0   10 16.2  1.1        87
   88 2021- 7-29 17:00     - 55 16  160 35  19.06 0.57  0.0    4 46.7 49.0        88
   89 2021- 7-29 17:03     - 55 14  161 26  70.35 0.07  0.0    4 11.2  8.7        89
   90 2021- 7-29 17:04       55 18  161 30   9.64 0.07  0.0    6  1.8  6.1        90
  SEQ ---DATE--- TIME REMARK -LAT-  --LON-  DEPTH  RMS PMAG  NUM  ERH  ERZ  ID
   91 2021- 7-29 17:08     - 55 21  161 34  21.73 0.04  0.0    4 11.4  5.3        91
   92 2021- 7-29 17:22       55 12  161 16  22.69 0.17  0.0   11  3.7  5.7        92
   93 2021- 7-29 17:28     - 55 18  162 45  32.31 0.46  0.0    4 29.2 36.4        93
   94 2021- 7-29 17:33       55 13  161  5  32.21 0.14  0.0    7  4.1  0.8        94
   95 2021- 7-29 17:34     - 55 14  160 59  22.51 0.30  0.0    8 24.8 21.7        95
   96 2021- 7-29 17:52     - 55 15  160 37  52.30 0.15  0.0   10 13.4  6.5        96
   97 2021- 7-29 18:14       55 20  161 26  45.93 0.42  0.0    8  6.9  8.2        97
   98 2021- 7-29 18:17     # 55 23  161 28  54.06 0.09  0.0    5  4.7  1.5        98
   99 2021- 7-29 18:18     - 55  0  161 55  50.09 0.18  0.0    5 17.0  2.0        99
  100 2021- 7-29 18:38       55 13  161  8  32.67 0.19  0.0   12  3.2  0.7       100
  101 2021- 7-29 18:46       55 19  160 49  45.97 0.11  0.0    9  3.2  4.4       101
  102 2021- 7-29 18:53     - 54 31  161 56  17.67 0.25  0.0    7 19.1 23.7       102
  103 2021- 7-29 19:12     - 55 12  160 42  20.04 0.20  0.0   12  2.5 17.6       103
  104 2021- 7-29 19:30       55 26  161  7  32.94 0.01  0.0    5  3.6  0.7       104
  105 2021- 7-29 19:53     - 55 14  160 45  20.26 0.24  0.0   11  4.2 18.8       105
  SEQ ---DATE--- TIME REMARK -LAT-  --LON-  DEPTH  RMS PMAG  NUM  ERH  ERZ  ID
  106 2021- 7-29 20:21     - 55 19  161  9  47.39 0.25  0.0    8 17.2  7.5       106
  107 2021- 7-29 20:23     - 55  5  160 46  20.66 0.18  0.0   11  2.5 16.6       107
  108 2021- 7-29 20:25       55 15  161  2  34.31 0.14  0.0   10  3.6  5.9       108
  109 2021- 7-29 20:31       55 16  161 14  27.99 0.16  0.0   13  2.7  2.9       109
  110 2021- 7-29 20:33     - 55 11  160 46  20.18 0.23  0.0   13  3.1 18.1       110
  111 2021- 7-29 20:42       55  7  161 42  21.16 0.05  0.0    6  2.9  2.1       111
  112 2021- 7-29 21:00       55 12  161 14  21.73 0.15  0.0   10  3.3  4.0       112
  113 2021- 7-29 21:08     - 55 28  160 47  20.69 0.16  0.0    5  5.7 16.7       113
  114 2021- 7-29 21:18     - 55 15  160 51  33.19 0.21  0.0   11  4.7 21.1       114
  115 2021- 7-29 21:39       55 15  161  8  32.85 0.15  0.0   13  3.3  0.6       115
  116 2021- 7-29 22:02     - 55 16  161 38  19.66 0.05  0.0    6  9.0  3.9       116
  117 2021- 7-29 22:18     - 55 14  160 58  33.02 0.15  0.0    9 13.9 17.7       117
  118 2021- 7-29 22:56     - 55 11  160 28  20.25 0.24  0.0   12  4.5 22.1       118
  119 2021- 7-29 23:38     - 55 14  160 48  33.34 0.10  0.0   12  2.9 14.6       119
