 HYPOINVERSE 2000 STARTING
6/2014 VERSION 1.40 (geoid depth possible)                            
 COMMAND?     33 STATIONS READ IN.
  FIND INPUT PHASE FILE TYPE & SET PHS(COP) & ARC(CAR) FORMATS
  INPUT IS A HYPOINVERSE ARCHIVE-2000 FILE, NO SHADOWS
  SETTING FORMATS COP 3, CAR 1
  SEQ ---DATE--- TIME REMARK -LAT-  --LON-  DEPTH  RMS PMAG  NUM  ERH  ERZ  ID
    1 2021- 7-29 16:00     - 55  5  161  9  20.87 0.33  0.0    9 21.3 26.2         1
    2 2021- 7-29 16:08     - 55 13  160 48   5.71 0.23  0.0    9 17.0  9.9         2
    3 2021- 7-29 16:09     - 55 12  160 49  17.55 0.18  0.0   11  6.6 17.7         3
    4 2021- 7-29 16:38     - 55 16  160 54  53.29 0.13  0.0    8 13.5  5.3         4
    5 2021- 7-29 17:00     - 55 14  159 47   2.50 0.17  0.0   11 16.5 18.2         5
    6 2021- 7-29 17:04       55 15  161 43  15.02 0.00  0.0    4  5.0  4.5         6
    7 2021- 7-29 17:08     - 55 22  161 35  20.25 0.04  0.0    4 12.1  3.4         7
    8 2021- 7-29 17:23       55 13  161 20  17.34 0.15  0.0   11  3.9  3.2         8
    9 2021- 7-29 17:28     - 55 29  161 47  -0.33 0.11  0.0    4  4.1 15.3         9
   10 2021- 7-29 17:33     - 55 14  161 28  19.50 0.12  0.0    5 12.0  2.1        10
   11 2021- 7-29 17:34     - 55 34  161 52   2.31 0.26  0.0    4 21.4 24.4        11
   12 2021- 7-29 17:52     # 55 16  160 45  43.82 0.17  0.0   10  5.9  5.3        12
   13 2021- 7-29 18:14     - 55  5  160 59   9.40 0.35  0.0    8 20.0 14.7        13
   14 2021- 7-29 18:17       55  9  161 13  13.24 0.08  0.0    5  2.7  2.0        14
   15 2021- 7-29 18:38     - 55 11  160 47  50.64 0.29  0.0   11 22.3  8.6        15
  SEQ ---DATE--- TIME REMARK -LAT-  --LON-  DEPTH  RMS PMAG  NUM  ERH  ERZ  ID
   16 2021- 7-29 18:46       55 19  160 51  41.08 0.11  0.0    9  3.0  4.7        16
   17 2021- 7-29 18:53     - 54 48  161 59   2.38 0.10  0.0    4 12.4  3.7        17
   18 2021- 7-29 19:12       55 17  161 20  22.83 0.17  0.0   11  2.6  4.4        18
   19 2021- 7-29 19:30       55 26  161 11  22.66 0.08  0.0    6  5.3  4.4        19
   20 2021- 7-29 19:53     - 55 16  160 45  26.88 0.16  0.0   11  3.6 15.4        20
   21 2021- 7-29 20:21       55 19  161 10  37.71 0.24  0.0    9  6.6  6.6        21
   22 2021- 7-29 20:23     - 55  7  160 52  19.59 0.24  0.0   10  8.0 21.5        22
   23 2021- 7-29 20:25     - 55 11  160 20   2.51 0.10  0.0    9 10.4 13.3        23
   24 2021- 7-29 20:31     - 55 15  161 16   2.51 0.20  0.0    6 12.9 21.1        24
   25 2021- 7-29 20:33     - 55 13  160 48  27.82 0.12  0.0   12  2.5 11.9        25
   26 2021- 7-29 20:42     - 55 13  161 56   2.36 0.10  0.0    4  4.5 13.1        26
   27 2021- 7-29 21:00     - 55 13  161 17  19.83 0.15  0.0    8  3.5 17.4        27
   28 2021- 7-29 21:08       55 17  160 47  37.17 0.19  0.0    6  6.0 10.2        28
   29 2021- 7-29 21:18       55 15  160 54  24.13 0.22  0.0   11  5.0  3.3        29
   30 2021- 7-29 21:39       55 15  161  8  24.35 0.14  0.0   10  3.0  2.1        30
  SEQ ---DATE--- TIME REMARK -LAT-  --LON-  DEPTH  RMS PMAG  NUM  ERH  ERZ  ID
   31 2021- 7-29 22:02       55 16  161  1  17.44 0.06  0.0    7  3.0  1.0        31
   32 2021- 7-29 22:18     - 55 12  160 37  28.14 0.13  0.0    9 11.3 10.2        32
   33 2021- 7-29 22:56     - 55 15  160 33  32.88 0.12  0.0   11  2.9 15.4        33
   34 2021- 7-29 23:38     - 55 14  160 48  24.71 0.10  0.0   12  4.1 14.3        34
