 HYPOINVERSE 2000 STARTING
6/2014 VERSION 1.40 (geoid depth possible)                            
 COMMAND?     33 STATIONS READ IN.
  FIND INPUT PHASE FILE TYPE & SET PHS(COP) & ARC(CAR) FORMATS
  INPUT IS A HYPOINVERSE ARCHIVE-2000 FILE, NO SHADOWS
  SETTING FORMATS COP 3, CAR 1
  SEQ ---DATE--- TIME REMARK -LAT-  --LON-  DEPTH  RMS PMAG  NUM  ERH  ERZ  ID
    1 2021- 7-29  7:59       55 25  162 27  48.13 0.48  0.0   10  6.1 18.8         1
    2 2021- 7-29  8:03     # 55 14  161 28  59.83 0.19  0.0    9  8.2  5.0         2
    3 2021- 7-29  8:09     - 55  4  161  9  14.46 0.07  0.0    5  5.8 12.3         3
    4 2021- 7-29  8:13     - 55 16  161  2  13.55 0.07  0.0    5  9.2  7.4         4
    5 2021- 7-29  8:16     - 55 14  161 16  14.40 0.18  0.0   10  6.9 15.6         5
    6 2021- 7-29  8:17       55 19  161 56  15.03 0.00  0.0    4  3.7  3.8         6
    7 2021- 7-29  8:26     - 55 15  160 57  27.88 0.12  0.0    6  4.8 12.5         7
    8 2021- 7-29  8:40     - 55 14  160 25  43.87 0.13  0.0   10 14.7  8.2         8
    9 2021- 7-29  8:55       55  5  161 37  14.77 0.07  0.0    5  2.4  1.5         9
   10 2021- 7-29  8:58     - 55 38  162 13   4.37 0.21  0.0    6  2.2 21.8        10
   11 2021- 7-29  9:08     - 55  8  160 57  19.22 0.16  0.0    9  6.2 16.5        11
   12 2021- 7-29  9:17       55 20  160 59  34.93 0.26  0.0   11  2.9  6.4        12
   13 2021- 7-29  9:23       55 17  160 56  42.15 0.18  0.0   12  3.2  4.2        13
   14 2021- 7-29  9:26     - 55 21  160 40  14.51 0.18  0.0    7 13.9 12.7        14
   15 2021- 7-29  9:28     - 55 15  160 46  34.55 0.15  0.0   10 16.2  8.7        15
  SEQ ---DATE--- TIME REMARK -LAT-  --LON-  DEPTH  RMS PMAG  NUM  ERH  ERZ  ID
   16 2021- 7-29  9:36       55  5  161 46  14.08 0.08  0.0    6  2.5  0.7        16
   17 2021- 7-29  9:38     - 54 59  161 24  14.09 0.14  0.0    6  6.2 14.0        17
   18 2021- 7-29  9:43       55  6  161 28  21.17 0.09  0.0    6  1.6  6.0        18
   19 2021- 7-29  9:45       55 19  161  6  15.41 0.09  0.0    7  4.0  4.2        19
   20 2021- 7-29  9:52     - 55 16  161 14  15.14 0.20  0.0   11  3.0 20.3        20
   21 2021- 7-29  9:54       55 16  160 32  14.50 0.23  0.0   13  7.0 11.3        21
   22 2021- 7-29  9:59     - 55 16  161 15  55.34 0.13  0.0    6 13.1  7.5        22
   23 2021- 7-29 10:02     - 55  5  161 24  15.20 0.11  0.0    7  1.7 13.1        23
   24 2021- 7-29 10:05     - 55 15  161 46  28.55 0.22  0.0    4 11.3 16.2        24
   25 2021- 7-29 10:06     - 55 20  161 42  12.20 0.08  0.0    4 11.7  7.9        25
   26 2021- 7-29 10:13     # 55 18  161  5  14.79 0.66  0.0    6 10.0 37.1        26
   27 2021- 7-29 10:16       55 11  161 30  13.34 0.26  0.0    7 12.2  1.7        27
   28 2021- 7-29 10:17       55 13  161 24  14.47 0.19  0.0   10  3.2  1.1        28
   29 2021- 7-29 10:20     - 55 21  161 44  25.10 0.11  0.0    4  8.4 10.4        29
   30 2021- 7-29 10:22     - 55 27  161 28   9.93 0.21  0.0    5  2.8 20.3        30
  SEQ ---DATE--- TIME REMARK -LAT-  --LON-  DEPTH  RMS PMAG  NUM  ERH  ERZ  ID
   31 2021- 7-29 10:24     - 55 10  160 24  14.50 0.13  0.0    8 10.3 11.6        31
   32 2021- 7-29 10:27       55 12  160 49  38.71 0.18  0.0   10  4.3  7.3        32
   33 2021- 7-29 10:38     - 55 13  160 44  16.11 0.19  0.0   10  6.7 18.4        33
   34 2021- 7-29 10:42     - 55 19  161 15  22.70 0.14  0.0    6 15.8  7.2        34
   35 2021- 7-29 10:50     - 54 40  161  2   8.47 0.41  0.0   10 19.2 22.3        35
   36 2021- 7-29 10:54     - 55 21  161 12  14.58 0.14  0.0    6  6.3 12.3        36
   37 2021- 7-29 10:59     - 55 35  161 14  15.42 0.13  0.0    8  1.6 16.3        37
   38 2021- 7-29 11:05       55 11  161 36  17.85 0.39  0.0    9  8.1  4.7        38
   39 2021- 7-29 11:09     - 55 13  160 42  13.82 0.13  0.0   10 12.5  8.0        39
 *** DISTANCE & RESIDUAL WEIGHTING CANCELLED FOR EVENT: 2021  7 29 11 17
   40 2021- 7-29 11:17     - 55 13  161 13  14.50 0.66  0.0    6 29.4 48.5        40
   41 2021- 7-29 11:24     - 55  6  163 26  15.78 0.59  0.0    7 18.9 46.6        41
   42 2021- 7-29 11:29     - 55 16  160 36  41.74 0.22  0.0   11 18.7 10.0        42
   43 2021- 7-29 11:42     - 55 14  160 55  20.59 0.20  0.0   11  6.9 20.0        43
   44 2021- 7-29 11:48     - 55 17  160 39  43.67 0.20  0.0    8 17.8  9.8        44
   45 2021- 7-29 12:17     - 55 16  161 10  14.47 0.19  0.0    6 16.7 20.4        45
  SEQ ---DATE--- TIME REMARK -LAT-  --LON-  DEPTH  RMS PMAG  NUM  ERH  ERZ  ID
   46 2021- 7-29 12:18       55 16  161 25  26.43 0.16  0.0    8  4.9  3.1        46
   47 2021- 7-29 12:24       55 24  161 34  15.20 0.04  0.0    5  2.6  1.3        47
   48 2021- 7-29 12:28     - 55  2  160 26  25.08 0.35  0.0    9 29.7 31.7        48
   49 2021- 7-29 12:32     - 55 22  161 18  15.10 0.14  0.0    6 12.0 15.5        49
   50 2021- 7-29 12:43     - 55 17  161 22  14.93 0.22  0.0   12  2.5 21.1        50
   51 2021- 7-29 12:52     - 55 25  161 42  31.92 0.10  0.0    6  8.5  7.6        51
   52 2021- 7-29 13:03       55 27  162  6  33.13 0.14  0.0    6  2.2  7.2        52
   53 2021- 7-29 13:15       55 15  161 13  26.43 0.15  0.0   10  4.4  4.4        53
   54 2021- 7-29 13:18     - 55 17  160 49  16.09 0.17  0.0   10 16.6  3.5        54
   55 2021- 7-29 13:30     # 55 13  160 56  17.01 0.23  0.0   11  3.3  2.3        55
   56 2021- 7-29 13:48     - 55 14  160 58  20.33 0.15  0.0    8 13.2 17.1        56
   57 2021- 7-29 14:02     - 55 11  159 52  14.50 0.21  0.0    9 19.6 21.7        57
   58 2021- 7-29 14:08       55 23  161 42  29.35 0.04  0.0    6  5.8  4.9        58
   59 2021- 7-29 14:16     - 55 14  160 57  14.25 0.10  0.0    7  7.5 10.7        59
   60 2021- 7-29 14:20     - 55 12  160  3  14.52 0.21  0.0    5 19.9 21.4        60
  SEQ ---DATE--- TIME REMARK -LAT-  --LON-  DEPTH  RMS PMAG  NUM  ERH  ERZ  ID
   61 2021- 7-29 14:48       55 27  162 11  30.49 0.04  0.0    5  2.7  6.4        61
   62 2021- 7-29 14:49     - 55 15  161 13  29.99 0.10  0.0    8 11.0  5.7        62
   63 2021- 7-29 14:53       55 14  161  2  15.84 0.11  0.0   10  1.5  2.9        63
   64 2021- 7-29 14:57       55 18  161 31  19.70 0.03  0.0    5  3.0  0.9        64
   65 2021- 7-29 14:58     - 55 29  161 11  15.41 0.26  0.0    9  2.8 24.5        65
   66 2021- 7-29 15:11       54 36  161 20  13.55 0.12  0.0   12  1.8  3.2        66
   67 2021- 7-29 15:13     - 55  8  160 42  17.17 0.22  0.0   10 18.5 22.1        67
   68 2021- 7-29 15:30     - 55 13  161 23  15.16 0.20  0.0    8  2.3 18.6        68
   69 2021- 7-29 16:00     - 55  2  160 54   9.52 0.38  0.0    9 18.9 25.8        69
   70 2021- 7-29 16:08       55 16  160 58  24.35 0.21  0.0   12  3.1  2.1        70
   71 2021- 7-29 16:09     - 55 13  160 49  17.27 0.15  0.0   11  6.2 16.6        71
   72 2021- 7-29 16:38     - 55 14  161 17  10.68 0.13  0.0    7  9.5 15.5        72
   73 2021- 7-29 17:00     - 55 14  160 49  23.46 0.19  0.0   10 17.5  2.5        73
   74 2021- 7-29 17:04       55 13  161 16  27.45 0.14  0.0    5  4.4  7.7        74
   75 2021- 7-29 17:08     - 55 22  161 37  20.04 0.05  0.0    4 11.7  4.2        75
  SEQ ---DATE--- TIME REMARK -LAT-  --LON-  DEPTH  RMS PMAG  NUM  ERH  ERZ  ID
   76 2021- 7-29 17:23     - 55 13  161 20  15.76 0.17  0.0   11  4.6 14.7        76
   77 2021- 7-29 17:28     - 55 29  161 48   1.00 0.15  0.0    4  4.2 13.6        77
   78 2021- 7-29 17:33     - 55 14  161 23  14.69 0.10  0.0    5 11.7 14.8        78
   79 2021- 7-29 17:34     - 55 30  161 37  18.52 0.28  0.0    5 22.5 12.7        79
   80 2021- 7-29 17:52     - 55 15  160 36  47.32 0.12  0.0   10 13.9  5.3        80
   81 2021- 7-29 18:14       55 14  161 37  13.14 0.17  0.0    7  2.6  3.9        81
   82 2021- 7-29 18:17       55  9  161 13  13.32 0.08  0.0    5  2.3  1.7        82
   83 2021- 7-29 18:38       55 12  161  7  21.39 0.21  0.0   11  3.4 13.8        83
   84 2021- 7-29 18:46     - 55 16  161 25  25.49 0.12  0.0    6 12.0  3.2        84
   85 2021- 7-29 18:53       54 45  161 57   8.20 0.11  0.0    6  5.5  1.4        85
   86 2021- 7-29 19:12       55 16  161 19  19.50 0.19  0.0   10  2.9  1.2        86
   87 2021- 7-29 19:30     - 55 26  161 12  20.36 0.11  0.0    6  4.1 13.9        87
   88 2021- 7-29 19:53     - 55 15  160 26  14.63 0.14  0.0   10 11.2 12.0        88
   89 2021- 7-29 20:21     - 55 19  161  2  45.51 0.22  0.0    8 18.5  9.3        89
   90 2021- 7-29 20:23     - 55  8  160 53  26.54 0.23  0.0   12  2.6 18.5        90
  SEQ ---DATE--- TIME REMARK -LAT-  --LON-  DEPTH  RMS PMAG  NUM  ERH  ERZ  ID
   91 2021- 7-29 20:25       55 14  160 49  30.70 0.09  0.0    9  3.7  8.0        91
   92 2021- 7-29 20:31     - 55 14  160 55  17.66 0.12  0.0    9 14.3  2.7        92
   93 2021- 7-29 20:33     - 55 12  160 48  18.01 0.15  0.0   12  6.1 15.9        93
   94 2021- 7-29 20:42     - 55 13  161 55   5.60 0.10  0.0    4  4.7 12.8        94
   95 2021- 7-29 21:00       55 13  161 16  17.76 0.15  0.0    8  3.4  1.6        95
   96 2021- 7-29 21:08     - 55 26  160 51  13.95 0.19  0.0    5  8.9 11.6        96
   97 2021- 7-29 21:18     - 55 14  160 54  20.12 0.22  0.0   11  4.7 22.0        97
   98 2021- 7-29 21:39     - 55 14  161 11  13.76 0.21  0.0   11  8.6 17.2        98
   99 2021- 7-29 22:02       55 16  161  1  17.29 0.06  0.0    7  3.0  1.0        99
  100 2021- 7-29 22:18     - 55 13  160 53  25.62 0.15  0.0    9 13.6 15.7       100
  101 2021- 7-29 22:56     - 55 14  160 34  14.55 0.16  0.0   11  6.9 11.1       101
  102 2021- 7-29 23:38     - 55 13  160 48  27.45 0.09  0.0   11  2.8 10.4       102
