 HYPOINVERSE 2000 STARTING
6/2014 VERSION 1.40 (geoid depth possible)                            
 COMMAND?     33 STATIONS READ IN.
  FIND INPUT PHASE FILE TYPE & SET PHS(COP) & ARC(CAR) FORMATS
  INPUT IS A HYPOINVERSE ARCHIVE-2000 FILE, NO SHADOWS
  SETTING FORMATS COP 3, CAR 1
  SEQ ---DATE--- TIME REMARK -LAT-  --LON-  DEPTH  RMS PMAG  NUM  ERH  ERZ  ID
    1 2021- 7-29  7:59     - 55 27  162 21  49.77 0.14  0.0    8  2.7 13.3         1
    2 2021- 7-29  8:03       55 16  161 40  44.76 0.18  0.0    8  3.1  5.8         2
    3 2021- 7-29  8:09     - 55  4  161  9  14.47 0.07  0.0    5  5.8 12.4         3
    4 2021- 7-29  8:13     - 55 16  161 13  21.25 0.11  0.0    5 11.8  8.7         4
    5 2021- 7-29  8:16       55 17  161 18  25.31 0.13  0.0    8  3.0  4.5         5
    6 2021- 7-29  8:17     - 55 21  162  3   0.13 0.10  0.0    4  1.0 15.0         6
    7 2021- 7-29  8:26     # 55 15  160 58  22.18 0.12  0.0    6  4.2  4.4         7
    8 2021- 7-29  8:40       55 14  160 54  27.11 0.14  0.0   12  2.3 10.2         8
    9 2021- 7-29  8:55     - 55  2  161 31   2.40 0.08  0.0    4  4.0 12.6         9
   10 2021- 7-29  8:58     - 55 37  162 15  -2.37 0.23  0.0    6  2.0 22.7        10
   11 2021- 7-29  9:08     - 55  8  160 59  19.12 0.17  0.0    9  6.4 17.0        11
   12 2021- 7-29  9:17     # 55 19  161  8  40.81 0.17  0.0    9  3.3  3.4        12
   13 2021- 7-29  9:23       55 17  160 56  40.69 0.21  0.0   12  3.4  4.9        13
   14 2021- 7-29  9:26     - 55 20  160 10   3.73 0.18  0.0    7 13.2 13.9        14
   15 2021- 7-29  9:28     - 55 13  160 22  32.00 0.13  0.0   10 16.0  2.4        15
  SEQ ---DATE--- TIME REMARK -LAT-  --LON-  DEPTH  RMS PMAG  NUM  ERH  ERZ  ID
   16 2021- 7-29  9:36     # 55  5  161 50   9.40 0.08  0.0    5  2.6  1.8        16
   17 2021- 7-29  9:38     - 55  2  161 36   3.51 0.06  0.0    6  5.8 13.4        17
   18 2021- 7-29  9:43     - 55  4  161 31   4.82 0.05  0.0    5  1.2 13.0        18
   19 2021- 7-29  9:45       55 18  161  7  11.79 0.09  0.0    7  2.9  1.6        19
   20 2021- 7-29  9:52       55 15  161  6  12.65 0.24  0.0   10  6.9  2.6        20
   21 2021- 7-29  9:54       55 19  160 59  44.57 0.09  0.0   11  1.9  2.8        21
   22 2021- 7-29  9:59     - 55  8  160 42  -1.19 0.14  0.0    8 12.4 10.0        22
   23 2021- 7-29 10:02       55  6  161 25  18.38 0.10  0.0    7  1.7  1.7        23
   24 2021- 7-29 10:05     # 55 17  161 41  11.29 1.00  0.0    5 26.1 26.1        24
   25 2021- 7-29 10:06     - 55 16  161 35   3.87 0.11  0.0    5  1.3 15.7        25
   26 2021- 7-29 10:13     - 55 17  161  1   3.70 0.18  0.0    5  2.3 19.6        26
   27 2021- 7-29 10:16     - 55  9  161 12   6.60 0.32  0.0    8 24.6  6.9        27
   28 2021- 7-29 10:17     - 55 20  161 15  15.14 0.30  0.0    8  5.5 26.5        28
   29 2021- 7-29 10:20     - 55 22  161 49  14.93 0.14  0.0    4  3.3 16.9        29
   30 2021- 7-29 10:22       55 26  161 46  17.59 0.15  0.0    5  3.4  1.3        30
  SEQ ---DATE--- TIME REMARK -LAT-  --LON-  DEPTH  RMS PMAG  NUM  ERH  ERZ  ID
   31 2021- 7-29 10:24     - 55 10  160 29  14.01 0.15  0.0    8 11.2 12.6        31
   32 2021- 7-29 10:27     - 55 14  161  8  32.06 0.19  0.0    9 16.4  6.4        32
   33 2021- 7-29 10:38       55 17  160 43  42.57 0.17  0.0   10  5.1  6.0        33
   34 2021- 7-29 10:42     - 55 17  161 25  14.84 0.09  0.0    5 11.6 14.3        34
   35 2021- 7-29 10:50     # 54 45  161  9  -2.36 0.40  0.0   10 15.8 19.0        35
   36 2021- 7-29 10:54     - 55 20  161 10   3.26 0.16  0.0    6  1.9 12.8        36
   37 2021- 7-29 10:59     - 55 35  161 16   4.24 0.13  0.0    8  1.2 16.6        37
   38 2021- 7-29 11:05       55 12  161 39  15.80 0.35  0.0    8  5.1  3.4        38
   39 2021- 7-29 11:09     - 55 14  160 52  27.17 0.14  0.0   10 14.5 12.3        39
   40 2021- 7-29 11:17     - 55 16  161 34  28.13 0.05  0.0    4 10.2  7.7        40
   41 2021- 7-29 11:24     # 55  4  163 27  15.06 0.64  0.0    7 19.1 17.3        41
   42 2021- 7-29 11:29     - 55 16  160 32  45.43 0.20  0.0   10 18.0  9.7        42
   43 2021- 7-29 11:42     - 55 15  161  9  29.81 0.13  0.0    9 12.0  4.9        43
   44 2021- 7-29 11:48     # 55 17  161 28  23.16 0.16  0.0    6 11.4  4.0        44
   45 2021- 7-29 12:17     - 55 14  160 45   3.93 0.29  0.0    7 19.8 14.0        45
  SEQ ---DATE--- TIME REMARK -LAT-  --LON-  DEPTH  RMS PMAG  NUM  ERH  ERZ  ID
   46 2021- 7-29 12:18     - 55 15  161 19  28.18 0.15  0.0    7 12.6  4.2        46
   47 2021- 7-29 12:24     - 55 20  161 30   4.14 0.02  0.0    5  1.9 11.9        47
   48 2021- 7-29 12:28     - 55  5  160 11   3.74 0.34  0.0    9 22.1 25.5        48
   49 2021- 7-29 12:32     - 55 19  161 14  21.08 0.20  0.0    7 17.6  9.2        49
   50 2021- 7-29 12:43     - 55 13  160 51  27.79 0.13  0.0   10 13.7 11.4        50
   51 2021- 7-29 12:52     - 55 25  162  1   3.03 0.16  0.0    5  6.9 16.1        51
   52 2021- 7-29 13:03     - 55 27  162 15   3.52 0.19  0.0    4  1.7 20.0        52
   53 2021- 7-29 13:15       55 15  161 13  25.59 0.15  0.0   10  4.1  5.0        53
   54 2021- 7-29 13:18     - 55 16  160 14   3.56 0.16  0.0   10 12.4 14.6        54
   55 2021- 7-29 13:30       55 15  160 55  17.67 0.23  0.0   11  3.4  3.3        55
   56 2021- 7-29 13:48     - 55 12  160 47  17.16 0.14  0.0    9 13.9 16.8        56
   57 2021- 7-29 14:02     - 55 10  159 37   3.50 0.22  0.0   10 20.2 21.6        57
   58 2021- 7-29 14:08       55 23  161 42  29.50 0.03  0.0    5  5.8  4.8        58
   59 2021- 7-29 14:16     # 55 15  160 58  22.22 0.13  0.0    7  5.4  6.6        59
   60 2021- 7-29 14:20     - 55 11  159 42   3.50 0.21  0.0    5 19.9 20.9        60
  SEQ ---DATE--- TIME REMARK -LAT-  --LON-  DEPTH  RMS PMAG  NUM  ERH  ERZ  ID
   61 2021- 7-29 14:48     - 55 25  162 15   3.82 0.17  0.0    5  2.0 19.1        61
   62 2021- 7-29 14:49     - 55 13  161  9  26.33 0.09  0.0    9 11.2  7.2        62
   63 2021- 7-29 14:53       55 14  161  3  18.06 0.11  0.0    9  1.7  0.9        63
   64 2021- 7-29 14:57     - 55 20  161 58   5.69 0.13  0.0    4  6.0 14.7        64
   65 2021- 7-29 14:58     - 55 29  161 10  15.10 0.29  0.0    9  3.1 27.3        65
   66 2021- 7-29 15:11     - 54 36  161 19  27.18 0.17  0.0   12  1.4 15.3        66
   67 2021- 7-29 15:13     - 55  6  160 23   3.50 0.24  0.0   10 21.0 23.3        67
   68 2021- 7-29 15:30     - 55 13  161 23  15.39 0.21  0.0    9  2.5 17.9        68
   69 2021- 7-29 16:00       55  9  161 25  37.73 1.32  0.0    9 52.6 38.5        69
   70 2021- 7-29 16:08     - 55 14  160 34  15.69 0.20  0.0   10 16.7 11.6        70
   71 2021- 7-29 16:09     - 55 13  160 49  17.24 0.16  0.0   11  6.2 16.6        71
   72 2021- 7-29 16:38     - 55 17  160 58  51.76 0.13  0.0    8 13.4  5.0        72
   73 2021- 7-29 17:00     - 55 14  159 48   3.50 0.17  0.0   11 16.7 18.4        73
   74 2021- 7-29 17:04     - 55 14  161 31  45.89 0.06  0.0    4  9.4  5.9        74
   75 2021- 7-29 17:08     - 55 21  161 52   7.91 0.01  0.0    4  5.6 11.0        75
  SEQ ---DATE--- TIME REMARK -LAT-  --LON-  DEPTH  RMS PMAG  NUM  ERH  ERZ  ID
   76 2021- 7-29 17:22     - 55  9  160 59   3.56 0.19  0.0   10 12.3  7.9        76
   77 2021- 7-29 17:28     - 55 29  161 47   0.03 0.11  0.0    4  4.1 15.3        77
   78 2021- 7-29 17:33     - 55 14  161 26  19.22 0.12  0.0    5 12.9  2.1        78
   79 2021- 7-29 17:34     - 55 30  161 51   0.88 0.24  0.0    5  2.4 23.1        79
   80 2021- 7-29 17:52     - 55 17  161  1  39.14 0.19  0.0    9 14.5  5.4        80
   81 2021- 7-29 18:14     # 55 14  161 36   9.93 0.20  0.0    7  3.1 10.2        81
   82 2021- 7-29 18:17     - 55  9  161 12  15.31 0.08  0.0    5  3.0 14.2        82
   83 2021- 7-29 18:38     - 55  4  160  9  17.69 0.27  0.0   11 22.3 25.6        83
   84 2021- 7-29 18:46       55 19  160 51  40.81 0.11  0.0    9  3.0  4.7        84
   85 2021- 7-29 18:53     - 54 47  161 58   3.52 0.10  0.0    4  4.7 14.7        85
   86 2021- 7-29 19:12       55 17  161 19  22.65 0.17  0.0   10  2.6  4.5        86
   87 2021- 7-29 19:30       55 26  161  9  26.49 0.06  0.0    6  3.1  6.0        87
   88 2021- 7-29 19:53     - 55 16  160 45  27.26 0.16  0.0   11  3.6 14.7        88
   89 2021- 7-29 20:21     - 55 22  160 32  76.13 0.23  0.0    9 19.9 11.3        89
   90 2021- 7-29 20:23     - 55  8  160 53  26.19 0.25  0.0   11  2.7 21.3        90
  SEQ ---DATE--- TIME REMARK -LAT-  --LON-  DEPTH  RMS PMAG  NUM  ERH  ERZ  ID
   91 2021- 7-29 20:25     - 55 11  160 20   3.52 0.10  0.0    9 10.4 13.2        91
   92 2021- 7-29 20:31     - 55 16  161 16   3.51 0.20  0.0    6 12.5 20.5        92
   93 2021- 7-29 20:33     - 55 13  160 48  25.60 0.11  0.0   12  2.5 15.0        93
   94 2021- 7-29 20:42     - 55 13  161 56  -2.19 0.10  0.0    4  1.3 14.9        94
   95 2021- 7-29 21:00     - 55 11  161 14  13.67 0.41  0.0   11 14.9 30.4        95
   96 2021- 7-29 21:08       55 14  160 48  43.40 0.21  0.0    6  6.6  9.8        96
   97 2021- 7-29 21:18     - 55 16  161  4  25.88 0.22  0.0   10 16.9 10.8        97
   98 2021- 7-29 21:39     # 55 15  161  8  24.66 0.14  0.0   10  3.0  1.1        98
   99 2021- 7-29 22:02     - 55 10  160 59  11.01 0.09  0.0    7  6.9  9.9        99
  100 2021- 7-29 22:18     - 55 15  160 26  51.05 0.21  0.0   10 18.7  9.1       100
  101 2021- 7-29 22:56     - 55 14  160 32  26.98 0.12  0.0   11  2.9 14.9       101
  102 2021- 7-29 23:38     - 55 14  160 48  27.04 0.10  0.0   12  3.1 11.6       102
