 HYPOINVERSE 2000 STARTING
6/2014 VERSION 1.40 (geoid depth possible)                            
 COMMAND?     33 STATIONS READ IN.
  FIND INPUT PHASE FILE TYPE & SET PHS(COP) & ARC(CAR) FORMATS
  INPUT IS A HYPOINVERSE ARCHIVE-2000 FILE, NO SHADOWS
  SETTING FORMATS COP 3, CAR 1
  SEQ ---DATE--- TIME REMARK -LAT-  --LON-  DEPTH  RMS PMAG  NUM  ERH  ERZ  ID
    1 2021- 7-29  7:59     # 55 26  162 20  72.95 0.15  0.0    9  2.3  3.6         1
    2 2021- 7-29  8:03     - 55 18  161  8  19.92 0.43  0.0    8  4.2 38.1         2
    3 2021- 7-29  8:09       55  4  161  9  16.26 0.06  0.0    5  2.3  3.7         3
    4 2021- 7-29  8:13     - 55 16  161  2  17.23 0.09  0.0    5 13.0  2.9         4
    5 2021- 7-29  8:16     - 55 15  161  8  21.02 0.13  0.0    8 12.6 14.5         5
    6 2021- 7-29  8:17     - 55 18  161 43  30.29 0.12  0.0    4  7.6  9.1         6
    7 2021- 7-29  8:26       55 14  160 58  17.16 0.12  0.0    6  4.5  2.5         7
    8 2021- 7-29  8:40       55 15  160 38  41.52 0.16  0.0   11  4.3  6.7         8
    9 2021- 7-29  8:55       55  2  161 30  13.73 0.09  0.0    5  2.9  2.1         9
   10 2021- 7-29  8:58     - 55 40  162  7  15.33 0.17  0.0    5  2.5 18.8        10
   11 2021- 7-29  9:08     - 55  9  160 60  19.67 0.15  0.0    9  6.1 16.3        11
   12 2021- 7-29  9:17       55 18  160 59  42.53 0.17  0.0   10  2.4  4.2        12
   13 2021- 7-29  9:23       55 17  160 55  39.12 0.20  0.0   12  3.3  5.1        13
   14 2021- 7-29  9:26     - 55 20  160 43  17.50 0.20  0.0    7 19.5 20.7        14
   15 2021- 7-29  9:28     - 55 13  160 34  30.87 0.14  0.0   10 16.3 13.7        15
  SEQ ---DATE--- TIME REMARK -LAT-  --LON-  DEPTH  RMS PMAG  NUM  ERH  ERZ  ID
   16 2021- 7-29  9:36       55  5  161 46  14.15 0.09  0.0    6  2.6  0.7        16
   17 2021- 7-29  9:38     - 54 59  161 24  15.69 0.13  0.0    6  3.3 16.7        17
   18 2021- 7-29  9:43       55  6  161 28  21.41 0.08  0.0    6  1.6  5.9        18
   19 2021- 7-29  9:45       55 18  161  5  14.39 0.10  0.0    7  6.1  8.4        19
   20 2021- 7-29  9:52     - 55 16  161  3  20.88 0.22  0.0   11  6.7 19.4        20
   21 2021- 7-29  9:54     - 55 16  160 19  24.30 0.15  0.0   11 13.7 17.7        21
   22 2021- 7-29  9:59     - 55  9  160 51  17.50 0.19  0.0    8 18.0 20.3        22
   23 2021- 7-29 10:02       55  6  161 25  18.43 0.10  0.0    7  1.7  1.7        23
   24 2021- 7-29 10:05     - 55  7  161  3  86.11 0.26  0.0    6 16.9 14.6        24
   25 2021- 7-29 10:06     - 55 21  161 44  13.90 0.08  0.0    4 13.5  3.5        25
   26 2021- 7-29 10:13     - 55 17  161  1  18.53 0.19  0.0    5  6.3 18.8        26
   27 2021- 7-29 10:16       55 11  161 30  13.34 0.24  0.0    7 10.9  1.6        27
   28 2021- 7-29 10:17     - 55 13  161 24  15.37 0.18  0.0   11  2.3 15.9        28
   29 2021- 7-29 10:20     - 55 16  161  9  67.34 0.04  0.0    4  9.3  8.6        29
   30 2021- 7-29 10:22       55 20  161 30  21.84 0.14  0.0    8  2.4  1.7        30
  SEQ ---DATE--- TIME REMARK -LAT-  --LON-  DEPTH  RMS PMAG  NUM  ERH  ERZ  ID
   31 2021- 7-29 10:24     - 55 11  160 36  22.26 0.16  0.0    8 15.7  3.7        31
   32 2021- 7-29 10:27     - 55 14  161  9  31.72 0.19  0.0    9 16.1  6.3        32
   33 2021- 7-29 10:38     - 55 13  160 44  16.41 0.19  0.0   11  6.6 18.3        33
   34 2021- 7-29 10:42     - 55 17  161 19  17.17 0.10  0.0    5 13.2  4.7        34
   35 2021- 7-29 10:50     - 54 40  161  0  13.02 0.42  0.0   11 17.4 26.4        35
   36 2021- 7-29 10:54     - 55 20  161 15  19.58 0.13  0.0    6  5.3 13.4        36
   37 2021- 7-29 10:59     - 55 34  161 14  17.27 0.13  0.0    8  1.6 12.5        37
   38 2021- 7-29 11:05       55 13  161  7  36.19 0.29  0.0   10  5.0  5.3        38
   39 2021- 7-29 11:09     - 55 14  160 51  17.50 0.14  0.0   10 14.3 16.9        39
 *** DISTANCE & RESIDUAL WEIGHTING CANCELLED FOR EVENT: 2021  7 29 11 17
   40 2021- 7-29 11:17     - 55 13  161 22  17.49 0.70  0.0    6 42.9  9.2        40
   41 2021- 7-29 11:24     - 55  6  163 26  16.39 0.60  0.0    7 20.1 35.7        41
   42 2021- 7-29 11:29     - 55 14  160 51  30.39 0.20  0.0   11 17.4 11.0        42
   43 2021- 7-29 11:42       55 13  160 56  17.39 0.18  0.0   11  6.0  2.6        43
   44 2021- 7-29 11:48     - 55 16  161 16  25.38 0.22  0.0    9 15.8  5.0        44
   45 2021- 7-29 12:17     - 55 20  160 59  20.24 0.20  0.0    6 18.5 20.7        45
  SEQ ---DATE--- TIME REMARK -LAT-  --LON-  DEPTH  RMS PMAG  NUM  ERH  ERZ  ID
   46 2021- 7-29 12:18       55 16  161 27  25.10 0.15  0.0    8  4.4  2.6        46
   47 2021- 7-29 12:24       55 24  161 34  15.12 0.02  0.0    5  2.5  1.2        47
   48 2021- 7-29 12:28     - 55  5  160 33  17.59 0.36  0.0    9 24.5 18.3        48
   49 2021- 7-29 12:32     - 55 18  161 11  23.33 0.21  0.0    7 17.9  4.4        49
   50 2021- 7-29 12:43       55 16  161 24  22.11 0.21  0.0   12  2.3  3.7        50
   51 2021- 7-29 12:52     - 55 23  161 27  36.04 0.12  0.0    7 11.3  7.9        51
   52 2021- 7-29 13:03       55 27  162  6  34.30 0.13  0.0    6  2.2  7.3        52
   53 2021- 7-29 13:15       55 14  161 12  24.86 0.15  0.0   10  3.8  6.0        53
   54 2021- 7-29 13:18     - 55 17  160 49  17.50 0.19  0.0   10 17.4 20.3        54
   55 2021- 7-29 13:30     - 55 15  160 55  18.58 0.23  0.0   11  7.8 20.4        55
   56 2021- 7-29 13:48       55 15  161  5  31.74 0.11  0.0    9  3.7  3.3        56
   57 2021- 7-29 14:02     - 55 12  159 59  17.50 0.22  0.0    9 20.1 22.4        57
   58 2021- 7-29 14:08       55 19  161 10  47.29 0.16  0.0    8  5.9  3.4        58
   59 2021- 7-29 14:16       55 14  160 58  15.89 0.11  0.0    7  5.0  5.6        59
   60 2021- 7-29 14:20     - 54 59  160  2  17.49 0.22  0.0    6 21.0 21.8        60
  SEQ ---DATE--- TIME REMARK -LAT-  --LON-  DEPTH  RMS PMAG  NUM  ERH  ERZ  ID
   61 2021- 7-29 14:48       55 27  162 13  26.75 0.03  0.0    5  2.6  6.1        61
   62 2021- 7-29 14:49     - 55 18  161  6  45.41 0.13  0.0    9 13.3  3.7        62
   63 2021- 7-29 14:53       55 18  161  4  35.16 0.24  0.0   10  3.4  6.2        63
   64 2021- 7-29 14:57       55 18  161 32  20.07 0.01  0.0    5  3.0  1.6        64
   65 2021- 7-29 14:58     - 55 27  161 13  16.84 0.41  0.0    9  4.6 26.6        65
   66 2021- 7-29 15:11     - 54 36  161 19  17.60 0.14  0.0   12  5.5 13.9        66
   67 2021- 7-29 15:13     - 55 10  160 54  18.46 0.23  0.0   11  7.6 20.6        67
   68 2021- 7-29 15:30     # 55 13  161 21  19.80 0.20  0.0    8  4.4  1.8        68
   69 2021- 7-29 16:00     - 54 60  160 50  17.50 0.35  0.0    9 27.4 32.0        69
   70 2021- 7-29 16:08       55 16  160 57  28.78 0.21  0.0   12  3.2 10.4        70
   71 2021- 7-29 16:09     - 55 13  160 48  17.55 0.17  0.0   11  6.5 17.5        71
   72 2021- 7-29 16:38     - 55 15  161 13   3.91 0.07  0.0    7  8.3 13.9        72
   73 2021- 7-29 17:00     - 55 15  161  2  29.30 0.21  0.0   10 17.3  8.8        73
   74 2021- 7-29 17:04     - 55 14  161 27  43.18 0.08  0.0    4  9.2  7.2        74
   75 2021- 7-29 17:08     - 55 22  161 28  21.91 0.07  0.0    5 13.1  2.3        75
  SEQ ---DATE--- TIME REMARK -LAT-  --LON-  DEPTH  RMS PMAG  NUM  ERH  ERZ  ID
   76 2021- 7-29 17:23       55 13  161 20  17.23 0.16  0.0   11  4.1  3.1        76
   77 2021- 7-29 17:28     - 55 29  161 47   3.83 0.19  0.0    4  5.3 16.7        77
   78 2021- 7-29 17:33     - 55 13  160 51  26.11 0.15  0.0    7 16.9 16.0        78
   79 2021- 7-29 17:34       55 28  161  6  46.62 0.24  0.0    8  9.6  4.7        79
   80 2021- 7-29 17:52     - 55 16  160 42  46.42 0.16  0.0   10 14.8  6.5        80
   81 2021- 7-29 18:14     - 55  7  161  5  16.25 0.35  0.0    8 22.8  6.5        81
   82 2021- 7-29 18:17       55  9  161 13  13.19 0.08  0.0    5  2.7  2.0        82
   83 2021- 7-29 18:38     # 55 13  161  8  24.72 0.18  0.0   11  3.3  1.4        83
   84 2021- 7-29 18:46       55 19  160 51  40.68 0.11  0.0    9  3.0  4.8        84
   85 2021- 7-29 18:53     # 54 45  161 57   6.86 0.11  0.0    6  4.9  1.1        85
   86 2021- 7-29 19:12       55 16  161 20  19.76 0.19  0.0   11  2.9  1.0        86
   87 2021- 7-29 19:30       55 26  161  9  26.28 0.05  0.0    6  3.1  6.0        87
   88 2021- 7-29 19:53     - 55 16  160 36  21.57 0.15  0.0   10 16.1  2.8        88
   89 2021- 7-29 20:21     - 55 22  160 31  76.33 0.23  0.0    9 19.7 11.4        89
   90 2021- 7-29 20:23       55  6  160 51  13.59 0.24  0.0   10  2.4  7.3        90
  SEQ ---DATE--- TIME REMARK -LAT-  --LON-  DEPTH  RMS PMAG  NUM  ERH  ERZ  ID
   91 2021- 7-29 20:25     - 55 13  160 48  17.65 0.14  0.0    9  5.9 15.6        91
   92 2021- 7-29 20:31     - 55 14  160 58  18.11 0.13  0.0    9 14.1  2.6        92
   93 2021- 7-29 20:33     - 55 12  160 49  17.02 0.14  0.0   12  5.8 15.2        93
   94 2021- 7-29 20:42       55  8  161 45  18.91 0.04  0.0    5  5.5  3.1        94
   95 2021- 7-29 21:00       55 13  161 16  17.75 0.12  0.0    8  3.2  1.5        95
   96 2021- 7-29 21:08       55 23  160 48  17.03 0.19  0.0    5  7.7  3.2        96
   97 2021- 7-29 21:18     - 55 14  160 55  18.82 0.22  0.0   11  7.8 20.3        97
   98 2021- 7-29 21:39     - 55 15  161  8  19.52 0.15  0.0   10  5.9 15.6        98
   99 2021- 7-29 22:02       55 16  161  1  17.42 0.06  0.0    7  3.0  1.0        99
  100 2021- 7-29 22:19     - 55 15  161  3  25.86 0.13  0.0    9 13.3  9.0       100
  101 2021- 7-29 22:56       55 14  160 33  22.01 0.12  0.0   11  2.9  1.8       101
  102 2021- 7-29 23:38       55 14  160 48  27.86 0.10  0.0   12  2.8 10.0       102
