 HYPOINVERSE 2000 STARTING
6/2014 VERSION 1.40 (geoid depth possible)                            
 COMMAND?     33 STATIONS READ IN.
  FIND INPUT PHASE FILE TYPE & SET PHS(COP) & ARC(CAR) FORMATS
  INPUT IS A HYPOINVERSE ARCHIVE-2000 FILE, NO SHADOWS
  SETTING FORMATS COP 3, CAR 1
  SEQ ---DATE--- TIME REMARK -LAT-  --LON-  DEPTH  RMS PMAG  NUM  ERH  ERZ  ID
    1 2021- 7-29  7:59     # 55 25  162 32  27.04 0.64  0.0   10  8.3 27.4         1
    2 2021- 7-29  8:03     - 55 17  161  3  18.09 0.37  0.0    8  3.5 31.4         2
    3 2021- 7-29  8:09     - 55  3  161  4  17.87 0.07  0.0    5  2.4 11.5         3
    4 2021- 7-29  8:13     - 55 16  161 10  26.77 0.08  0.0    5 11.5  5.8         4
    5 2021- 7-29  8:16     # 55 17  161 17  30.02 0.13  0.0    8  2.8  3.2         5
 *** DISTANCE & RESIDUAL WEIGHTING CANCELLED FOR EVENT: 2021  7 29  8 17
    6 2021- 7-29  8:17     # 55 17  161 33  50.03 0.36  0.0    6  9.5  5.6         6
    7 2021- 7-29  8:25     - 55 11  160 52  18.45 0.13  0.0    6  4.7 14.8         7
    8 2021- 7-29  8:40     - 55 15  160 28  48.04 0.15  0.0   10 15.3  8.0         8
    9 2021- 7-29  8:55     - 54 60  161 27  10.47 0.10  0.0    5  2.8 12.0         9
   10 2021- 7-29  8:58     - 55 42  162  8  17.63 0.16  0.0    5  4.7 17.8        10
   11 2021- 7-29  9:08     - 55  7  160 55  17.99 0.21  0.0   10  2.6 15.6        11
   12 2021- 7-29  9:17       55 19  160 56  36.88 0.26  0.0   11  3.2  7.3        12
   13 2021- 7-29  9:23       55 16  160 52  44.18 0.20  0.0   12  3.6  4.9        13
   14 2021- 7-29  9:26     - 55 21  161  2  29.30 0.19  0.0    7 17.3  1.3        14
   15 2021- 7-29  9:28     - 55 14  160 46  30.61 0.15  0.0   10 15.7 17.3        15
  SEQ ---DATE--- TIME REMARK -LAT-  --LON-  DEPTH  RMS PMAG  NUM  ERH  ERZ  ID
   16 2021- 7-29  9:36       55  5  161 45  12.57 0.10  0.0    6  3.2  2.2        16
   17 2021- 7-29  9:38     - 54 57  161 20  18.04 0.15  0.0    6  3.6 14.6        17
   18 2021- 7-29  9:43       55  5  161 26  27.89 0.09  0.0    6  2.9  5.7        18
   19 2021- 7-29  9:45     - 55 17  160 58  17.46 0.10  0.0    7  2.9 11.7        19
   20 2021- 7-29  9:52       55 16  161 12  25.80 0.24  0.0   11  3.3  5.1        20
   21 2021- 7-29  9:54     - 55 11  160 28  17.98 0.32  0.0   13  4.7 26.9        21
   22 2021- 7-29  9:59     - 55 11  161  6  23.37 0.15  0.0    7 14.1  5.9        22
   23 2021- 7-29 10:02       55  4  161 21  20.75 0.10  0.0    7  1.7  4.6        23
   24 2021- 7-29 10:05       55 17  161 47  21.31 0.99  0.0    6 19.2 31.5        24
   25 2021- 7-29 10:06     - 55 20  161 43  13.82 0.10  0.0    4 13.9  4.0        25
   26 2021- 7-29 10:13     - 55 16  160 54  18.03 0.19  0.0    5  3.8 19.6        26
   27 2021- 7-29 10:16     - 55  2  160 57  13.85 0.27  0.0    7 19.2 26.0        27
   28 2021- 7-29 10:17       55 12  161 18  17.25 0.19  0.0   11  2.3  7.4        28
   29 2021- 7-29 10:20     - 55 21  161 44  26.59 0.11  0.0    4  6.7 12.8        29
   30 2021- 7-29 10:22       55 20  161 27  22.99 0.13  0.0    8  3.0  2.3        30
  SEQ ---DATE--- TIME REMARK -LAT-  --LON-  DEPTH  RMS PMAG  NUM  ERH  ERZ  ID
   31 2021- 7-29 10:24     - 55 16  161 23  25.67 0.11  0.0    7 10.9  6.8        31
   32 2021- 7-29 10:27     - 55 13  161  1  30.73 0.19  0.0    9 17.1 14.3        32
   33 2021- 7-29 10:38     - 55 10  160 38  19.34 0.29  0.0   11  7.8 22.3        33
   34 2021- 7-29 10:42     - 55 16  161 12  16.45 0.10  0.0    5 14.3  8.4        34
   35 2021- 7-29 10:50     - 54 37  160 55  18.79 0.46  0.0   10  4.6 39.7        35
   36 2021- 7-29 10:54     - 55 19  161  6  17.50 0.17  0.0    6  4.0 15.8        36
   37 2021- 7-29 10:59       55 35  161 10  17.28 0.13  0.0    8  1.6 10.5        37
   38 2021- 7-29 11:05       55 13  161  1  41.61 0.27  0.0   10  5.7  5.8        38
   39 2021- 7-29 11:09     - 55 15  161  3  29.51 0.15  0.0   10 13.0  1.0        39
   40 2021- 7-29 11:17     - 55 16  161 45  17.90 0.02  0.0    4  7.2  9.1        40
   41 2021- 7-29 11:24     - 55  9  163 31  19.16 0.67  0.0    7  6.6 55.0        41
   42 2021- 7-29 11:29     - 55 15  160 40  42.85 0.21  0.0   11 18.2  9.7        42
   43 2021- 7-29 11:42       55 15  161  5  18.00 0.27  0.0   10 11.2 10.5        43
   44 2021- 7-29 11:48     - 55 17  160 34  45.92 0.17  0.0    8 16.3  9.7        44
   45 2021- 7-29 12:17     - 55 21  160 56  28.50 0.19  0.0    6 19.2  2.6        45
  SEQ ---DATE--- TIME REMARK -LAT-  --LON-  DEPTH  RMS PMAG  NUM  ERH  ERZ  ID
   46 2021- 7-29 12:18       55 16  161 25  28.10 0.13  0.0    7  4.0  2.8        46
   47 2021- 7-29 12:24     - 55 21  161 27   3.68 0.12  0.0    5  2.7 15.9        47
   48 2021- 7-29 12:28     # 55  6  160 59  28.37 0.32  0.0    9  9.2  1.4        48
   49 2021- 7-29 12:32     - 55 19  161  8  29.67 0.21  0.0    7 16.5  1.8        49
   50 2021- 7-29 12:43       55 16  161 22  24.87 0.20  0.0   12  2.3  3.9        50
   51 2021- 7-29 12:52     - 55 24  161 32  35.84 0.11  0.0    7 10.5  8.8        51
   52 2021- 7-29 13:03       55 27  162  6  35.59 0.13  0.0    6  2.2  7.2        52
   53 2021- 7-29 13:15     # 55 15  161 10  29.29 0.16  0.0   10  5.5  1.1        53
   54 2021- 7-29 13:18     - 55 17  160 49  18.37 0.26  0.0   11  6.6 18.2        54
   55 2021- 7-29 13:30     - 55 11  160 50  18.74 0.22  0.0   10  3.2 17.3        55
   56 2021- 7-29 13:48       55 15  161  5  34.34 0.12  0.0   10  3.4  3.3        56
   57 2021- 7-29 14:02     - 55  7  160 31  18.05 0.43  0.0    9 27.4 32.6        57
   58 2021- 7-29 14:08       55 18  161  7  50.89 0.16  0.0    8  5.6  3.6        58
   59 2021- 7-29 14:16     - 55 12  160 52  18.53 0.09  0.0    7  2.3 13.0        59
   60 2021- 7-29 14:20     - 55 11  159 39  18.01 0.21  0.0    5 20.4 21.2        60
  SEQ ---DATE--- TIME REMARK -LAT-  --LON-  DEPTH  RMS PMAG  NUM  ERH  ERZ  ID
   61 2021- 7-29 14:48       55 27  162 12  28.35 0.04  0.0    5  2.3  7.0        61
   62 2021- 7-29 14:49     - 55 18  161  5  48.04 0.13  0.0    9 13.3  3.9        62
   63 2021- 7-29 14:53     - 55 15  161  1  30.08 0.14  0.0   10  1.9 16.6        63
   64 2021- 7-29 14:57       55 17  161 28  20.88 0.02  0.0    5  3.6  2.6        64
   65 2021- 7-29 14:58     - 55 26  161  9   8.73 0.42  0.0    9  5.2 31.4        65
   66 2021- 7-29 15:11     - 54 34  161 15  17.95 0.13  0.0   13  1.2 14.3        66
   67 2021- 7-29 15:13     - 55  7  160 44  18.59 0.27  0.0   10 14.6 16.9        67
   68 2021- 7-29 15:30       55 13  161 19  24.35 0.21  0.0    8  2.6  6.7        68
   69 2021- 7-29 16:00     - 54 58  160 32  55.98 0.33  0.0    9 27.2 17.0        69
   70 2021- 7-29 16:08       55 14  160 52  26.99 0.20  0.0   12  3.1  1.1        70
   71 2021- 7-29 16:09     - 55 10  160 43  18.65 0.25  0.0   11  3.6 19.6        71
   72 2021- 7-29 16:38     - 55 15  161 20  10.30 0.15  0.0    7 10.4 13.2        72
   73 2021- 7-29 17:00     - 55 15  161  2  31.18 0.20  0.0   10 16.6 10.7        73
 *** DISTANCE & RESIDUAL WEIGHTING CANCELLED FOR EVENT: 2021  7 29 17  4
   74 2021- 7-29 17:03     # 55 14  161 31  66.86 0.52  0.0    6 16.1 10.4        74
   75 2021- 7-29 17:08     - 55 22  161 35  20.15 0.03  0.0    4 11.3  5.3        75
  SEQ ---DATE--- TIME REMARK -LAT-  --LON-  DEPTH  RMS PMAG  NUM  ERH  ERZ  ID
   76 2021- 7-29 17:22       55 12  161 15  17.24 0.17  0.0   11  4.5  7.8        76
   77 2021- 7-29 17:28     - 55 28  161 47   3.49 0.37  0.0    5  8.6 32.8        77
   78 2021- 7-29 17:33     - 55 14  161  1  30.42 0.14  0.0    6  4.8 15.7        78
   79 2021- 7-29 17:34       55 28  161  3  49.83 0.24  0.0    8 10.0  4.7        79
   80 2021- 7-29 17:52     - 55 15  160 33  50.78 0.14  0.0   10 15.3  7.5        80
   81 2021- 7-29 18:14     - 55  4  160 56  18.00 0.34  0.0    8 22.4 25.0        81
   82 2021- 7-29 18:17     - 55  6  161  9   8.64 0.11  0.0    6  2.6 13.9        82
   83 2021- 7-29 18:38     - 55  8  160 50  29.62 0.30  0.0   11 21.4 27.7        83
   84 2021- 7-29 18:46       55 19  160 47  44.37 0.11  0.0    9  3.1  4.9        84
   85 2021- 7-29 18:53     - 54 31  161 56  15.39 0.26  0.0    6 20.6 22.9        85
   86 2021- 7-29 19:12       55 17  161 19  27.21 0.16  0.0   10  3.1  3.2        86
   87 2021- 7-29 19:30       55 26  161 10  26.01 0.09  0.0    6  3.7  6.4        87
   88 2021- 7-29 19:53     - 55 12  160 28  18.11 0.23  0.0   10 17.6 18.9        88
   89 2021- 7-29 20:21     - 55 18  161  6  48.94 0.24  0.0    8 18.9  8.3        89
   90 2021- 7-29 20:23     - 55  5  160 45  20.81 0.19  0.0   11  3.5 15.6        90
  SEQ ---DATE--- TIME REMARK -LAT-  --LON-  DEPTH  RMS PMAG  NUM  ERH  ERZ  ID
   91 2021- 7-29 20:25       55 15  160 60  29.80 0.13  0.0    9  4.4  0.9        91
   92 2021- 7-29 20:31     - 55 15  161  1  29.16 0.12  0.0    9 13.0  0.8        92
   93 2021- 7-29 20:33     - 55 10  160 43  18.32 0.22  0.0   12  3.3 18.5        93
   94 2021- 7-29 20:42       55  8  161 45  18.03 0.03  0.0    5  5.4  3.3        94
   95 2021- 7-29 21:00       55 14  161 28  16.40 0.14  0.0    9  5.2  2.8        95
   96 2021- 7-29 21:08     - 55 28  160 45  18.41 0.16  0.0    5  5.9 17.0        96
   97 2021- 7-29 21:18       55 15  160 55  18.00 0.25  0.0   10  5.6 16.7        97
   98 2021- 7-29 21:39       55 15  161  6  29.74 0.14  0.0   10  3.2  0.6        98
   99 2021- 7-29 22:02     - 55 16  160 59  18.24 0.08  0.0    7  3.0 11.1        99
  100 2021- 7-29 22:19     - 55 15  160 60  29.92 0.14  0.0    9 14.2  1.1       100
  101 2021- 7-29 22:56     - 55 11  160 26  18.27 0.24  0.0   12  4.4 21.6       101
  102 2021- 7-29 23:38     - 55 14  160 45  32.29 0.10  0.0   12  3.0 11.5       102
