 HYPOINVERSE 2000 STARTING
6/2014 VERSION 1.40 (geoid depth possible)                            
 COMMAND?     33 STATIONS READ IN.
  FIND INPUT PHASE FILE TYPE & SET PHS(COP) & ARC(CAR) FORMATS
  INPUT IS A HYPOINVERSE ARCHIVE-2000 FILE, NO SHADOWS
  SETTING FORMATS COP 3, CAR 1
  SEQ ---DATE--- TIME REMARK -LAT-  --LON-  DEPTH  RMS PMAG  NUM  ERH  ERZ  ID
    1 2021- 7-29  7:59     - 55 27  162 21  -2.06 0.38  0.0    7  2.3 34.3         1
    2 2021- 7-29  8:03     - 55 26  162 12  -3.05 0.30  0.0    7  1.6 27.5         2
    3 2021- 7-29  8:09       55  4  161 12   6.04 0.11  0.0    5  1.8  3.5         3
    4 2021- 7-29  8:13     # 55 20  161 48  -3.16 0.83  0.0    6  6.7 15.2         4
    5 2021- 7-29  8:16     # 55 22  162  1  -3.05 0.88  0.0    7  6.3 40.1         5
 *** DISTANCE & RESIDUAL WEIGHTING CANCELLED FOR EVENT: 2021  7 29  8 17
    6 2021- 7-29  8:17     - 55 20  162  8  -2.00 0.69  0.0    6  3.1 53.9         6
    7 2021- 7-29  8:26     - 55 17  161 56  -2.43 0.08  0.0    4  2.5 13.7         7
    8 2021- 7-29  8:40     # 55 24  161 48  -3.12 1.66  0.0   12  4.1 10.6         8
    9 2021- 7-29  8:56     # 55  7  161 47  -3.18 0.17  0.0    5  6.8 11.0         9
   10 2021- 7-29  8:58     - 55 37  162 15  -2.16 0.23  0.0    6  2.1 22.7        10
   11 2021- 7-29  9:08       55  9  161  0  17.23 0.15  0.0    8  2.1  3.0        11
   12 2021- 7-29  9:17     - 55 26  162 11  -1.89 1.40  0.0   13  3.4 88.3        12
   13 2021- 7-29  9:23     # 55 26  161 44  -3.18 1.60  0.0   11 14.7 11.2        13
   14 2021- 7-29  9:26     - 55 21  160 17  -2.00 0.17  0.0    7 13.4 14.6        14
   15 2021- 7-29  9:28     # 55 25  161 44  -3.18 1.27  0.0    9 13.6 11.3        15
  SEQ ---DATE--- TIME REMARK -LAT-  --LON-  DEPTH  RMS PMAG  NUM  ERH  ERZ  ID
   16 2021- 7-29  9:36     # 55  7  161 57  -3.05 0.39  0.0    5  2.5 17.8        16
   17 2021- 7-29  9:38     - 54 59  161 29  -2.01 0.10  0.0    6  2.2 14.7        17
   18 2021- 7-29  9:43     - 55  4  161 32  -2.11 0.02  0.0    5  1.1 12.3        18
   19 2021- 7-29  9:45     # 55 20  161 43  -3.18 0.71  0.0    5  7.7  9.6        19
   20 2021- 7-29  9:52       55 17  161 14  19.31 0.22  0.0   11  3.4  1.5        20
   21 2021- 7-29  9:54     # 55 27  161 49  -3.16 0.74  0.0   10  7.8 28.1        21
   22 2021- 7-29  9:59     # 55 19  161 45  -3.16 1.15  0.0    7  7.6 17.4        22
   23 2021- 7-29 10:02     # 55 10  161 49  -3.18 0.93  0.0    9  6.4 10.7        23
   24 2021- 7-29 10:05     - 55 22  161 53  -1.94 0.27  0.0    4  2.4 25.9        24
   25 2021- 7-29 10:06     - 55 16  161 35  -2.04 0.10  0.0    5  1.2 14.4        25
   26 2021- 7-29 10:13     - 55 17  161  1  -1.24 0.15  0.0    5  2.1 17.6        26
   27 2021- 7-29 10:16     - 55 12  161 15  -1.99 0.27  0.0    7 15.0 25.2        27
   28 2021- 7-29 10:17     - 55 14  161 31  -2.03 0.30  0.0    9  2.6 23.5        28
   29 2021- 7-29 10:20     - 55 22  161 55  -2.00 0.09  0.0    4  1.5 14.7        29
   30 2021- 7-29 10:22     - 55 23  162  1  -2.56 0.80  0.0    8  4.3 48.0        30
  SEQ ---DATE--- TIME REMARK -LAT-  --LON-  DEPTH  RMS PMAG  NUM  ERH  ERZ  ID
   31 2021- 7-29 10:24     - 55 17  161 41  -3.18 0.50  0.0    7  6.7 30.5        31
   32 2021- 7-29 10:27     # 55 19  161 49  -3.16 0.88  0.0    9  3.6 14.3        32
   33 2021- 7-29 10:38     # 55 24  161 42  -3.18 1.54  0.0   10 13.6 10.9        33
   34 2021- 7-29 10:42     # 55 18  161 54  -3.05 0.55  0.0    5  3.5 14.7        34
   35 2021- 7-29 10:50     - 54 44  161  8  -2.44 0.37  0.0   10 15.2 18.3        35
   36 2021- 7-29 10:54     - 55 20  161 10   1.82 0.14  0.0    6  2.0 12.9        36
   37 2021- 7-29 10:59     - 55 35  161 16  -1.90 0.15  0.0    9  1.2 16.3        37
   38 2021- 7-29 11:05     # 55 14  161 40  -3.16 0.93  0.0   10  9.1 37.1        38
   39 2021- 7-29 11:09     # 55 22  161 46  -3.18 0.82  0.0    8  4.9  5.7        39
 *** DISTANCE & RESIDUAL WEIGHTING CANCELLED FOR EVENT: 2021  7 29 11 17
   40 2021- 7-29 11:17     - 55 15  161 48  -1.83 1.15  0.0    6 16.7 94.0        40
   41 2021- 7-29 11:24     - 55  6  163 26  15.32 0.60  0.0    7 19.0 47.2        41
   42 2021- 7-29 11:29     # 55 21  161 56  -3.12 1.22  0.0   11  2.8 16.4        42
   43 2021- 7-29 11:42     # 55 22  161 48  -3.18 1.51  0.0   11  4.0  6.9        43
   44 2021- 7-29 11:48     # 55 21  161 57  -3.16 0.84  0.0    8  2.2 23.5        44
   45 2021- 7-29 12:17     - 55 15  160 38   0.26 0.28  0.0    7 19.2 22.7        45
  SEQ ---DATE--- TIME REMARK -LAT-  --LON-  DEPTH  RMS PMAG  NUM  ERH  ERZ  ID
   46 2021- 7-29 12:18     # 55 21  161 52  -3.16 0.89  0.0    9  3.1 26.4        46
   47 2021- 7-29 12:24     # 55 25  161 51  -3.05 1.28  0.0    7  5.6 24.0        47
   48 2021- 7-29 12:28     # 55 19  161 44  -3.18 1.34  0.0    8  9.2 16.8        48
   49 2021- 7-29 12:32     # 55 19  161 56  -3.12 0.81  0.0    6  3.6 19.3        49
   50 2021- 7-29 12:43       55 16  161 22  20.29 0.21  0.0   12  2.5  5.0        50
   51 2021- 7-29 12:52     - 55 25  162  2  -1.95 0.17  0.0    5  0.9 18.4        51
   52 2021- 7-29 13:03     - 55 27  162 15  -2.05 0.21  0.0    4  1.8 21.5        52
   53 2021- 7-29 13:15     # 55 22  161 53  -3.16 1.31  0.0   12  4.2 14.8        53
   54 2021- 7-29 13:18     # 55 25  161 38  -3.19 1.17  0.0    8 12.6 17.9        54
   55 2021- 7-29 13:31     # 55 20  161 45  -3.18 1.11  0.0    8  6.6 11.2        55
   56 2021- 7-29 13:48     - 55 15  161  6  21.21 0.14  0.0   10  2.6 12.9        56
   57 2021- 7-29 14:02     - 55 10  159 36  -2.00 0.22  0.0   10 20.2 21.6        57
   58 2021- 7-29 14:08     - 55 25  161 60  -1.94 0.18  0.0    5  0.9 18.7        58
   59 2021- 7-29 14:16     # 55 22  161 44  -3.18 1.24  0.0    6 14.3  8.0        59
   60 2021- 7-29 14:20     - 55 14  160 21  -1.99 0.26  0.0    6 20.8 23.1        60
  SEQ ---DATE--- TIME REMARK -LAT-  --LON-  DEPTH  RMS PMAG  NUM  ERH  ERZ  ID
   61 2021- 7-29 14:48     - 55 27  162 20  -2.08 0.26  0.0    5  2.2 24.0        61
   62 2021- 7-29 14:50     # 55 23  161 52  -3.16 0.99  0.0   10  4.1 14.6        62
   63 2021- 7-29 14:53     # 55 25  161 42  -3.18 1.72  0.0   11  9.0 17.4        63
   64 2021- 7-29 14:57     - 55 20  161 60  -1.73 0.17  0.0    4  1.5 18.7        64
   65 2021- 7-29 14:58       55 29  161 11  17.19 0.26  0.0    9  4.0  6.5        65
   66 2021- 7-29 15:11     # 55 14  162  3  -2.90 2.61  0.0   12  5.2 75.9        66
   67 2021- 7-29 15:13     - 55  6  160 21  13.80 0.21  0.0   10 13.4 15.4        67
   68 2021- 7-29 15:30     - 55 15  161 30  -1.98 0.37  0.0    7  3.3 31.6        68
   69 2021- 7-29 16:00     # 55 16  161 55  -3.05 0.97  0.0    9  4.0 24.0        69
   70 2021- 7-29 16:08     - 55 16  160 57  24.74 0.22  0.0   12  6.1 20.7        70
   71 2021- 7-29 16:09     # 55 25  161 33  -3.16 1.32  0.0    8 15.8 35.2        71
   72 2021- 7-29 16:38     # 55 24  161 43  -3.18 1.89  0.0   10 11.6 16.0        72
   73 2021- 7-29 17:00     - 55 13  159 44  -2.00 0.17  0.0   11 16.9 18.5        73
   74 2021- 7-29 17:04     - 55 16  162 26  -3.19 0.13  0.0    5  2.8 16.3        74
   75 2021- 7-29 17:08     - 55 21  161 55  -2.50 0.02  0.0    4  1.7 12.5        75
  SEQ ---DATE--- TIME REMARK -LAT-  --LON-  DEPTH  RMS PMAG  NUM  ERH  ERZ  ID
   76 2021- 7-29 17:23     # 55 19  161 46  -3.18 1.17  0.0    9  4.6 15.9        76
   77 2021- 7-29 17:28     - 55 29  161 47   0.06 0.14  0.0    4  4.3 16.2        77
   78 2021- 7-29 17:33     # 55 22  162  2  -2.90 0.84  0.0    8  5.0 42.9        78
   79 2021- 7-29 17:34     - 55 26  161 49  -0.61 0.22  0.0    4  4.4 22.2        79
   80 2021- 7-29 17:52     # 55 21  162  3  -3.05 1.21  0.0   10  4.1 52.9        80
   81 2021- 7-29 18:14     - 55  9  161 22  -2.02 0.47  0.0    8 16.0 38.1        81
   82 2021- 7-29 18:17     - 55 13  161 50  -3.20 0.46  0.0    5 10.6 37.1        82
   83 2021- 7-29 18:38     # 55 20  161 53  -3.16 1.43  0.0   11  3.3  7.2        83
   84 2021- 7-29 18:46     - 55 17  161 52  -1.71 0.23  0.0    6  1.2 19.3        84
   85 2021- 7-29 18:53     - 54 49  161 59  -2.60 0.17  0.0    6  4.5 17.4        85
   86 2021- 7-29 19:12     # 55 23  161 49  -3.18 1.21  0.0    9  3.9  7.9        86
   87 2021- 7-29 19:30     # 55 24  161 44  -3.12 1.06  0.0    8 10.7 14.2        87
   88 2021- 7-29 19:53     # 55 25  161 40  -3.19 1.57  0.0   10 12.9 11.9        88
   89 2021- 7-29 20:21     # 55 21  161 57  -3.12 1.45  0.0    8  6.7 27.5        89
   90 2021- 7-29 20:23     # 55 20  161 51  -3.16 0.75  0.0   10  2.4  3.6        90
  SEQ ---DATE--- TIME REMARK -LAT-  --LON-  DEPTH  RMS PMAG  NUM  ERH  ERZ  ID
   91 2021- 7-29 20:25     # 55 22  161 44  -3.18 1.44  0.0    8  6.8  9.5        91
   92 2021- 7-29 20:31     # 55 15  161 40  -3.12 0.55  0.0    8  5.5 20.8        92
   93 2021- 7-29 20:33     # 55 25  161 42  -3.18 1.37  0.0   11 15.7  8.5        93
   94 2021- 7-29 20:42     - 55 13  161 56  -2.14 0.09  0.0    4  1.2 14.7        94
   95 2021- 7-29 21:00     # 55 14  161 51  -3.05 0.56  0.0    9  3.7 21.3        95
   96 2021- 7-29 21:08     # 55 28  161 45  -3.05 0.62  0.0    4 18.7 30.9        96
   97 2021- 7-29 21:18     # 55 22  161 46  -3.18 1.26  0.0   10  4.6  6.6        97
   98 2021- 7-29 21:39       55 15  161  8  25.58 0.14  0.0   10  3.0  5.3        98
   99 2021- 7-29 22:02     # 55 18  161 52  -3.16 0.53  0.0    6  8.3 15.0        99
  100 2021- 7-29 22:19     # 55 23  161 46  -3.18 1.67  0.0   10  5.2 11.0       100
  101 2021- 7-29 22:56     # 55 24  161 42  -3.18 1.44  0.0   11 13.0  8.3       101
  102 2021- 7-29 23:38     # 55 22  161 57  -3.16 1.18  0.0   10  3.4 24.5       102
