 HYPOINVERSE 2000 STARTING
6/2014 VERSION 1.40 (geoid depth possible)                            
 COMMAND?     33 STATIONS READ IN.
  FIND INPUT PHASE FILE TYPE & SET PHS(COP) & ARC(CAR) FORMATS
  INPUT IS A HYPOINVERSE ARCHIVE-2000 FILE, NO SHADOWS
  SETTING FORMATS COP 3, CAR 1
  SEQ ---DATE--- TIME REMARK -LAT-  --LON-  DEPTH  RMS PMAG  NUM  ERH  ERZ  ID
    1 2021- 7-29  7:59     - 55 27  162 20   9.20 0.27  0.0    5  2.7 23.9         1
    2 2021- 7-29  8:03     - 54 60  161 15   4.61 0.21  0.0    6  8.2 18.7         2
    3 2021- 7-29  8:13     - 55 16  161 42  25.84 0.12  0.0    4 10.6  6.2         3
    4 2021- 7-29  8:16     - 55 25  161 38  33.38 0.26  0.0    5 14.8 11.4         4
    5 2021- 7-29  8:26     - 55 17  161 50  10.67 0.02  0.0    4  8.7  8.4         5
    6 2021- 7-29  8:40       55 14  160 54  32.52 0.13  0.0   10  3.1  0.7         6
 *** DISTANCE & RESIDUAL WEIGHTING CANCELLED FOR EVENT: 2021  7 29  8 56
    7 2021- 7-29  8:55     - 55 25  162  3   4.27 0.89  0.0    4 24.2 48.1         7
    8 2021- 7-29  9:08       55 12  161 16  32.15 0.09  0.0    7  3.0  4.1         8
    9 2021- 7-29  9:17     - 55 21  160 51   3.78 0.33  0.0    8 11.1 25.8         9
   10 2021- 7-29  9:23       55 17  160 55  45.53 0.21  0.0   11  4.4  4.6        10
   11 2021- 7-29  9:26     - 55 20  160 56  35.22 0.18  0.0    6 18.3 14.2        11
   12 2021- 7-29  9:28     - 55 20  161  0  31.82 0.12  0.0    8 12.0  1.9        12
   13 2021- 7-29  9:36       55  5  161 46  12.59 0.00  0.0    4  3.3  2.1        13
   14 2021- 7-29  9:38     - 55  4  161 47   5.00 0.13  0.0    4 12.2 16.3        14
   15 2021- 7-29  9:43     - 55 27  162 16   5.06 0.09  0.0    4  3.1 14.1        15
  SEQ ---DATE--- TIME REMARK -LAT-  --LON-  DEPTH  RMS PMAG  NUM  ERH  ERZ  ID
   16 2021- 7-29  9:45     - 55 16  161  4   5.27 0.03  0.0    5  5.5 11.4        16
   17 2021- 7-29  9:52     - 55 16  161  2  32.73 0.23  0.0   10 17.1  1.2        17
 *** DISTANCE & RESIDUAL WEIGHTING CANCELLED FOR EVENT: 2021  7 29  9 54
   18 2021- 7-29  9:54     # 55 26  161 32  12.64 1.54  0.0    9 15.3 16.0        18
   19 2021- 7-29  9:59     - 55 10  161 39  12.72 0.13  0.0    4 13.8  7.2        19
   20 2021- 7-29 10:02     - 55  4  161 22   6.96 0.35  0.0    5  4.8 31.4        20
   21 2021- 7-29 10:05     - 54 59  161 52   4.81 0.01  0.0    4 11.6  2.9        21
   22 2021- 7-29 10:13     - 55 34  163 32   5.01 0.21  0.0    4 18.1 21.2        22
   23 2021- 7-29 10:16       55 11  161 28   4.93 0.25  0.0    6 15.0  3.0        23
   24 2021- 7-29 10:17     - 55 13  161 22   8.38 0.17  0.0    8  2.4 16.5        24
 *** DISTANCE & RESIDUAL WEIGHTING CANCELLED FOR EVENT: 2021  7 29 10 20
   25 2021- 7-29 10:20     - 55 33  163 36   5.01 0.33  0.0    4 26.6 30.0        25
   26 2021- 7-29 10:22       55 26  161 45  19.19 0.13  0.0    5  4.3  1.6        26
   27 2021- 7-29 10:24     - 55  7  160 41   5.02 0.23  0.0    7 19.6 22.9        27
   28 2021- 7-29 10:27     - 55 12  160 45   4.58 0.31  0.0   10 12.1 25.6        28
   29 2021- 7-29 10:38     - 55 15  160 51  35.19 0.12  0.0    9 12.9  9.2        29
   30 2021- 7-29 10:42     - 55 16  161 18  18.26 0.10  0.0    5 13.6  5.4        30
  SEQ ---DATE--- TIME REMARK -LAT-  --LON-  DEPTH  RMS PMAG  NUM  ERH  ERZ  ID
   31 2021- 7-29 10:50     - 54 58  161  4   4.81 0.15  0.0    7  7.2 15.1        31
   32 2021- 7-29 10:50     # 55 18  163  2   0.04 0.97  0.0   10 16.4 40.2        32
   33 2021- 7-29 10:54     - 55 36  163 36   5.01 0.04  0.0    4 12.3 12.8        33
 *** DISTANCE & RESIDUAL WEIGHTING CANCELLED FOR EVENT: 2021  7 29 10 59
   34 2021- 7-29 10:59     - 55 35  161  9   5.03 0.57  0.0    5 36.2 49.1        34
   35 2021- 7-29 11:05       55  7  161 26  26.78 0.24  0.0    8  8.9  4.8        35
   36 2021- 7-29 11:09     - 55 15  161  5  27.23 0.17  0.0    9 14.2  7.5        36
   37 2021- 7-29 11:24     - 55  8  163 14   5.25 0.52  0.0    6 17.2 35.3        37
   38 2021- 7-29 11:23     - 54 23  161 41   4.99 0.15  0.0    6  7.5 16.2        38
   39 2021- 7-29 11:29     - 55 14  160 53  32.03 0.14  0.0    9 14.6  1.2        39
   40 2021- 7-29 11:42     - 55 12  160 60   5.01 0.35  0.0    9 26.3 31.9        40
   41 2021- 7-29 11:48     - 55 17  160 36  47.85 0.16  0.0    7 15.8  8.7        41
   42 2021- 7-29 12:17     - 55 15  161 13   5.00 0.11  0.0    6 13.6 15.2        42
   43 2021- 7-29 12:18     - 55 20  160 55 108.43 0.12  0.0    6 11.9  9.3        43
   44 2021- 7-29 12:24     - 55 14  161 25   9.43 0.10  0.0    4  2.1 11.8        44
   45 2021- 7-29 12:28     - 55  3  160 56   5.00 0.39  0.0    8 26.6 34.9        45
  SEQ ---DATE--- TIME REMARK -LAT-  --LON-  DEPTH  RMS PMAG  NUM  ERH  ERZ  ID
   46 2021- 7-29 12:32       55 18  161 50  15.49 0.15  0.0    5  2.3  2.8        46
   47 2021- 7-29 12:43     - 55 16  161 13   7.50 0.23  0.0    8 13.1 21.9        47
   48 2021- 7-29 12:52     - 55 29  161 50   8.37 0.13  0.0    4  6.8 14.0        48
   49 2021- 7-29 13:15     - 55 15  161 12  32.74 0.15  0.0    8 13.6  1.2        49
   50 2021- 7-29 13:18     - 55 17  160 46  34.05 0.16  0.0    9 14.0 15.5        50
   51 2021- 7-29 13:30     - 55 11  160 57   4.14 0.21  0.0    9  8.7 18.8        51
   52 2021- 7-29 13:48     - 55  8  160 37   5.00 0.37  0.0    8 29.2 33.1        52
   53 2021- 7-29 14:02     - 55  0  161  1   4.98 0.19  0.0    6 14.3 19.9        53
   54 2021- 7-29 14:08       55 23  161 42  31.75 0.02  0.0    4  5.8  6.1        54
   55 2021- 7-29 14:16     - 55 10  160 57   4.62 0.09  0.0    6  6.1 13.1        55
   56 2021- 7-29 14:20     - 55 26  162  9   9.73 0.16  0.0    4  3.5 17.6        56
 *** DISTANCE & RESIDUAL WEIGHTING CANCELLED FOR EVENT: 2021  7 29 14 43
   57 2021- 7-29 14:43     - 55 23  161 14  32.05 0.56  0.0    5 40.8  3.2        57
   58 2021- 7-29 14:48     - 55 27  162 18   6.64 0.16  0.0    4  2.1 18.5        58
   59 2021- 7-29 14:50       55 22  161 41  10.89 0.01  0.0    5  6.6  4.8        59
   60 2021- 7-29 14:53     - 55 13  160 59   5.40 0.22  0.0    8  8.7 19.6        60
 *** DISTANCE & RESIDUAL WEIGHTING CANCELLED FOR EVENT: 2021  7 29 14 57
  SEQ ---DATE--- TIME REMARK -LAT-  --LON-  DEPTH  RMS PMAG  NUM  ERH  ERZ  ID
   61 2021- 7-29 14:57     - 55 24  161 46   6.32 1.83  0.0    4 98.8  7.7        61
   62 2021- 7-29 14:58     - 55 30  161  7   4.88 0.35  0.0    8 11.6 27.1        62
   63 2021- 7-29 15:11     - 54 36  161 17  34.27 0.18  0.0   10  2.1 18.0        63
   64 2021- 7-29 15:13     - 55  4  160 30   5.01 0.26  0.0    9 21.3 24.8        64
 *** DISTANCE & RESIDUAL WEIGHTING CANCELLED FOR EVENT: 2021  7 29 15 21
   65 2021- 7-29 15:21     - 55 26  162 12   4.99 1.08  0.0    5 57.4 68.6        65
   66 2021- 7-29 15:30     - 55 13  161 23   5.11 0.30  0.0    6  9.7 19.4        66
   67 2021- 7-29 16:00     - 55  8  161 10   5.01 0.15  0.0    5 13.6 17.5        67
   68 2021- 7-29 16:08     - 55 16  161  5   5.11 0.17  0.0    8  7.9 16.6        68
   69 2021- 7-29 16:09     - 55 13  160 49  33.11 0.17  0.0   10 16.0 18.8        69
   70 2021- 7-29 16:26     - 55  4  161 50   3.33 0.05  0.0    4  3.6 12.7        70
   71 2021- 7-29 16:38     - 55 16  161 21  38.85 0.18  0.0    6 14.5  8.9        71
   72 2021- 7-29 17:00     - 55 15  161  9  33.18 0.22  0.0    9 16.9  6.2        72
   73 2021- 7-29 17:04       55 15  161 43  14.81 0.00  0.0    4  4.4  6.3        73
   74 2021- 7-29 17:08     - 55 22  161 53   5.02 0.16  0.0    4 11.1 14.8        74
   75 2021- 7-29 17:23     - 55 13  161 24   6.13 0.13  0.0    6  8.5 16.3        75
  SEQ ---DATE--- TIME REMARK -LAT-  --LON-  DEPTH  RMS PMAG  NUM  ERH  ERZ  ID
   76 2021- 7-29 17:33     - 55 14  161 18  29.51 0.15  0.0    5 13.9  8.1        76
   77 2021- 7-29 17:34     - 55 25  161 47   4.66 0.21  0.0    4 12.3 13.2        77
   78 2021- 7-29 17:52     - 55 14  160 57  37.66 0.13  0.0    8 13.4  5.9        78
   79 2021- 7-29 18:14       55 23  161 42  34.59 0.39  0.0    6 17.6 15.0        79
   80 2021- 7-29 18:38     - 55  9  160 52   5.24 0.36  0.0   10 12.8 28.9        80
   81 2021- 7-29 18:46     - 55 16  161 28  27.46 0.11  0.0    6 10.2  6.6        81
   82 2021- 7-29 18:53     # 54 48  161 60   0.03 0.02  0.0    4  6.8  2.6        82
   83 2021- 7-29 18:53     - 54 23  161 52   5.00 0.09  0.0    4 12.8 13.5        83
   84 2021- 7-29 19:12     - 55 14  160 45   5.57 0.25  0.0   10 10.0 21.7        84
   85 2021- 7-29 19:53     - 55 17  160 53  33.22 0.16  0.0   10  4.4 18.0        85
   86 2021- 7-29 20:21     - 55 18  161 10  56.67 0.24  0.0    6 19.6 10.4        86
   87 2021- 7-29 20:23     - 55  8  160 53  34.40 0.23  0.0   10  3.3 18.6        87
   88 2021- 7-29 20:25     - 55 16  161 10  33.21 0.13  0.0    7 13.5  4.6        88
   89 2021- 7-29 20:31     - 55 16  161  8   5.00 0.16  0.0    7 13.2 17.9        89
   90 2021- 7-29 20:33     - 55 14  160 47   5.01 0.17  0.0    9  7.5 16.9        90
  SEQ ---DATE--- TIME REMARK -LAT-  --LON-  DEPTH  RMS PMAG  NUM  ERH  ERZ  ID
   91 2021- 7-29 21:00     - 55 17  161  5  40.46 0.25  0.0    6 18.7  7.1        91
 *** DISTANCE & RESIDUAL WEIGHTING CANCELLED FOR EVENT: 2021  7 29 21  8
   92 2021- 7-29 21:08     - 55 20  161 14  29.16 0.40  0.0    4 28.8 14.7        92
   93 2021- 7-29 21:18     - 55 15  160 48   3.23 0.31  0.0    9 24.4 28.5        93
   94 2021- 7-29 21:39     - 55 15  161  3  33.06 0.14  0.0   10 13.6 12.3        94
   95 2021- 7-29 22:02     - 55 17  161  7   5.33 0.05  0.0    4  5.5 11.8        95
   96 2021- 7-29 22:19     - 55 15  161  4  32.65 0.12  0.0    9 12.3  0.7        96
   97 2021- 7-29 22:56     - 55 15  160  3  46.06 0.15  0.0   11 16.7 13.7        97
   98 2021- 7-29 23:38     - 55 13  160 44  31.25 0.10  0.0   10 13.0  1.6        98
