 HYPOINVERSE 2000 STARTING
6/2014 VERSION 1.40 (geoid depth possible)                            
 COMMAND?     33 STATIONS READ IN.
  FIND INPUT PHASE FILE TYPE & SET PHS(COP) & ARC(CAR) FORMATS
  INPUT IS A HYPOINVERSE ARCHIVE-2000 FILE, NO SHADOWS
  SETTING FORMATS COP 3, CAR 1
  SEQ ---DATE--- TIME REMARK -LAT-  --LON-  DEPTH  RMS PMAG  NUM  ERH  ERZ  ID
    1 2021- 7-29  7:59     # 55 27  162 21  72.17 0.12  0.0    9  2.2  3.6         1
    2 2021- 7-29  8:03       55 16  161 41  45.99 0.18  0.0    9  3.2  6.1         2
    3 2021- 7-29  8:09       55  5  161  9  18.45 0.06  0.0    5  1.7  2.9         3
    4 2021- 7-29  8:13     - 55 16  161 23  26.28 0.04  0.0    5 11.4  4.8         4
    5 2021- 7-29  8:16     # 55 17  161 19  27.44 0.10  0.0    8  2.6  3.9         5
 *** DISTANCE & RESIDUAL WEIGHTING CANCELLED FOR EVENT: 2021  7 29  8 17
    6 2021- 7-29  8:17     - 55 20  162  7   1.39 0.72  0.0    6 17.5 47.4         6
    7 2021- 7-29  8:26       55 17  161 47  14.20 0.00  0.0    4  3.9  2.0         7
    8 2021- 7-29  8:40       55 16  160 59  38.08 0.19  0.0   11  3.6  4.2         8
    9 2021- 7-29  8:55     - 55  4  161 35  -0.84 0.06  0.0    4  2.1 13.5         9
   10 2021- 7-29  8:58     - 55 37  162 15  -2.01 0.23  0.0    6  2.0 22.7        10
   11 2021- 7-29  9:08     - 55  7  160 57  25.62 0.19  0.0    8  3.2 18.8        11
   12 2021- 7-29  9:17       55 22  161  2  37.73 0.26  0.0   10  3.2  5.0        12
   13 2021- 7-29  9:23       55 17  160 55  40.76 0.23  0.0   12  3.7  5.4        13
   14 2021- 7-29  9:26     - 55 20  160 23   1.50 0.20  0.0    7 14.8 16.1        14
   15 2021- 7-29  9:28     - 55 15  161  5  27.64 0.21  0.0    9 16.6  8.7        15
  SEQ ---DATE--- TIME REMARK -LAT-  --LON-  DEPTH  RMS PMAG  NUM  ERH  ERZ  ID
   16 2021- 7-29  9:36       55  5  161 46  13.02 0.08  0.0    6  2.8  1.6        16
   17 2021- 7-29  9:38     - 55  2  161 38   4.01 0.10  0.0    6  6.0 14.9        17
   18 2021- 7-29  9:43       55  4  161 32   0.71 0.05  0.0    6  2.5  5.7        18
   19 2021- 7-29  9:45     - 55 18  161  8  13.31 0.09  0.0    7  6.6 12.8        19
   20 2021- 7-29  9:52     - 55 12  160 14   1.51 0.17  0.0   10 13.6 15.8        20
   21 2021- 7-29  9:54       55 18  160 37  47.56 0.07  0.0   12  2.4  3.2        21
   22 2021- 7-29  9:59     - 55  9  160 55  31.68 0.26  0.0    8 22.6 13.3        22
   23 2021- 7-29 10:02       55  6  161 25  18.67 0.10  0.0    7  1.7  1.6        23
   24 2021- 7-29 10:05     - 55 15  161 47  27.34 0.22  0.0    4 11.2 16.0        24
   25 2021- 7-29 10:06     - 55 16  161 35  -2.29 0.11  0.0    5  1.2 14.3        25
   26 2021- 7-29 10:13     - 55 17  161  0   1.66 0.15  0.0    5  2.1 17.7        26
   27 2021- 7-29 10:16     - 55 12  161 14  -2.25 0.28  0.0    7 15.6 25.3        27
   28 2021- 7-29 10:17     - 55 13  161 23  14.83 0.20  0.0   11  2.4 21.0        28
 *** DISTANCE & RESIDUAL WEIGHTING CANCELLED FOR EVENT: 2021  7 29 10 20
   29 2021- 7-29 10:20     # 55 19  161 55  17.05 1.17  0.0    6 14.6 35.2        29
   30 2021- 7-29 10:22       55 26  161 46  17.41 0.12  0.0    5  3.6  1.5        30
  SEQ ---DATE--- TIME REMARK -LAT-  --LON-  DEPTH  RMS PMAG  NUM  ERH  ERZ  ID
   31 2021- 7-29 10:24     - 55  8  160 17   1.51 0.14  0.0    8 10.9 14.1        31
   32 2021- 7-29 10:27       55 12  160 50  39.62 0.19  0.0   11  4.6  7.3        32
   33 2021- 7-29 10:38       55 18  160 43  44.84 0.18  0.0   10  5.5  5.6        33
   34 2021- 7-29 10:42     - 55 18  161 16  22.13 0.12  0.0    6 14.6  6.5        34
   35 2021- 7-29 10:50     - 54 43  161  8  -1.69 0.37  0.0   10 15.3 18.4        35
   36 2021- 7-29 10:54       55 20  161 15  13.02 0.19  0.0    7  4.1  5.3        36
   37 2021- 7-29 10:59     - 55 35  161 14  14.85 0.14  0.0    8  1.6 16.9        37
   38 2021- 7-29 11:05       55 11  161 37  17.50 0.36  0.0    9  7.5  4.2        38
   39 2021- 7-29 11:09     - 55 14  160 55  24.02 0.12  0.0   10 13.5  1.6        39
   40 2021- 7-29 11:17     - 55 16  161 44  18.83 0.03  0.0    4  7.9  8.7        40
   41 2021- 7-29 11:24     - 55  3  163 30  15.36 0.64  0.0    7 20.6 36.5        41
   42 2021- 7-29 11:29     - 55 14  160 59  24.90 0.25  0.0   10 18.6 23.9        42
   43 2021- 7-29 11:42     - 55 12  160 47  28.13 0.17  0.0   10 15.7 13.0        43
   44 2021- 7-29 11:48     - 55 15  161 14  25.39 0.23  0.0    8 17.3  5.8        44
   45 2021- 7-29 12:17     - 55 15  160 41   2.71 0.26  0.0    7 17.7 21.7        45
  SEQ ---DATE--- TIME REMARK -LAT-  --LON-  DEPTH  RMS PMAG  NUM  ERH  ERZ  ID
   46 2021- 7-29 12:18     - 55 15  161 19  29.43 0.15  0.0    7 12.0  4.0        46
   47 2021- 7-29 12:24     - 55 20  161 30   4.78 0.02  0.0    5  1.8  9.4        47
   48 2021- 7-29 12:28     - 55 11  160 48  41.75 0.24  0.0    8 20.5 10.3        48
   49 2021- 7-29 12:32     - 55 18  161  6  37.84 0.22  0.0    8 19.2  6.8        49
   50 2021- 7-29 12:43     - 55 16  161 22  10.03 0.22  0.0   11  2.6 16.5        50
   51 2021- 7-29 12:52     - 55 25  162  2   1.47 0.17  0.0    5  0.8 18.4        51
   52 2021- 7-29 13:03       55 27  162  7  31.99 0.15  0.0    6  2.3  7.7        52
   53 2021- 7-29 13:15       55 15  161 13  25.96 0.15  0.0   10  4.3  4.4        53
   54 2021- 7-29 13:18     - 55 16  160 24   1.41 0.14  0.0   10 11.3 12.0        54
   55 2021- 7-29 13:30       55 16  160 56  22.69 0.24  0.0   11  4.3  5.3        55
   56 2021- 7-29 13:48     - 55 11  159 41   1.50 0.12  0.0   10 14.9 15.9        56
   57 2021- 7-29 14:02     - 55 10  159 39   1.50 0.22  0.0   10 20.7 22.1        57
   58 2021- 7-29 14:08       55 23  161 42  29.55 0.04  0.0    6  5.9  4.9        58
   59 2021- 7-29 14:16       55 15  160 57  16.08 0.10  0.0    7  2.6  3.0        59
   60 2021- 7-29 14:20     - 55 14  160 27   1.52 0.26  0.0    6 19.8 23.0        60
  SEQ ---DATE--- TIME REMARK -LAT-  --LON-  DEPTH  RMS PMAG  NUM  ERH  ERZ  ID
   61 2021- 7-29 14:48     - 55 27  162 19   6.53 0.24  0.0    5  2.2 18.6        61
   62 2021- 7-29 14:49     - 55 13  161 11  23.89 0.11  0.0    9 11.4  3.4        62
   63 2021- 7-29 14:53     - 55 13  161  3  20.27 0.15  0.0   10  2.0 17.3        63
   64 2021- 7-29 14:57     - 55 20  161 60   1.21 0.17  0.0    4  1.6 18.5        64
   65 2021- 7-29 14:58     - 55 29  161 11  16.66 0.33  0.0    9  3.4 25.4        65
   66 2021- 7-29 15:11     - 54 35  161 19  27.25 0.15  0.0   12  1.3 14.1        66
   67 2021- 7-29 15:13     - 55  6  160 30   9.25 0.21  0.0   10 18.9 21.1        67
   68 2021- 7-29 15:30     - 55 13  161 23  15.33 0.19  0.0    8  2.4 17.2        68
   69 2021- 7-29 16:00     # 55  7  161  9   4.93 0.31  0.0    7 18.9  3.9        69
   70 2021- 7-29 16:08       55 16  160 56  17.03 0.24  0.0   12  3.9  1.8        70
   71 2021- 7-29 16:09     - 55 14  160 48  18.33 0.15  0.0   11  6.1 16.3        71
   72 2021- 7-29 16:38     - 55 17  161  5  51.61 0.16  0.0    8 13.6  4.9        72
   73 2021- 7-29 17:00     - 55 13  159 45   1.50 0.19  0.0   11 18.0 19.7        73
   74 2021- 7-29 17:04     - 55 15  162 30   3.18 0.04  0.0    5  2.0  9.3        74
 *** DISTANCE & RESIDUAL WEIGHTING CANCELLED FOR EVENT: 2021  7 29 17  8
   75 2021- 7-29 17:08     - 55 22  161 37  19.98 0.48  0.0    6 29.6 10.4        75
  SEQ ---DATE--- TIME REMARK -LAT-  --LON-  DEPTH  RMS PMAG  NUM  ERH  ERZ  ID
   76 2021- 7-29 17:23     # 55 13  161 20  17.06 0.19  0.0   11  4.5  3.4        76
   77 2021- 7-29 17:28     # 55 29  161 19   8.80 0.62  0.0    6 25.8  4.3        77
   78 2021- 7-29 17:33     - 55 12  161  4  20.42 0.15  0.0    6  4.4 16.9        78
   79 2021- 7-29 17:34     - 55 36  161 50  11.42 0.29  0.0    4 20.5 17.3        79
   80 2021- 7-29 17:52     - 55 16  160 43  48.32 0.14  0.0    9 13.9  5.1        80
   81 2021- 7-29 18:14       55 14  161 37  10.71 0.18  0.0    7  2.9  5.5        81
   82 2021- 7-29 18:17     - 55  9  161 12  14.45 0.09  0.0    5  6.9 13.0        82
   83 2021- 7-29 18:38     - 55 10  160 55  19.40 0.30  0.0   10 22.4 28.1        83
   84 2021- 7-29 18:46     - 55 18  160 41  37.88 0.12  0.0    7 13.8  8.0        84
   85 2021- 7-29 18:53     - 54 49  161 59  -2.56 0.17  0.0    6  4.4 17.5        85
   86 2021- 7-29 19:12     - 55 16  160 55  26.87 0.15  0.0   10 14.3 11.1        86
   87 2021- 7-29 19:30       55 25  161  9  30.10 0.05  0.0    6  2.9  6.0        87
   88 2021- 7-29 19:53     - 55 16  160 43  26.69 0.17  0.0   11  3.7 16.8        88
   89 2021- 7-29 20:21     - 55 19  161  7  43.68 0.22  0.0    8 17.6  8.7        89
   90 2021- 7-29 20:23     - 55  8  160 53  25.03 0.24  0.0   12  2.7 23.6        90
  SEQ ---DATE--- TIME REMARK -LAT-  --LON-  DEPTH  RMS PMAG  NUM  ERH  ERZ  ID
   91 2021- 7-29 20:25       55 15  161  2  31.27 0.14  0.0    9  3.7  5.6        91
   92 2021- 7-29 20:31     # 55 15  161 15  11.05 0.12  0.0    8 10.2  3.5        92
   93 2021- 7-29 20:33     - 55 13  160 47  25.79 0.12  0.0   12  2.5 15.3        93
   94 2021- 7-29 20:42     - 55 13  161 56   1.71 0.10  0.0    4  1.7 14.6        94
   95 2021- 7-29 21:00       55 12  161 17  12.19 0.14  0.0    8  3.5  1.2        95
   96 2021- 7-29 21:08     - 55 22  160 45  27.09 0.16  0.0    5  5.6 16.2        96
   97 2021- 7-29 21:18     - 55 14  160 53  25.46 0.23  0.0   11  5.2 21.6        97
   98 2021- 7-29 21:39     - 55 15  161  8  19.82 0.16  0.0   10  3.4 18.4        98
   99 2021- 7-29 22:02       55 15  160 58  23.82 0.12  0.0    8  3.3  1.6        99
  100 2021- 7-29 22:18     - 55 11  160 30  27.51 0.12  0.0    9 12.6 13.4       100
  101 2021- 7-29 22:56     - 55 15  160 32  29.38 0.13  0.0   11  2.9 13.1       101
  102 2021- 7-29 23:38     # 55 14  160 48  27.78 0.09  0.0   12  2.5  9.3       102
