 HYPOINVERSE 2000 STARTING
6/2014 VERSION 1.40 (geoid depth possible)                            
 COMMAND?     33 STATIONS READ IN.
  FIND INPUT PHASE FILE TYPE & SET PHS(COP) & ARC(CAR) FORMATS
  INPUT IS A HYPOINVERSE ARCHIVE-2000 FILE, NO SHADOWS
  SETTING FORMATS COP 3, CAR 1
  SEQ ---DATE--- TIME REMARK -LAT-  --LON-  DEPTH  RMS PMAG  NUM  ERH  ERZ  ID
    1 2021- 7-29  7:59       55 27  162 21  65.02 0.11  0.0    9  1.9  3.5         1
    2 2021- 7-29  8:03       55 16  161 35  54.34 0.22  0.0    8  7.3  4.2         2
    3 2021- 7-29  8:09     - 55  5  161 13  16.06 0.07  0.0    5  2.2 12.1         3
    4 2021- 7-29  8:13     - 55 16  161  1  27.24 0.15  0.0    5 14.0 11.0         4
    5 2021- 7-29  8:16     - 55 14  161  4  24.32 0.17  0.0    9 14.6 18.9         5
    6 2021- 7-29  8:17       55 20  161 57  15.15 0.00  0.0    4  3.1  4.8         6
    7 2021- 7-29  8:26     - 55 16  161  4  25.63 0.10  0.0    6  4.5 13.4         7
    8 2021- 7-29  8:40     - 55 15  160 27  47.92 0.15  0.0   11 15.6  7.9         8
    9 2021- 7-29  8:55       55  7  161 40  14.73 0.06  0.0    5  2.1  4.0         9
   10 2021- 7-29  8:58     - 55 37  162  6  16.97 0.19  0.0    6  5.4 19.3        10
   11 2021- 7-29  9:08       55  9  161  7  33.55 0.18  0.0    8  3.4  8.5        11
   12 2021- 7-29  9:17       55 19  161  7  40.47 0.25  0.0   11  2.9  4.4        12
   13 2021- 7-29  9:23       55 14  161  0  29.62 0.18  0.0   12  2.7  8.8        13
   14 2021- 7-29  9:26     - 55 20  160 26  15.00 0.15  0.0    7 16.7  3.8        14
   15 2021- 7-29  9:28     - 55 14  160 42  36.79 0.13  0.0   10 15.3 10.1        15
  SEQ ---DATE--- TIME REMARK -LAT-  --LON-  DEPTH  RMS PMAG  NUM  ERH  ERZ  ID
   16 2021- 7-29  9:36       55  5  161 45  14.72 0.10  0.0    6  3.2  2.1        16
   17 2021- 7-29  9:38     - 54 60  161 28  16.03 0.10  0.0    6  2.9 13.5        17
   18 2021- 7-29  9:43       55  7  161 34  21.29 0.08  0.0    6  1.8  4.7        18
   19 2021- 7-29  9:45     - 55 18  161 11  15.56 0.09  0.0    7  2.8 12.3        19
   20 2021- 7-29  9:52     - 55 16  161  4  24.30 0.21  0.0   10 16.3 20.8        20
   21 2021- 7-29  9:54       55 14  160 43  20.61 0.17  0.0   13  3.0  1.2        21
   22 2021- 7-29  9:59     - 55 12  161 11  20.76 0.13  0.0    7 14.6  1.3        22
   23 2021- 7-29 10:02       55  7  161 29  20.09 0.09  0.0    7  1.6  3.6        23
   24 2021- 7-29 10:05     - 55 15  161 40  37.60 0.22  0.0    4 12.2 16.7        24
   25 2021- 7-29 10:06     - 55 21  161 46  11.92 0.01  0.0    4 12.0  3.1        25
   26 2021- 7-29 10:13     - 55 18  161  5  19.90 0.20  0.0    5 12.3 14.1        26
   27 2021- 7-29 10:16     - 55  7  161 12  11.74 0.26  0.0    8 18.0 25.2        27
   28 2021- 7-29 10:17     - 55 14  161 29  12.21 0.21  0.0   10  2.4 21.2        28
   29 2021- 7-29 10:20     - 55 19  161 32  42.91 0.06  0.0    4  8.7  9.7        29
   30 2021- 7-29 10:22       55 20  161 36  21.47 0.15  0.0    8  2.5  1.0        30
  SEQ ---DATE--- TIME REMARK -LAT-  --LON-  DEPTH  RMS PMAG  NUM  ERH  ERZ  ID
   31 2021- 7-29 10:24     - 55 12  161  3  16.04 0.28  0.0    8 19.7 22.6        31
   32 2021- 7-29 10:27       55 12  160 58  41.40 0.15  0.0   10  3.9  4.1        32
   33 2021- 7-29 10:38     - 55 14  160 49  27.66 0.17  0.0   11  5.2 14.9        33
   34 2021- 7-29 10:42     - 55 20  161 20  24.58 0.14  0.0    6 14.5  4.7        34
   35 2021- 7-29 10:50     - 54 42  161  4  18.95 0.38  0.0   10 14.0 26.3        35
   36 2021- 7-29 10:54     - 55 21  161 19  15.35 0.16  0.0    7  3.8 13.5        36
   37 2021- 7-29 10:59       55 34  161 20  22.03 0.13  0.0    8  2.8  7.6        37
   38 2021- 7-29 11:05       55  9  161 30  24.03 0.23  0.0    9  5.0  3.2        38
   39 2021- 7-29 11:09     - 55 14  160 55  16.00 0.16  0.0    9 14.3 15.5        39
 *** DISTANCE & RESIDUAL WEIGHTING CANCELLED FOR EVENT: 2021  7 29 11 17
   40 2021- 7-29 11:17     # 55 14  161 26  16.00 0.73  0.0    6 33.5 36.9        40
   41 2021- 7-29 11:24     - 55  5  163 21  26.49 0.59  0.0    7  6.7 50.0        41
   42 2021- 7-29 11:29     - 55 14  160 54  35.38 0.18  0.0   11 16.2  8.6        42
   43 2021- 7-29 11:42     - 55 14  161  6  16.07 0.26  0.0   10  8.7 17.9        43
   44 2021- 7-29 11:48     - 55 17  160 45  45.60 0.19  0.0    8 16.8  7.9        44
   45 2021- 7-29 12:17     - 55 17  161 11  15.69 0.18  0.0    6 15.3 11.7        45
  SEQ ---DATE--- TIME REMARK -LAT-  --LON-  DEPTH  RMS PMAG  NUM  ERH  ERZ  ID
   46 2021- 7-29 12:18     - 55 16  161 21  28.95 0.15  0.0    7 12.2  4.0        46
   47 2021- 7-29 12:24     - 55 20  161 35   6.96 0.01  0.0    5  1.6 11.2        47
   48 2021- 7-29 12:28     - 55  5  160 59  16.13 0.35  0.0    8 22.1 26.9        48
   49 2021- 7-29 12:32     - 55 18  160 60  26.46 0.18  0.0    8 18.0 13.9        49
   50 2021- 7-29 12:43     - 55 15  161  8  31.79 0.15  0.0   10 12.5  6.2        50
   51 2021- 7-29 12:52     - 55 24  161 37  36.39 0.11  0.0    7  9.0  8.2        51
   52 2021- 7-29 13:03       55 27  162  6  35.76 0.11  0.0    6  2.1  7.1        52
   53 2021- 7-29 13:15       55 15  161 18  26.84 0.15  0.0   10  4.6  3.7        53
   54 2021- 7-29 13:18     - 55 18  160 59  34.12 0.18  0.0   10 15.1  7.1        54
   55 2021- 7-29 13:30     - 55 14  161  4  16.26 0.22  0.0   11  3.2 17.2        55
   56 2021- 7-29 13:48     - 55 13  160 55  23.01 0.11  0.0    9 12.5 15.6        56
   57 2021- 7-29 14:02     - 55 13  160 13  16.00 0.25  0.0    9 21.1 24.2        57
   58 2021- 7-29 14:08       55 23  161 41  31.98 0.03  0.0    6  6.0  5.0        58
   59 2021- 7-29 14:16     - 55 13  161  5  16.34 0.10  0.0    7  2.2 13.3        59
   60 2021- 7-29 14:20     - 55 14  160 13  16.02 0.26  0.0    5 22.6 25.2        60
  SEQ ---DATE--- TIME REMARK -LAT-  --LON-  DEPTH  RMS PMAG  NUM  ERH  ERZ  ID
   61 2021- 7-29 14:48       55 27  162 12  29.41 0.03  0.0    5  2.6  6.1        61
   62 2021- 7-29 14:49     - 55 16  161 14  34.62 0.14  0.0    8 12.3  6.0        62
   63 2021- 7-29 14:53     - 55 15  161  8  24.92 0.17  0.0    9  1.8 14.1        63
   64 2021- 7-29 14:57       55 18  161 39  21.03 0.02  0.0    5  3.3  1.5        64
   65 2021- 7-29 14:58     - 55 26  161 20   7.88 0.27  0.0    8  3.5 24.2        65
   66 2021- 7-29 15:11     - 54 39  161 22  15.95 0.12  0.0   14  1.1 14.0        66
   67 2021- 7-29 15:13     - 55 10  160 59  16.27 0.29  0.0   11 15.2 21.7        67
   68 2021- 7-29 15:30       55 14  161 28  20.71 0.18  0.0    8  1.9  5.7        68
   69 2021- 7-29 16:00     - 55  2  160 49  50.03 0.31  0.0    9 24.2 12.7        69
   70 2021- 7-29 16:08     - 55 16  161  8  15.98 0.19  0.0    9  3.1 15.1        70
   71 2021- 7-29 16:09       55 13  160 56  35.04 0.17  0.0   11  3.1  8.0        71
   72 2021- 7-29 16:38     - 55 15  161 20  13.89 0.16  0.0    7 10.7 15.6        72
   73 2021- 7-29 17:00     - 55 14  160 48  33.19 0.17  0.0   10 16.5 10.8        73
   74 2021- 7-29 17:04     - 55 14  161 40  43.75 0.04  0.0    4 10.0  4.2        74
   75 2021- 7-29 17:08     - 55 22  161 32  22.04 0.08  0.0    4 12.1  5.0        75
  SEQ ---DATE--- TIME REMARK -LAT-  --LON-  DEPTH  RMS PMAG  NUM  ERH  ERZ  ID
   76 2021- 7-29 17:23     - 55 14  161 26  13.15 0.11  0.0   10  3.3 11.8        76
   77 2021- 7-29 17:28     - 55 28  161 48   4.67 0.27  0.0    5  5.5 20.6        77
   78 2021- 7-29 17:33       55 13  161  9  23.08 0.12  0.0    7  4.7  1.1        78
   79 2021- 7-29 17:34     - 55 29  161 34  23.12 0.26  0.0    5 20.9 12.2        79
   80 2021- 7-29 17:52     - 55 15  160 37  50.90 0.15  0.0   10 15.5  7.1        80
   81 2021- 7-29 18:14     - 55 10  161 20  11.97 0.34  0.0    8 15.6 30.6        81
   82 2021- 7-29 18:17     - 55  9  161 17  12.40 0.08  0.0    5  2.4 13.9        82
   83 2021- 7-29 18:38     - 55  8  160 22  59.63 0.25  0.0   11 22.3 11.5        83
   84 2021- 7-29 18:46       55 19  160 58  43.35 0.14  0.0    8  3.4  3.2        84
   85 2021- 7-29 18:53     - 54 37  161 56  14.05 0.18  0.0    6 13.7 17.9        85
   86 2021- 7-29 19:12     - 55 16  161 23  13.50 0.17  0.0   10  2.4 14.0        86
   87 2021- 7-29 19:30       55 25  161 14  35.33 0.01  0.0    5  3.2  5.7        87
   88 2021- 7-29 19:53       55 17  161  1  29.48 0.16  0.0   11  4.0  8.2        88
   89 2021- 7-29 20:21     - 55 22  161  1  64.95 0.29  0.0    9 18.9  9.7        89
   90 2021- 7-29 20:23     - 55  8  160 59  25.00 0.23  0.0   12  2.5 21.9        90
  SEQ ---DATE--- TIME REMARK -LAT-  --LON-  DEPTH  RMS PMAG  NUM  ERH  ERZ  ID
   91 2021- 7-29 20:25       55 14  160 56  30.44 0.13  0.0    9  4.0  8.4        91
   92 2021- 7-29 20:31     - 55 16  161  6  16.00 0.14  0.0    8 10.5  9.9        92
   93 2021- 7-29 20:33       55 13  160 55  21.78 0.11  0.0   12  2.3  0.8        93
   94 2021- 7-29 20:42     # 55  8  161 45  19.57 0.03  0.0    5  5.3  3.3        94
   95 2021- 7-29 21:00       55 13  161 21  17.00 0.14  0.0    9  3.4  5.9        95
   96 2021- 7-29 21:08     - 55 13  160 52  28.79 0.00  0.0    5  4.1  9.7        96
   97 2021- 7-29 21:18     - 55 14  161  5  16.06 0.24  0.0   10  4.7 17.7        97
   98 2021- 7-29 21:39       55 16  161 15  26.71 0.15  0.0   10  3.2  4.3        98
   99 2021- 7-29 22:02     - 55 16  161 11  16.11 0.10  0.0    7  2.7 12.0        99
  100 2021- 7-29 22:18       55 13  160 49  31.57 0.13  0.0   10  4.8  9.8       100
  101 2021- 7-29 22:56     - 55 14  160 40  20.70 0.13  0.0   11  7.3 14.0       101
  102 2021- 7-29 23:38     - 55 14  160 54  26.89 0.12  0.0   12  3.2 12.0       102
