 HYPOINVERSE 2000 STARTING
6/2014 VERSION 1.40 (geoid depth possible)                            
 COMMAND?     33 STATIONS READ IN.
  FIND INPUT PHASE FILE TYPE & SET PHS(COP) & ARC(CAR) FORMATS
  INPUT IS A HYPOINVERSE ARCHIVE-2000 FILE, NO SHADOWS
  SETTING FORMATS COP 3, CAR 1
  SEQ ---DATE--- TIME REMARK -LAT-  --LON-  DEPTH  RMS PMAG  NUM  ERH  ERZ  ID
    1 2021- 7-29  7:59     - 55 27  162 24  11.17 0.20  0.0    8  1.4 17.1         1
    2 2021- 7-29  8:03       55 16  161 39  47.03 0.18  0.0    8  3.2  5.9         2
 *** DISTANCE & RESIDUAL WEIGHTING CANCELLED FOR EVENT: 2021  7 29  8  6
    3 2021- 7-29  8:06     # 55 27  161 35   6.00 0.66  0.0    5 19.4  4.0         3
 *** DISTANCE & RESIDUAL WEIGHTING CANCELLED FOR EVENT: 2021  7 29  8  6
    4 2021- 7-29  8:06     - 55 19  161  2   6.00 0.46  0.0    4 17.0 36.4         4
    5 2021- 7-29  8:09     - 55  2  161  6   5.83 0.11  0.0    5  6.1 14.1         5
 *** DISTANCE & RESIDUAL WEIGHTING CANCELLED FOR EVENT: 2021  7 29  8 10
    6 2021- 7-29  8:10     # 55  8  162 25   6.00 1.93  0.0    5 73.9 53.3         6
    7 2021- 7-29  8:13     - 55 17  161 15  27.50 0.09  0.0    5 12.2  6.0         7
 *** DISTANCE & RESIDUAL WEIGHTING CANCELLED FOR EVENT: 2021  7 29  8 14
    8 2021- 7-29  8:14     # 55 24  162  3   6.02 0.59  0.0    4 19.2 25.2         8
    9 2021- 7-29  8:16     - 55 11  161 13   5.72 0.22  0.0    8  7.0 17.3         9
   10 2021- 7-29  8:17     # 55 19  161 55  13.90 0.01  0.0    4  3.0  4.6        10
 *** DISTANCE & RESIDUAL WEIGHTING CANCELLED FOR EVENT: 2021  7 29  8 26
   11 2021- 7-29  8:26     # 55 21  161 43  16.11 1.40  0.0    7 24.4 13.1        11
 *** DISTANCE & RESIDUAL WEIGHTING CANCELLED FOR EVENT: 2021  7 29  8 31
   12 2021- 7-29  8:31     # 55 24  161 57   6.00 0.78  0.0    4 17.7 10.1        12
   13 2021- 7-29  8:33     - 55 30  162 11   6.00 0.05  0.0    4  1.4 13.2        13
   14 2021- 7-29  8:39     - 55 23  161 29   0.41 0.05  0.0    4  8.5  9.9        14
   15 2021- 7-29  8:40     - 55 14  160 54  33.04 0.14  0.0   12  2.5 17.0        15
  SEQ ---DATE--- TIME REMARK -LAT-  --LON-  DEPTH  RMS PMAG  NUM  ERH  ERZ  ID
   16 2021- 7-29  8:55       55  7  161 48  10.39 0.00  0.0    4  2.3  2.8        16
   17 2021- 7-29  8:55       55 22  161 22  44.41 0.05  0.0    5  3.3  1.8        17
   18 2021- 7-29  8:58     # 55 35  162 18   0.02 0.55  0.0    6  4.2  8.4        18
   19 2021- 7-29  9:08     - 55  6  160 59   5.58 0.27  0.0   10  9.9 22.2        19
   20 2021- 7-29  9:17     - 55 20  160 50   5.05 0.34  0.0   12 10.6 24.6        20
   21 2021- 7-29  9:23       55 16  160 51  47.93 0.20  0.0   12  4.3  4.0        21
   22 2021- 7-29  9:26     - 55 19  160 42   6.00 0.34  0.0    7 28.6 31.0        22
   23 2021- 7-29  9:28     - 55 16  161 16   5.75 0.22  0.0    8  7.0 17.7        23
   24 2021- 7-29  9:28     - 55 15  159 31   6.60 0.13  0.0    4 13.4  8.6        24
   25 2021- 7-29  9:36       55  5  161 46  12.30 0.08  0.0    6  2.7  1.7        25
   26 2021- 7-29  9:38     - 55  2  161 36   6.01 0.08  0.0    6  6.4 13.9        26
 *** DISTANCE & RESIDUAL WEIGHTING CANCELLED FOR EVENT: 2021  7 29  9 38
   27 2021- 7-29  9:38     # 55 30  161 19   4.92 0.82  0.0    5  9.0  7.8        27
   28 2021- 7-29  9:43       55  4  161 27   2.24 0.10  0.0    5  3.1  4.2        28
   29 2021- 7-29  9:45     - 55 16  161  4   5.96 0.11  0.0    7  6.5 13.7        29
   30 2021- 7-29  9:52     - 55 16  161 11   6.15 0.20  0.0   11  7.3 17.0        30
  SEQ ---DATE--- TIME REMARK -LAT-  --LON-  DEPTH  RMS PMAG  NUM  ERH  ERZ  ID
   31 2021- 7-29  9:54     - 55 15  160 53  33.80 0.10  0.0   13  2.1 12.8        31
   32 2021- 7-29  9:59     - 55 10  161  4   6.03 0.23  0.0    7 18.0 22.7        32
 *** DISTANCE & RESIDUAL WEIGHTING CANCELLED FOR EVENT: 2021  7 29 10  0
   33 2021- 7-29  9:59     - 55 40  160 58   6.03 0.37  0.0    4 27.7 32.7        33
   34 2021- 7-29 10:02     - 55  3  161 21   7.10 0.18  0.0    8  2.1 19.5        34
   35 2021- 7-29 10:05     # 55 16  161 38  12.73 0.63  0.0    5 25.6 22.1        35
   36 2021- 7-29 10:06     - 55 17  161 37   5.09 0.09  0.0    4  7.6  8.8        36
   37 2021- 7-29 10:08     # 55 29  162 10   0.09 0.37  0.0    4  3.8 22.3        37
   38 2021- 7-29 10:13     - 55 16  160 55   3.56 0.17  0.0    5  6.8 16.9        38
   39 2021- 7-29 10:16     - 55 11  161 27   5.98 0.25  0.0    7 13.4 24.2        39
   40 2021- 7-29 10:16     - 55  5  160 30   6.03 0.11  0.0    4 13.7 14.7        40
   41 2021- 7-29 10:17     - 55 13  161 22   7.42 0.22  0.0   10  2.6 21.0        41
 *** DISTANCE & RESIDUAL WEIGHTING CANCELLED FOR EVENT: 2021  7 29 10 18
   42 2021- 7-29 10:18     - 55 26  162 19   6.00 0.33  0.0    4  4.7 24.4        42
   43 2021- 7-29 10:20     - 55 22  161 50  12.56 0.16  0.0    4  4.4 16.7        43
 *** DISTANCE & RESIDUAL WEIGHTING CANCELLED FOR EVENT: 2021  7 29 10 21
   44 2021- 7-29 10:20     - 54 48  160 30   6.00 1.70  0.0    5 77.6 61.5        44
   45 2021- 7-29 10:22       55 26  161 45  19.15 0.14  0.0    5  4.3  1.7        45
  SEQ ---DATE--- TIME REMARK -LAT-  --LON-  DEPTH  RMS PMAG  NUM  ERH  ERZ  ID
   46 2021- 7-29 10:24     - 55  8  160 45   6.02 0.24  0.0    8 19.1 23.8        46
   47 2021- 7-29 10:27     - 55 13  161  6  38.26 0.19  0.0    9 17.2  5.7        47
 *** DISTANCE & RESIDUAL WEIGHTING CANCELLED FOR EVENT: 2021  7 29 10 34
   48 2021- 7-29 10:34     - 55 22  162 15   6.71 0.72  0.0    4  6.7 59.0        48
   49 2021- 7-29 10:38     - 55  8  160 43   3.61 0.35  0.0   11 12.1 28.0        49
   50 2021- 7-29 10:42     - 55 16  161 22  17.86 0.10  0.0    5 12.8  4.3        50
   51 2021- 7-29 10:50     - 54 39  161  3   5.49 0.30  0.0    9 10.9 24.1        51
   52 2021- 7-29 10:50     - 55  7  163 18   5.40 0.14  0.0    6  6.6 13.9        52
   53 2021- 7-29 10:54     - 55 19  161  6   6.52 0.19  0.0    7  2.6 20.0        53
   54 2021- 7-29 10:59     - 55 35  161 11   6.72 0.12  0.0    8  1.4 16.2        54
   55 2021- 7-29 11:05     - 55 12  160 59   6.47 0.50  0.0    9 16.7 37.5        55
   56 2021- 7-29 11:09     - 55 14  160 48  35.19 0.14  0.0   10 14.5 12.1        56
 *** DISTANCE & RESIDUAL WEIGHTING CANCELLED FOR EVENT: 2021  7 29 11 17
   57 2021- 7-29 11:17     - 55 14  161 33   6.00 0.87  0.0    6 38.9 73.3        57
 *** DISTANCE & RESIDUAL WEIGHTING CANCELLED FOR EVENT: 2021  7 29 11 17
   58 2021- 7-29 11:17     - 55 25  162  7   6.61 1.30  0.0    4 11.7 99.0        58
   59 2021- 7-29 11:24     - 55 11  163 25   2.25 0.68  0.0    9 24.5 51.0        59
   60 2021- 7-29 11:29     - 55 14  160 56  33.01 0.16  0.0    9 14.7 18.1        60
  SEQ ---DATE--- TIME REMARK -LAT-  --LON-  DEPTH  RMS PMAG  NUM  ERH  ERZ  ID
   61 2021- 7-29 11:31     - 55 15  161 18   5.79 0.09  0.0    5  6.1 12.7        61
   62 2021- 7-29 11:41     - 55  5  160 37   1.09 0.25  0.0   10 20.0 23.9        62
   63 2021- 7-29 11:42     - 55 22  160 48   4.53 0.10  0.0    4  6.2 13.9        63
   64 2021- 7-29 11:48     - 55 17  161 20  31.00 0.11  0.0    7 11.1  6.2        64
 *** DISTANCE & RESIDUAL WEIGHTING CANCELLED FOR EVENT: 2021  7 29 12  4
   65 2021- 7-29 12:04     - 55 20  162 40   6.00 0.45  0.0    4 11.8 39.0        65
   66 2021- 7-29 12:17     - 55 15  161 10   5.99 0.12  0.0    6 13.9 15.9        66
 *** DISTANCE & RESIDUAL WEIGHTING CANCELLED FOR EVENT: 2021  7 29 12 18
   67 2021- 7-29 12:18     # 55 15  162 12   5.99 1.00  0.0    4 20.0 17.2        67
   68 2021- 7-29 12:18       55 16  161 27  28.45 0.13  0.0    7  3.9  2.7        68
   69 2021- 7-29 12:24     - 55 21  161 28   6.75 0.12  0.0    5  2.6 15.2        69
   70 2021- 7-29 12:28     - 55  2  160 49   4.80 0.37  0.0    8 27.1 33.5        70
   71 2021- 7-29 12:32     - 55 25  161 24   8.87 0.11  0.0    5 15.5 11.1        71
   72 2021- 7-29 12:43     - 55 16  161 21   6.58 0.21  0.0   11  2.5 21.4        72
   73 2021- 7-29 12:52     - 55 25  161 60   5.62 0.15  0.0    5  8.8 12.1        73
 *** DISTANCE & RESIDUAL WEIGHTING CANCELLED FOR EVENT: 2021  7 29 12 52
   74 2021- 7-29 12:52     - 55 29  162 32   5.69 0.26  0.0    4  5.1 23.6        74
   75 2021- 7-29 13:03     - 55 27  162 14   6.02 0.18  0.0    4  1.6 19.5        75
 *** DISTANCE & RESIDUAL WEIGHTING CANCELLED FOR EVENT: 2021  7 29 13 13
  SEQ ---DATE--- TIME REMARK -LAT-  --LON-  DEPTH  RMS PMAG  NUM  ERH  ERZ  ID
   76 2021- 7-29 13:13     - 55 22  162  7   5.87 0.54  0.0    5 25.9 36.7        76
   77 2021- 7-29 13:15       55 17  161 21  33.52 0.21  0.0   10  5.6  2.7        77
   78 2021- 7-29 13:18     - 55 18  160 51   6.20 0.30  0.0   11 10.8 24.3        78
   79 2021- 7-29 13:30     - 55 10  160 55   4.26 0.17  0.0   10  7.4 16.4        79
 *** DISTANCE & RESIDUAL WEIGHTING CANCELLED FOR EVENT: 2021  7 29 13 34
   80 2021- 7-29 13:34     - 55  8  162  3   5.55 0.43  0.0    4 23.5 19.9        80
 *** DISTANCE & RESIDUAL WEIGHTING CANCELLED FOR EVENT: 2021  7 29 13 38
   81 2021- 7-29 13:38     # 55 21  161 58  10.04 0.82  0.0    5 14.4 37.1        81
   82 2021- 7-29 13:48     - 55 11  160 54   3.47 0.39  0.0   11 13.6 30.1        82
   83 2021- 7-29 14:02     - 55 11  159 46  20.73 0.15  0.0    9 16.6 17.9        83
   84 2021- 7-29 14:03     - 55 22  162  3   2.25 0.09  0.0    5  0.8 14.0        84
   85 2021- 7-29 14:08     - 55 23  161 42  31.99 0.03  0.0    5  6.2  6.5        85
 *** DISTANCE & RESIDUAL WEIGHTING CANCELLED FOR EVENT: 2021  7 29 14  9
   86 2021- 7-29 14:08     # 55 13  161 58   7.73 1.02  0.0    4 18.2 54.8        86
   87 2021- 7-29 14:16       54 57  161 52   3.36 0.00  0.0    4  5.9  1.8        87
   88 2021- 7-29 14:16     - 55 10  160 57   5.26 0.09  0.0    6  6.0 12.9        88
 *** DISTANCE & RESIDUAL WEIGHTING CANCELLED FOR EVENT: 2021  7 29 14 17
   89 2021- 7-29 14:17     # 55 11  161 54  10.68 0.70  0.0    4  5.5 12.3        89
   90 2021- 7-29 16:00     - 55  5  161  2   6.01 0.25  0.0    6 20.2 24.1        90
  SEQ ---DATE--- TIME REMARK -LAT-  --LON-  DEPTH  RMS PMAG  NUM  ERH  ERZ  ID
   91 2021- 7-29 16:08     - 55 16  161  4   6.52 0.20  0.0    8  3.5 20.7        91
   92 2021- 7-29 16:09     - 55 11  160 48   5.88 0.32  0.0   12 11.6 26.2        92
   93 2021- 7-29 16:26     - 55  4  161 46   8.79 0.05  0.0    4  8.5  9.7        93
   94 2021- 7-29 16:38     - 55 15  161 22   8.94 0.14  0.0    7  9.2 14.6        94
   95 2021- 7-29 17:00     - 55 18  160 23   6.01 0.43  0.0   10 28.6 37.5        95
   96 2021- 7-29 17:04     - 55 14  161 44  53.99 0.02  0.0    4 10.1  3.1        96
 *** DISTANCE & RESIDUAL WEIGHTING CANCELLED FOR EVENT: 2021  7 29 17  4
   97 2021- 7-29 17:04     - 55 10  161 25   5.98 0.65  0.0    4 21.1 45.5        97
   98 2021- 7-29 17:08     - 55 22  161 51   8.95 0.00  0.0    4  7.5  9.9        98
   99 2021- 7-29 17:23     - 55 13  161 20   6.36 0.14  0.0   10  5.3 11.5        99
  100 2021- 7-29 17:28     - 55 21  162 47   6.01 0.47  0.0    4 28.9 40.6       100
  101 2021- 7-29 17:28     - 55 23  160 28   6.03 0.12  0.0    4 14.6 16.1       101
  102 2021- 7-29 17:33     - 55 14  161 23  25.20 0.13  0.0    5 13.0  7.5       102
  103 2021- 7-29 17:34     - 55 41  161 48   6.54 0.29  0.0    4 26.5 27.2       103
  104 2021- 7-29 17:52     - 55 15  160 35  52.55 0.15  0.0   10 15.3  7.1       104
  105 2021- 7-29 18:14       55 13  161 35   7.48 0.19  0.0    8  2.9 12.8       105
  SEQ ---DATE--- TIME REMARK -LAT-  --LON-  DEPTH  RMS PMAG  NUM  ERH  ERZ  ID
  106 2021- 7-29 18:17     - 55  6  161 19   3.92 0.20  0.0    6  8.8 18.1       106
  107 2021- 7-29 18:18     - 55 12  161 51   0.57 0.10  0.0    4  3.0 12.3       107
  108 2021- 7-29 18:38     - 55  9  160 52   5.50 0.30  0.0   10 11.0 24.9       108
 *** DISTANCE & RESIDUAL WEIGHTING CANCELLED FOR EVENT: 2021  7 29 18 38
  109 2021- 7-29 18:38     - 55 45  161 23   6.00 0.82  0.0    4 27.7 57.1       109
  110 2021- 7-29 18:38     - 55 43  161 22   6.06 0.06  0.0    4  5.8 12.2       110
  111 2021- 7-29 18:46       55 14  160 52  37.52 0.07  0.0    7  3.4  6.1       111
  112 2021- 7-29 18:53     - 54 43  161 59   6.00 0.09  0.0    4 11.5 14.4       112
 *** DISTANCE & RESIDUAL WEIGHTING CANCELLED FOR EVENT: 2021  7 29 18 54
  113 2021- 7-29 18:54     - 54 57  162 15  11.72 0.54  0.0    5 25.4 34.7       113
  114 2021- 7-29 19:12     - 55 16  161 15   5.79 0.14  0.0    9  6.1 13.3       114
 *** DISTANCE & RESIDUAL WEIGHTING CANCELLED FOR EVENT: 2021  7 29 19 12
  115 2021- 7-29 19:12     # 55 44  162  8   5.99 0.46  0.0    4 12.7  5.3       115
  116 2021- 7-29 19:15       55 26  162  8   8.11 0.61  0.0    4 17.0 33.5       116
 *** DISTANCE & RESIDUAL WEIGHTING CANCELLED FOR EVENT: 2021  7 29 19 30
  117 2021- 7-29 19:30     - 55 22  162  9   5.97 0.38  0.0    4 33.3 31.2       117
  118 2021- 7-29 19:30       55 26  161 12  30.17 0.09  0.0    6  3.6  6.0       118
  119 2021- 7-29 19:53     - 55 13  160 50   4.94 0.32  0.0   11 11.8 26.0       119
  120 2021- 7-29 20:21     - 55 19  161  7  45.20 0.24  0.0    8 17.2  7.6       120
  SEQ ---DATE--- TIME REMARK -LAT-  --LON-  DEPTH  RMS PMAG  NUM  ERH  ERZ  ID
  121 2021- 7-29 20:23     - 55  6  160 46  16.13 0.18  0.0   12  7.7 16.3       121
  122 2021- 7-29 20:25     - 55 13  160 58   5.99 0.30  0.0    8 10.7 24.7       122
  123 2021- 7-29 20:31     - 55 16  161 13   6.00 0.17  0.0    7 12.8 18.7       123
  124 2021- 7-29 20:33     - 55 13  160 46   5.81 0.24  0.0   11  9.5 21.0       124
  125 2021- 7-29 20:42     - 55 13  161 56   3.95 0.10  0.0    4  3.4 13.5       125
  126 2021- 7-29 21:00       55 13  161 16  15.95 0.13  0.0    8  3.6  1.6       126
  127 2021- 7-29 21:08     - 55 12  160 45  33.10 0.02  0.0    4  7.4 12.6       127
 *** DISTANCE & RESIDUAL WEIGHTING CANCELLED FOR EVENT: 2021  7 29 21  8
  128 2021- 7-29 21:08     # 55 40  162 10   6.00 3.22  0.0    4 67.2 72.7       128
  129 2021- 7-29 21:18     - 55 15  161  9   6.00 0.23  0.0    9 16.4 23.1       129
  130 2021- 7-29 21:39     - 55 14  161  7   4.61 0.27  0.0   12  9.6 20.7       130
 *** DISTANCE & RESIDUAL WEIGHTING CANCELLED FOR EVENT: 2021  7 29 21 58
  131 2021- 7-29 21:58     # 55  7  161 43   6.00 0.60  0.0    4 28.9  4.1       131
  132 2021- 7-29 22:02     - 55 14  161  2   6.93 0.13  0.0    7  4.2 16.4       132
  133 2021- 7-29 22:18       55 14  160 23  52.85 0.20  0.0   11  5.7  9.4       133
