 HYPOINVERSE 2000 STARTING
6/2014 VERSION 1.40 (geoid depth possible)                            
 COMMAND?     33 STATIONS READ IN.
  FIND INPUT PHASE FILE TYPE & SET PHS(COP) & ARC(CAR) FORMATS
  INPUT IS A HYPOINVERSE ARCHIVE-2000 FILE, NO SHADOWS
  SETTING FORMATS COP 3, CAR 1
  SEQ ---DATE--- TIME REMARK -LAT-  --LON-  DEPTH  RMS PMAG  NUM  ERH  ERZ  ID
    1 2021- 7-29  7:59     - 55 27  162 21  44.67 0.15  0.0    8  2.6 13.4         1
    2 2021- 7-29  8:03       55 24  161 43  63.85 0.21  0.0   10  3.3  2.1         2
    3 2021- 7-29  8:09     - 55  4  161  9  14.45 0.07  0.0    5  5.8 12.3         3
    4 2021- 7-29  8:13     - 55 17  161 16  23.40 0.11  0.0    5 13.1  7.6         4
    5 2021- 7-29  8:16     - 55 10  160 47   6.47 0.15  0.0    9 11.1 13.4         5
    6 2021- 7-29  8:17     - 55 20  162  1   8.49 0.07  0.0    4  6.5  7.7         6
    7 2021- 7-29  8:26     - 55 17  161 41  18.16 0.00  0.0    4 10.9  5.0         7
    8 2021- 7-29  8:40       55 15  160 38  41.35 0.16  0.0   11  4.2  6.8         8
    9 2021- 7-29  8:55     - 55  2  161 30  10.12 0.10  0.0    5  2.7 14.7         9
   10 2021- 7-29  8:58     - 55 38  162 13   1.75 0.21  0.0    6  6.5 19.0        10
   11 2021- 7-29  9:08     - 55  9  160 59  18.49 0.14  0.0    9  5.9 15.7        11
   12 2021- 7-29  9:17       55 20  161  0  35.21 0.26  0.0   11  3.0  6.2        12
   13 2021- 7-29  9:23       55 17  160 56  40.89 0.21  0.0   12  3.4  4.9        13
   14 2021- 7-29  9:26     - 55 20  160 29  10.66 0.20  0.0    7 15.5 12.7        14
   15 2021- 7-29  9:28     - 55 13  160 26  36.20 0.14  0.0   10 16.5 12.9        15
  SEQ ---DATE--- TIME REMARK -LAT-  --LON-  DEPTH  RMS PMAG  NUM  ERH  ERZ  ID
   16 2021- 7-29  9:36       55  5  161 46  14.10 0.09  0.0    6  2.5  0.7        16
   17 2021- 7-29  9:38       54 59  161 27   6.17 0.09  0.0    6  2.3  1.5        17
   18 2021- 7-29  9:43       55  6  161 38  17.75 0.02  0.0    5  3.0  2.9        18
   19 2021- 7-29  9:45       55 18  161  7  11.78 0.10  0.0    7  2.9  1.6        19
   20 2021- 7-29  9:52       55 16  161  3  18.42 0.22  0.0   11  6.8  1.9        20
   21 2021- 7-29  9:54     - 55 19  160 50  46.88 0.07  0.0    9 11.3  3.1        21
   22 2021- 7-29  9:59     - 55 13  160 60  61.83 0.12  0.0    6 13.7  7.5        22
   23 2021- 7-29 10:02     - 55  5  161 24  15.42 0.11  0.0    7  1.7 11.6        23
   24 2021- 7-29 10:05     - 55 19  161 43  29.89 0.21  0.0    5  9.9 14.8        24
   25 2021- 7-29 10:06     - 55 16  161 35   4.66 0.11  0.0    5  1.3 14.6        25
   26 2021- 7-29 10:13     - 55 17  161  1  10.32 0.19  0.0    5  8.4 15.9        26
   27 2021- 7-29 10:16     - 55  9  161 17   7.49 0.31  0.0    7 19.8  4.3        27
   28 2021- 7-29 10:17       55 13  161 20  16.56 0.43  0.0   11  5.0 21.5        28
   29 2021- 7-29 10:20     - 55 21  161 43  25.58 0.11  0.0    4  8.4 11.1        29
   30 2021- 7-29 10:22       55 26  161 46  17.58 0.15  0.0    5  3.4  1.3        30
  SEQ ---DATE--- TIME REMARK -LAT-  --LON-  DEPTH  RMS PMAG  NUM  ERH  ERZ  ID
   31 2021- 7-29 10:24     - 55 10  160 36  17.67 0.18  0.0    9 15.2 12.0        31
   32 2021- 7-29 10:27       55 11  160 50  39.21 0.18  0.0   10  4.3  7.2        32
   33 2021- 7-29 10:38       55 17  160 43  42.64 0.17  0.0   10  5.1  6.0        33
   34 2021- 7-29 10:42     - 55 17  161 23  14.92 0.10  0.0    5 12.1 14.2        34
   35 2021- 7-29 10:50     - 54 41  161  3   7.01 0.40  0.0   10 18.5 21.5        35
   36 2021- 7-29 10:54     - 55 20  161 16  15.27 0.17  0.0    7  2.0 18.6        36
   37 2021- 7-29 10:59     - 55 35  161 15  10.44 0.13  0.0    8  1.3 16.1        37
   38 2021- 7-29 11:05       55  7  161 25  23.23 0.24  0.0    9  4.9  4.7        38
   39 2021- 7-29 11:09     - 55 12  160 31   5.49 0.11  0.0   10 10.9  9.7        39
   40 2021- 7-29 11:17     - 55 16  161 41  23.03 0.04  0.0    4  9.0  8.1        40
   41 2021- 7-29 11:24     # 55  7  163 21   7.27 0.66  0.0    7 25.2 27.2        41
   42 2021- 7-29 11:29     - 55 15  161  6  24.83 0.23  0.0   10 16.4 21.5        42
   43 2021- 7-29 11:41     - 55 10  160 22   6.53 0.16  0.0   10 11.4 15.3        43
   44 2021- 7-29 11:48     - 55 17  160 39  41.67 0.17  0.0    8 16.3  9.3        44
   45 2021- 7-29 12:17     - 55 13  161  3   6.50 0.26  0.0    7 17.8 13.1        45
  SEQ ---DATE--- TIME REMARK -LAT-  --LON-  DEPTH  RMS PMAG  NUM  ERH  ERZ  ID
   46 2021- 7-29 12:18     - 55 14  161  8  34.32 0.17  0.0    8 13.8  4.8        46
   47 2021- 7-29 12:24     - 55 20  161 30   4.27 0.01  0.0    5  1.9 11.3        47
   48 2021- 7-29 12:28     - 55  4  160 49  19.05 0.31  0.0    9 24.2 28.3        48
   49 2021- 7-29 12:32     - 55 19  161 33  34.81 0.42  0.0    8 21.2 17.3        49
   50 2021- 7-29 12:43       55 16  161 24  22.13 0.21  0.0   12  2.3  3.7        50
   51 2021- 7-29 12:52     - 55 23  161 26  37.44 0.12  0.0    7 11.4  7.7        51
   52 2021- 7-29 13:03       55 27  162  6  34.30 0.13  0.0    6  2.3  7.4        52
   53 2021- 7-29 13:15       55 14  161 12  24.46 0.15  0.0   10  4.8  2.5        53
   54 2021- 7-29 13:18       55 18  160 57  29.16 0.19  0.0   12  4.4  8.8        54
   55 2021- 7-29 13:30     - 55 13  160 52   7.44 0.21  0.0    9 16.2  9.5        55
   56 2021- 7-29 13:48     - 55 13  160 55  17.95 0.15  0.0    8 13.7 17.4        56
   57 2021- 7-29 14:02     - 55 10  159 37   6.50 0.21  0.0    9 19.8 21.5        57
   58 2021- 7-29 14:08       55 23  161 42  29.55 0.03  0.0    5  5.9  4.8        58
   59 2021- 7-29 14:16       55 13  161  1  10.95 0.10  0.0    7  3.2  2.5        59
   60 2021- 7-29 14:20     - 55 14  160 16   6.51 0.26  0.0    5 20.7 23.3        60
  SEQ ---DATE--- TIME REMARK -LAT-  --LON-  DEPTH  RMS PMAG  NUM  ERH  ERZ  ID
   61 2021- 7-29 14:48     - 55 26  162 17   6.61 0.23  0.0    5  2.2 17.6        61
   62 2021- 7-29 14:49     - 55 13  161  6  25.21 0.09  0.0    9 10.5  9.9        62
   63 2021- 7-29 14:53     # 55 14  161  3  17.94 0.11  0.0    9  1.6  1.8        63
   64 2021- 7-29 14:57       55 18  161 32  19.94 0.01  0.0    5  3.0  1.5        64
   65 2021- 7-29 14:58     - 55 29  161 11  15.86 0.29  0.0    9  3.1 25.5        65
   66 2021- 7-29 15:11       54 37  161 20  13.17 0.12  0.0   12  1.8  3.3        66
   67 2021- 7-29 15:13     - 55  7  160 28   6.50 0.24  0.0   10 21.2 23.6        67
   68 2021- 7-29 15:30       55 13  161 22  19.78 0.20  0.0    8  4.4  1.9        68
   69 2021- 7-29 16:00     - 55  4  161  6  20.96 0.34  0.0    9 23.4 28.1        69
   70 2021- 7-29 16:08       55 15  160 53  17.41 0.23  0.0   12  3.8  3.0        70
   71 2021- 7-29 16:09     - 55 12  160 49  17.49 0.18  0.0   11  6.6 17.8        71
   72 2021- 7-29 16:38     - 55 17  160 58  52.00 0.13  0.0    8 13.4  5.1        72
   73 2021- 7-29 17:00     - 55 17  160 44  46.20 0.22  0.0   11 18.2  8.3        73
   74 2021- 7-29 17:04     - 55 15  161 52  52.89 0.01  0.0    5  9.9  3.2        74
   75 2021- 7-29 17:08     - 55 22  161 22  22.43 0.08  0.0    5 13.7  3.1        75
  SEQ ---DATE--- TIME REMARK -LAT-  --LON-  DEPTH  RMS PMAG  NUM  ERH  ERZ  ID
   76 2021- 7-29 17:23       55 13  161 23  13.36 0.12  0.0   10  3.6  1.0        76
   77 2021- 7-29 17:28     - 55 29  161 47  -0.36 0.11  0.0    4  4.1 15.2        77
   78 2021- 7-29 17:33     - 55 15  161 28  19.43 0.12  0.0    5 12.1  2.1        78
   79 2021- 7-29 17:34     - 55 30  161 50   5.53 0.25  0.0    5  6.9 20.5        79
   80 2021- 7-29 17:52     - 55 15  161  8  30.08 0.13  0.0    9 12.7  5.4        80
   81 2021- 7-29 18:14       55 14  161 36   9.95 0.20  0.0    7  3.2  9.7        81
   82 2021- 7-29 18:17     - 55  6  161 19   3.18 0.10  0.0    5  5.2 14.1        82
   83 2021- 7-29 18:38       55 13  161  6  23.15 0.42  0.0   11  9.5  5.6        83
   84 2021- 7-29 18:46       55 19  160 51  40.74 0.11  0.0    9  3.0  4.8        84
   85 2021- 7-29 18:53       54 45  161 58   8.29 0.11  0.0    6  5.4  1.4        85
   86 2021- 7-29 19:12     - 55 16  161  0  26.54 0.13  0.0   10 13.3  9.3        86
   87 2021- 7-29 19:30       55 26  161  9  26.11 0.05  0.0    6  3.1  6.1        87
   88 2021- 7-29 19:53     - 55 15  160 11   6.53 0.13  0.0   10 10.8 12.7        88
   89 2021- 7-29 20:21       55 19  161  9  37.83 0.24  0.0    9  6.9  6.7        89
   90 2021- 7-29 20:23     - 55  7  160 52  18.99 0.25  0.0   10  8.0 21.5        90
  SEQ ---DATE--- TIME REMARK -LAT-  --LON-  DEPTH  RMS PMAG  NUM  ERH  ERZ  ID
   91 2021- 7-29 20:25     - 55 13  160 40  16.03 0.13  0.0    8 14.2 16.6        91
   92 2021- 7-29 20:31     - 55 15  161  8  19.77 0.13  0.0    8 12.6 16.7        92
   93 2021- 7-29 20:33     - 55 13  160 48  28.06 0.11  0.0   12  2.5 11.5        93
   94 2021- 7-29 20:42     - 55 12  161 55   6.41 0.10  0.0    4  4.9 11.9        94
   95 2021- 7-29 21:00       55 12  161 10  16.92 0.14  0.0   10  3.1  1.8        95
   96 2021- 7-29 21:08     - 55 20  160 46  31.93 0.19  0.0    6  6.2 14.1        96
   97 2021- 7-29 21:18     - 55 14  160 38  22.95 0.19  0.0   10 18.1  5.3        97
   98 2021- 7-29 21:39       55 15  161  8  24.47 0.14  0.0   10  3.1  1.8        98
   99 2021- 7-29 22:02     - 55 16  161  5  13.95 0.08  0.0    7  6.6  7.5        99
  100 2021- 7-29 22:18     - 55 12  160 38  29.01 0.14  0.0    9 10.7 12.4       100
  101 2021- 7-29 22:56     - 55 15  160 33  29.62 0.12  0.0   11  2.8 12.4       101
  102 2021- 7-29 23:38     - 55 14  160 48  25.44 0.11  0.0   12  3.2 15.1       102
