 HYPOINVERSE 2000 STARTING
6/2014 VERSION 1.40 (geoid depth possible)                            
 COMMAND?     33 STATIONS READ IN.
  FIND INPUT PHASE FILE TYPE & SET PHS(COP) & ARC(CAR) FORMATS
  INPUT IS A HYPOINVERSE ARCHIVE-2000 FILE, NO SHADOWS
  SETTING FORMATS COP 3, CAR 1
  SEQ ---DATE--- TIME REMARK -LAT-  --LON-  DEPTH  RMS PMAG  NUM  ERH  ERZ  ID
    1 2021- 7-29  7:59     - 55 27  162 21  10.69 0.31  0.0    7  2.0 26.0         1
    2 2021- 7-29  8:03       55 18  161 27  27.46 1.59  0.0   11 13.7 21.0         2
    3 2021- 7-29  8:09     - 55  4  161  9  13.94 0.06  0.0    5  5.6 12.0         3
    4 2021- 7-29  8:13     - 55 16  161 31  27.13 0.04  0.0    4 10.3  4.0         4
    5 2021- 7-29  8:16     - 55 12  161 15  14.29 0.19  0.0    9  6.4 15.0         5
    6 2021- 7-29  8:17       55 20  161 58  11.80 0.00  0.0    4  2.9  4.6         6
    7 2021- 7-29  8:26     - 55 16  160 60  27.67 0.14  0.0    6  5.1 12.7         7
    8 2021- 7-29  8:40     - 55 14  160 25  46.30 0.13  0.0   10 14.9  8.2         8
    9 2021- 7-29  8:55       55  5  161 36  14.51 0.07  0.0    5  2.4  1.5         9
   10 2021- 7-29  8:58     - 55 38  162 13   4.05 0.21  0.0    6  2.1 21.3        10
   11 2021- 7-29  9:08     - 55  7  160 57  20.31 0.19  0.0    9  2.8 20.3        11
   12 2021- 7-29  9:17       55 19  160 60  35.61 0.27  0.0   11  3.1  6.6        12
   13 2021- 7-29  9:23       55 17  160 55  40.03 0.23  0.0   12  3.6  5.5        13
   14 2021- 7-29  9:26     - 55 21  160 39  23.29 0.18  0.0    7 18.5 19.3        14
   15 2021- 7-29  9:28     - 55 13  160 25  36.96 0.16  0.0   10 17.2 12.7        15
  SEQ ---DATE--- TIME REMARK -LAT-  --LON-  DEPTH  RMS PMAG  NUM  ERH  ERZ  ID
   16 2021- 7-29  9:36       55  5  161 46  12.98 0.08  0.0    6  2.8  1.6        16
   17 2021- 7-29  9:38     - 54 59  161 26   8.32 0.11  0.0    6  5.3 12.9        17
   18 2021- 7-29  9:43       55  6  161 29  20.41 0.10  0.0    7  1.7  6.3        18
   19 2021- 7-29  9:45       55 18  161  8  12.41 0.10  0.0    7  2.8  1.5        19
   20 2021- 7-29  9:52     - 55 15  161  3  20.17 0.23  0.0   11  7.8 22.2        20
   21 2021- 7-29  9:54       55 19  160 60  43.91 0.10  0.0   13  2.0  3.0        21
   22 2021- 7-29  9:59     - 55 16  160 57  76.31 0.12  0.0    7 13.2  7.4        22
   23 2021- 7-29 10:02       55  6  161 25  18.62 0.10  0.0    7  1.7  1.6        23
   24 2021- 7-29 10:05     - 55  8  160 57  49.06 0.41  0.0    6 25.9 21.4        24
   25 2021- 7-29 10:06     - 55 19  161 40   9.54 0.07  0.0    4 10.2  7.1        25
   26 2021- 7-29 10:13     - 55 17  161  1  11.69 0.17  0.0    5  5.0 17.7        26
   27 2021- 7-29 10:16     - 55  9  161 19  10.77 0.29  0.0    7 19.1  5.4        27
   28 2021- 7-29 10:17     - 55 13  161 23  15.23 0.20  0.0   11  2.4 18.7        28
   29 2021- 7-29 10:20     - 55 21  161 41  30.15 0.13  0.0    4  8.9 12.7        29
   30 2021- 7-29 10:22       55 26  161 46  17.54 0.12  0.0    5  3.6  1.6        30
  SEQ ---DATE--- TIME REMARK -LAT-  --LON-  DEPTH  RMS PMAG  NUM  ERH  ERZ  ID
   31 2021- 7-29 10:24     - 55  9  160 26  10.50 0.15  0.0    8 10.9 12.8        31
   32 2021- 7-29 10:27       55 12  160 50  39.74 0.19  0.0   11  4.6  7.3        32
   33 2021- 7-29 10:38       55 12  160 45  14.23 0.20  0.0   11  4.8  6.9        33
   34 2021- 7-29 10:42     - 55 18  161 24  19.82 0.12  0.0    6 12.6  4.1        34
   35 2021- 7-29 10:50     - 54 40  161  1   9.91 0.37  0.0   10 15.7 23.8        35
   36 2021- 7-29 10:54     - 55 20  161 14  21.04 0.15  0.0    6  3.0 16.2        36
   37 2021- 7-29 10:59     - 55 35  161 14  15.63 0.14  0.0    8  1.6 16.1        37
   38 2021- 7-29 11:05       55 11  161 36  18.85 0.36  0.0    9  7.3  4.1        38
   39 2021- 7-29 11:09     - 55 13  160 48  17.27 0.12  0.0   10 13.8 16.1        39
 *** DISTANCE & RESIDUAL WEIGHTING CANCELLED FOR EVENT: 2021  7 29 11 17
   40 2021- 7-29 11:17     - 55 15  161 28  10.50 0.80  0.0    6 44.4 26.4        40
   41 2021- 7-29 11:24     - 55  6  163 27  16.56 0.57  0.0    7 19.3 34.4        41
   42 2021- 7-29 11:29     - 55 14  160 54  26.84 0.24  0.0   11 18.7 15.5        42
   43 2021- 7-29 11:41     - 55 13  160 15  20.82 0.16  0.0   11 15.2 18.5        43
   44 2021- 7-29 11:48     - 55 15  161 16  24.50 0.22  0.0    8 17.5  2.3        44
   45 2021- 7-29 12:17     - 55 15  160 50  10.26 0.28  0.0    7 16.6 19.8        45
  SEQ ---DATE--- TIME REMARK -LAT-  --LON-  DEPTH  RMS PMAG  NUM  ERH  ERZ  ID
   46 2021- 7-29 12:18       55 16  161 25  26.10 0.14  0.0    7  4.4  2.8        46
   47 2021- 7-29 12:24       55 24  161 34  15.18 0.02  0.0    5  2.5  1.3        47
   48 2021- 7-29 12:28     - 55  6  161  3  19.19 0.34  0.0   10 10.4 27.6        48
   49 2021- 7-29 12:32     - 55 16  160 58  24.86 0.18  0.0    8 18.2 19.6        49
   50 2021- 7-29 12:43       55 16  161 22  19.58 0.21  0.0   12  2.7  1.1        50
   51 2021- 7-29 12:52     - 55 25  161 36  34.84 0.12  0.0    7  9.8  8.6        51
   52 2021- 7-29 13:03       55 27  162  7  32.34 0.15  0.0    6  2.4  7.8        52
   53 2021- 7-29 13:15       55 15  161 15  31.53 0.23  0.0   10  7.0  4.8        53
   54 2021- 7-29 13:18     - 55 18  160 48  26.50 0.16  0.0   10 12.7 11.5        54
   55 2021- 7-29 13:30       55 13  160 60  10.13 0.23  0.0   10  3.1  1.6        55
   56 2021- 7-29 13:48     - 55 11  159 51  10.50 0.13  0.0   10 15.2 16.6        56
   57 2021- 7-29 14:02     - 55 10  159 48  10.50 0.22  0.0    9 20.3 22.3        57
   58 2021- 7-29 14:08       55 23  161 42  29.54 0.04  0.0    6  5.9  4.9        58
   59 2021- 7-29 14:16     - 55 14  160 59  11.64 0.10  0.0    7  7.2 10.3        59
   60 2021- 7-29 14:20     - 55 12  159 57  10.51 0.20  0.0    5 19.4 20.5        60
  SEQ ---DATE--- TIME REMARK -LAT-  --LON-  DEPTH  RMS PMAG  NUM  ERH  ERZ  ID
   61 2021- 7-29 14:48       55 27  162 11  30.86 0.04  0.0    5  2.8  6.6        61
   62 2021- 7-29 14:49     - 55 12  161  5  23.64 0.11  0.0    9 12.3  3.5        62
   63 2021- 7-29 14:53       55 13  161  3  18.30 0.15  0.0   10  1.9  1.3        63
   64 2021- 7-29 14:57     - 55 19  161 48  15.82 0.07  0.0    4 12.0  5.8        64
   65 2021- 7-29 14:58     # 55 27  161 13  17.99 0.45  0.0    9  6.1 11.1        65
   66 2021- 7-29 15:11       54 38  161 21   8.24 0.15  0.0   14  3.5  4.6        66
   67 2021- 7-29 15:13     - 55  7  160 39   9.20 0.21  0.0   10 13.7 13.9        67
   68 2021- 7-29 15:30     - 55 13  161 27  10.51 0.27  0.0    8  2.6 20.1        68
   69 2021- 7-29 16:00     - 55  5  161  6  20.12 0.36  0.0    9 25.1 32.4        69
   70 2021- 7-29 16:08       55 14  160 57  20.82 0.22  0.0   12  2.8  7.5        70
   71 2021- 7-29 16:09     - 55 14  160 48  17.64 0.15  0.0   11  6.1 16.4        71
   72 2021- 7-29 16:38     - 55 15  161 11  39.35 0.19  0.0    8 14.8  7.2        72
   73 2021- 7-29 17:00     - 55 14  160 51  27.36 0.20  0.0   10 16.5 13.2        73
   74 2021- 7-29 17:04     - 55 15  161 54  52.92 0.01  0.0    5  9.7  3.2        74
   75 2021- 7-29 17:08     - 55 22  161 33  20.98 0.04  0.0    4 12.1  3.4        75
  SEQ ---DATE--- TIME REMARK -LAT-  --LON-  DEPTH  RMS PMAG  NUM  ERH  ERZ  ID
   76 2021- 7-29 17:22       55  9  161  4   4.85 0.20  0.0   10 12.4  4.4        76
   77 2021- 7-29 17:28     - 55 29  161 48  -0.23 0.14  0.0    4  4.1 17.3        77
   78 2021- 7-29 17:33       55 12  161  3  24.42 0.15  0.0    7  4.7  2.4        78
   79 2021- 7-29 17:34     - 55 30  161 33  21.55 0.28  0.0    5 24.1  9.3        79
   80 2021- 7-29 17:52     - 55 15  160 35  47.84 0.13  0.0   10 14.6  5.8        80
   81 2021- 7-29 18:14       55 14  161 37  13.12 0.18  0.0    7  2.6  3.8        81
   82 2021- 7-29 18:17       55  9  161 13  12.23 0.09  0.0    5  2.5  2.4        82
   83 2021- 7-29 18:38     - 55 12  161  6  19.88 0.23  0.0   11  4.2 22.6        83
   84 2021- 7-29 18:46       55 18  160 51  37.05 0.21  0.0    9  3.8  7.1        84
   85 2021- 7-29 18:53       54 45  161 58   8.34 0.11  0.0    6  5.4  1.4        85
   86 2021- 7-29 19:12     - 55 16  160 53  27.47 0.14  0.0   10 14.5 11.2        86
   87 2021- 7-29 19:30       55 25  161  9  30.14 0.05  0.0    6  2.9  6.0        87
   88 2021- 7-29 19:53     - 55 15  160 29  12.76 0.16  0.0   10 10.9 13.8        88
   89 2021- 7-29 20:21     - 55 22  160 39  73.80 0.22  0.0    9 18.5 10.1        89
   90 2021- 7-29 20:23     - 55  7  160 52  19.45 0.24  0.0   11  7.8 21.1        90
  SEQ ---DATE--- TIME REMARK -LAT-  --LON-  DEPTH  RMS PMAG  NUM  ERH  ERZ  ID
   91 2021- 7-29 20:25       55 15  161  2  31.19 0.14  0.0    9  3.7  5.7        91
   92 2021- 7-29 20:31     # 55 15  161 16  11.46 0.13  0.0    8 10.0  3.0        92
   93 2021- 7-29 20:33     - 55 12  160 48  17.59 0.14  0.0   12  5.8 15.3        93
   94 2021- 7-29 20:42     - 55 12  161 54   8.48 0.09  0.0    4  5.3 10.6        94
   95 2021- 7-29 21:00     - 55 12  161 17  15.20 0.13  0.0    8  3.1 15.3        95
   96 2021- 7-29 21:08     - 55 22  160 45  28.03 0.16  0.0    5  5.7 15.6        96
   97 2021- 7-29 21:18     - 55 11  160 19  10.63 0.19  0.0   10 13.2 14.6        97
   98 2021- 7-29 21:39     - 55 15  161  7  20.06 0.16  0.0   10  3.1 17.7        98
   99 2021- 7-29 22:02     - 55 16  161  5  13.25 0.08  0.0    7  7.8  8.5        99
  100 2021- 7-29 22:18     - 55 12  160 42  29.43 0.14  0.0   10  5.2 12.4       100
  101 2021- 7-29 22:56       55 15  160 33  22.06 0.13  0.0   11  2.8  1.6       101
  102 2021- 7-29 23:38       55 14  160 49  29.76 0.09  0.0   12  2.5  7.4       102
