 HYPOINVERSE 2000 STARTING
6/2014 VERSION 1.40 (geoid depth possible)                            
 COMMAND?     33 STATIONS READ IN.
  FIND INPUT PHASE FILE TYPE & SET PHS(COP) & ARC(CAR) FORMATS
  INPUT IS A HYPOINVERSE ARCHIVE-2000 FILE, NO SHADOWS
  SETTING FORMATS COP 3, CAR 1
  SEQ ---DATE--- TIME REMARK -LAT-  --LON-  DEPTH  RMS PMAG  NUM  ERH  ERZ  ID
    1 2021- 7-29  7:59     - 55  1  161 16  11.13 0.09  0.0    4  1.6 14.4         1
    2 2021- 7-29  7:59     - 55 30  162 10  69.94 0.23  0.0    8  9.7 16.9         2
    3 2021- 7-29  8:03     - 55 31  162 50  11.27 0.12  0.0    5  5.9 16.0         3
 *** DISTANCE & RESIDUAL WEIGHTING CANCELLED FOR EVENT: 2021  7 29  8  3
    4 2021- 7-29  8:03     # 55 13  161 19  11.00 0.52  0.0    7  6.5 29.3         4
    5 2021- 7-29  8:04     - 55 12  161 39   8.13 0.11  0.0    4  4.8 14.0         5
 *** DISTANCE & RESIDUAL WEIGHTING CANCELLED FOR EVENT: 2021  7 29  8  8
    6 2021- 7-29  8:07     - 55 35  161 38  11.00 0.72  0.0    4 39.0 35.1         6
    7 2021- 7-29  8:09     - 55  2  161  8  11.06 0.19  0.0    6  2.9 19.9         7
    8 2021- 7-29  8:10       55 14  162  4   8.27 0.00  0.0    4  1.8  8.6         8
    9 2021- 7-29  8:10     - 55 18  161 11  10.67 0.11  0.0    4  3.3 14.9         9
   10 2021- 7-29  8:13     - 55 15  161  5  11.01 0.15  0.0    7 11.8 12.6        10
   11 2021- 7-29  8:14     - 55 16  160 26   4.56 0.29  0.0    6 25.4 26.0        11
   12 2021- 7-29  8:14     - 55 30  161 48  10.16 0.08  0.0    4  7.1 12.2        12
   13 2021- 7-29  8:16       55 19  160 56  55.47 0.19  0.0   13  3.8  3.7        13
 *** DISTANCE & RESIDUAL WEIGHTING CANCELLED FOR EVENT: 2021  7 29  8 17
   14 2021- 7-29  8:17     - 55  3  162  8  10.54 0.44  0.0    4 16.6 32.7        14
 *** DISTANCE & RESIDUAL WEIGHTING CANCELLED FOR EVENT: 2021  7 29  8 18
   15 2021- 7-29  8:18     - 55 52  162  1  11.32 1.04  0.0    5 42.7 86.7        15
  SEQ ---DATE--- TIME REMARK -LAT-  --LON-  DEPTH  RMS PMAG  NUM  ERH  ERZ  ID
   16 2021- 7-29  8:25     - 54 47  162 16   9.81 0.61  0.0    4 46.8 48.4        16
   17 2021- 7-29  8:25     - 55 10  160 31  18.31 0.22  0.0    6  6.8 22.0        17
   18 2021- 7-29  8:30     - 55 36  161  9 103.38 0.05  0.0    4  8.9  9.6        18
 *** DISTANCE & RESIDUAL WEIGHTING CANCELLED FOR EVENT: 2021  7 29  8 31
   19 2021- 7-29  8:31     - 55 12  161 31  11.00 0.80  0.0    4 32.8 62.8        19
   20 2021- 7-29  8:33     - 55 29  162 14  10.54 0.08  0.0    4  1.7 13.9        20
   21 2021- 7-29  8:39     - 55 17  161 20   6.60 0.17  0.0    6  2.0 18.9        21
   22 2021- 7-29  8:40     - 55 10  160 38  20.41 0.28  0.0   12  3.7 23.2        22
   23 2021- 7-29  8:41     - 55 30  160 38  11.17 0.07  0.0    4  9.2  8.5        23
 *** DISTANCE & RESIDUAL WEIGHTING CANCELLED FOR EVENT: 2021  7 29  8 41
   24 2021- 7-29  8:41     - 54 41  161 36  11.00 0.54  0.0    5  6.5 46.0        24
   25 2021- 7-29  8:55     - 55 11  161 47   9.76 0.09  0.0    4 11.5  8.7        25
   26 2021- 7-29  8:56       55  3  161 48   4.15 0.09  0.0    6  3.3  1.4        26
   27 2021- 7-29  8:56     - 55 10  160 48  11.22 0.32  0.0    5  4.1 29.4        27
   28 2021- 7-29  8:57     - 55 16  161 52  10.83 0.05  0.0    4  3.6 11.5        28
   29 2021- 7-29  8:58     - 55 18  161 54  25.20 0.24  0.0    4 16.3 14.4        29
 *** DISTANCE & RESIDUAL WEIGHTING CANCELLED FOR EVENT: 2021  7 29  8 59
   30 2021- 7-29  8:58     - 55 24  162 14  11.00 0.50  0.0    4  6.4 31.4        30
  SEQ ---DATE--- TIME REMARK -LAT-  --LON-  DEPTH  RMS PMAG  NUM  ERH  ERZ  ID
   31 2021- 7-29  9:08     - 55  9  161  3  10.93 0.24  0.0    9 18.1 20.3        31
   32 2021- 7-29  9:08     - 55 29  161 11   8.80 0.24  0.0    5 19.4 13.9        32
   33 2021- 7-29  9:17       55 17  160 55  37.87 0.37  0.0   14  4.5 11.4        33
   34 2021- 7-29  9:18     - 55 16  162 37  11.01 0.04  0.0    4  1.8 12.4        34
   35 2021- 7-29  9:23     - 55 11  160 46  11.09 0.31  0.0   13  3.1 25.6        35
   36 2021- 7-29  9:26     - 55 22  160 51  33.54 0.23  0.0    8 16.2 19.2        36
   37 2021- 7-29  9:28     - 55 15  160 53  33.78 0.15  0.0   10 11.7 12.9        37
 *** DISTANCE & RESIDUAL WEIGHTING CANCELLED FOR EVENT: 2021  7 29  9 29
   38 2021- 7-29  9:29     # 55 14  161 40   8.78 0.91  0.0    5 31.7 13.5        38
   39 2021- 7-29  9:36     - 55  9  161 54  12.55 0.22  0.0    4  6.0 20.0        39
   40 2021- 7-29  9:36       55 22  161 42  20.76 0.00  0.0    4  2.2  1.4        40
   41 2021- 7-29  9:38     - 54 50  161 11  11.73 0.08  0.0    6 10.9 10.5        41
   42 2021- 7-29  9:38     - 55 19  161 48   7.87 0.14  0.0    4 11.0  9.9        42
 *** DISTANCE & RESIDUAL WEIGHTING CANCELLED FOR EVENT: 2021  7 29  9 39
   43 2021- 7-29  9:39     # 55 28  162  5  11.10 0.39  0.0    6  4.5 16.4        43
   44 2021- 7-29  9:43       55 22  161 39  55.89 0.08  0.0    7  3.7  0.8        44
   45 2021- 7-29  9:44     - 55  8  162 21  49.11 0.78  0.0    4 64.6 18.7        45
  SEQ ---DATE--- TIME REMARK -LAT-  --LON-  DEPTH  RMS PMAG  NUM  ERH  ERZ  ID
   46 2021- 7-29  9:45     - 55 18  161  5  11.06 0.11  0.0    5  2.9 13.7        46
   47 2021- 7-29  9:52     - 55 15  161  1  11.00 0.21  0.0   12  2.2 17.2        47
 *** DISTANCE & RESIDUAL WEIGHTING CANCELLED FOR EVENT: 2021  7 29  9 53
   48 2021- 7-29  9:52     # 55 25  161 56  30.38 1.10  0.0    5 13.9  9.3        48
   49 2021- 7-29  9:54       55 19  160 58  47.21 0.20  0.0   13  3.1  3.4        49
 *** DISTANCE & RESIDUAL WEIGHTING CANCELLED FOR EVENT: 2021  7 29  9 55
   50 2021- 7-29  9:54     - 55 13  161 24  11.01 0.45  0.0    4 32.2 13.1        50
 *** DISTANCE & RESIDUAL WEIGHTING CANCELLED FOR EVENT: 2021  7 29  9 56
   51 2021- 7-29  9:56     - 55  4  163  4  11.00 1.26  0.0    4 39.2 98.8        51
   52 2021- 7-29  9:59     - 55  5  160 47  11.57 0.22  0.0   10  4.0 20.4        52
   53 2021- 7-29  9:59     - 55 16  161 52   8.70 0.40  0.0    4 12.9 31.4        53
   54 2021- 7-29 10:02     - 55 28  161 52  71.89 0.32  0.0    7  8.1 22.5        54
   55 2021- 7-29 10:02     - 54 56  162 24  73.07 0.05  0.0    4 13.1  1.8        55
   56 2021- 7-29 10:05     - 55  3  161 31  41.88 0.17  0.0    6 11.7  6.7        56
   57 2021- 7-29 10:06       55 15  161 59   9.42 0.03  0.0    5  1.1  2.9        57
   58 2021- 7-29 10:08     - 54 53  160 42   9.65 0.05  0.0    5  9.5  7.3        58
   59 2021- 7-29 10:08     - 55 24  161 50  37.11 0.09  0.0    4 14.6  3.2        59
   60 2021- 7-29 10:13     - 55 28  161 13  10.81 0.21  0.0    4  4.8 21.5        60
  SEQ ---DATE--- TIME REMARK -LAT-  --LON-  DEPTH  RMS PMAG  NUM  ERH  ERZ  ID
   61 2021- 7-29 10:16     - 55  2  160 48  11.01 0.39  0.0   10 25.0 31.3        61
   62 2021- 7-29 10:16     - 55  7  161 17  43.15 0.06  0.0    4 10.9  5.4        62
   63 2021- 7-29 10:17     - 55 11  161 14   8.67 0.12  0.0    8  9.5 14.7        63
   64 2021- 7-29 10:18     - 55  0  160 54  32.77 0.15  0.0    8  8.2 17.6        64
   65 2021- 7-29 10:20       55 23  161 54  23.53 0.10  0.0    5  5.0  6.4        65
 *** DISTANCE & RESIDUAL WEIGHTING CANCELLED FOR EVENT: 2021  7 29 10 21
   66 2021- 7-29 10:21     # 55 21  162  7  10.93 0.99  0.0    5 19.4 37.7        66
   67 2021- 7-29 10:22       55 26  161 41  18.87 0.18  0.0    6  4.9  2.2        67
   68 2021- 7-29 10:23     - 55  5  161 19   8.37 0.09  0.0    5  2.0 14.1        68
   69 2021- 7-29 10:24     - 55 11  160 49  11.11 0.36  0.0   11  3.3 29.1        69
   70 2021- 7-29 10:27     - 55 14  161  9  39.80 0.17  0.0    9 15.5  4.9        70
   71 2021- 7-29 10:28       55  3  161 46  11.96 0.00  0.0    4  3.5  1.4        71
   72 2021- 7-29 10:38       55 17  160 45  50.18 0.16  0.0   12  2.9  4.8        72
   73 2021- 7-29 10:42     - 55 15  161 24  10.87 0.13  0.0    5  4.0 12.6        73
   74 2021- 7-29 10:50     # 54 52  161  3  11.84 0.28  0.0    8  2.7  7.3        74
   75 2021- 7-29 10:50     - 55 21  163  3  11.15 0.58  0.0    9  2.8 48.2        75
  SEQ ---DATE--- TIME REMARK -LAT-  --LON-  DEPTH  RMS PMAG  NUM  ERH  ERZ  ID
   76 2021- 7-29 10:54     # 55 29  161 11  23.41 0.07  0.0    6  3.6  4.3        76
   77 2021- 7-29 10:55       55 16  161 48   2.89 0.05  0.0    5  0.9  3.8        77
   78 2021- 7-29 10:59     - 55 18  161 10  10.99 0.40  0.0    8  4.8 27.5        78
 *** DISTANCE & RESIDUAL WEIGHTING CANCELLED FOR EVENT: 2021  7 29 10 59
   79 2021- 7-29 10:59     # 55 17  161 57  11.01 1.16  0.0    5 12.6 17.1        79
   80 2021- 7-29 11:05       55 13  161  1  44.95 0.28  0.0   10  9.1  8.0        80
   81 2021- 7-29 11:09       55 14  161  4  31.43 0.18  0.0   10 13.2  1.3        81
 *** DISTANCE & RESIDUAL WEIGHTING CANCELLED FOR EVENT: 2021  7 29 11 10
   82 2021- 7-29 11:09     - 54 56  161 24  11.00 3.15  0.0    5 33.3 98.5        82
 *** DISTANCE & RESIDUAL WEIGHTING CANCELLED FOR EVENT: 2021  7 29 11 17
   83 2021- 7-29 11:17     - 55 26  161 21  11.00 0.83  0.0    7 28.7 49.7        83
   84 2021- 7-29 11:17     - 55 26  162 26   8.03 0.02  0.0    4  1.1 11.4        84
   85 2021- 7-29 11:24     # 54 51  163 28  13.12 0.19  0.0    6  8.1  6.7        85
   86 2021- 7-29 11:24     # 55 18  161 40  17.75 2.32  0.0    7 16.6 30.5        86
   87 2021- 7-29 11:29     - 55 16  160 48  47.44 0.26  0.0   11 19.6  8.4        87
 *** DISTANCE & RESIDUAL WEIGHTING CANCELLED FOR EVENT: 2021  7 29 11 30
   88 2021- 7-29 11:30     - 55 19  161 32   6.50 0.73  0.0    6 11.0 62.2        88
   89 2021- 7-29 11:31     - 55 11  162 22  46.36 0.57  0.0    6 37.9 28.2        89
   90 2021- 7-29 11:41     - 55 16  160 34  55.81 0.15  0.0    9 16.1  7.5        90
  SEQ ---DATE--- TIME REMARK -LAT-  --LON-  DEPTH  RMS PMAG  NUM  ERH  ERZ  ID
   91 2021- 7-29 11:42     - 55 25  160 36  10.95 0.08  0.0    4 10.7  9.0        91
   92 2021- 7-29 11:48     - 55 15  160 57  33.45 0.14  0.0    8 11.2 12.2        92
   93 2021- 7-29 11:48     - 55 31  161 10  20.58 0.06  0.0    4 12.8  4.8        93
 *** DISTANCE & RESIDUAL WEIGHTING CANCELLED FOR EVENT: 2021  7 29 11 56
   94 2021- 7-29 11:56     # 55 28  162 16  11.00 1.45  0.0    5  9.7 40.9        94
   95 2021- 7-29 12:17     - 55 15  161 16  10.98 0.06  0.0    6  2.3 10.0        95
   96 2021- 7-29 12:18       55  7  161 19  21.66 0.40  0.0   10  4.3  8.3        96
   97 2021- 7-29 12:18     - 55 28  161  8   9.81 0.05  0.0    4  2.0 13.1        97
   98 2021- 7-29 12:24     - 55 56  160 56  11.31 0.06  0.0    4 11.3  6.8        98
   99 2021- 7-29 12:24     - 55 31  160 58   6.05 0.33  0.0    4 29.3 27.3        99
  100 2021- 7-29 12:32     - 55 12  161  3  11.10 0.19  0.0    8 14.3 18.6       100
  101 2021- 7-29 16:00     - 55  7  161  0  92.52 0.32  0.0    8 21.7 16.2       101
 *** DISTANCE & RESIDUAL WEIGHTING CANCELLED FOR EVENT: 2021  7 29 16  0
  102 2021- 7-29 16:00     - 55  8  161 11  40.73 0.12  0.0    4 13.2  3.2       102
 *** DISTANCE & RESIDUAL WEIGHTING CANCELLED FOR EVENT: 2021  7 29 16  1
  103 2021- 7-29 16:00     # 55 21  161 30  11.02 1.06  0.0    6 13.8 27.5       103
  104 2021- 7-29 16:08     - 55  9  160 57  11.00 0.26  0.0    8 20.1 24.3       104
  105 2021- 7-29 16:09     - 55 12  160 55  11.02 0.37  0.0   11 10.8 29.0       105
 *** DISTANCE & RESIDUAL WEIGHTING CANCELLED FOR EVENT: 2021  7 29 16 27
  SEQ ---DATE--- TIME REMARK -LAT-  --LON-  DEPTH  RMS PMAG  NUM  ERH  ERZ  ID
  106 2021- 7-29 16:26     # 55 19  161 45  11.00 2.06  0.0    4 73.4 66.4       106
 *** DISTANCE & RESIDUAL WEIGHTING CANCELLED FOR EVENT: 2021  7 29 16 31
  107 2021- 7-29 16:30     # 55  7  160 24  11.00 0.82  0.0    4 36.3 15.2       107
  108 2021- 7-29 16:38       55 16  160 52  56.70 0.15  0.0   10  2.8  3.8       108
  109 2021- 7-29 17:00     - 55 16  160 59  32.07 0.16  0.0    9 15.5  1.0       109
  110 2021- 7-29 17:00     - 55 29  161 37   5.02 0.16  0.0    4 16.4  7.6       110
 *** DISTANCE & RESIDUAL WEIGHTING CANCELLED FOR EVENT: 2021  7 29 17  4
  111 2021- 7-29 17:04     # 55 15  161 43  50.63 0.76  0.0    8 24.9 24.5       111
  112 2021- 7-29 17:04       55 22  162 15  21.63 0.00  0.0    4  2.5  7.5       112
  113 2021- 7-29 17:08     - 55 23  161 48  10.57 0.04  0.0    4  9.4  8.8       113
  114 2021- 7-29 17:22     - 55 11  161  7  11.00 0.15  0.0    8 13.0 15.2       114
  115 2021- 7-29 17:23     # 55 18  162  9  29.29 0.71  0.0    5 12.8 33.3       115
  116 2021- 7-29 17:28     - 55 25  162 60  24.90 0.05  0.0    5  7.5 11.6       116
 *** DISTANCE & RESIDUAL WEIGHTING CANCELLED FOR EVENT: 2021  7 29 17 29
  117 2021- 7-29 17:29     - 55 50  161 51  11.00 0.69  0.0    5  9.9 55.4       117
  118 2021- 7-29 17:33       55  9  161 13  23.81 0.22  0.0    9  3.7  6.3       118
  119 2021- 7-29 17:33     - 55 40  162 44  11.07 0.05  0.0    4  2.3 13.2       119
  120 2021- 7-29 17:34     - 55 27  160 42  49.90 0.17  0.0    8 18.5  6.3       120
  SEQ ---DATE--- TIME REMARK -LAT-  --LON-  DEPTH  RMS PMAG  NUM  ERH  ERZ  ID
  121 2021- 7-29 17:34     - 55 15  160 56   8.93 0.39  0.0    6 25.4 33.0       121
  122 2021- 7-29 17:52       55 16  160 46  49.95 0.13  0.0   13  3.0  4.3       122
 *** DISTANCE & RESIDUAL WEIGHTING CANCELLED FOR EVENT: 2021  7 29 17 53
  123 2021- 7-29 17:52     - 55  0  162  5   8.73 0.14  0.0    4  6.0 14.4       123
  124 2021- 7-29 18:14     - 54 59  160  9  27.94 0.21  0.0    9 20.1 21.7       124
  125 2021- 7-29 18:14       55 10  161 13  31.72 0.01  0.0    4  5.6  1.0       125
  126 2021- 7-29 18:15     - 55 26  162  8  10.54 0.04  0.0    4  3.2  9.4       126
 *** DISTANCE & RESIDUAL WEIGHTING CANCELLED FOR EVENT: 2021  7 29 18 17
  127 2021- 7-29 18:17     # 55 13  161 39  20.28 0.72  0.0    5 18.8 13.0       127
 *** DISTANCE & RESIDUAL WEIGHTING CANCELLED FOR EVENT: 2021  7 29 18 18
  128 2021- 7-29 18:18     # 55 10  161 41  11.00 1.17  0.0    4 17.8  8.8       128
  129 2021- 7-29 18:38     - 55 23  160 55  10.86 0.18  0.0    8  4.0 18.2       129
  130 2021- 7-29 18:38     - 55  4  161 25  36.81 0.28  0.0    6 19.9  8.0       130
  131 2021- 7-29 18:46       55 18  160 56  48.84 0.20  0.0    6  8.4  9.6       131
  132 2021- 7-29 18:53     - 54 31  161 54  10.57 0.04  0.0    4 10.1  7.9       132
  133 2021- 7-29 18:53     - 54 42  161 57  10.39 0.01  0.0    4  6.8  9.5       133
  134 2021- 7-29 19:12     - 55 34  160 40  11.03 0.29  0.0   10  4.0 26.3       134
 *** DISTANCE & RESIDUAL WEIGHTING CANCELLED FOR EVENT: 2021  7 29 19 13
  135 2021- 7-29 19:12     # 55 28  161 58  10.98 0.55  0.0    4 11.4 24.0       135
  SEQ ---DATE--- TIME REMARK -LAT-  --LON-  DEPTH  RMS PMAG  NUM  ERH  ERZ  ID
  136 2021- 7-29 19:30     - 55 50  162 37  11.01 0.04  0.0    4  1.8 12.8       136
  137 2021- 7-29 19:53     - 55 14  160 59  11.07 0.25  0.0   12  2.7 19.4       137
  138 2021- 7-29 20:16     - 55 13  162 17   7.66 0.07  0.0    4  1.9 12.9       138
  139 2021- 7-29 20:21     - 55 32  160 60  29.07 0.20  0.0    6 17.3 18.3       139
  140 2021- 7-29 20:23     - 55 10  161  3  10.99 0.16  0.0    7 13.4 14.8       140
  141 2021- 7-29 20:24       55 27  162  3   3.56 0.33  0.0    7  1.2  3.0       141
  142 2021- 7-29 20:25     - 55 13  160 47  37.36 0.14  0.0    9  2.9 12.2       142
  143 2021- 7-29 20:31       55 15  161 11  11.00 0.23  0.0   10  2.4 13.7       143
 *** DISTANCE & RESIDUAL WEIGHTING CANCELLED FOR EVENT: 2021  7 29 20 31
  144 2021- 7-29 20:31     - 55 12  162  6  13.19 1.51  0.0    4 97.7 38.6       144
  145 2021- 7-29 20:33     - 55 14  160 44  11.10 0.19  0.0   14  2.5 18.8       145
  146 2021- 7-29 20:34     # 55 12  161 45   4.94 0.09  0.0    5  1.8  1.0       146
  147 2021- 7-29 20:42     - 55 20  161 49   9.94 0.15  0.0    4  7.8 15.0       147
  148 2021- 7-29 20:43       55  1  161 43   3.91 0.05  0.0    5  2.1  0.7       148
