 HYPOINVERSE 2000 STARTING
6/2014 VERSION 1.40 (geoid depth possible)                            
 COMMAND?     33 STATIONS READ IN.
  FIND INPUT PHASE FILE TYPE & SET PHS(COP) & ARC(CAR) FORMATS
  INPUT IS A HYPOINVERSE ARCHIVE-2000 FILE, NO SHADOWS
  SETTING FORMATS COP 3, CAR 1
  SEQ ---DATE--- TIME REMARK -LAT-  --LON-  DEPTH  RMS PMAG  NUM  ERH  ERZ  ID
    1 2021- 7-29  7:59     - 55 26  162 20  89.38 0.12  0.0    9  3.7 14.1         1
    2 2021- 7-29  8:03     - 55 18  161  9  19.28 0.44  0.0    8 12.3 32.6         2
    3 2021- 7-29  8:09     - 55  5  161  8  19.41 0.07  0.0    5  4.7 12.9         3
    4 2021- 7-29  8:13     - 55 16  160 59  19.50 0.09  0.0    5 12.6 14.5         4
    5 2021- 7-29  8:16     - 55 17  161 10  27.85 0.11  0.0    8 11.5  6.1         5
 *** DISTANCE & RESIDUAL WEIGHTING CANCELLED FOR EVENT: 2021  7 29  8 17
    6 2021- 7-29  8:17     # 55 16  161 57  24.28 0.74  0.0    6 13.4 17.0         6
    7 2021- 7-29  8:26     - 55 15  160 58  19.20 0.12  0.0    6  5.7 14.7         7
    8 2021- 7-29  8:40     - 55 13  160 37  23.20 0.17  0.0   12  4.8 17.8         8
    9 2021- 7-29  8:55       55  5  161 37  14.63 0.07  0.0    5  2.4  1.5         9
   10 2021- 7-29  8:58     - 55 38  162 13   3.14 0.21  0.0    6  6.5 19.1        10
   11 2021- 7-29  9:08     - 55  8  160 59  19.47 0.14  0.0    9  6.0 15.9        11
   12 2021- 7-29  9:17       55 19  160 59  34.95 0.25  0.0   11  2.9  6.2        12
   13 2021- 7-29  9:23       55 14  160 54  28.71 0.17  0.0   12  2.6 10.0        13
   14 2021- 7-29  9:26     - 55 20  160 43  25.20 0.18  0.0    7 18.5 19.4        14
   15 2021- 7-29  9:28     - 55 19  161  7  19.50 0.19  0.0    8 14.3 19.9        15
  SEQ ---DATE--- TIME REMARK -LAT-  --LON-  DEPTH  RMS PMAG  NUM  ERH  ERZ  ID
   16 2021- 7-29  9:36       55  5  161 46  14.15 0.09  0.0    6  2.7  0.7        16
   17 2021- 7-29  9:38     - 54 59  161 23  18.86 0.15  0.0    6  5.5 16.0        17
   18 2021- 7-29  9:43       55  6  161 28  20.33 0.09  0.0    6  1.6  6.1        18
   19 2021- 7-29  9:45     - 55 21  161  4  19.82 0.13  0.0    7  3.5 16.4        19
   20 2021- 7-29  9:52     - 55 16  161  3  21.13 0.22  0.0   10  6.6 18.2        20
   21 2021- 7-29  9:54     - 55 16  160 18  23.23 0.16  0.0   11 14.1 18.0        21
   22 2021- 7-29  9:59     - 55  8  160 46  19.48 0.20  0.0    8 12.9 15.7        22
   23 2021- 7-29 10:02       55  6  161 25  18.47 0.10  0.0    7  1.7  1.7        23
   24 2021- 7-29 10:05     - 55 14  161 41  35.04 0.18  0.0    4 11.2 14.2        24
   25 2021- 7-29 10:06     - 55 21  161 46  14.29 0.07  0.0    4 13.7  2.2        25
   26 2021- 7-29 10:13     - 55 17  161  2  17.78 0.19  0.0    5  9.1 16.6        26
   27 2021- 7-29 10:16       55 11  161 30  13.28 0.23  0.0    7 11.4  1.5        27
   28 2021- 7-29 10:17     - 55 13  161 24  15.03 0.18  0.0   11  2.3 18.8        28
   29 2021- 7-29 10:20     - 55 20  161 36  36.17 0.08  0.0    4  8.6 10.5        29
   30 2021- 7-29 10:22       55 20  161 30  22.04 0.14  0.0    8  2.4  1.7        30
  SEQ ---DATE--- TIME REMARK -LAT-  --LON-  DEPTH  RMS PMAG  NUM  ERH  ERZ  ID
   31 2021- 7-29 10:24     - 55 12  160 58  19.51 0.21  0.0    8 17.4 21.7        31
   32 2021- 7-29 10:27       55 11  160 49  38.70 0.18  0.0   10  4.2  7.2        32
   33 2021- 7-29 10:38     - 55 13  160 44  16.63 0.19  0.0   11  6.7 18.4        33
   34 2021- 7-29 10:42     - 55 16  161 22  13.97 0.10  0.0    5 12.4  1.5        34
   35 2021- 7-29 10:50     - 54 39  160 59  15.03 0.42  0.0   11 12.3 32.0        35
   36 2021- 7-29 10:54     - 55 20  161 15  19.51 0.13  0.0    6  5.3 13.4        36
   37 2021- 7-29 10:59       55 34  161 13  22.70 0.25  0.0    8  2.8 14.5        37
   38 2021- 7-29 11:05       55 12  161 39  16.13 0.35  0.0    9  5.3  3.5        38
   39 2021- 7-29 11:09     - 55 15  161  5  19.50 0.15  0.0    9 13.3 17.8        39
   40 2021- 7-29 11:17     - 55 13  161 17  20.41 0.08  0.0    4 13.8 14.0        40
   41 2021- 7-29 11:24     - 55  6  163 27  19.74 0.59  0.0    7 19.3 35.3        41
   42 2021- 7-29 11:29     - 55 14  160 58  27.58 0.21  0.0   11 17.2 11.4        42
   43 2021- 7-29 11:42     - 55 13  160 53  18.81 0.18  0.0   11  8.3 17.8        43
   44 2021- 7-29 11:48     - 55 17  160 33  41.41 0.16  0.0    8 16.3 10.1        44
   45 2021- 7-29 12:17     - 55 20  161  5  19.50 0.21  0.0    6 18.3 21.3        45
  SEQ ---DATE--- TIME REMARK -LAT-  --LON-  DEPTH  RMS PMAG  NUM  ERH  ERZ  ID
   46 2021- 7-29 12:18       55 16  161 26  24.99 0.15  0.0    8  4.4  2.6        46
   47 2021- 7-29 12:24       55 24  161 34  15.18 0.02  0.0    5  2.5  1.3        47
   48 2021- 7-29 12:28     - 55  6  161  3  19.91 0.32  0.0    9  8.5 29.7        48
   49 2021- 7-29 12:32     - 55 17  161 12  20.08 0.21  0.0    7 17.2 18.9        49
   50 2021- 7-29 12:43       55 16  161 24  22.15 0.21  0.0   12  2.3  3.7        50
   51 2021- 7-29 12:52     - 55 24  161 41  31.94 0.09  0.0    6  8.4  7.3        51
   52 2021- 7-29 13:03       55 27  162  6  34.35 0.13  0.0    6  2.2  7.2        52
   53 2021- 7-29 13:15       55 14  161 13  25.46 0.16  0.0   10  4.1  5.2        53
   54 2021- 7-29 13:18     - 55 17  160 56  19.80 0.20  0.0   12  4.9 21.1        54
   55 2021- 7-29 13:30     - 55 14  160 54  19.87 0.22  0.0   11  3.5 22.3        55
   56 2021- 7-29 13:48     - 55 14  161  1  19.26 0.16  0.0    9  6.2 16.0        56
   57 2021- 7-29 14:02     - 55 11  159 57  19.50 0.22  0.0    9 20.3 22.3        57
   58 2021- 7-29 14:08       55 19  161 11  47.38 0.16  0.0    8  5.9  3.4        58
   59 2021- 7-29 14:16     - 55 15  160 57  19.00 0.13  0.0    7  5.9 15.1        59
   60 2021- 7-29 14:20     - 54 60  160  3  19.49 0.22  0.0    6 21.0 21.9        60
  SEQ ---DATE--- TIME REMARK -LAT-  --LON-  DEPTH  RMS PMAG  NUM  ERH  ERZ  ID
   61 2021- 7-29 14:48       55 27  162 13  26.83 0.03  0.0    5  2.6  6.1        61
   62 2021- 7-29 14:49     - 55 19  161 14  42.55 0.12  0.0    9 11.7  3.8        62
   63 2021- 7-29 14:53     - 55 14  161  2  20.55 0.10  0.0    9  1.7 14.4        63
   64 2021- 7-29 14:57       55 18  161 32  19.91 0.01  0.0    5  3.0  1.5        64
   65 2021- 7-29 14:58     - 55 29  161 10  19.99 0.28  0.0    9  2.9 25.5        65
   66 2021- 7-29 15:11     - 54 36  161 18  19.59 0.14  0.0   12  5.5 14.0        66
   67 2021- 7-29 15:13     - 55 10  160 53  19.15 0.23  0.0   11  7.6 20.7        67
   68 2021- 7-29 15:30     - 55 13  161 23  15.43 0.21  0.0    9  2.5 17.6        68
   69 2021- 7-29 16:00     - 55  0  160 53  19.65 0.35  0.0    9 26.3 31.6        69
   70 2021- 7-29 16:08     - 55 15  160 57  19.83 0.21  0.0   12  3.1 21.8        70
   71 2021- 7-29 16:09     - 55 12  160 48  18.65 0.17  0.0   11  6.6 17.6        71
   72 2021- 7-29 16:38     - 55 17  161  1  50.89 0.14  0.0    8 13.3  4.9        72
   73 2021- 7-29 17:00     - 55 13  160 41  31.00 0.17  0.0   10 16.6 12.2        73
   74 2021- 7-29 17:03     - 55 13  161 27  71.24 0.06  0.0    4 11.0  8.8        74
   75 2021- 7-29 17:08     - 55 22  161 35  20.14 0.04  0.0    4 12.0  3.6        75
  SEQ ---DATE--- TIME REMARK -LAT-  --LON-  DEPTH  RMS PMAG  NUM  ERH  ERZ  ID
   76 2021- 7-29 17:22       55 13  161 19  17.42 0.16  0.0   11  4.5  2.5        76
   77 2021- 7-29 17:28     - 55 29  161 46  -0.16 0.16  0.0    4  5.1 18.1        77
   78 2021- 7-29 17:33     - 55 14  161 17  21.83 0.13  0.0    5 14.6  7.7        78
   79 2021- 7-29 17:34     - 55 30  161 37  18.88 0.26  0.0    5 21.0 11.9        79
   80 2021- 7-29 17:52     - 55 15  161  3  32.02 0.14  0.0    8 12.9  5.8        80
   81 2021- 7-29 18:14     - 55  7  161  7  16.19 0.35  0.0    8 22.7  6.2        81
   82 2021- 7-29 18:17     - 55  9  161 12  14.09 0.08  0.0    5  6.6 12.6        82
   83 2021- 7-29 18:38     - 55 12  161  7  19.93 0.20  0.0   11  3.6 20.5        83
   84 2021- 7-29 18:46       55 14  160 53  32.48 0.07  0.0    7  3.7  6.8        84
   85 2021- 7-29 18:53     - 54 33  161 58  19.51 0.36  0.0    6 26.9 32.1        85
   86 2021- 7-29 19:12       55 17  161 19  22.30 0.17  0.0   10  2.5  4.7        86
   87 2021- 7-29 19:30       55 26  161  9  26.38 0.05  0.0    6  3.0  6.1        87
   88 2021- 7-29 19:53     - 55 16  160 39  20.98 0.15  0.0   10 15.2  4.4        88
   89 2021- 7-29 20:21     - 55 18  161  9  44.33 0.24  0.0    8 17.9  7.6        89
   90 2021- 7-29 20:23     - 55  8  160 53  24.44 0.24  0.0   12  6.1 21.9        90
  SEQ ---DATE--- TIME REMARK -LAT-  --LON-  DEPTH  RMS PMAG  NUM  ERH  ERZ  ID
   91 2021- 7-29 20:25     - 55 15  161  2  19.07 0.10  0.0    9  4.9 13.8        91
   92 2021- 7-29 20:31     - 55 16  161  9  19.50 0.13  0.0    8 11.9 16.7        92
   93 2021- 7-29 20:33     - 55 12  160 48  19.05 0.13  0.0   12  5.8 15.2        93
   94 2021- 7-29 20:42       55  8  161 45  18.97 0.04  0.0    5  5.5  3.1        94
   95 2021- 7-29 21:00     - 55 12  161 16  15.71 0.13  0.0    8  3.1 13.2        95
   96 2021- 7-29 21:08     - 55 22  160 47  19.24 0.19  0.0    5  7.5 18.6        96
   97 2021- 7-29 21:18     - 55 14  160 55  18.82 0.22  0.0   11  7.9 20.3        97
   98 2021- 7-29 21:39     - 55 15  161  8  20.28 0.15  0.0   10  3.0 15.9        98
   99 2021- 7-29 22:02     - 55 15  160 60  19.80 0.07  0.0    8  5.0 12.5        99
  100 2021- 7-29 22:18     - 55 12  160 43  29.31 0.14  0.0   10  5.1 12.3       100
  101 2021- 7-29 22:56       55 14  160 33  22.33 0.12  0.0   11  2.6  1.8       101
  102 2021- 7-29 23:38     - 55 14  160 48  26.77 0.11  0.0   12  3.1 12.5       102
