 HYPOINVERSE 2000 STARTING
6/2014 VERSION 1.40 (geoid depth possible)                            
 COMMAND?     33 STATIONS READ IN.
  FIND INPUT PHASE FILE TYPE & SET PHS(COP) & ARC(CAR) FORMATS
  INPUT IS A HYPOINVERSE ARCHIVE-2000 FILE, NO SHADOWS
  SETTING FORMATS COP 3, CAR 1
  SEQ ---DATE--- TIME REMARK -LAT-  --LON-  DEPTH  RMS PMAG  NUM  ERH  ERZ  ID
    1 2021- 7-29  7:59     # 55 26  162 21  72.22 0.12  0.0    9  2.1  3.3         1
    2 2021- 7-29  8:03     - 55 17  161  9  19.92 0.36  0.0    8  3.5 32.7         2
    3 2021- 7-29  8:09       55  5  161  8  18.86 0.07  0.0    5  2.1  3.4         3
    4 2021- 7-29  8:13     - 55 16  160 58  18.50 0.09  0.0    5 12.7 14.5         4
    5 2021- 7-29  8:16       55 18  161 18  26.92 0.12  0.0    8  2.8  4.3         5
 *** DISTANCE & RESIDUAL WEIGHTING CANCELLED FOR EVENT: 2021  7 29  8 17
    6 2021- 7-29  8:17     # 55 16  161 45  34.42 0.78  0.0    6 16.0  9.3         6
    7 2021- 7-29  8:26     - 55 14  160 58  17.88 0.11  0.0    6  5.5 14.3         7
    8 2021- 7-29  8:40       55 15  160 39  42.50 0.15  0.0   11  4.3  6.2         8
    9 2021- 7-29  8:55       55  2  161 30  13.88 0.09  0.0    5  2.9  2.1         9
   10 2021- 7-29  8:58     - 55 40  162  7  15.95 0.17  0.0    5  2.5 18.8        10
   11 2021- 7-29  9:08     - 55  8  160 60  18.44 0.15  0.0    9  6.1 16.1        11
   12 2021- 7-29  9:17       55 19  160 59  42.76 0.17  0.0   10  2.5  4.3        12
   13 2021- 7-29  9:23       55 17  160 56  42.02 0.18  0.0   12  3.2  4.2        13
   14 2021- 7-29  9:26     - 55 21  160 45  18.50 0.18  0.0    7 18.5 19.6        14
   15 2021- 7-29  9:28     - 55 14  160 37  37.95 0.15  0.0   10 16.3  9.7        15
  SEQ ---DATE--- TIME REMARK -LAT-  --LON-  DEPTH  RMS PMAG  NUM  ERH  ERZ  ID
   16 2021- 7-29  9:36       55  5  161 46  14.16 0.09  0.0    6  2.7  0.7        16
   17 2021- 7-29  9:38     - 55  2  161 36  15.36 0.11  0.0    6  7.7 15.3        17
   18 2021- 7-29  9:43       55  6  161 28  21.23 0.09  0.0    6  1.8  6.7        18
   19 2021- 7-29  9:45       55 19  161  6  15.39 0.09  0.0    7  4.1  4.2        19
   20 2021- 7-29  9:52     - 55 16  161  2  20.28 0.21  0.0   11  6.5 20.8        20
   21 2021- 7-29  9:54     - 55 17  160 30  25.02 0.16  0.0   12  2.9 18.4        21
   22 2021- 7-29  9:59     - 55  9  160 46  18.51 0.18  0.0    8 17.7 19.6        22
   23 2021- 7-29 10:02       55  6  161 25  18.37 0.10  0.0    7  1.7  1.7        23
   24 2021- 7-29 10:05     - 55 15  161 29  53.33 0.16  0.0    5 10.8 11.9        24
   25 2021- 7-29 10:06     - 55 21  161 45  13.92 0.07  0.0    4 13.5  2.6        25
   26 2021- 7-29 10:13     - 55 17  161  1  18.05 0.16  0.0    5  5.7 17.1        26
   27 2021- 7-29 10:16       55 11  161 30  13.31 0.26  0.0    7 12.2  1.7        27
   28 2021- 7-29 10:17     - 55 13  161 24  15.57 0.19  0.0   11  2.3 14.4        28
   29 2021- 7-29 10:20     - 55 20  161 37  34.56 0.08  0.0    4  8.4 10.4        29
   30 2021- 7-29 10:22       55 20  161 30  22.23 0.13  0.0    8  2.4  1.7        30
  SEQ ---DATE--- TIME REMARK -LAT-  --LON-  DEPTH  RMS PMAG  NUM  ERH  ERZ  ID
   31 2021- 7-29 10:24     - 55 11  160 38  23.37 0.15  0.0    8 15.1 17.6        31
   32 2021- 7-29 10:27       55 12  160 50  39.28 0.18  0.0   11  4.4  7.2        32
   33 2021- 7-29 10:38     - 55 13  160 44  16.75 0.19  0.0   11  6.7 18.3        33
   34 2021- 7-29 10:42     - 55 19  161 20  21.69 0.14  0.0    6 14.9  5.7        34
   35 2021- 7-29 10:50     - 54 39  160 60  13.76 0.42  0.0   10 17.6 26.8        35
   36 2021- 7-29 10:54     - 55 21  161 15  20.20 0.11  0.0    6  2.3 15.4        36
   37 2021- 7-29 10:59     - 55 34  161 14  20.77 0.12  0.0    9  1.7 12.1        37
   38 2021- 7-29 11:05     # 55 13  161  7  35.03 0.30  0.0   10  4.9  5.6        38
   39 2021- 7-29 11:09     - 55 15  160 59  18.45 0.13  0.0   10 13.5 16.8        39
   40 2021- 7-29 11:17     - 55 13  161 16  20.40 0.10  0.0    4 13.3 13.5        40
   41 2021- 7-29 11:24     - 55  6  163 27  18.50 0.59  0.0    7 18.2 33.0        41
   42 2021- 7-29 11:29     - 55 15  161  3  24.42 0.24  0.0   11 17.4  2.2        42
   43 2021- 7-29 11:42     - 55 13  160 55  18.44 0.20  0.0   11  6.9 18.9        43
   44 2021- 7-29 11:48     - 55 16  161 16  25.54 0.23  0.0    8 16.3  4.8        44
   45 2021- 7-29 12:17     - 55 20  160 59  20.31 0.22  0.0    6 19.3 21.7        45
  SEQ ---DATE--- TIME REMARK -LAT-  --LON-  DEPTH  RMS PMAG  NUM  ERH  ERZ  ID
   46 2021- 7-29 12:18       55 16  161 25  26.45 0.16  0.0    8  4.9  3.1        46
   47 2021- 7-29 12:24       55 24  161 34  15.18 0.04  0.0    5  2.6  1.3        47
   48 2021- 7-29 12:28     - 55  4  160 53  18.50 0.31  0.0    9 24.3 29.0        48
   49 2021- 7-29 12:32     - 55 20  161 16  22.43 0.18  0.0    6 16.1  6.0        49
   50 2021- 7-29 12:43       55 16  161 22  19.56 0.21  0.0   12  2.7  1.1        50
   51 2021- 7-29 12:52     - 55 25  161 46  28.97 0.08  0.0    6  7.7  7.3        51
   52 2021- 7-29 13:03       55 27  162  7  33.06 0.14  0.0    6  2.3  7.3        52
   53 2021- 7-29 13:15       55 15  161 13  26.14 0.15  0.0   10  4.4  4.5        53
   54 2021- 7-29 13:18     - 55 18  160 55  19.25 0.18  0.0   12  6.6 17.8        54
   55 2021- 7-29 13:30       55 14  160 56  17.77 0.23  0.0   11  3.6  3.3        55
   56 2021- 7-29 13:48     - 55 15  161  5  20.69 0.14  0.0   10  2.6 15.1        56
   57 2021- 7-29 14:02     - 55 11  159 50  18.50 0.21  0.0    9 19.4 21.6        57
   58 2021- 7-29 14:08       55 19  161 12  46.80 0.16  0.0    8  5.5  3.4        58
   59 2021- 7-29 14:16       55 15  160 56  17.86 0.12  0.0    7  3.2  3.2        59
   60 2021- 7-29 14:20     - 55  6  160  2  18.50 0.32  0.0    7 27.0 29.6        60
  SEQ ---DATE--- TIME REMARK -LAT-  --LON-  DEPTH  RMS PMAG  NUM  ERH  ERZ  ID
   61 2021- 7-29 14:48       55 27  162 11  30.55 0.04  0.0    5  2.7  6.5        61
   62 2021- 7-29 14:49     - 55 18  161  6  45.84 0.15  0.0   10 14.1  4.1        62
   63 2021- 7-29 14:53       55 13  161  2  22.09 0.14  0.0   10  2.0  6.8        63
   64 2021- 7-29 14:57       55 18  161 30  19.74 0.03  0.0    5  3.0  0.9        64
   65 2021- 7-29 14:58     - 55 29  161 11  14.84 0.26  0.0    9  2.8 25.3        65
   66 2021- 7-29 15:11     - 54 36  161 19  18.64 0.13  0.0   12  5.3 13.5        66
   67 2021- 7-29 15:13     - 55  9  160 53  18.30 0.22  0.0   11  7.3 20.0        67
   68 2021- 7-29 15:30       55 13  161 22  19.35 0.18  0.0    8  4.0  1.7        68
   69 2021- 7-29 16:00     - 55  1  160 53  18.50 0.37  0.0    9 27.8 33.3        69
   70 2021- 7-29 16:08       55 16  160 56  23.66 0.22  0.0   12  3.3  2.4        70
   71 2021- 7-29 16:09     - 55 14  160 49  17.69 0.15  0.0   11  6.1 16.2        71
   72 2021- 7-29 16:38     - 55 14  161 15  31.48 0.23  0.0    8 16.6  7.5        72
   73 2021- 7-29 17:00     - 55 14  160 47  23.59 0.20  0.0   10 17.0  4.0        73
   74 2021- 7-29 17:03     - 55 13  161 22  72.53 0.08  0.0    4 12.4  9.0        74
   75 2021- 7-29 17:08     - 55 22  161 27  22.67 0.09  0.0    5 13.3  2.9        75
  SEQ ---DATE--- TIME REMARK -LAT-  --LON-  DEPTH  RMS PMAG  NUM  ERH  ERZ  ID
   76 2021- 7-29 17:23       55 13  161 20  17.71 0.17  0.0   11  4.6  2.4        76
   77 2021- 7-29 17:28     - 55 29  161 47  -0.42 0.16  0.0    4  4.6 18.0        77
   78 2021- 7-29 17:33     - 55 13  161  3  24.84 0.18  0.0    6  5.8 19.4        78
   79 2021- 7-29 17:34       55 28  161  7  47.76 0.25  0.0    8  9.6  3.9        79
   80 2021- 7-29 17:52     - 55 15  160 42  47.18 0.13  0.0    9 13.5  4.8        80
   81 2021- 7-29 18:14     # 55 14  161 37   9.70 0.18  0.0    7  3.0  1.6        81
   82 2021- 7-29 18:17     - 55  9  161 13  13.62 0.08  0.0    5  6.6 12.5        82
   83 2021- 7-29 18:38     - 55 12  161  7  19.86 0.20  0.0   11  3.4 20.9        83
   84 2021- 7-29 18:46       55 19  160 51  40.74 0.12  0.0    9  3.1  4.9        84
   85 2021- 7-29 18:53     - 54 40  161 56   4.50 0.13  0.0    6 11.5  3.9        85
   86 2021- 7-29 19:12       55 16  161 19  19.49 0.19  0.0   10  2.8  1.3        86
   87 2021- 7-29 19:30       55 16  161  1  74.66 0.07  0.0    5  4.7  3.7        87
   88 2021- 7-29 19:53     - 55 16  160 34  20.19 0.15  0.0   10 15.9  5.0        88
   89 2021- 7-29 20:21     - 55 22  160 36  74.58 0.22  0.0    9 18.7 10.4        89
   90 2021- 7-29 20:23     - 55  8  160 53  27.25 0.22  0.0   12  3.2 16.5        90
  SEQ ---DATE--- TIME REMARK -LAT-  --LON-  DEPTH  RMS PMAG  NUM  ERH  ERZ  ID
   91 2021- 7-29 20:25     - 55 13  160 38  23.31 0.08  0.0    8 12.4 14.2        91
   92 2021- 7-29 20:31     - 55 15  160 57  18.50 0.12  0.0    9 14.1 16.1        92
   93 2021- 7-29 20:33     - 55 12  160 48  18.30 0.15  0.0   12  6.0 15.9        93
   94 2021- 7-29 20:42       55  8  161 44  19.44 0.03  0.0    5  4.0  1.4        94
   95 2021- 7-29 21:00     - 55 14  161 29  14.90 0.13  0.0    8  7.7 12.3        95
   96 2021- 7-29 21:08     - 55 22  160 47  18.05 0.19  0.0    5  7.6 18.8        96
   97 2021- 7-29 21:18     - 55 14  160 55  17.85 0.22  0.0   11  7.7 20.0        97
   98 2021- 7-29 21:39     - 55 15  161  8  19.97 0.16  0.0   10  3.2 18.1        98
   99 2021- 7-29 22:02     - 55 15  161  0  18.40 0.08  0.0    8  5.1 12.8        99
  100 2021- 7-29 22:19     - 55 14  161  3  22.71 0.18  0.0    9 15.7  4.7       100
  101 2021- 7-29 22:56       55 15  160 33  21.97 0.14  0.0   11  2.8  1.9       101
  102 2021- 7-29 23:38       55 16  160 48  39.41 0.18  0.0   12  3.9  5.7       102
