 HYPOINVERSE 2000 STARTING
6/2014 VERSION 1.40 (geoid depth possible)                            
 COMMAND?     33 STATIONS READ IN.
  FIND INPUT PHASE FILE TYPE & SET PHS(COP) & ARC(CAR) FORMATS
  INPUT IS A HYPOINVERSE ARCHIVE-2000 FILE, NO SHADOWS
  SETTING FORMATS COP 3, CAR 1
  SEQ ---DATE--- TIME REMARK -LAT-  --LON-  DEPTH  RMS PMAG  NUM  ERH  ERZ  ID
    1 2021- 7-29 16:00     - 55  5  161  6  24.96 0.32  0.0    9 21.6 28.2         1
    2 2021- 7-29 16:08     - 55 13  160 50   6.35 0.23  0.0    9 16.4  9.5         2
    3 2021- 7-29 16:09       55 13  160 49  16.13 0.16  0.0   11  2.7  1.7         3
    4 2021- 7-29 16:38     - 55 17  160 57  52.45 0.13  0.0    8 13.3  5.2         4
    5 2021- 7-29 17:00     - 55 14  159 49   4.50 0.17  0.0   11 16.5 18.4         5
    6 2021- 7-29 17:04     - 55 15  162 29   4.32 0.03  0.0    4  1.7 12.7         6
    7 2021- 7-29 17:08     - 55 22  161 36  19.91 0.03  0.0    4 11.9  3.7         7
    8 2021- 7-29 17:22     - 55  9  160 60   4.15 0.19  0.0   10 13.3  4.9         8
    9 2021- 7-29 17:28     - 55 29  161 47  -0.39 0.11  0.0    4  4.1 15.0         9
   10 2021- 7-29 17:33     - 55 14  161 25  19.46 0.12  0.0    5 12.9  2.1        10
   11 2021- 7-29 17:34     - 55 30  161 50   3.97 0.25  0.0    5  3.9 16.9        11
   12 2021- 7-29 17:52     - 55 16  160 42  47.06 0.16  0.0   10 14.4  5.1        12
   13 2021- 7-29 18:14       55 14  161 36   9.82 0.20  0.0    7  3.1 13.1        13
   14 2021- 7-29 18:17     - 55  9  161 12  15.01 0.08  0.0    5  3.0 14.3        14
   15 2021- 7-29 18:38       55 13  161  7  25.09 0.39  0.0   11  8.8 23.5        15
  SEQ ---DATE--- TIME REMARK -LAT-  --LON-  DEPTH  RMS PMAG  NUM  ERH  ERZ  ID
   16 2021- 7-29 18:46       55 19  160 51  40.74 0.11  0.0    9  3.0  4.8        16
   17 2021- 7-29 18:53     - 54 47  161 58   3.82 0.10  0.0    4  4.4 14.8        17
   18 2021- 7-29 19:12     # 55 17  161 20  22.99 0.17  0.0   11  2.6  4.4        18
   19 2021- 7-29 19:30       55 26  161  9  26.54 0.05  0.0    6  3.0  6.0        19
   20 2021- 7-29 19:53     - 55 15  160  0   1.34 0.13  0.0   10 11.6 13.4        20
   21 2021- 7-29 20:21       55 19  161 10  37.62 0.24  0.0    9  6.6  6.7        21
   22 2021- 7-29 20:23     - 55  8  160 53  25.84 0.24  0.0   12  2.6 21.8        22
   23 2021- 7-29 20:25     - 55 13  160 33  21.44 0.11  0.0    9 14.1  2.5        23
   24 2021- 7-29 20:31     - 55 16  161 16   4.47 0.19  0.0    6 12.1 18.2        24
   25 2021- 7-29 20:33     - 55 13  160 48  27.75 0.12  0.0   12  2.5 12.0        25
   26 2021- 7-29 20:42       55  8  161 45  18.97 0.04  0.0    5  5.5  3.0        26
   27 2021- 7-29 21:00     - 55 13  161 16  14.80 0.13  0.0    8  3.2 16.7        27
   28 2021- 7-29 21:08     - 55 24  160 48  19.05 0.19  0.0    5  7.6 18.7        28
   29 2021- 7-29 21:18       55 15  160 56  30.64 0.22  0.0   11  5.0 10.8        29
   30 2021- 7-29 21:39       55 15  161  8  24.75 0.14  0.0   10  3.0  1.2        30
  SEQ ---DATE--- TIME REMARK -LAT-  --LON-  DEPTH  RMS PMAG  NUM  ERH  ERZ  ID
   31 2021- 7-29 22:02     - 55 10  160 58  12.95 0.09  0.0    7  6.9  9.9        31
   32 2021- 7-29 22:18     - 55 12  160 42  26.81 0.14  0.0   10  5.2 15.3        32
   33 2021- 7-29 22:56     - 55 15  160 33  33.03 0.12  0.0   11  2.9 14.2        33
   34 2021- 7-29 23:38     - 55 14  160 48  27.36 0.10  0.0   12  3.0 10.9        34
