 HYPOINVERSE 2000 STARTING
6/2014 VERSION 1.40 (geoid depth possible)                            
 COMMAND?     33 STATIONS READ IN.
  FIND INPUT PHASE FILE TYPE & SET PHS(COP) & ARC(CAR) FORMATS
  INPUT IS A HYPOINVERSE ARCHIVE-2000 FILE, NO SHADOWS
  SETTING FORMATS COP 3, CAR 1
  SEQ ---DATE--- TIME REMARK -LAT-  --LON-  DEPTH  RMS PMAG  NUM  ERH  ERZ  ID
    1 2021- 7-29  7:59     - 55 26  162 21  50.24 0.15  0.0    8  2.7 13.7         1
    2 2021- 7-29  8:03       55 20  161 30  32.60 2.65  0.0   10 28.4 52.1         2
    3 2021- 7-29  8:09     - 55  3  161  6  17.59 0.08  0.0    5  2.5 13.6         3
    4 2021- 7-29  8:10       55 17  161 22  27.81 0.10  0.0    6  3.2  2.6         4
    5 2021- 7-29  8:13     - 55 16  161  4  16.92 0.11  0.0    5 12.4 15.4         5
    6 2021- 7-29  8:16     - 55 21  161 10  44.53 0.15  0.0    9 12.5  4.2         6
    7 2021- 7-29  8:17       55 19  161 55  14.11 0.00  0.0    4  3.1  4.6         7
    8 2021- 7-29  8:25     - 55 11  160 54  17.90 0.13  0.0    6  4.7 16.3         8
    9 2021- 7-29  8:40     - 55 15  160 28  50.25 0.15  0.0   10 15.3  7.8         9
   10 2021- 7-29  8:55     - 55 25  161 57  13.04 0.09  0.0    4  5.7 12.5        10
   11 2021- 7-29  8:58     - 55 41  162  8  17.04 0.17  0.0    5  2.5 18.7        11
   12 2021- 7-29  9:08     - 55  7  160 57  19.22 0.21  0.0   10  2.5 16.7        12
   13 2021- 7-29  9:17       55 19  161  7  44.67 0.17  0.0   10  3.1  2.9        13
   14 2021- 7-29  9:23       55 17  160 56  46.28 0.21  0.0   13  3.3  4.0        14
   15 2021- 7-29  9:26     - 55 20  161  6  32.70 0.20  0.0    7 18.6  1.3        15
  SEQ ---DATE--- TIME REMARK -LAT-  --LON-  DEPTH  RMS PMAG  NUM  ERH  ERZ  ID
   16 2021- 7-29  9:28     - 55 16  161  5  30.91 0.20  0.0    9 15.5  7.7        16
   17 2021- 7-29  9:36       55  5  161 45  13.68 0.10  0.0    7  2.7  1.8        17
   18 2021- 7-29  9:38     - 54 58  161 22  15.07 0.12  0.0    6  3.0 13.5        18
   19 2021- 7-29  9:43       55  5  161 27  25.13 0.10  0.0    7  2.2  5.5        19
   20 2021- 7-29  9:45       55 17  161  1  16.07 0.10  0.0    7  3.0  1.1        20
   21 2021- 7-29  9:52       55 16  161 13  24.90 0.24  0.0   12  3.2  5.1        21
   22 2021- 7-29  9:54     - 55 14  160 28  14.95 0.41  0.0   14 13.8 29.3        22
   23 2021- 7-29  9:59     - 55 10  161 15  31.56 0.31  0.0    8 21.0  8.8        23
   24 2021- 7-29 10:02       55  5  161 23  22.13 0.10  0.0    7  1.6  4.0        24
   25 2021- 7-29 10:05       55 21  161 47  16.30 0.05  0.0    5  1.3  0.9        25
   26 2021- 7-29 10:06       55 22  161 45  30.55 0.17  0.0    5  4.1  1.7        26
 *** DISTANCE & RESIDUAL WEIGHTING CANCELLED FOR EVENT: 2021  7 29 10  8
   27 2021- 7-29 10:08     # 55 38  161 34  15.12 1.00  0.0    7 14.7  6.2        27
   28 2021- 7-29 10:13     - 55 16  160 56  22.13 0.18  0.0    5  4.7 19.1        28
   29 2021- 7-29 10:16     - 55  6  161  8  13.44 0.27  0.0    7 19.3 13.7        29
   30 2021- 7-29 10:16     - 55  9  161 19  40.10 0.11  0.0    5 12.6  6.4        30
  SEQ ---DATE--- TIME REMARK -LAT-  --LON-  DEPTH  RMS PMAG  NUM  ERH  ERZ  ID
   31 2021- 7-29 10:17       55 12  161 20  21.19 0.18  0.0   11  2.3  5.8        31
   32 2021- 7-29 10:20     - 55 22  161 48  18.24 0.15  0.0    4  6.7 13.6        32
 *** DISTANCE & RESIDUAL WEIGHTING CANCELLED FOR EVENT: 2021  7 29 10 21
   33 2021- 7-29 10:21     # 55 22  161 42  50.02 0.83  0.0    7 21.4 21.3        33
   34 2021- 7-29 10:22     - 55 27  161 25   9.00 0.23  0.0    5  4.0 16.3        34
   35 2021- 7-29 10:24     - 55  7  160 26  15.00 0.22  0.0    9 19.4 22.0        35
   36 2021- 7-29 10:27     - 55 13  161  5  36.90 0.19  0.0    9 16.9  5.8        36
   37 2021- 7-29 10:38     - 55 10  160 39  17.63 0.29  0.0   11  7.9 27.1        37
   38 2021- 7-29 10:42     - 55 16  161 26  15.00 0.12  0.0    5 13.4  6.6        38
   39 2021- 7-29 10:50     - 54 39  160 57  14.34 0.45  0.0   10 15.6 31.8        39
   40 2021- 7-29 10:50     - 55 41  162 17  13.86 0.13  0.0    5  3.3 15.0        40
   41 2021- 7-29 10:54     - 55 20  161  9  17.84 0.17  0.0    6  2.7 17.3        41
   42 2021- 7-29 10:59     - 55 35  161 11  14.64 0.13  0.0    8  2.6 11.4        42
   43 2021- 7-29 11:05       55  6  161 24  27.88 0.10  0.0    8  2.7  3.1        43
   44 2021- 7-29 11:05       55 22  161 25  20.95 0.03  0.0    6  2.6  3.5        44
   45 2021- 7-29 11:09     - 55 13  160 45  32.67 0.14  0.0    9 15.1 16.9        45
  SEQ ---DATE--- TIME REMARK -LAT-  --LON-  DEPTH  RMS PMAG  NUM  ERH  ERZ  ID
   46 2021- 7-29 11:17     - 55 16  161 38  27.85 0.04  0.0    4  8.3  9.2        46
   47 2021- 7-29 11:23     - 54 38  163 28  14.99 0.13  0.0    6  7.2 14.6        47
   48 2021- 7-29 11:29     - 55 16  160 51  43.13 0.24  0.0   11 18.0  7.9        48
   49 2021- 7-29 11:41     - 55  8  160 38  15.19 0.24  0.0   10 19.8 23.8        49
   50 2021- 7-29 11:42     - 55 20  160 45   9.86 0.17  0.0    5  2.6 18.3        50
   51 2021- 7-29 11:48       55 17  161 37  21.02 0.10  0.0    7  2.6  1.4        51
   52 2021- 7-29 12:17     - 55 13  161  6  14.80 0.22  0.0    7 19.1  4.1        52
   53 2021- 7-29 12:18       55 16  161 27  28.38 0.13  0.0    7  3.9  2.7        53
   54 2021- 7-29 12:24       55 24  161 31  14.40 0.02  0.0    5  2.9  2.4        54
   55 2021- 7-29 12:28     - 55 10  160 40  36.45 0.22  0.0    8 17.5 14.4        55
   56 2021- 7-29 12:32     - 55 16  161 15  27.78 0.22  0.0    7 17.1  6.5        56
   57 2021- 7-29 12:43       55 16  161 23  24.96 0.20  0.0   12  2.1  3.5        57
   58 2021- 7-29 12:52       55 10  161 13  23.71 0.11  0.0    9  3.2  6.6        58
   59 2021- 7-29 12:52     - 55 15  161 32   6.94 0.82  0.0    6 11.2 58.3        59
   60 2021- 7-29 13:03       55 27  162  6  36.79 0.13  0.0    6  2.3  7.0        60
  SEQ ---DATE--- TIME REMARK -LAT-  --LON-  DEPTH  RMS PMAG  NUM  ERH  ERZ  ID
   61 2021- 7-29 13:12     - 55 22  161 13  61.36 0.02  0.0    5  9.0  6.2        61
   62 2021- 7-29 13:15       55 15  161 13  33.02 0.16  0.0   10  5.6  2.9        62
   63 2021- 7-29 13:18     - 55 18  160 47  34.53 0.17  0.0   10 14.8 13.4        63
   64 2021- 7-29 13:30     - 55 15  160 51  34.12 0.25  0.0   12  3.7 20.8        64
   65 2021- 7-29 13:48       55 14  161  3  36.73 0.11  0.0   10  3.1  3.4        65
   66 2021- 7-29 14:02     - 55 13  160 24  15.02 0.37  0.0    9 27.0 33.5        66
   67 2021- 7-29 14:08       55 12  161 23  11.60 0.46  0.0    7 23.2 17.5        67
   68 2021- 7-29 14:16     - 54 56  161 52   8.35 0.10  0.0    4  8.3 12.0        68
   69 2021- 7-29 14:16       55 11  160 54  15.10 0.08  0.0    6  2.6  2.3        69
   70 2021- 7-29 14:20     - 55 12  160  3  15.03 0.26  0.0    6 23.0 24.7        70
   71 2021- 7-29 14:48       55 27  162 13  28.65 0.04  0.0    5  2.3  6.9        71
   72 2021- 7-29 14:49       55 18  161  1  50.61 0.14  0.0   11  6.9  3.6        72
   73 2021- 7-29 14:50     - 55 11  160 38  15.01 0.24  0.0    5 21.5 22.6        73
   74 2021- 7-29 14:53       55 14  161  2  30.84 0.09  0.0   10  1.4  1.0        74
   75 2021- 7-29 14:57       55 17  161 30  22.15 0.02  0.0    5  3.5  1.9        75
  SEQ ---DATE--- TIME REMARK -LAT-  --LON-  DEPTH  RMS PMAG  NUM  ERH  ERZ  ID
   76 2021- 7-29 14:58     - 55 30  161  7   8.20 0.36  0.0   10  3.3 31.5        76
   77 2021- 7-29 15:11     - 54 35  161 16  15.16 0.13  0.0   14  6.1 12.1        77
   78 2021- 7-29 15:13     - 55  7  160 39  15.00 0.26  0.0   10 20.9 25.2        78
   79 2021- 7-29 15:21     - 54 59  160 52  18.03 0.09  0.0    5 13.3 14.6        79
   80 2021- 7-29 15:30       55 13  161 21  23.81 0.21  0.0   10  2.2  5.3        80
   81 2021- 7-29 15:30     - 55 10  161 19   7.11 0.59  0.0    6 17.8 49.0        81
   82 2021- 7-29 15:54     - 55 30  162 19  13.53 0.07  0.0    5  2.3 11.2        82
   83 2021- 7-29 16:00     # 55  8  161 14  34.06 0.26  0.0    9 15.5  6.1        83
   84 2021- 7-29 16:08     - 55 15  160 58  17.25 0.20  0.0    9  3.1 20.5        84
   85 2021- 7-29 16:09     - 55 11  160 45  19.19 0.25  0.0   13  2.8 20.6        85
   86 2021- 7-29 16:38       55 16  160 53  59.09 0.13  0.0    9  7.0  4.8        86
   87 2021- 7-29 17:00     - 55 14  160 43  33.71 0.18  0.0   10 15.8 18.4        87
   88 2021- 7-29 17:00     - 55 16  160 38  14.99 0.57  0.0    4 44.9 47.6        88
   89 2021- 7-29 17:04     - 55 14  161 35  50.99 0.05  0.0    4 10.4  4.7        89
   90 2021- 7-29 17:04       55 18  161 30   9.65 0.07  0.0    6  1.8  6.1        90
 *** DISTANCE & RESIDUAL WEIGHTING CANCELLED FOR EVENT: 2021  7 29 17  8
  SEQ ---DATE--- TIME REMARK -LAT-  --LON-  DEPTH  RMS PMAG  NUM  ERH  ERZ  ID
   91 2021- 7-29 17:08     - 55 22  161 33  21.10 0.59  0.0    6 39.1 16.2        91
   92 2021- 7-29 17:22       55 12  161 16  21.63 0.17  0.0   11  3.6  5.5        92
   93 2021- 7-29 17:28     - 55 19  162 47  26.60 0.46  0.0    4 28.8 37.2        93
   94 2021- 7-29 17:33       55 13  161  5  32.26 0.14  0.0    7  4.1  0.8        94
   95 2021- 7-29 17:34     - 55 13  160 51  19.07 0.33  0.0    8 27.6 28.8        95
   96 2021- 7-29 17:52     - 55 15  160 33  52.95 0.14  0.0   10 15.3  7.4        96
   97 2021- 7-29 18:14       55 20  161 26  46.00 0.41  0.0    8  7.6  8.9        97
   98 2021- 7-29 18:17     - 55 25  161 57  21.52 0.04  0.0    4  6.2 10.4        98
   99 2021- 7-29 18:18     - 55  0  161 32   9.11 0.43  0.0    4  6.4 36.1        99
  100 2021- 7-29 18:38       55 13  161  8  32.70 0.19  0.0   12  3.1  0.7       100
  101 2021- 7-29 18:46     - 55 20  161  6  43.86 0.15  0.0    7 12.7  4.4       101
  102 2021- 7-29 18:53       54 39  161 55  11.42 0.10  0.0    7  8.3  6.7       102
  103 2021- 7-29 19:12     - 55 12  160 43  16.04 0.21  0.0   12  9.0 18.1       103
  104 2021- 7-29 19:30     - 55 22  161 13  14.06 0.05  0.0    6 10.0  7.4       104
  105 2021- 7-29 19:53     - 55 13  160 44  18.41 0.23  0.0   11  4.1 22.0       105
  SEQ ---DATE--- TIME REMARK -LAT-  --LON-  DEPTH  RMS PMAG  NUM  ERH  ERZ  ID
  106 2021- 7-29 20:21     - 55 18  161  5  50.21 0.24  0.0    8 18.8  8.2       106
  107 2021- 7-29 20:23       55 17  161 40  12.25 0.15  0.0    8  3.1  2.0       107
  108 2021- 7-29 20:25     - 55 15  161  2  33.06 0.13  0.0   10  3.7 15.6       108
  109 2021- 7-29 20:31       55 16  161 14  27.59 0.16  0.0   13  2.7  2.9       109
  110 2021- 7-29 20:33     - 55  9  160 46  18.74 0.22  0.0   13  3.0 20.3       110
  111 2021- 7-29 20:42       55  7  161 42  21.17 0.04  0.0    6  2.9  2.1       111
  112 2021- 7-29 21:00       55 12  161 14  21.69 0.16  0.0   10  3.3  4.0       112
  113 2021- 7-29 21:08     - 55 14  160 57  33.34 0.03  0.0    4 11.0 10.4       113
  114 2021- 7-29 21:18     - 55 10  160 33  18.11 0.25  0.0   10 21.5 24.0       114
  115 2021- 7-29 21:39       55 15  161  9  29.28 0.20  0.0   12  3.0  4.3       115
  116 2021- 7-29 22:02     - 55 16  161 40  18.75 0.05  0.0    6  8.7  4.0       116
  117 2021- 7-29 22:18     - 55 13  160 56  33.42 0.15  0.0    9 12.5 15.6       117
  118 2021- 7-29 22:56     - 55 11  160 30  14.21 0.25  0.0   12 10.1 20.9       118
  119 2021- 7-29 23:38     - 55 14  160 48  34.60 0.10  0.0   12  2.9 11.2       119
