 HYPOINVERSE 2000 STARTING
6/2014 VERSION 1.40 (geoid depth possible)                            
 COMMAND?     33 STATIONS READ IN.
  FIND INPUT PHASE FILE TYPE & SET PHS(COP) & ARC(CAR) FORMATS
  INPUT IS A HYPOINVERSE ARCHIVE-2000 FILE, NO SHADOWS
  SETTING FORMATS COP 3, CAR 1
  SEQ ---DATE--- TIME REMARK -LAT-  --LON-  DEPTH  RMS PMAG  NUM  ERH  ERZ  ID
    1 2021- 7-29  7:59     # 55 25  162 25  71.39 0.20  0.0   10  2.7  4.6         1
    2 2021- 7-29  8:03       55 16  161 40  45.12 0.18  0.0    8  3.1  5.8         2
    3 2021- 7-29  8:09       55  5  161  8  18.91 0.07  0.0    5  2.1  3.4         3
    4 2021- 7-29  8:13     - 55 16  161 23  29.90 0.04  0.0    4 11.7  5.5         4
    5 2021- 7-29  8:16     - 55 16  161  8  24.79 0.11  0.0    8 11.8  2.2         5
 *** DISTANCE & RESIDUAL WEIGHTING CANCELLED FOR EVENT: 2021  7 29  8 17
    6 2021- 7-29  8:17     - 55 20  162  8   1.88 0.70  0.0    6 17.9 45.9         6
    7 2021- 7-29  8:26     - 55 17  161 47  14.46 0.01  0.0    4 10.9  6.0         7
    8 2021- 7-29  8:40     - 55 15  160 32  44.23 0.15  0.0   10 15.3  7.8         8
    9 2021- 7-29  8:55     - 55  2  161 31   1.10 0.08  0.0    4  4.2 13.3         9
   10 2021- 7-29  8:58     - 55 37  162 16  -2.44 0.25  0.0    6  2.2 24.1        10
   11 2021- 7-29  9:08     - 55  9  160 60  18.03 0.14  0.0    9  5.9 15.8        11
   12 2021- 7-29  9:17       55 18  160 59  42.64 0.17  0.0   10  2.5  4.3        12
   13 2021- 7-29  9:23       55 17  160 56  40.58 0.21  0.0   12  3.4  4.9        13
   14 2021- 7-29  9:26     - 55 20  160  8   2.26 0.18  0.0    7 13.4 13.6        14
   15 2021- 7-29  9:28     - 55 13  160 29  34.47 0.14  0.0   10 16.1 13.4        15
  SEQ ---DATE--- TIME REMARK -LAT-  --LON-  DEPTH  RMS PMAG  NUM  ERH  ERZ  ID
   16 2021- 7-29  9:36       55  5  161 47  14.08 0.08  0.0    6  2.4  0.7        16
   17 2021- 7-29  9:38     - 55  2  161 36   2.01 0.06  0.0    6  5.7 13.4        17
   18 2021- 7-29  9:43       55  4  161 32   0.51 0.03  0.0    5  2.5  5.7        18
   19 2021- 7-29  9:45       55 18  161  7  12.37 0.10  0.0    7  2.6  1.1        19
   20 2021- 7-29  9:52     - 55 13  160 19   6.61 0.19  0.0   10 13.6 16.1        20
   21 2021- 7-29  9:54       55 19  160 59  44.36 0.09  0.0   11  2.0  2.9        21
   22 2021- 7-29  9:59     - 55  9  160 47   3.07 0.14  0.0    7 12.3  9.9        22
   23 2021- 7-29 10:02       55  6  161 25  18.47 0.10  0.0    7  1.7  1.7        23
   24 2021- 7-29 10:05     - 55 15  161 46  27.26 0.22  0.0    4 11.5 15.9        24
   25 2021- 7-29 10:06     - 55 16  161 35  -1.06 0.10  0.0    5  1.2 14.6        25
   26 2021- 7-29 10:13     - 55 17  161  1   2.17 0.18  0.0    5  2.3 19.6        26
   27 2021- 7-29 10:16     - 55  8  161  2   2.05 0.35  0.0    8 24.2 15.0        27
   28 2021- 7-29 10:17     - 55 13  161 24  14.89 0.18  0.0   11  2.3 19.4        28
   29 2021- 7-29 10:20     - 55 19  161 32  41.38 0.07  0.0    4  8.6 10.1        29
   30 2021- 7-29 10:22       55 26  161 46  17.64 0.15  0.0    5  3.4  1.3        30
  SEQ ---DATE--- TIME REMARK -LAT-  --LON-  DEPTH  RMS PMAG  NUM  ERH  ERZ  ID
   31 2021- 7-29 10:24     - 55  8  160  6   2.04 0.12  0.0    8 11.9 13.0        31
   32 2021- 7-29 10:27     - 55 14  161  5  20.51 0.17  0.0    9 15.0 17.5        32
   33 2021- 7-29 10:38       55 17  160 43  42.72 0.17  0.0   10  5.1  6.0        33
   34 2021- 7-29 10:42     - 55 17  161 24  22.08 0.27  0.0    5 21.9  6.9        34
   35 2021- 7-29 10:50     - 54 44  161  8  -1.01 0.40  0.0   10 16.3 19.5        35
   36 2021- 7-29 10:54       55 20  161 11   9.93 0.16  0.0    6  3.1  5.7        36
   37 2021- 7-29 10:59     - 55 35  161 16   2.92 0.13  0.0    8  4.8 14.8        37
   38 2021- 7-29 11:05       55 12  161 39  15.99 0.35  0.0    8  5.2  3.5        38
   39 2021- 7-29 11:09     - 55 15  161  5  21.45 0.15  0.0    9 11.6 12.4        39
   40 2021- 7-29 11:17     - 55 16  161 43  20.52 0.03  0.0    4  9.1  7.6        40
   41 2021- 7-29 11:24     # 55  1  163 30  20.65 0.65  0.0    7 15.4 18.6        41
   42 2021- 7-29 11:29     - 55 14  160 48  31.01 0.20  0.0   11 17.7 11.6        42
   43 2021- 7-29 11:41     - 55 14  160 47  34.00 0.12  0.0   10 13.7  6.7        43
   44 2021- 7-29 11:48     - 55 16  161 16  25.63 0.22  0.0    9 15.6  4.9        44
   45 2021- 7-29 12:17     - 55 10  160 55  -2.89 0.25  0.0    7 21.9  5.8        45
  SEQ ---DATE--- TIME REMARK -LAT-  --LON-  DEPTH  RMS PMAG  NUM  ERH  ERZ  ID
   46 2021- 7-29 12:18     - 55 15  161 19  28.85 0.16  0.0    7 13.1  4.3        46
   47 2021- 7-29 12:24     - 55 20  161 30   4.53 0.01  0.0    5  1.9 10.2        47
   48 2021- 7-29 12:28     - 55  5  159 57   7.11 0.31  0.0   10 26.9 28.2        48
   49 2021- 7-29 12:32     - 55 19  161 11  25.87 0.20  0.0    7 18.0  6.1        49
   50 2021- 7-29 12:43     - 55 13  160 55  30.19 0.14  0.0   10 14.3  9.2        50
   51 2021- 7-29 12:52     - 55 24  161 34  34.15 0.12  0.0    7 10.3  8.5        51
   52 2021- 7-29 13:03     - 55 27  162 14  11.71 0.18  0.0    4  2.5 18.4        52
   53 2021- 7-29 13:15     # 55 14  161 12  24.74 0.15  0.0   10  4.9  1.6        53
   54 2021- 7-29 13:18     - 55 16  160 19   5.92 0.16  0.0   10 11.8 14.1        54
   55 2021- 7-29 13:30     - 55 17  160 55  25.94 0.23  0.0   11  3.9 19.4        55
   56 2021- 7-29 13:48     - 55 11  159 47   2.00 0.12  0.0   10 14.2 15.4        56
   57 2021- 7-29 14:02     - 55 10  159 38   2.00 0.22  0.0   10 20.1 21.8        57
   58 2021- 7-29 14:08       55 23  161 42  29.57 0.03  0.0    5  5.9  4.8        58
   59 2021- 7-29 14:16     # 55 15  160 58  22.14 0.13  0.0    7  4.0  5.3        59
   60 2021- 7-29 14:20     - 55 13  160 10   8.71 0.24  0.0    5 19.9 22.2        60
  SEQ ---DATE--- TIME REMARK -LAT-  --LON-  DEPTH  RMS PMAG  NUM  ERH  ERZ  ID
   61 2021- 7-29 14:48     - 55 25  162 15   7.16 0.17  0.0    5  2.0 15.5        61
   62 2021- 7-29 14:49       55 18  161 28  19.86 0.07  0.0    8  3.5  2.7        62
   63 2021- 7-29 14:53       55 14  161  2  16.48 0.12  0.0    9  1.7  2.1        63
   64 2021- 7-29 14:57     - 55 20  161 60   1.63 0.15  0.0    4  1.9 17.4        64
   65 2021- 7-29 14:58     - 55 31  161 12   3.14 0.37  0.0    9  9.1 27.9        65
   66 2021- 7-29 15:11     - 54 35  161 18  24.65 0.17  0.0   12  5.1 17.1        66
   67 2021- 7-29 15:13     - 55  8  160 41   5.94 0.23  0.0   10 14.8 15.1        67
   68 2021- 7-29 15:30       55 13  161 22  19.92 0.20  0.0    8  2.7 14.5        68
   69 2021- 7-29 16:00     - 54 59  160 48  18.73 0.37  0.0    9 28.4 32.9        69
   70 2021- 7-29 16:08     - 55 14  160 38  21.77 0.20  0.0   10 19.2  3.2        70
   71 2021- 7-29 16:09     # 55 12  160 49  16.23 0.17  0.0   11  3.0  2.3        71
   72 2021- 7-29 16:38     - 55 16  160 55  53.20 0.13  0.0    8 13.5  5.3        72
   73 2021- 7-29 17:00     - 55 14  159 47   2.00 0.17  0.0   11 16.5 18.2        73
   74 2021- 7-29 17:04       55 15  161 43  14.95 0.00  0.0    4  4.8  4.4        74
   75 2021- 7-29 17:08     - 55 22  161 34  20.04 0.06  0.0    4 12.3  3.2        75
  SEQ ---DATE--- TIME REMARK -LAT-  --LON-  DEPTH  RMS PMAG  NUM  ERH  ERZ  ID
   76 2021- 7-29 17:23       55 14  161 23  13.07 0.12  0.0   10  3.6  1.1        76
   77 2021- 7-29 17:28     - 55 22  161 47  -0.16 0.25  0.0    4  3.8 23.5        77
   78 2021- 7-29 17:33     - 55 13  161  3  22.18 0.14  0.0    6  4.9 13.7        78
   79 2021- 7-29 17:34     - 55 33  161 52   1.90 0.26  0.0    4 20.2 24.3        79
   80 2021- 7-29 17:52       55 15  160 44  43.45 0.17  0.0   10  6.2  5.1        80
   81 2021- 7-29 18:14       55 14  161 36  10.00 0.20  0.0    7  3.2  9.2        81
   82 2021- 7-29 18:17       55  9  161 13  13.28 0.08  0.0    5  2.7  2.0        82
   83 2021- 7-29 18:38     - 55 10  160 50  22.14 0.33  0.0   11 24.8  6.3        83
   84 2021- 7-29 18:46     - 55 19  160 45  42.93 0.11  0.0    7 11.4  5.5        84
   85 2021- 7-29 18:53     # 54 50  161 59   0.06 0.12  0.0    5  3.2  4.8        85
   86 2021- 7-29 19:12       55 17  161 19  22.37 0.17  0.0   10  2.5  4.6        86
   87 2021- 7-29 19:30     - 55 26  161 11  20.22 0.09  0.0    6  3.9 13.8        87
   88 2021- 7-29 19:53     - 55 16  160 45  24.87 0.16  0.0   11  3.6 18.0        88
   89 2021- 7-29 20:21       55 19  161 10  37.61 0.24  0.0    9  6.6  6.7        89
   90 2021- 7-29 20:23     - 55  7  160 52  19.49 0.24  0.0   10  7.9 21.4        90
  SEQ ---DATE--- TIME REMARK -LAT-  --LON-  DEPTH  RMS PMAG  NUM  ERH  ERZ  ID
   91 2021- 7-29 20:25     - 55 13  160 48  17.53 0.14  0.0    9  5.9 15.7        91
   92 2021- 7-29 20:31     - 55 15  161 16   2.01 0.22  0.0    6 13.6 21.9        92
   93 2021- 7-29 20:33     - 55 13  160 48  28.32 0.11  0.0   12  2.5 11.2        93
   94 2021- 7-29 20:42       55  8  161 45  18.89 0.04  0.0    5  5.5  3.1        94
   95 2021- 7-29 21:00       55 13  161 16  13.62 0.13  0.0    8  3.0  0.8        95
   96 2021- 7-29 21:08     - 55 21  160 46  30.36 0.18  0.0    5  6.1 14.4        96
   97 2021- 7-29 21:18       55 15  160 48  28.62 0.21  0.0   11 11.8 13.9        97
   98 2021- 7-29 21:39       55 15  161  8  24.69 0.14  0.0   10  3.0  1.2        98
   99 2021- 7-29 22:02     - 55 15  160 60  20.14 0.06  0.0    8  2.6 13.5        99
  100 2021- 7-29 22:18     - 55 12  160 38  29.88 0.14  0.0    9 13.1 11.5       100
  101 2021- 7-29 22:56     - 55 15  160 33  29.80 0.12  0.0   11  2.8 12.3       101
  102 2021- 7-29 23:38     - 55 13  160 38  29.33 0.12  0.0   10 14.1 11.6       102
