 HYPOINVERSE 2000 STARTING
6/2014 VERSION 1.40 (geoid depth possible)                            
 COMMAND?     33 STATIONS READ IN.
  FIND INPUT PHASE FILE TYPE & SET PHS(COP) & ARC(CAR) FORMATS
  INPUT IS A HYPOINVERSE ARCHIVE-2000 FILE, NO SHADOWS
  SETTING FORMATS COP 3, CAR 1
  SEQ ---DATE--- TIME REMARK -LAT-  --LON-  DEPTH  RMS PMAG  NUM  ERH  ERZ  ID
    1 2021- 7-29  7:59     - 55 27  162 18  43.85 0.17  0.0    5  3.4 15.3         1
    2 2021- 7-29  8:03       55  4  161 14  32.32 0.02  0.0    6  3.7  0.9         2
    3 2021- 7-29  8:13     - 55 16  161 41  26.12 0.12  0.0    4 10.5  6.3         3
    4 2021- 7-29  8:16     - 55 25  161 22  38.26 0.08  0.0    5 12.1  5.1         4
    5 2021- 7-29  8:26     - 55 16  161 19  26.95 0.03  0.0    4 12.0  4.9         5
    6 2021- 7-29  8:40     - 55 16  160 42  48.62 0.17  0.0    9 15.9  6.9         6
 *** DISTANCE & RESIDUAL WEIGHTING CANCELLED FOR EVENT: 2021  7 29  8 56
    7 2021- 7-29  8:55     - 55 26  162  8  14.61 0.90  0.0    4  9.1 71.9         7
    8 2021- 7-29  9:08       55  9  161  1  43.36 0.28  0.0    8  6.0 11.6         8
    9 2021- 7-29  9:17       55 16  160 59  31.96 0.22  0.0    7  3.6  1.3         9
   10 2021- 7-29  9:23       55 17  160 55  45.65 0.21  0.0   11  4.4  4.6        10
   11 2021- 7-29  9:26     - 55 20  161  4  33.35 0.19  0.0    6 17.9 15.8        11
   12 2021- 7-29  9:28     - 55 14  160 43  36.19 0.16  0.0    9 16.9 13.9        12
   13 2021- 7-29  9:36       55  5  161 46  12.59 0.00  0.0    4  3.3  2.1        13
   14 2021- 7-29  9:38     - 54 60  161 40  14.00 0.10  0.0    4 12.0 11.0        14
   15 2021- 7-29  9:43     - 55 27  162 15  13.72 0.10  0.0    4  2.8 14.2        15
  SEQ ---DATE--- TIME REMARK -LAT-  --LON-  DEPTH  RMS PMAG  NUM  ERH  ERZ  ID
   16 2021- 7-29  9:45       55 18  161  2  15.94 0.01  0.0    5  7.2  4.5        16
   17 2021- 7-29  9:52     - 55 14  160 36  37.73 0.21  0.0   10 19.3 15.9        17
   18 2021- 7-29  9:54     - 55 17  160 24  54.77 0.04  0.0    8 12.2  6.4        18
   19 2021- 7-29  9:59     - 55  7  161 24  18.39 0.14  0.0    5 14.8  4.8        19
   20 2021- 7-29 10:02       55  5  161 24  22.62 0.31  0.0    5  4.5 10.3        20
   21 2021- 7-29 10:05     - 54 58  161 48  13.42 0.02  0.0    4  4.9 11.5        21
 *** DISTANCE & RESIDUAL WEIGHTING CANCELLED FOR EVENT: 2021  7 29 10 14
   22 2021- 7-29 10:13     - 55 24  162 16  22.02 0.94  0.0    4 74.8 31.7        22
   23 2021- 7-29 10:16     - 55  8  161 16  15.20 0.24  0.0    5 18.9 12.2        23
   24 2021- 7-29 10:17     - 55 13  161 22  10.07 0.16  0.0    8  2.3 13.4        24
 *** DISTANCE & RESIDUAL WEIGHTING CANCELLED FOR EVENT: 2021  7 29 10 20
   25 2021- 7-29 10:20     - 55 23  162 11  17.30 0.78  0.0    4 64.2 25.9        25
   26 2021- 7-29 10:22     - 55 27  161 25   8.05 0.21  0.0    5  3.0 19.1        26
   27 2021- 7-29 10:24     - 55 15  161 19  29.94 0.20  0.0    7 14.6  9.0        27
   28 2021- 7-29 10:27     - 55 14  160 59  35.57 0.19  0.0    9 17.3  7.8        28
   29 2021- 7-29 10:38     - 55 16  161  7  33.54 0.14  0.0    9 12.3  4.4        29
   30 2021- 7-29 10:42     - 55 16  161 24  17.43 0.11  0.0    5 12.6  3.6        30
  SEQ ---DATE--- TIME REMARK -LAT-  --LON-  DEPTH  RMS PMAG  NUM  ERH  ERZ  ID
   31 2021- 7-29 10:50     - 54 55  161  1  15.49 0.21  0.0    7  8.3 16.9        31
   32 2021- 7-29 10:50     - 55 22  163  2  12.65 0.65  0.0    9  3.2 52.0        32
   33 2021- 7-29 10:54     - 55 24  162 13  14.50 0.72  0.0    4 57.2 38.2        33
   34 2021- 7-29 10:58     - 55 37  160 50  14.00 0.07  0.0    4 10.7 10.8        34
   35 2021- 7-29 11:05       55  7  161 26  26.83 0.24  0.0    8  8.9  4.8        35
   36 2021- 7-29 11:09     - 55 15  161  6  14.00 0.17  0.0    8 10.4 10.8        36
   37 2021- 7-29 11:24     - 55  6  163 16  13.70 0.49  0.0    6 24.6 18.9        37
   38 2021- 7-29 11:23     - 54 22  161 39  14.05 0.18  0.0    6  8.8 17.7        38
   39 2021- 7-29 11:29     - 55 14  160 51  33.26 0.15  0.0    9 15.2 17.4        39
   40 2021- 7-29 11:42     - 55 15  161  6  35.32 0.13  0.0    8 13.1  4.8        40
   41 2021- 7-29 11:48     - 55 18  160 48  46.52 0.18  0.0    7 16.2  7.4        41
   42 2021- 7-29 12:17     - 55 16  161  7  16.25 0.13  0.0    6 15.6  3.2        42
   43 2021- 7-29 12:18     - 55 15  160 40  54.74 0.18  0.0    7 16.5  9.7        43
   44 2021- 7-29 12:24     - 55 14  161 25   7.96 0.09  0.0    4  2.0 13.6        44
   45 2021- 7-29 12:28     - 55 12  160 58  43.31 0.24  0.0    8 18.7  6.9        45
  SEQ ---DATE--- TIME REMARK -LAT-  --LON-  DEPTH  RMS PMAG  NUM  ERH  ERZ  ID
   46 2021- 7-29 12:32       55 17  161 44  12.66 0.35  0.0    6  5.2  6.1        46
   47 2021- 7-29 12:43       55 16  161 22  24.74 0.20  0.0   10  3.5  5.5        47
   48 2021- 7-29 12:52     - 55 27  161 33  28.74 0.12  0.0    4 12.1  9.9        48
   49 2021- 7-29 13:15     - 55 12  160 49  33.71 0.11  0.0    8 12.2 13.8        49
   50 2021- 7-29 13:18     - 55 17  160 39  40.01 0.15  0.0    9 16.9 11.8        50
   51 2021- 7-29 13:30     - 55 15  160 52  20.21 0.23  0.0    9  4.5 16.7        51
   52 2021- 7-29 13:48     - 55 17  160 54  49.95 0.20  0.0    8 16.5  7.2        52
   53 2021- 7-29 14:02     - 54 56  160 31  13.99 0.13  0.0    7 15.0 16.6        53
   54 2021- 7-29 14:08       55 23  161 42  31.93 0.02  0.0    4  5.9  6.2        54
   55 2021- 7-29 14:16     - 55 10  160 56  12.51 0.09  0.0    6 10.7  8.8        55
   56 2021- 7-29 14:20     - 55 25  161 48  43.72 0.15  0.0    4 12.2 11.7        56
   57 2021- 7-29 14:43     - 55 25  160 54  35.07 0.11  0.0    4 10.9 11.4        57
   58 2021- 7-29 14:48       55 27  162 12  28.34 0.00  0.0    4  2.5  7.2        58
   59 2021- 7-29 14:49     - 55 13  161  6  32.72 0.09  0.0    7 11.4  0.8        59
   60 2021- 7-29 14:53       55 14  161  2  30.93 0.08  0.0    8  1.9  0.8        60
 *** DISTANCE & RESIDUAL WEIGHTING CANCELLED FOR EVENT: 2021  7 29 14 57
  SEQ ---DATE--- TIME REMARK -LAT-  --LON-  DEPTH  RMS PMAG  NUM  ERH  ERZ  ID
   61 2021- 7-29 14:57     - 55 19  161 40  21.25 0.76  0.0    4 56.4 19.1        61
   62 2021- 7-29 14:58     - 55 24  161 13   6.96 0.36  0.0    7  6.3 32.6        62
   63 2021- 7-29 15:11     - 54 35  161 16  15.59 0.13  0.0   11  6.6 13.2        63
   64 2021- 7-29 15:13     - 55  4  160 18  14.00 0.24  0.0    9 21.4 23.4        64
   65 2021- 7-29 15:21     - 55 25  161 54  38.91 0.14  0.0    4 11.1 12.2        65
   66 2021- 7-29 15:30       55 13  161 21  26.04 0.23  0.0    7  3.4  8.1        66
   67 2021- 7-29 16:00     - 55  7  161  6  14.14 0.15  0.0    5 13.6 16.9        67
   68 2021- 7-29 16:08       55 16  160 59  16.61 0.19  0.0    9  3.4  3.4        68
   69 2021- 7-29 16:09     - 55 15  161  4  32.94 0.14  0.0   10 13.4  0.8        69
   70 2021- 7-29 16:26     - 55  4  161 42  12.80 0.05  0.0    4  9.3  8.8        70
   71 2021- 7-29 16:38     - 55 17  161  1  55.71 0.14  0.0    7 13.4  5.2        71
   72 2021- 7-29 17:00     - 55 14  160 52  35.00 0.19  0.0    9 16.9 13.0        72
 *** DISTANCE & RESIDUAL WEIGHTING CANCELLED FOR EVENT: 2021  7 29 17  4
   73 2021- 7-29 17:04     # 55 16  161 36  44.44 0.57  0.0    5 24.3 17.6        73
   74 2021- 7-29 17:08     - 55 22  161 46  14.22 0.05  0.0    4  9.7  8.5        74
   75 2021- 7-29 17:23       55 14  161 23  16.98 0.11  0.0    6  7.4  1.8        75
  SEQ ---DATE--- TIME REMARK -LAT-  --LON-  DEPTH  RMS PMAG  NUM  ERH  ERZ  ID
   76 2021- 7-29 17:33     - 55 13  161  3  32.28 0.14  0.0    5 16.1  1.0        76
   77 2021- 7-29 17:34     - 55 26  161 37  13.30 0.24  0.0    4 20.8 10.5        77
   78 2021- 7-29 17:52     - 55 16  160 51  49.44 0.18  0.0    9 15.3  5.8        78
   79 2021- 7-29 18:14     - 55 19  161 18  55.83 0.37  0.0    6 25.9 16.7        79
   80 2021- 7-29 18:38     - 55 11  160 53  33.62 0.15  0.0   12  2.3 15.9        80
   81 2021- 7-29 18:46     - 55 19  160 59  45.76 0.13  0.0    6 13.0  5.0        81
   82 2021- 7-29 18:53     - 54 42  161 59  13.99 0.09  0.0    4 10.2 10.1        82
   83 2021- 7-29 18:53     - 54 45  161 57  10.76 0.12  0.0    4 14.9 11.1        83
   84 2021- 7-29 19:12     - 55 12  160 42  18.01 0.21  0.0   11  3.1 20.9        84
   85 2021- 7-29 19:53       55 16  160 53  32.13 0.16  0.0   10  4.3  0.9        85
   86 2021- 7-29 20:21     - 55 18  161  5  60.81 0.23  0.0    6 19.2 10.5        86
   87 2021- 7-29 20:23     - 55  6  160 46  21.84 0.21  0.0   11  3.1 16.4        87
   88 2021- 7-29 20:25     - 55 15  161  8  33.20 0.14  0.0    7 13.9  5.6        88
   89 2021- 7-29 20:31     - 55 16  161  5  14.00 0.14  0.0    7 13.2 11.8        89
   90 2021- 7-29 20:33     - 55 11  160 46  16.01 0.22  0.0   11  9.4 19.5        90
  SEQ ---DATE--- TIME REMARK -LAT-  --LON-  DEPTH  RMS PMAG  NUM  ERH  ERZ  ID
   91 2021- 7-29 21:00     - 55 16  160 44  41.08 0.19  0.0    6 18.2 10.6        91
 *** DISTANCE & RESIDUAL WEIGHTING CANCELLED FOR EVENT: 2021  7 29 21  8
   92 2021- 7-29 21:08     - 55 29  161 15  14.00 0.39  0.0    4 24.5 22.0        92
   93 2021- 7-29 21:18       55 15  160 59  14.00 0.29  0.0   10  6.8  2.9        93
   94 2021- 7-29 21:39     - 55 14  160 56  33.48 0.16  0.0   10 13.0 14.1        94
   95 2021- 7-29 22:02     - 55 16  161  2  16.72 0.01  0.0    4  5.6 11.1        95
   96 2021- 7-29 22:18     - 55 13  160 58  32.66 0.15  0.0    9 13.8  0.9        96
   97 2021- 7-29 22:56       55 16  160 52  37.62 0.12  0.0   10  3.5  7.2        97
   98 2021- 7-29 23:38     - 55 14  160 50  32.02 0.10  0.0   10 12.7  1.2        98
