 HYPOINVERSE 2000 STARTING
6/2014 VERSION 1.40 (geoid depth possible)                            
 COMMAND?     33 STATIONS READ IN.
  FIND INPUT PHASE FILE TYPE & SET PHS(COP) & ARC(CAR) FORMATS
  INPUT IS A HYPOINVERSE ARCHIVE-2000 FILE, NO SHADOWS
  SETTING FORMATS COP 3, CAR 1
  SEQ ---DATE--- TIME REMARK -LAT-  --LON-  DEPTH  RMS PMAG  NUM  ERH  ERZ  ID
    1 2021- 7-29  7:59     - 55 27  162 21  82.65 0.11  0.0    9  3.3 13.7         1
    2 2021- 7-29  8:03       55 24  161 43  63.87 0.22  0.0   10  3.4  2.1         2
    3 2021- 7-29  8:09     - 55  4  161  9  14.37 0.07  0.0    5  5.8 12.3         3
    4 2021- 7-29  8:13     - 55 16  161 28  29.51 0.06  0.0    4 11.5  4.8         4
    5 2021- 7-29  8:16     - 55 14  161 17  14.88 0.20  0.0    9  3.7 20.7         5
    6 2021- 7-29  8:17       55 19  161 56  14.87 0.01  0.0    4  3.6  3.8         6
    7 2021- 7-29  8:26     - 55 15  160 57  25.84 0.13  0.0    6  5.1 15.5         7
    8 2021- 7-29  8:40       55 15  160 38  41.31 0.16  0.0   11  4.2  6.8         8
    9 2021- 7-29  8:55       55  5  161 37  14.67 0.07  0.0    5  2.4  1.5         9
   10 2021- 7-29  8:58     - 55 38  162 14   3.57 0.21  0.0    6  6.5 19.2        10
   11 2021- 7-29  9:08     - 55  9  160 60  18.22 0.14  0.0    9  5.9 15.6        11
   12 2021- 7-29  9:17       55 18  160 59  42.61 0.17  0.0   10  2.5  4.2        12
   13 2021- 7-29  9:23       55 17  160 56  40.20 0.21  0.0   12  3.4  5.0        13
   14 2021- 7-29  9:26     - 55 20  160 44  16.84 0.20  0.0    7 19.5 20.6        14
   15 2021- 7-29  9:28     - 55 13  160 33  33.53 0.14  0.0   10 16.1 13.8        15
  SEQ ---DATE--- TIME REMARK -LAT-  --LON-  DEPTH  RMS PMAG  NUM  ERH  ERZ  ID
   16 2021- 7-29  9:36       55  5  161 46  14.11 0.08  0.0    6  2.5  0.7        16
   17 2021- 7-29  9:38     - 55  2  161 37  10.98 0.06  0.0    6  6.3 13.0        17
   18 2021- 7-29  9:43       55  6  161 28  20.47 0.09  0.0    6  1.6  6.1        18
   19 2021- 7-29  9:45       55 18  161  7  12.40 0.09  0.0    7  2.6  1.1        19
   20 2021- 7-29  9:52     - 55 15  161 15  14.37 0.22  0.0   11  8.0 17.5        20
   21 2021- 7-29  9:54       55 18  160 37  47.92 0.06  0.0   12  2.3  3.2        21
   22 2021- 7-29  9:59     - 55 12  160 52  65.65 0.12  0.0    6 13.6  7.9        22
   23 2021- 7-29 10:02       55  6  161 25  18.46 0.10  0.0    7  1.7  1.7        23
   24 2021- 7-29 10:05     - 55 15  161 44  30.32 0.21  0.0    4 11.5 15.9        24
   25 2021- 7-29 10:06     - 55 19  161 40  10.75 0.07  0.0    4  9.1  9.6        25
   26 2021- 7-29 10:13     - 55 18  161  3  29.57 0.19  0.0    5  7.9 18.7        26
   27 2021- 7-29 10:16       55 11  161 28  16.03 0.26  0.0    7 13.8  9.4        27
   28 2021- 7-29 10:17     - 55 13  161 24  14.89 0.18  0.0   11  2.2 19.4        28
   29 2021- 7-29 10:20     - 55 21  161 41  29.05 0.10  0.0    4  8.1 11.4        29
   30 2021- 7-29 10:22     - 55 28  161 27   5.73 0.16  0.0    5  2.6 14.4        30
  SEQ ---DATE--- TIME REMARK -LAT-  --LON-  DEPTH  RMS PMAG  NUM  ERH  ERZ  ID
   31 2021- 7-29 10:24     - 55  9  160 17  12.59 0.13  0.0    8 11.2 11.1        31
   32 2021- 7-29 10:27       55 11  160 50  38.96 0.18  0.0   10  4.3  7.2        32
   33 2021- 7-29 10:38       55 12  160 45  15.97 0.25  0.0   11  7.0  4.5        33
   34 2021- 7-29 10:42     - 55 19  161 12  20.26 0.15  0.0    6 11.1 12.8        34
   35 2021- 7-29 10:50     - 54 41  161  2   9.44 0.41  0.0   10 18.7 21.7        35
   36 2021- 7-29 10:54     - 55 20  161 15  19.50 0.13  0.0    6  5.1 12.9        36
   37 2021- 7-29 10:59       55 34  161 15  12.11 0.12  0.0    8  1.1  1.2        37
   38 2021- 7-29 11:05       55 12  161 39  15.79 0.35  0.0    8  5.2  3.4        38
   39 2021- 7-29 11:09     - 55 15  161  4  12.50 0.17  0.0    9 11.7 15.0        39
 *** DISTANCE & RESIDUAL WEIGHTING CANCELLED FOR EVENT: 2021  7 29 11 17
   40 2021- 7-29 11:17     # 55 15  161 29  12.50 0.76  0.0    6 35.1  8.3        40
   41 2021- 7-29 11:24     - 55  6  163 26  15.61 0.61  0.0    7 19.4 48.0        41
   42 2021- 7-29 11:29     - 55 14  160 30  30.41 0.20  0.0   11 15.0 12.2        42
   43 2021- 7-29 11:42     - 55 13  160 56  18.02 0.18  0.0   11  6.5 17.6        43
   44 2021- 7-29 11:48     - 55 18  160 51  40.88 0.20  0.0    8 16.1  7.3        44
   45 2021- 7-29 12:17     - 55 17  161  7  12.32 0.22  0.0    6 19.8  4.7        45
  SEQ ---DATE--- TIME REMARK -LAT-  --LON-  DEPTH  RMS PMAG  NUM  ERH  ERZ  ID
   46 2021- 7-29 12:18       55 16  161 26  25.01 0.15  0.0    8  4.4  2.6        46
   47 2021- 7-29 12:24       55 24  161 34  15.14 0.02  0.0    5  2.5  1.3        47
   48 2021- 7-29 12:28     - 55  5  160 54  15.00 0.31  0.0    8 24.4  5.7        48
   49 2021- 7-29 12:32     - 55 17  160 48  25.68 0.18  0.0    8 14.8 15.5        49
   50 2021- 7-29 12:43       55 16  161 24  21.99 0.21  0.0   12  2.3  3.7        50
   51 2021- 7-29 12:52     - 55 24  161 33  33.65 0.12  0.0    6 10.5  8.5        51
   52 2021- 7-29 13:03       55 27  162  6  34.34 0.13  0.0    6  2.2  7.2        52
   53 2021- 7-29 13:15       55 14  161 12  25.02 0.15  0.0   10  3.7  5.9        53
   54 2021- 7-29 13:18     - 55 18  160 52  30.87 0.18  0.0   10 15.0  9.3        54
   55 2021- 7-29 13:30     - 55 15  160 55  19.96 0.23  0.0   11  3.7 22.6        55
   56 2021- 7-29 13:48     - 55 12  159 57  12.50 0.13  0.0   10 14.7 16.2        56
   57 2021- 7-29 14:02     - 55 11  159 51  12.50 0.22  0.0    9 20.0 22.2        57
   58 2021- 7-29 14:08       55 18  161 10  47.22 0.16  0.0    8  5.9  3.4        58
   59 2021- 7-29 14:16     - 55 14  161  1  12.44 0.11  0.0    7  7.0 10.1        59
   60 2021- 7-29 14:20     - 55 12  159 60  12.50 0.23  0.0    5 20.7 22.7        60
  SEQ ---DATE--- TIME REMARK -LAT-  --LON-  DEPTH  RMS PMAG  NUM  ERH  ERZ  ID
   61 2021- 7-29 14:48       55 27  162 13  26.74 0.03  0.0    5  2.6  6.1        61
   62 2021- 7-29 14:49     - 55 18  161  7  45.15 0.13  0.0    9 13.5  3.7        62
   63 2021- 7-29 14:53     - 55 14  161  2  20.43 0.10  0.0    9  1.7 14.7        63
   64 2021- 7-29 14:57       55 18  161 32  19.98 0.01  0.0    5  3.0  1.6        64
   65 2021- 7-29 14:58     - 55 29  161 10  15.92 0.29  0.0    9  3.1 25.3        65
   66 2021- 7-29 15:11       54 37  161 20  13.25 0.12  0.0   12  1.8  3.3        66
   67 2021- 7-29 15:13     - 55  9  160 45   9.90 0.24  0.0   10 16.9 12.1        67
   68 2021- 7-29 15:30     - 55 13  161 21  19.89 0.20  0.0    8  2.6 16.9        68
   69 2021- 7-29 16:00     - 55  6  161 10  30.78 0.30  0.0    9 19.9 10.9        69
   70 2021- 7-29 16:08     - 55 15  160 57  18.45 0.20  0.0   12  7.4 19.1        70
   71 2021- 7-29 16:09     - 55 13  160 49  17.79 0.16  0.0   11  6.3 16.8        71
   72 2021- 7-29 16:38     - 55 17  160 59  51.63 0.13  0.0    8 13.1  5.0        72
   73 2021- 7-29 17:00     - 55 14  160 56  29.88 0.20  0.0   10 17.5 10.2        73
   74 2021- 7-29 17:04     - 55 15  161 50  52.71 0.01  0.0    5 10.1  3.1        74
   75 2021- 7-29 17:08     - 55 22  161 37  19.81 0.03  0.0    4 11.8  3.9        75
  SEQ ---DATE--- TIME REMARK -LAT-  --LON-  DEPTH  RMS PMAG  NUM  ERH  ERZ  ID
   76 2021- 7-29 17:23       55 14  161 24  13.10 0.12  0.0   10  3.6  1.1        76
   77 2021- 7-29 17:28     - 55 29  161 47  -0.29 0.11  0.0    4  4.1 15.5        77
   78 2021- 7-29 17:33     - 55 14  161 24  20.04 0.12  0.0    5 13.5  7.4        78
   79 2021- 7-29 17:34     - 55 30  161 27  23.15 0.27  0.0    5 24.0  6.9        79
   80 2021- 7-29 17:52     - 55 15  160 31  47.39 0.13  0.0   10 14.8  5.9        80
   81 2021- 7-29 18:14       55 14  161 37  10.43 0.20  0.0    7  3.1  6.7        81
   82 2021- 7-29 18:17       55  9  161 13  13.32 0.08  0.0    5  2.7  2.0        82
   83 2021- 7-29 18:38       55 13  161  7  35.27 0.42  0.0   12 15.5  9.0        83
   84 2021- 7-29 18:46       55 19  160 51  40.70 0.11  0.0    9  3.0  4.8        84
   85 2021- 7-29 18:53       54 45  161 57   8.27 0.11  0.0    6  5.4  1.4        85
   86 2021- 7-29 19:12       55 17  161 20  22.98 0.17  0.0   11  2.6  4.4        86
   87 2021- 7-29 19:30       55 26  161  9  26.07 0.05  0.0    6  3.1  6.1        87
   88 2021- 7-29 19:53     - 55 15  160 24  12.63 0.14  0.0   10 11.5 11.7        88
   89 2021- 7-29 20:21     - 55 22  160 32  76.17 0.23  0.0    9 19.8 11.3        89
   90 2021- 7-29 20:23     - 55  8  160 53  26.28 0.24  0.0   12  2.6 20.3        90
  SEQ ---DATE--- TIME REMARK -LAT-  --LON-  DEPTH  RMS PMAG  NUM  ERH  ERZ  ID
   91 2021- 7-29 20:25     - 55 15  161  2  24.80 0.13  0.0    9  4.1 16.7        91
   92 2021- 7-29 20:31     - 55 15  161  2  12.50 0.16  0.0    8 12.6  9.8        92
   93 2021- 7-29 20:33     - 55 12  160 49  17.04 0.14  0.0   12  5.8 15.2        93
   94 2021- 7-29 20:42       55  8  161 45  18.88 0.04  0.0    5  5.4  3.1        94
   95 2021- 7-29 21:00       55 12  161 13  13.17 0.15  0.0    9  2.5  1.0        95
   96 2021- 7-29 21:08     - 55 26  160 51  12.81 0.19  0.0    5  8.9 11.6        96
   97 2021- 7-29 21:18     - 55 14  160 55  19.42 0.22  0.0   11  7.9 20.3        97
   98 2021- 7-29 21:39       55 15  161  8  24.79 0.14  0.0   10  3.1  1.2        98
   99 2021- 7-29 22:02     - 55 16  161  5  13.60 0.08  0.0    7  7.7  8.3        99
  100 2021- 7-29 22:19     - 55 13  160 59  25.20 0.16  0.0    9 13.9 16.1       100
  101 2021- 7-29 22:56     - 55 15  160 33  23.27 0.12  0.0   11  4.4 15.3       101
  102 2021- 7-29 23:38     - 55 14  160 48  26.23 0.10  0.0   12  3.0 13.0       102
