 HYPOINVERSE 2000 STARTING
6/2014 VERSION 1.40 (geoid depth possible)                            
 COMMAND?     33 STATIONS READ IN.
  FIND INPUT PHASE FILE TYPE & SET PHS(COP) & ARC(CAR) FORMATS
  INPUT IS A HYPOINVERSE ARCHIVE-2000 FILE, NO SHADOWS
  SETTING FORMATS COP 3, CAR 1
  SEQ ---DATE--- TIME REMARK -LAT-  --LON-  DEPTH  RMS PMAG  NUM  ERH  ERZ  ID
    1 2021- 7-29  7:59     - 55 27  162 24  11.18 0.19  0.0    8  1.4 17.0         1
    2 2021- 7-29  8:03       55 25  161 50  54.14 0.18  0.0    8  2.7  4.3         2
    3 2021- 7-29  8:05     - 55 32  161 18   1.07 0.06  0.0    4 12.3 10.4         3
 *** DISTANCE & RESIDUAL WEIGHTING CANCELLED FOR EVENT: 2021  7 29  8  6
    4 2021- 7-29  8:06     - 55 18  161  3   0.12 0.40  0.0    4  5.3 35.2         4
    5 2021- 7-29  8:09     - 55  2  161  7   5.05 0.11  0.0    5  6.1 14.1         5
 *** DISTANCE & RESIDUAL WEIGHTING CANCELLED FOR EVENT: 2021  7 29  8 10
    6 2021- 7-29  8:10     # 55 13  162 51   1.00 0.77  0.0    5 14.7 15.6         6
    7 2021- 7-29  8:13     - 55 17  161 23  27.43 0.11  0.0    5 12.1  5.4         7
 *** DISTANCE & RESIDUAL WEIGHTING CANCELLED FOR EVENT: 2021  7 29  8 14
    8 2021- 7-29  8:14     - 55 24  162  6   1.00 0.56  0.0    4 13.5 34.4         8
    9 2021- 7-29  8:16     - 55 15  161  6  33.16 0.16  0.0    8 12.9  8.2         9
 *** DISTANCE & RESIDUAL WEIGHTING CANCELLED FOR EVENT: 2021  7 29  8 17
   10 2021- 7-29  8:17     - 55 19  162  7   1.00 0.82  0.0    6  3.7 66.3        10
   11 2021- 7-29  8:26     - 55 17  161 56   0.97 0.07  0.0    4  1.4 13.6        11
 *** DISTANCE & RESIDUAL WEIGHTING CANCELLED FOR EVENT: 2021  7 29  8 31
   12 2021- 7-29  8:31     - 55 28  162  0   0.79 0.73  0.0    4  9.1 59.6        12
   13 2021- 7-29  8:33     - 55 29  162 13   1.00 0.05  0.0    4  1.3 13.1        13
   14 2021- 7-29  8:39     - 55 23  161 26   0.02 0.10  0.0    4  9.9 11.4        14
   15 2021- 7-29  8:40     - 55 14  160 54  33.85 0.14  0.0   12  2.5 12.9        15
  SEQ ---DATE--- TIME REMARK -LAT-  --LON-  DEPTH  RMS PMAG  NUM  ERH  ERZ  ID
   16 2021- 7-29  8:55       55  7  161 48  10.42 0.00  0.0    4  2.3  2.8        16
   17 2021- 7-29  8:55     - 55 25  162  1   1.00 0.13  0.0    4  0.9 16.5        17
   18 2021- 7-29  8:58     # 55 34  162 19   0.02 0.75  0.0    8  5.1 11.0        18
   19 2021- 7-29  9:08       55  9  160 59  32.76 0.15  0.0    9  3.3  0.8        19
   20 2021- 7-29  9:17     - 55 21  160 52   0.17 0.34  0.0   12 10.5 24.6        20
   21 2021- 7-29  9:23     - 55 15  160 33  53.15 0.19  0.0   11 17.3  8.1        21
   22 2021- 7-29  9:26     - 55 18  160 42   0.99 0.36  0.0    7 30.1 32.3        22
   23 2021- 7-29  9:28     - 55 17  161 15   4.77 0.23  0.0    8  7.4 18.7        23
   24 2021- 7-29  9:28     - 55 15  159 24   2.58 0.15  0.0    4 12.1 11.4        24
   25 2021- 7-29  9:36       55  5  161 47  12.27 0.08  0.0    6  2.7  1.7        25
   26 2021- 7-29  9:38       55  2  161 37   2.19 0.07  0.0    6  6.3  2.0        26
 *** DISTANCE & RESIDUAL WEIGHTING CANCELLED FOR EVENT: 2021  7 29  9 38
   27 2021- 7-29  9:38     - 55 31  161 24   0.43 0.85  0.0    5  6.3 71.9        27
   28 2021- 7-29  9:43       55  3  161 28   2.03 0.10  0.0    5  2.9  4.0        28
   29 2021- 7-29  9:45     - 55 18  161  1  19.47 0.10  0.0    7  2.8 10.9        29
   30 2021- 7-29  9:52       55 13  161  5   0.25 0.26  0.0   10  6.5  1.6        30
  SEQ ---DATE--- TIME REMARK -LAT-  --LON-  DEPTH  RMS PMAG  NUM  ERH  ERZ  ID
   31 2021- 7-29  9:54       55 19  160 57  49.13 0.09  0.0   11  2.1  2.9        31
   32 2021- 7-29  9:59     - 55 13  160 56  67.88 0.12  0.0    6 13.3  7.6        32
 *** DISTANCE & RESIDUAL WEIGHTING CANCELLED FOR EVENT: 2021  7 29 10  0
   33 2021- 7-29  9:59     - 55 40  161  3   1.02 0.34  0.0    4 24.5 30.5        33
   34 2021- 7-29 10:02       55  5  161 23  21.99 0.10  0.0    7  1.6  4.0        34
   35 2021- 7-29 10:05     - 55 22  161 52   0.95 0.23  0.0    4  2.2 23.0        35
   36 2021- 7-29 10:06     - 55 16  161 34   0.26 0.13  0.0    5  1.5 16.1        36
   37 2021- 7-29 10:08     # 55 29  162 10   0.12 0.42  0.0    4  3.4 12.6        37
   38 2021- 7-29 10:13     - 55 17  160 58   0.02 0.35  0.0    5 11.3 28.4        38
   39 2021- 7-29 10:16     - 55 11  161 17   0.01 0.35  0.0    8 21.5  7.0        39
   40 2021- 7-29 10:16     - 55  8  160 46   1.03 0.07  0.0    4 12.1 13.3        40
   41 2021- 7-29 10:17     - 55 13  161 22   8.05 0.22  0.0   10  2.6 19.6        41
 *** DISTANCE & RESIDUAL WEIGHTING CANCELLED FOR EVENT: 2021  7 29 10 18
   42 2021- 7-29 10:18     - 55 25  162 21   0.26 0.34  0.0    4  2.0 30.6        42
   43 2021- 7-29 10:20     - 55 21  161 47  20.86 0.14  0.0    4  6.5 13.5        43
 *** DISTANCE & RESIDUAL WEIGHTING CANCELLED FOR EVENT: 2021  7 29 10 21
   44 2021- 7-29 10:20     - 54 56  160 55   1.00 1.96  0.0    5 98.9 98.9        44
   45 2021- 7-29 10:22       55 26  161 45  19.11 0.14  0.0    5  4.3  1.7        45
  SEQ ---DATE--- TIME REMARK -LAT-  --LON-  DEPTH  RMS PMAG  NUM  ERH  ERZ  ID
   46 2021- 7-29 10:24     - 55  9  160 53   1.01 0.27  0.0    8 19.2 25.5        46
   47 2021- 7-29 10:27       55 11  160 49  44.97 0.18  0.0   10  4.7  6.6        47
 *** DISTANCE & RESIDUAL WEIGHTING CANCELLED FOR EVENT: 2021  7 29 10 34
   48 2021- 7-29 10:34     - 55 21  162 15   0.99 0.80  0.0    4  6.7 62.3        48
   49 2021- 7-29 10:38     - 55 16  160 25  51.37 0.17  0.0   11 17.0  9.1        49
   50 2021- 7-29 10:42     - 55 16  161 15  18.78 0.10  0.0    5 14.0  6.4        50
   51 2021- 7-29 10:50     - 54 48  161  3   0.01 0.50  0.0   11 15.0 33.6        51
   52 2021- 7-29 10:50     - 55  7  163 16   0.95 0.14  0.0    6  6.6 14.0        52
   53 2021- 7-29 10:54     - 55 20  161 10   1.30 0.16  0.0    7  8.7 14.5        53
   54 2021- 7-29 10:59     - 55 35  161 12   4.58 0.13  0.0    8  6.1 14.0        54
   55 2021- 7-29 11:05     - 55  5  160 27   1.00 0.41  0.0    8 32.0 35.9        55
   56 2021- 7-29 11:09     - 55 14  160 59  32.43 0.14  0.0   10 13.2  0.9        56
   57 2021- 7-29 11:17     - 55 16  161 46  17.67 0.01  0.0    4  7.1  8.3        57
 *** DISTANCE & RESIDUAL WEIGHTING CANCELLED FOR EVENT: 2021  7 29 11 17
   58 2021- 7-29 11:17     # 55 26  162  4  22.10 1.59  0.0    4 15.2 59.2        58
   59 2021- 7-29 11:24     - 55  6  163 18   0.00 0.85  0.0   10 28.5 59.3        59
   60 2021- 7-29 11:29     - 55 14  160 55  32.08 0.15  0.0    9 13.8  1.1        60
  SEQ ---DATE--- TIME REMARK -LAT-  --LON-  DEPTH  RMS PMAG  NUM  ERH  ERZ  ID
   61 2021- 7-29 11:31     - 55 13  161 19   9.29 0.01  0.0    4  3.4 12.4        61
   62 2021- 7-29 11:41     - 55 16  160 42  56.96 0.32  0.0   11 24.3 10.0        62
   63 2021- 7-29 11:42     - 55 21  160 50   0.07 0.10  0.0    4  6.2 13.7        63
   64 2021- 7-29 11:48       55 17  161 37  20.92 0.11  0.0    7  3.3  1.7        64
 *** DISTANCE & RESIDUAL WEIGHTING CANCELLED FOR EVENT: 2021  7 29 12  4
   65 2021- 7-29 12:04     - 55 21  162 40   1.15 0.46  0.0    4 22.4 21.5        65
   66 2021- 7-29 12:17     - 55 20  161  5  32.11 0.21  0.0    6 19.5  2.3        66
 *** DISTANCE & RESIDUAL WEIGHTING CANCELLED FOR EVENT: 2021  7 29 12 18
   67 2021- 7-29 12:18     - 55 15  162 12   1.00 1.02  0.0    4  9.5 79.1        67
   68 2021- 7-29 12:18     - 55 15  161 16  35.78 0.17  0.0    7 13.9  3.9        68
   69 2021- 7-29 12:24     - 55 20  161 27   3.60 0.02  0.0    5  2.2 10.4        69
   70 2021- 7-29 12:28       55 12  160 56  42.56 0.24  0.0    9  5.6  5.4        70
   71 2021- 7-29 12:32     - 55 18  160 58  32.68 0.18  0.0    8 17.6  0.9        71
   72 2021- 7-29 12:43       55 16  161 23  20.26 0.21  0.0   12  2.3  4.1        72
   73 2021- 7-29 12:52     - 55 25  162  1   0.98 0.16  0.0    5  0.8 18.0        73
 *** DISTANCE & RESIDUAL WEIGHTING CANCELLED FOR EVENT: 2021  7 29 12 52
   74 2021- 7-29 12:52     - 55 29  162 33   1.08 0.26  0.0    4  2.2 24.4        74
   75 2021- 7-29 13:03     - 55 27  162 15   1.09 0.20  0.0    4  1.8 20.5        75
 *** DISTANCE & RESIDUAL WEIGHTING CANCELLED FOR EVENT: 2021  7 29 13 13
  SEQ ---DATE--- TIME REMARK -LAT-  --LON-  DEPTH  RMS PMAG  NUM  ERH  ERZ  ID
   76 2021- 7-29 13:13     - 55 22  162  9   0.98 0.68  0.0    5  7.1 56.9        76
   77 2021- 7-29 13:15     # 55 15  161 13  33.03 0.16  0.0   10  5.5  2.9        77
   78 2021- 7-29 13:18     - 55 18  160 52   3.41 0.30  0.0   11 10.9 24.6        78
   79 2021- 7-29 13:30       55 15  160 52  31.93 0.21  0.0   11  3.6  1.0        79
 *** DISTANCE & RESIDUAL WEIGHTING CANCELLED FOR EVENT: 2021  7 29 13 34
   80 2021- 7-29 13:34     - 55  9  162  4   0.98 0.45  0.0    4  3.2 38.9        80
 *** DISTANCE & RESIDUAL WEIGHTING CANCELLED FOR EVENT: 2021  7 29 13 38
   81 2021- 7-29 13:38     - 55 22  162  4   1.00 0.83  0.0    5  6.9 66.9        81
   82 2021- 7-29 13:48     - 55 12  161  1   1.01 0.41  0.0   12 13.8 30.1        82
   83 2021- 7-29 14:02     - 55 10  159 36  22.38 0.14  0.0    9 15.9 17.1        83
   84 2021- 7-29 14:03     - 55 22  162  3   1.02 0.09  0.0    5  0.8 14.4        84
   85 2021- 7-29 14:08     - 55 23  161 42  32.04 0.03  0.0    5  6.3  6.6        85
 *** DISTANCE & RESIDUAL WEIGHTING CANCELLED FOR EVENT: 2021  7 29 14  9
   86 2021- 7-29 14:08     - 55 16  161 59   1.00 1.14  0.0    4  4.2 95.7        86
   87 2021- 7-29 14:16     - 54 56  161 52   0.45 0.03  0.0    4  6.0 12.7        87
   88 2021- 7-29 14:16       55 14  160 56  30.09 0.11  0.0    7  5.5  2.5        88
 *** DISTANCE & RESIDUAL WEIGHTING CANCELLED FOR EVENT: 2021  7 29 14 17
   89 2021- 7-29 14:17     - 55 11  161 60   1.00 0.62  0.0    4  2.7 40.6        89
   90 2021- 7-29 16:00     - 55  7  161 13  36.11 0.16  0.0    7 12.4  5.2        90
  SEQ ---DATE--- TIME REMARK -LAT-  --LON-  DEPTH  RMS PMAG  NUM  ERH  ERZ  ID
   91 2021- 7-29 16:08     - 55 17  160 55   1.00 0.28  0.0   10 10.8 23.0        91
   92 2021- 7-29 16:09     - 55 11  160 49   1.20 0.32  0.0   12 11.6 26.1        92
   93 2021- 7-29 16:26     - 55  4  161 50   1.80 0.06  0.0    4  3.1 13.2        93
   94 2021- 7-29 16:38       55 14  161 31  26.62 0.25  0.0    9  9.4  6.9        94
   95 2021- 7-29 17:00     - 55 11  159 14   1.01 0.13  0.0   11 12.2 10.8        95
   96 2021- 7-29 17:04     - 55 16  162 23   3.86 0.15  0.0    4  4.6 17.7        96
   97 2021- 7-29 17:04     # 55  8  161 32   0.06 0.75  0.0    4  7.5 15.0        97
   98 2021- 7-29 17:08     - 55 22  161 51   8.22 0.01  0.0    4  7.1 10.2        98
   99 2021- 7-29 17:22       55 12  161 16  23.09 0.18  0.0   11  4.4  6.5        99
  100 2021- 7-29 17:28     - 55 22  162 59   1.00 0.42  0.0    4 32.8 37.3       100
  101 2021- 7-29 17:28     - 55 24  160 53  17.78 0.09  0.0    4 11.0 13.5       101
  102 2021- 7-29 17:33     - 55 15  161 28  22.11 0.13  0.0    5 11.9  7.2       102
  103 2021- 7-29 17:34     - 55 39  161 49  10.04 0.28  0.0    4 22.8 22.6       103
  104 2021- 7-29 17:52       55 15  160 43  47.48 0.17  0.0   11  6.3  4.9       104
  105 2021- 7-29 18:14       55  8  161 15   1.00 0.38  0.0   10 17.7  5.7       105
  SEQ ---DATE--- TIME REMARK -LAT-  --LON-  DEPTH  RMS PMAG  NUM  ERH  ERZ  ID
  106 2021- 7-29 18:17     - 55  7  161 10  12.76 0.10  0.0    6  2.6 12.3       106
  107 2021- 7-29 18:18     - 55 12  161 51   0.58 0.10  0.0    4  2.9 12.2       107
  108 2021- 7-29 18:38     - 55 11  160 53  33.48 0.13  0.0    8  2.2 15.3       108
 *** DISTANCE & RESIDUAL WEIGHTING CANCELLED FOR EVENT: 2021  7 29 18 38
  109 2021- 7-29 18:38     - 55 45  161 24   1.00 1.02  0.0    4  8.2 86.0       109
  110 2021- 7-29 18:38     - 55 42  161 23   0.89 0.07  0.0    4  8.0 11.1       110
  111 2021- 7-29 18:46     - 55 17  161 52   0.71 0.21  0.0    5  1.4 21.2       111
  112 2021- 7-29 18:53     # 54 48  162  0   0.06 0.02  0.0    4  6.8  2.6       112
  113 2021- 7-29 18:54     - 54 53  162  6   1.98 0.09  0.0    5  8.7  7.6       113
  114 2021- 7-29 19:12     - 55 16  160 53  33.11 0.12  0.0   10 13.2 15.9       114
  115 2021- 7-29 19:12     # 55 44  162  1   0.12 0.13  0.0    4  2.7  8.2       115
  116 2021- 7-29 19:15     - 55 26  162 14   1.03 0.14  0.0    4  6.6 15.5       116
 *** DISTANCE & RESIDUAL WEIGHTING CANCELLED FOR EVENT: 2021  7 29 19 30
  117 2021- 7-29 19:30     - 55 23  162 13   1.00 0.47  0.0    4 36.8 38.2       117
  118 2021- 7-29 19:30       55 26  161 12  30.14 0.09  0.0    6  3.6  6.0       118
  119 2021- 7-29 19:53     - 55 16  160 31  31.44 0.15  0.0   10 16.5 17.8       119
  120 2021- 7-29 20:21       55 22  161 14  53.71 0.98  0.0   10 36.4 24.0       120
  SEQ ---DATE--- TIME REMARK -LAT-  --LON-  DEPTH  RMS PMAG  NUM  ERH  ERZ  ID
  121 2021- 7-29 20:23     - 55  8  160 53  34.16 0.24  0.0   11  2.8 19.2       121
  122 2021- 7-29 20:25     - 55 15  160 54   0.12 0.31  0.0    9 11.5 24.5       122
  123 2021- 7-29 20:31     - 55 16  161  9   3.25 0.16  0.0    7 13.1 18.2       123
  124 2021- 7-29 20:33     - 55 13  160 47  34.46 0.11  0.0   12  2.6 13.4       124
  125 2021- 7-29 20:42     - 55 13  161 56   1.14 0.10  0.0    4  1.4 14.6       125
  126 2021- 7-29 21:00       55 13  161 13  16.27 0.11  0.0    8  2.9  1.3       126
  127 2021- 7-29 21:08     - 55 12  160 45  33.01 0.03  0.0    4  7.8 12.7       127
 *** DISTANCE & RESIDUAL WEIGHTING CANCELLED FOR EVENT: 2021  7 29 21  8
  128 2021- 7-29 21:08     # 55 31  162 31   1.00 0.71  0.0    4  7.3 23.9       128
  129 2021- 7-29 21:18     - 55 14  161  1   1.00 0.27  0.0    9 21.1 25.6       129
  130 2021- 7-29 21:39     - 55 15  161  7   2.52 0.26  0.0   12  9.4 20.4       130
 *** DISTANCE & RESIDUAL WEIGHTING CANCELLED FOR EVENT: 2021  7 29 21 58
  131 2021- 7-29 21:58     # 55  7  161 39   4.66 0.59  0.0    4 30.2  7.3       131
  132 2021- 7-29 22:02     - 55 12  160 52  34.00 0.08  0.0    8  2.2 13.2       132
  133 2021- 7-29 22:18     - 55 11  160 33  35.02 0.13  0.0    9 12.9 13.9       133
