 HYPOINVERSE 2000 STARTING
6/2014 VERSION 1.40 (geoid depth possible)                            
 COMMAND?     33 STATIONS READ IN.
  FIND INPUT PHASE FILE TYPE & SET PHS(COP) & ARC(CAR) FORMATS
  INPUT IS A HYPOINVERSE ARCHIVE-2000 FILE, NO SHADOWS
  SETTING FORMATS COP 3, CAR 1
  SEQ ---DATE--- TIME REMARK -LAT-  --LON-  DEPTH  RMS PMAG  NUM  ERH  ERZ  ID
    1 2021- 7-29  7:59     - 55 27  162 21  15.72 0.28  0.0    7  1.9 20.5         1
    2 2021- 7-29  8:03       55 15  161 30  61.28 0.21  0.0    9  8.8  4.3         2
    3 2021- 7-29  8:09     - 55  1  160 56  15.09 0.13  0.0    5 15.9  4.5         3
    4 2021- 7-29  8:13     - 55 16  161  1  12.46 0.07  0.0    5  9.2  7.3         4
    5 2021- 7-29  8:16     - 55 17  161  8  31.29 0.12  0.0    8 11.8  6.2         5
    6 2021- 7-29  8:17       55 19  161 56  15.23 0.01  0.0    4  3.8  3.9         6
    7 2021- 7-29  8:26     - 55 13  160 59  14.43 0.12  0.0    6  8.1 11.7         7
    8 2021- 7-29  8:40       55 15  160 39  42.52 0.15  0.0   11  4.2  6.2         8
    9 2021- 7-29  8:55       55  2  161 30  13.88 0.09  0.0    5  2.9  2.1         9
   10 2021- 7-29  8:58     - 55 40  162  6  15.72 0.17  0.0    5  2.5 18.9        10
   11 2021- 7-29  9:08     - 55  8  160 57  19.38 0.16  0.0    9  6.3 16.6        11
   12 2021- 7-29  9:17       55 19  160 59  42.82 0.17  0.0   10  2.5  4.3        12
   13 2021- 7-29  9:23       55 17  160 56  42.14 0.18  0.0   12  3.2  4.2        13
   14 2021- 7-29  9:26     - 55 21  160 45  14.98 0.18  0.0    7 18.4  5.2        14
   15 2021- 7-29  9:28     - 55 14  160 36  35.14 0.14  0.0   10 16.3 10.9        15
  SEQ ---DATE--- TIME REMARK -LAT-  --LON-  DEPTH  RMS PMAG  NUM  ERH  ERZ  ID
   16 2021- 7-29  9:36       55  5  161 46  14.16 0.09  0.0    6  2.7  0.7        16
   17 2021- 7-29  9:38     - 54 59  161 24  15.51 0.14  0.0    6  3.3 16.9        17
   18 2021- 7-29  9:43     - 55  5  161 29  15.00 0.11  0.0    6  1.6 13.1        18
   19 2021- 7-29  9:45       55 19  161  6  15.37 0.09  0.0    7  4.0  4.2        19
   20 2021- 7-29  9:52       55 16  161  3  18.86 0.21  0.0   11  6.5  2.0        20
   21 2021- 7-29  9:54     - 55 16  160 30  24.78 0.16  0.0   12  4.6 16.8        21
   22 2021- 7-29  9:59     - 55 16  161 18  53.79 0.13  0.0    6 13.0  7.8        22
   23 2021- 7-29 10:02       55  6  161 25  18.36 0.10  0.0    7  1.7  1.7        23
   24 2021- 7-29 10:05     - 55 15  161 30  52.52 0.16  0.0    5 10.7 11.9        24
   25 2021- 7-29 10:06     - 55 20  161 43  13.09 0.07  0.0    4 12.9  4.7        25
   26 2021- 7-29 10:13     - 55 17  161  3  29.10 0.17  0.0    5  6.9 17.6        26
   27 2021- 7-29 10:16       55 11  161 30  13.40 0.26  0.0    7 12.1  1.6        27
   28 2021- 7-29 10:17     - 55 13  161 24  14.90 0.20  0.0   11  2.3 20.2        28
   29 2021- 7-29 10:20     - 55 20  161 34  38.72 0.07  0.0    4  8.6 10.4        29
   30 2021- 7-29 10:22     - 55 28  161 27   3.94 0.16  0.0    5  2.2 18.3        30
  SEQ ---DATE--- TIME REMARK -LAT-  --LON-  DEPTH  RMS PMAG  NUM  ERH  ERZ  ID
   31 2021- 7-29 10:24     - 55 10  160 29  15.53 0.13  0.0    8 13.3 10.5        31
   32 2021- 7-29 10:27       55 12  160 50  39.19 0.18  0.0   10  4.4  7.2        32
   33 2021- 7-29 10:38       55 12  160 45  13.80 0.22  0.0   11  5.2  7.4        33
   34 2021- 7-29 10:42     - 55 18  161 25  19.07 0.08  0.0    5 10.4  2.6        34
   35 2021- 7-29 10:50     - 54 38  160 58  21.31 0.42  0.0   11 10.0 34.4        35
   36 2021- 7-29 10:54     - 55 21  161 14  19.79 0.11  0.0    6  4.8 12.2        36
   37 2021- 7-29 10:59     - 55 35  161 14  15.46 0.13  0.0    8  1.6 16.2        37
   38 2021- 7-29 11:05       55  7  161 24  19.40 0.26  0.0   10  6.0  1.9        38
   39 2021- 7-29 11:09     - 55 13  160 44  13.89 0.13  0.0   10 12.7  9.0        39
 *** DISTANCE & RESIDUAL WEIGHTING CANCELLED FOR EVENT: 2021  7 29 11 17
   40 2021- 7-29 11:17     - 55 13  161 19  15.50 0.69  0.0    6 47.0 26.5        40
   41 2021- 7-29 11:24     - 55  5  163 26  16.16 0.61  0.0    7 20.5 36.5        41
   42 2021- 7-29 11:29     - 55 15  161  3  24.89 0.24  0.0   11 17.4 23.1        42
   43 2021- 7-29 11:42       55 13  160 55  20.66 0.20  0.0   11  5.9  6.3        43
   44 2021- 7-29 11:48     # 55 16  161 27  24.32 0.20  0.0    7 12.6  4.2        44
   45 2021- 7-29 12:17     - 55 14  161  6  14.77 0.24  0.0    7 18.9 19.9        45
  SEQ ---DATE--- TIME REMARK -LAT-  --LON-  DEPTH  RMS PMAG  NUM  ERH  ERZ  ID
   46 2021- 7-29 12:18       55 16  161 25  26.45 0.16  0.0    8  4.9  3.1        46
   47 2021- 7-29 12:24       55 24  161 34  15.17 0.04  0.0    5  2.5  1.3        47
   48 2021- 7-29 12:28     - 55  9  161 18  15.51 0.42  0.0    9 25.3 33.3        48
   49 2021- 7-29 12:32     - 55 20  161 17  15.22 0.19  0.0    6 14.9 18.3        49
   50 2021- 7-29 12:43       55 16  161 22  19.56 0.21  0.0   12  2.7  1.1        50
   51 2021- 7-29 12:52     - 55 25  161 46  28.99 0.08  0.0    6  7.7  7.3        51
   52 2021- 7-29 13:03       55 27  162  6  33.32 0.14  0.0    6  2.3  7.2        52
   53 2021- 7-29 13:15       55 15  161 13  26.19 0.15  0.0   10  4.4  4.5        53
   54 2021- 7-29 13:18     - 55 18  160 56  20.34 0.19  0.0   12  4.8 19.6        54
   55 2021- 7-29 13:30     - 55 15  160 56  19.11 0.24  0.0   11  8.2 21.1        55
   56 2021- 7-29 13:48     - 55 14  160 57  20.64 0.14  0.0    8 13.0 16.1        56
   57 2021- 7-29 14:02     - 55 11  159 53  15.50 0.21  0.0    9 19.6 21.8        57
   58 2021- 7-29 14:08       55 19  161 12  46.81 0.16  0.0    8  5.8  3.3        58
   59 2021- 7-29 14:16     - 55 15  160 56  17.92 0.12  0.0    7  5.7 14.6        59
   60 2021- 7-29 14:20     - 55 12  160  0  15.52 0.21  0.0    5 20.1 21.2        60
  SEQ ---DATE--- TIME REMARK -LAT-  --LON-  DEPTH  RMS PMAG  NUM  ERH  ERZ  ID
   61 2021- 7-29 14:48       55 27  162 11  30.35 0.04  0.0    5  2.7  6.5        61
   62 2021- 7-29 14:49     - 55 18  161  5  45.81 0.15  0.0   10 14.3  4.1        62
   63 2021- 7-29 14:53     - 55 13  161  2  20.37 0.13  0.0   10  1.9 16.2        63
   64 2021- 7-29 14:57       55 18  161 31  19.73 0.03  0.0    5  3.0  0.9        64
   65 2021- 7-29 14:58     - 55 29  161 11  16.92 0.26  0.0    9  2.8 20.4        65
   66 2021- 7-29 15:11       54 36  161 20  13.74 0.12  0.0   13  1.8  3.2        66
   67 2021- 7-29 15:13     - 55  9  160 50  14.80 0.22  0.0   10 17.4  4.1        67
   68 2021- 7-29 15:30       55 13  161 22  19.43 0.18  0.0    8  4.0  1.7        68
   69 2021- 7-29 16:00     - 55  5  161  4  19.00 0.35  0.0    9 24.1 31.4        69
   70 2021- 7-29 16:08     - 55 16  160 56  26.02 0.21  0.0   12  3.2 16.5        70
   71 2021- 7-29 16:09     - 55 13  160 48  18.59 0.16  0.0   11  6.3 16.7        71
   72 2021- 7-29 16:38     - 55 14  161 13  -1.06 0.06  0.0    7  9.6  4.0        72
   73 2021- 7-29 17:00     - 55 14  160 48  26.31 0.20  0.0   10 13.8 16.0        73
   74 2021- 7-29 17:04     - 55 14  161 26  42.64 0.10  0.0    4 10.2  8.4        74
   75 2021- 7-29 17:08     - 55 23  161 32  19.85 0.09  0.0    4 12.4  3.2        75
  SEQ ---DATE--- TIME REMARK -LAT-  --LON-  DEPTH  RMS PMAG  NUM  ERH  ERZ  ID
   76 2021- 7-29 17:23     - 55 13  161 20  15.54 0.18  0.0   11  4.7 16.5        76
   77 2021- 7-29 17:28     - 55 29  161 48  -0.18 0.15  0.0    4  4.1 17.5        77
   78 2021- 7-29 17:33     - 55 14  161 14  19.72 0.17  0.0    5 17.6 18.7        78
   79 2021- 7-29 17:34     - 55 30  161 33  20.42 0.28  0.0    5 23.9  8.1        79
   80 2021- 7-29 17:52     - 55 15  160 42  46.60 0.13  0.0    9 13.4  5.9        80
   81 2021- 7-29 18:14       55 14  161 37  11.41 0.18  0.0    7  2.6  4.7        81
   82 2021- 7-29 18:17     - 55  9  161 12  15.50 0.08  0.0    5  3.0 14.1        82
   83 2021- 7-29 18:38     - 55 12  161  7  20.39 0.20  0.0   11  3.4 19.2        83
   84 2021- 7-29 18:46       55 19  160 51  40.59 0.12  0.0    9  3.1  4.9        84
   85 2021- 7-29 18:53       54 45  161 58   8.26 0.11  0.0    6  5.3  1.4        85
   86 2021- 7-29 19:12     - 55 16  161 19  15.49 0.17  0.0   10  2.3 15.6        86
   87 2021- 7-29 19:30       55 25  161  9  29.64 0.06  0.0    6  3.0  5.9        87
   88 2021- 7-29 19:53     - 55 16  160 31  21.74 0.14  0.0   10 15.8  3.6        88
   89 2021- 7-29 20:21     - 55 22  160 37  74.33 0.22  0.0    9 18.9 10.3        89
   90 2021- 7-29 20:23     - 55  8  160 53  24.87 0.22  0.0   12  2.5 22.3        90
  SEQ ---DATE--- TIME REMARK -LAT-  --LON-  DEPTH  RMS PMAG  NUM  ERH  ERZ  ID
   91 2021- 7-29 20:25       55 15  161  2  31.26 0.12  0.0    9  3.5  5.2        91
   92 2021- 7-29 20:31     - 55 13  160 43  16.82 0.13  0.0    9 15.0 16.4        92
   93 2021- 7-29 20:33     - 55 12  160 48  17.75 0.15  0.0   12  6.1 16.0        93
   94 2021- 7-29 20:42       55  8  161 44  19.44 0.03  0.0    5  5.2  1.9        94
   95 2021- 7-29 21:00       55 13  161 16  18.90 0.14  0.0    8  3.4  1.1        95
   96 2021- 7-29 21:08     - 55 27  160 52  14.34 0.15  0.0    5  8.5 10.2        96
   97 2021- 7-29 21:18       55 15  160 53  34.48 0.20  0.0   11  4.8  8.1        97
   98 2021- 7-29 21:39       55 15  161  8  26.31 0.14  0.0   10  3.0  4.7        98
   99 2021- 7-29 22:02       55 16  161  1  17.33 0.06  0.0    7  3.0  1.0        99
  100 2021- 7-29 22:18     - 55 15  160 41  44.73 0.39  0.0   11 28.1 15.2       100
  101 2021- 7-29 22:56       55 15  160 33  22.50 0.14  0.0   11  2.4  2.8       101
  102 2021- 7-29 23:38     - 55 13  160 48  27.44 0.09  0.0   11  2.8 10.4       102
