 HYPOINVERSE 2000 STARTING
6/2014 VERSION 1.40 (geoid depth possible)                            
 COMMAND?     33 STATIONS READ IN.
  FIND INPUT PHASE FILE TYPE & SET PHS(COP) & ARC(CAR) FORMATS
  INPUT IS A HYPOINVERSE ARCHIVE-2000 FILE, NO SHADOWS
  SETTING FORMATS COP 3, CAR 1
  SEQ ---DATE--- TIME REMARK -LAT-  --LON-  DEPTH  RMS PMAG  NUM  ERH  ERZ  ID
    1 2021- 7-29  7:59     # 55 27  162 26  70.45 0.10  0.0    9  2.0  3.2         1
    2 2021- 7-29  8:03     - 55 17  161  5  16.84 0.40  0.0    8 13.4 27.7         2
 *** DISTANCE & RESIDUAL WEIGHTING CANCELLED FOR EVENT: 2021  7 29  8  6
    3 2021- 7-29  8:06     # 55 26  161 31  17.00 0.55  0.0    5 28.3  8.3         3
 *** DISTANCE & RESIDUAL WEIGHTING CANCELLED FOR EVENT: 2021  7 29  8  6
    4 2021- 7-29  8:06     # 55 20  161 21  17.00 0.93  0.0    4 41.4 29.4         4
    5 2021- 7-29  8:09     - 55  3  161  6  17.14 0.08  0.0    5  2.5 14.0         5
    6 2021- 7-29  8:10     - 55 10  162 17  33.33 0.05  0.0    4 12.9  4.0         6
    7 2021- 7-29  8:13     - 55 16  160 58  17.00 0.09  0.0    5 12.5 14.6         7
 *** DISTANCE & RESIDUAL WEIGHTING CANCELLED FOR EVENT: 2021  7 29  8 14
    8 2021- 7-29  8:13     - 55 22  161 24   8.75 0.10  0.0    4  2.8 13.7         8
    9 2021- 7-29  8:16     - 55 14  160 54  34.63 0.15  0.0    8 11.7 10.8         9
 *** DISTANCE & RESIDUAL WEIGHTING CANCELLED FOR EVENT: 2021  7 29  8 17
   10 2021- 7-29  8:17     # 55 12  161 48  23.43 1.28  0.0    6 20.6 19.9        10
   11 2021- 7-29  8:26     - 55 11  160 54  16.01 0.13  0.0    6  7.2 14.7        11
 *** DISTANCE & RESIDUAL WEIGHTING CANCELLED FOR EVENT: 2021  7 29  8 31
   12 2021- 7-29  8:31     - 55 20  161 53  13.44 0.69  0.0    4 58.1  8.1        12
   13 2021- 7-29  8:33     - 55 30  162 10  12.01 0.02  0.0    4  2.1 12.2        13
 *** DISTANCE & RESIDUAL WEIGHTING CANCELLED FOR EVENT: 2021  7 29  8 39
   14 2021- 7-29  8:39     - 55 22  161 19  17.00 0.59  0.0    4 46.8  9.4        14
   15 2021- 7-29  8:40     - 55 14  160 54  33.96 0.13  0.0   12  2.4 12.2        15
  SEQ ---DATE--- TIME REMARK -LAT-  --LON-  DEPTH  RMS PMAG  NUM  ERH  ERZ  ID
   16 2021- 7-29  8:55       55  7  161 48  10.39 0.00  0.0    4  2.3  2.8        16
   17 2021- 7-29  8:55     - 55 25  161 56  14.76 0.10  0.0    4  6.6 13.0        17
   18 2021- 7-29  8:58     - 55 41  162 11  12.65 0.17  0.0    5  4.0 18.7        18
   19 2021- 7-29  9:08     - 55  7  160 57  17.00 0.21  0.0   10  2.5 21.4        19
   20 2021- 7-29  9:17     - 55 14  160 56  17.13 0.24  0.0   11  2.7 23.8        20
   21 2021- 7-29  9:23       55 16  160 51  47.94 0.21  0.0   12  4.4  4.0        21
   22 2021- 7-29  9:26     - 55 20  160 58  17.00 0.27  0.0    7 22.1 25.6        22
   23 2021- 7-29  9:28     - 55 15  160 57  33.54 0.16  0.0   10 15.1 13.8        23
 *** DISTANCE & RESIDUAL WEIGHTING CANCELLED FOR EVENT: 2021  7 29  9 29
   24 2021- 7-29  9:29     - 55 19  160 50  37.00 0.29  0.0    4 22.1 10.5        24
   25 2021- 7-29  9:36       55  5  161 45  13.83 0.10  0.0    6  3.1  2.1        25
   26 2021- 7-29  9:38     - 54 58  161 21  16.66 0.14  0.0    6  6.3 14.2        26
   27 2021- 7-29  9:38     - 55 32  161 33   7.86 0.14  0.0    4  2.3 15.2        27
   28 2021- 7-29  9:43       55  5  161 39  17.52 0.05  0.0    5  3.7  2.9        28
   29 2021- 7-29  9:45     - 55 17  161  0  17.36 0.10  0.0    7  2.9 14.9        29
   30 2021- 7-29  9:52     # 55 17  161 15  30.96 0.17  0.0   11  2.4  3.0        30
  SEQ ---DATE--- TIME REMARK -LAT-  --LON-  DEPTH  RMS PMAG  NUM  ERH  ERZ  ID
   31 2021- 7-29  9:54     - 55 13  160 27  16.96 0.39  0.0   13 13.7 28.8        31
   32 2021- 7-29  9:59     - 55 11  161  8  24.80 0.15  0.0    7 14.0  5.3        32
 *** DISTANCE & RESIDUAL WEIGHTING CANCELLED FOR EVENT: 2021  7 29 10  0
   33 2021- 7-29  9:59     - 55 38  161 11  17.04 0.43  0.0    4 28.1 38.3        33
   34 2021- 7-29 10:02       55  5  161 23  21.97 0.10  0.0    7  1.6  4.0        34
   35 2021- 7-29 10:05     - 55 15  161 45  31.68 0.22  0.0    4 10.4 17.4        35
   36 2021- 7-29 10:06     - 55 20  161 42  13.20 0.09  0.0    4 12.7  7.3        36
 *** DISTANCE & RESIDUAL WEIGHTING CANCELLED FOR EVENT: 2021  7 29 10  8
   37 2021- 7-29 10:08     # 55 28  162  9  12.00 0.66  0.0    5  8.0 25.3        37
   38 2021- 7-29 10:13     - 55 16  160 55  16.62 0.18  0.0    5  7.5 17.4        38
   39 2021- 7-29 10:16       55 11  161 30  13.71 0.24  0.0    7 11.7  6.7        39
 *** DISTANCE & RESIDUAL WEIGHTING CANCELLED FOR EVENT: 2021  7 29 10 17
   40 2021- 7-29 10:16     - 55 10  161  5  20.98 0.73  0.0    5 44.9 29.1        40
   41 2021- 7-29 10:17       55 13  161 21  16.11 0.20  0.0   10  2.3  7.9        41
 *** DISTANCE & RESIDUAL WEIGHTING CANCELLED FOR EVENT: 2021  7 29 10 18
   42 2021- 7-29 10:18     - 55 26  162 16  16.49 0.28  0.0    4  8.6 18.7        42
   43 2021- 7-29 10:20     - 55  3  161 12  65.34 0.09  0.0    5  9.5  8.2        43
 *** DISTANCE & RESIDUAL WEIGHTING CANCELLED FOR EVENT: 2021  7 29 10 21
   44 2021- 7-29 10:21     # 55 26  161 48  29.35 1.03  0.0    5 23.4 27.1        44
   45 2021- 7-29 10:22     - 55 27  161 25   9.72 0.22  0.0    5  4.7 15.1        45
  SEQ ---DATE--- TIME REMARK -LAT-  --LON-  DEPTH  RMS PMAG  NUM  ERH  ERZ  ID
   46 2021- 7-29 10:24     - 55 16  161 19  29.49 0.14  0.0    7 12.8  7.6        46
   47 2021- 7-29 10:27       55 11  160 49  45.06 0.18  0.0   10  4.7  6.5        47
 *** DISTANCE & RESIDUAL WEIGHTING CANCELLED FOR EVENT: 2021  7 29 10 34
   48 2021- 7-29 10:34     - 55 30  161 55  33.75 2.09  0.0    4 84.8 51.0        48
   49 2021- 7-29 10:38     - 55 10  160 40  15.90 0.29  0.0   11 11.1 23.9        49
   50 2021- 7-29 10:42     - 55 16  161 23  17.56 0.10  0.0    5 12.7  3.8        50
   51 2021- 7-29 10:50     - 54 37  161  1  15.11 0.29  0.0    9 11.6 23.8        51
   52 2021- 7-29 10:50     - 55  5  163 21  16.86 0.12  0.0    6  6.8 13.4        52
   53 2021- 7-29 10:54     - 55 20  161  8  17.41 0.17  0.0    6  3.2 18.6        53
   54 2021- 7-29 10:59       55 35  161 12  21.64 0.13  0.0    8  2.0  8.0        54
   55 2021- 7-29 11:05     - 55  8  160 37  17.00 0.32  0.0    8 25.2 29.5        55
   56 2021- 7-29 11:09     - 55 15  161  4  17.00 0.17  0.0    9 14.1 19.0        56
   57 2021- 7-29 11:17     - 55 16  161 32  33.35 0.06  0.0    4 10.7  5.9        57
 *** DISTANCE & RESIDUAL WEIGHTING CANCELLED FOR EVENT: 2021  7 29 11 17
   58 2021- 7-29 11:17     # 55 27  162 11  29.49 1.14  0.0    4 28.2 36.3        58
   59 2021- 7-29 11:23     - 55  8  163 31  16.24 0.62  0.0    9 24.1 46.7        59
   60 2021- 7-29 11:29     - 55 14  160 54  33.71 0.15  0.0    9 11.4 12.5        60
  SEQ ---DATE--- TIME REMARK -LAT-  --LON-  DEPTH  RMS PMAG  NUM  ERH  ERZ  ID
   61 2021- 7-29 11:31       55 14  161 20  18.48 0.01  0.0    5  2.6  6.4        61
   62 2021- 7-29 11:42     - 55 15  161  9  17.00 0.26  0.0    9 17.1 25.1        62
   63 2021- 7-29 11:42     - 55 25  160 43  15.77 0.21  0.0    4  9.3 19.2        63
   64 2021- 7-29 11:48       55 17  161 37  20.86 0.11  0.0    7  3.3  1.7        64
 *** DISTANCE & RESIDUAL WEIGHTING CANCELLED FOR EVENT: 2021  7 29 12  4
   65 2021- 7-29 12:04     - 55 22  162 48  12.28 0.49  0.0    4 16.2 42.1        65
   66 2021- 7-29 12:17     - 55 16  160 56  17.00 0.19  0.0    6 18.2 20.1        66
   67 2021- 7-29 12:18       54 60  161 36  20.73 0.00  0.0    4  2.7  7.5        67
   68 2021- 7-29 12:18       55 16  161 27  28.40 0.13  0.0    7  3.9  2.7        68
   69 2021- 7-29 12:24     # 55 23  161 29  11.11 0.16  0.0    6  3.3  5.0        69
   70 2021- 7-29 12:28     - 55 10  160 33  50.74 0.24  0.0    9 21.1 11.8        70
   71 2021- 7-29 12:32     - 55 19  161 18  24.41 0.21  0.0    6 15.7  5.8        71
   72 2021- 7-29 12:43       55 16  161 22  24.84 0.21  0.0   12  2.3  3.8        72
   73 2021- 7-29 12:52     - 55 24  161 31  37.90 0.11  0.0    6 10.6  8.8        73
   74 2021- 7-29 12:52     - 55 29  162 30  17.83 0.05  0.0    4  3.8 12.6        74
   75 2021- 7-29 13:03       55 27  162  6  36.84 0.13  0.0    6  2.3  7.0        75
  SEQ ---DATE--- TIME REMARK -LAT-  --LON-  DEPTH  RMS PMAG  NUM  ERH  ERZ  ID
   76 2021- 7-29 13:13     - 55 22  161 40  42.98 0.05  0.0    5  9.8  7.6        76
   77 2021- 7-29 13:15       55 15  161 13  33.01 0.16  0.0   10  5.5  2.9        77
   78 2021- 7-29 13:18       55 18  160 57  36.42 0.18  0.0   12  4.3  6.7        78
   79 2021- 7-29 13:30     - 55 12  160 52  17.57 0.18  0.0   10  2.7 19.5        79
 *** DISTANCE & RESIDUAL WEIGHTING CANCELLED FOR EVENT: 2021  7 29 13 34
   80 2021- 7-29 13:34     - 55  5  162  4  16.76 0.44  0.0    4 20.9 32.2        80
   81 2021- 7-29 13:38     - 55 25  161 57  23.73 0.17  0.0    4  8.8 15.4        81
   82 2021- 7-29 13:48       55 15  161  9  35.45 0.12  0.0   10  3.2  2.4        82
   83 2021- 7-29 14:02     - 55 10  160 34  17.01 0.37  0.0    9 24.8 33.0        83
   84 2021- 7-29 14:03     - 55 21  162  1   8.79 0.09  0.0    5  1.6 11.3        84
   85 2021- 7-29 14:08     - 55 23  161 41  32.59 0.03  0.0    5  6.3  6.6        85
 *** DISTANCE & RESIDUAL WEIGHTING CANCELLED FOR EVENT: 2021  7 29 14  9
   86 2021- 7-29 14:08     # 55 13  161 58   7.70 1.24  0.0    4 21.0 57.6        86
   87 2021- 7-29 14:16     - 54 56  161 52   8.24 0.10  0.0    4  7.6 12.3        87
   88 2021- 7-29 14:16       55 11  160 54  15.17 0.08  0.0    6  2.6  2.3        88
   89 2021- 7-29 14:17       55 12  161 54  29.02 0.00  0.0    4  1.8  2.4        89
   90 2021- 7-29 16:00     - 55  4  160 59  17.00 0.21  0.0    7 17.6 21.8        90
  SEQ ---DATE--- TIME REMARK -LAT-  --LON-  DEPTH  RMS PMAG  NUM  ERH  ERZ  ID
   91 2021- 7-29 16:08     - 55 15  160 59  17.60 0.20  0.0    9  3.4 19.7        91
   92 2021- 7-29 16:09     - 55 11  160 46  15.70 0.23  0.0   11  9.6 20.0        92
   93 2021- 7-29 16:26       55  5  161 24  25.80 0.03  0.0    5  4.0  3.4        93
   94 2021- 7-29 16:38     - 55 16  161 12  44.36 0.16  0.0    7 14.3  8.8        94
   95 2021- 7-29 17:00     - 55 15  160 60  33.06 0.20  0.0   10 16.2 20.8        95
   96 2021- 7-29 17:03     - 55 14  161 27  71.72 0.06  0.0    4 10.8  8.5        96
 *** DISTANCE & RESIDUAL WEIGHTING CANCELLED FOR EVENT: 2021  7 29 17  4
   97 2021- 7-29 17:04     # 55  9  161 26  16.99 0.78  0.0    4 11.7  6.5        97
   98 2021- 7-29 17:08     - 55 22  161 39  19.19 0.01  0.0    4 10.9  5.8        98
   99 2021- 7-29 17:23       55 13  161 19  16.62 0.13  0.0   11  4.7  1.0        99
  100 2021- 7-29 17:27     - 55 23  163 24  17.01 0.37  0.0    4 31.6 32.9       100
  101 2021- 7-29 17:28     - 55 23  160 34  17.01 0.04  0.0    4 11.6 13.0       101
  102 2021- 7-29 17:33     - 55 14  161 25  24.54 0.13  0.0    5 12.4  7.7       102
  103 2021- 7-29 17:34     - 55 29  161 32  20.40 0.27  0.0    5 22.6 10.1       103
  104 2021- 7-29 17:52     - 55 16  161  9  34.32 0.12  0.0    8 12.2  3.7       104
  105 2021- 7-29 18:14       55 13  161 35   8.47 0.20  0.0    9  2.9  8.5       105
  SEQ ---DATE--- TIME REMARK -LAT-  --LON-  DEPTH  RMS PMAG  NUM  ERH  ERZ  ID
  106 2021- 7-29 18:17     - 55  8  161 10  17.55 0.08  0.0    5  2.6 12.3       106
 *** DISTANCE & RESIDUAL WEIGHTING CANCELLED FOR EVENT: 2021  7 29 18 18
  107 2021- 7-29 18:18     # 55 10  161 48  17.00 0.78  0.0    4 25.6 11.7       107
  108 2021- 7-29 18:38     - 55  9  160 51  16.51 0.22  0.0   10  9.4 19.8       108
 *** DISTANCE & RESIDUAL WEIGHTING CANCELLED FOR EVENT: 2021  7 29 18 38
  109 2021- 7-29 18:38     - 55 43  161 57  17.00 2.30  0.0    4 90.2 40.8       109
  110 2021- 7-29 18:38     - 55 47  161 19  16.86 0.07  0.0    4  6.2 12.1       110
  111 2021- 7-29 18:46       55 19  160 49  46.02 0.11  0.0    9  3.2  4.3       111
  112 2021- 7-29 18:53     - 54 40  161 59  12.45 0.09  0.0    4  9.2 10.9       112
  113 2021- 7-29 18:54     - 54 50  162 13  16.98 0.08  0.0    5 12.1  6.3       113
  114 2021- 7-29 19:12     # 55 16  161 17  19.55 0.19  0.0   10  2.5  5.4       114
 *** DISTANCE & RESIDUAL WEIGHTING CANCELLED FOR EVENT: 2021  7 29 19 12
  115 2021- 7-29 19:12     # 55 47  162  6  17.00 0.75  0.0    4 22.6  9.7       115
 *** DISTANCE & RESIDUAL WEIGHTING CANCELLED FOR EVENT: 2021  7 29 19 15
  116 2021- 7-29 19:15     # 55 25  161 45  28.52 0.01  0.0    4  3.9  1.1       116
 *** DISTANCE & RESIDUAL WEIGHTING CANCELLED FOR EVENT: 2021  7 29 19 30
  117 2021- 7-29 19:30     - 55 23  162  4  28.25 0.31  0.0    4 26.8 19.1       117
  118 2021- 7-29 19:30       55 26  161 12  28.65 0.09  0.0    6  3.7  5.9       118
  119 2021- 7-29 19:53     - 55 14  160 38  17.00 0.24  0.0   10 20.2 23.8       119
  120 2021- 7-29 20:21     - 55 18  161  2  51.62 0.23  0.0    8 19.1  8.3       120
  SEQ ---DATE--- TIME REMARK -LAT-  --LON-  DEPTH  RMS PMAG  NUM  ERH  ERZ  ID
  121 2021- 7-29 20:23       55  8  160 50  29.96 0.20  0.0   12  4.0  2.2       121
  122 2021- 7-29 20:25     - 55 15  161  2  33.03 0.13  0.0    9  4.4 16.6       122
  123 2021- 7-29 20:31     - 55 16  161  6  17.00 0.13  0.0    8 12.4 16.5       123
  124 2021- 7-29 20:33     - 55 10  160 46  15.64 0.23  0.0   12  9.5 19.4       124
  125 2021- 7-29 20:42     - 55 12  161 54   7.85 0.09  0.0    5  6.2  9.9       125
  126 2021- 7-29 21:00     - 55 13  161 13  17.02 0.10  0.0    8  2.9 15.0       126
  127 2021- 7-29 21:08     - 55 17  160 43  15.87 0.11  0.0    4  7.5 13.8       127
 *** DISTANCE & RESIDUAL WEIGHTING CANCELLED FOR EVENT: 2021  7 29 21  8
  128 2021- 7-29 21:08     # 55 40  162 10  17.00 3.15  0.0    4 69.5 55.7       128
  129 2021- 7-29 21:18     - 55 14  161 10  17.00 0.23  0.0    9 16.8 22.6       129
  130 2021- 7-29 21:39       55 15  161  8  31.07 0.18  0.0   11  3.5  4.7       130
  131 2021- 7-29 21:58     - 55  6  161 36   4.48 0.48  0.0    4 37.2 10.7       131
  132 2021- 7-29 22:02     - 55  9  160 53  16.07 0.11  0.0    8  6.4 13.4       132
  133 2021- 7-29 22:18     - 55 12  160 57  17.00 0.23  0.0    9 19.0 22.6       133
