 HYPOINVERSE 2000 STARTING
6/2014 VERSION 1.40 (geoid depth possible)                            
 COMMAND?     33 STATIONS READ IN.
  FIND INPUT PHASE FILE TYPE & SET PHS(COP) & ARC(CAR) FORMATS
  INPUT IS A HYPOINVERSE ARCHIVE-2000 FILE, NO SHADOWS
  SETTING FORMATS COP 3, CAR 1
  SEQ ---DATE--- TIME REMARK -LAT-  --LON-  DEPTH  RMS PMAG  NUM  ERH  ERZ  ID
    1 2021- 7-29  7:59     - 55 27  162 21   8.07 0.30  0.0    7  2.3 26.7         1
    2 2021- 7-29  8:03     # 55 18  161 26  25.39 1.27  0.0   11 10.5 17.3         2
    3 2021- 7-29  8:09     - 55  2  161  6   8.02 0.11  0.0    5  2.4 15.4         3
    4 2021- 7-29  8:10     - 55 13  161 15   7.88 0.24  0.0    6  3.4 22.7         4
    5 2021- 7-29  8:13     - 55 17  161 12  27.98 0.08  0.0    5 11.7  5.3         5
    6 2021- 7-29  8:16       55 19  160 51  51.71 0.17  0.0   11  4.9  4.2         6
    7 2021- 7-29  8:17       55 19  161 55  13.93 0.00  0.0    4  3.0  4.6         7
    8 2021- 7-29  8:26       55 13  160 56  29.95 0.11  0.0    6  4.8  1.5         8
    9 2021- 7-29  8:40     - 55 14  160 54  33.71 0.13  0.0   12  2.5 13.7         9
   10 2021- 7-29  8:55     - 55 25  161 59   7.43 0.10  0.0    4  3.0 14.6        10
   11 2021- 7-29  8:58     - 55 42  162 10   8.19 0.17  0.0    5  2.3 18.9        11
   12 2021- 7-29  9:08     - 55  6  160 58   8.00 0.27  0.0   10  2.9 25.3        12
   13 2021- 7-29  9:17       55 19  161  0  39.98 0.26  0.0   11  3.1  5.5        13
   14 2021- 7-29  9:23       55 17  160 55  44.94 0.21  0.0   13  3.2  4.2        14
   15 2021- 7-29  9:26     - 55 20  160 43   8.00 0.34  0.0    7 28.6 30.9        15
  SEQ ---DATE--- TIME REMARK -LAT-  --LON-  DEPTH  RMS PMAG  NUM  ERH  ERZ  ID
   16 2021- 7-29  9:28     - 55 17  160 58   8.48 0.20  0.0    7 16.3 20.3        16
   17 2021- 7-29  9:36       55  5  161 45  13.50 0.10  0.0    7  2.7  1.8        17
   18 2021- 7-29  9:38     - 55  2  161 36   7.85 0.08  0.0    6  6.6 13.8        18
   19 2021- 7-29  9:43     - 55  3  161 26   8.14 0.14  0.0    8  1.5 16.4        19
   20 2021- 7-29  9:45     - 55 15  161  2   8.07 0.11  0.0    7  2.6 15.1        20
   21 2021- 7-29  9:52     - 55 16  161 11   7.95 0.20  0.0   11  2.7 19.8        21
   22 2021- 7-29  9:54     - 55 14  160 26  19.08 0.41  0.0   14  5.0 34.5        22
   23 2021- 7-29  9:59     - 55  8  160 52   7.99 0.21  0.0    7 17.8 20.8        23
   24 2021- 7-29 10:02     - 55  4  161 21   8.37 0.17  0.0    8  2.0 16.6        24
   25 2021- 7-29 10:05       55 21  161 47  16.32 0.05  0.0    5  1.3  0.9        25
   26 2021- 7-29 10:06       55 22  161 45  30.54 0.17  0.0    5  4.1  1.6        26
 *** DISTANCE & RESIDUAL WEIGHTING CANCELLED FOR EVENT: 2021  7 29 10  8
   27 2021- 7-29 10:08     # 55 34  161 50   8.00 1.12  0.0    7 11.4 43.8        27
   28 2021- 7-29 10:13     - 55 16  160 54   8.35 0.17  0.0    5  3.2 18.9        28
   29 2021- 7-29 10:16     - 55 11  161 28   7.91 0.25  0.0    7 12.7 18.7        29
   30 2021- 7-29 10:16     - 55 10  161  5   6.70 0.17  0.0    5 14.0 18.8        30
  SEQ ---DATE--- TIME REMARK -LAT-  --LON-  DEPTH  RMS PMAG  NUM  ERH  ERZ  ID
   31 2021- 7-29 10:17     - 55 13  161 22   7.79 0.21  0.0   10  2.6 20.1        31
   32 2021- 7-29 10:20     - 55 22  161 51   7.82 0.16  0.0    4  2.7 18.3        32
   33 2021- 7-29 10:20     - 54 51  160 44   8.00 0.11  0.0    5 11.3 15.3        33
   34 2021- 7-29 10:22       55 26  161 44  19.28 0.14  0.0    6  3.0  1.3        34
   35 2021- 7-29 10:24     - 55  8  160 47   8.07 0.27  0.0   12  3.1 25.2        35
   36 2021- 7-29 10:27       55 11  160 49  45.06 0.18  0.0   10  4.4  6.1        36
   37 2021- 7-29 10:38     - 55  8  160 41   8.34 0.35  0.0   11  8.5 31.6        37
   38 2021- 7-29 10:42       55 16  161 15  18.51 0.10  0.0    6  4.6  5.3        38
   39 2021- 7-29 10:50     - 54 40  160 59   8.21 0.47  0.0   10  4.2 41.0        39
   40 2021- 7-29 10:50     - 55 40  162 17   7.93 0.12  0.0    5  2.7 15.4        40
   41 2021- 7-29 10:54     - 55 19  161  6   7.92 0.18  0.0    7  2.6 19.6        41
   42 2021- 7-29 10:59     - 55 35  161 10   7.94 0.13  0.0    8  1.4 16.0        42
   43 2021- 7-29 11:05       55  6  161 24  28.11 0.10  0.0    8  2.7  3.1        43
 *** DISTANCE & RESIDUAL WEIGHTING CANCELLED FOR EVENT: 2021  7 29 11  5
   44 2021- 7-29 11:05     # 55 23  161 26  30.11 0.44  0.0    7 10.7 10.7        44
   45 2021- 7-29 11:09     - 55 16  161  4   8.00 0.17  0.0    7 15.0 18.9        45
 *** DISTANCE & RESIDUAL WEIGHTING CANCELLED FOR EVENT: 2021  7 29 11 17
  SEQ ---DATE--- TIME REMARK -LAT-  --LON-  DEPTH  RMS PMAG  NUM  ERH  ERZ  ID
   46 2021- 7-29 11:17     # 55 14  161 36   8.00 0.89  0.0    6 34.9 52.0        46
   47 2021- 7-29 11:23       54 42  163 29  10.79 0.12  0.0    6  4.2  4.0        47
   48 2021- 7-29 11:29     - 55 17  160 51  47.35 0.25  0.0   11 18.5  7.5        48
   49 2021- 7-29 11:41     - 55  7  160 23  13.12 0.25  0.0   10 21.9 24.3        49
   50 2021- 7-29 11:42     - 55 20  160 45   8.00 0.17  0.0    5  2.7 18.8        50
   51 2021- 7-29 11:48       55 17  161 37  21.01 0.09  0.0    7  2.6  1.4        51
   52 2021- 7-29 12:17     - 55 15  161  7   7.91 0.18  0.0    6 15.9 18.7        52
   53 2021- 7-29 12:18       55 16  161 27  28.40 0.13  0.0    7  3.9  2.7        53
   54 2021- 7-29 12:24       55 24  161 31  14.52 0.02  0.0    5  2.9  2.4        54
   55 2021- 7-29 12:28     - 55  2  160 52   8.17 0.38  0.0    8 27.5 33.8        55
   56 2021- 7-29 12:32       55 19  161 20  23.16 0.21  0.0    7  5.1  4.5        56
   57 2021- 7-29 12:43     - 55 16  161 20   7.97 0.22  0.0   11  2.5 18.7        57
   58 2021- 7-29 12:52     - 55  8  161 12   7.99 0.11  0.0    9  2.8 15.0        58
   59 2021- 7-29 12:52     # 55 16  161 31   4.21 0.74  0.0    6 13.2  5.0        59
   60 2021- 7-29 13:03     - 55 27  162 14   8.20 0.18  0.0    4  1.6 19.4        60
  SEQ ---DATE--- TIME REMARK -LAT-  --LON-  DEPTH  RMS PMAG  NUM  ERH  ERZ  ID
   61 2021- 7-29 13:12     - 55 22  161 27  52.62 0.05  0.0    5  9.4  6.5        61
   62 2021- 7-29 13:15       55 15  161 13  33.25 0.16  0.0   10  5.6  3.0        62
   63 2021- 7-29 13:18     - 55 18  160 50   7.98 0.28  0.0   10  6.0 26.4        63
   64 2021- 7-29 13:30     - 55 10  160 54   8.26 0.24  0.0   11  2.6 23.6        64
   65 2021- 7-29 13:48     - 55 12  160 58   8.06 0.41  0.0   13  5.1 35.3        65
   66 2021- 7-29 14:02     - 55  6  160 39   8.03 0.55  0.0    9 37.8 47.5        66
   67 2021- 7-29 14:08     - 55  5  161  4   8.46 0.45  0.0    9  9.5 38.4        67
   68 2021- 7-29 14:16     - 54 59  161 52   6.72 0.12  0.0    5  3.7 15.3        68
   69 2021- 7-29 14:16     - 55 10  160 56   8.09 0.09  0.0    6  2.0 14.4        69
   70 2021- 7-29 14:20     - 54 56  160  4   6.32 0.25  0.0    6 19.8 13.9        70
   71 2021- 7-29 14:48     - 55 26  162 15   8.05 0.20  0.0    5  2.1 16.7        71
   72 2021- 7-29 14:49     - 55 19  161 13  46.46 0.12  0.0    9 11.8  4.2        72
   73 2021- 7-29 14:50     - 55 13  160 40   8.03 0.22  0.0    5 20.8 22.2        73
   74 2021- 7-29 14:53     - 55 13  160 59   7.99 0.22  0.0   10  2.0 21.6        74
   75 2021- 7-29 14:57     - 55 19  161 49  15.55 0.06  0.0    4 10.5  6.9        75
  SEQ ---DATE--- TIME REMARK -LAT-  --LON-  DEPTH  RMS PMAG  NUM  ERH  ERZ  ID
   76 2021- 7-29 14:58     - 55 30  161  7   8.05 0.36  0.0   10  3.3 31.8        76
   77 2021- 7-29 15:11       54 35  161 17  27.89 0.13  0.0   13  1.8  7.8        77
   78 2021- 7-29 15:13     - 55  5  160 42   8.02 0.28  0.0   10 20.9 26.5        78
   79 2021- 7-29 15:21     - 54 58  160 54   8.00 0.09  0.0    5 12.9 14.6        79
   80 2021- 7-29 15:30     - 55 13  161 22   7.98 0.31  0.0   10  3.2 24.9        80
   81 2021- 7-29 15:30     # 55  9  161 17   0.03 0.55  0.0    6 22.5  7.9        81
   82 2021- 7-29 15:54     - 55 30  162 20   7.81 0.08  0.0    5  1.8 14.1        82
   83 2021- 7-29 16:00       55  9  161 21  36.05 0.22  0.0    8 11.4  4.6        83
   84 2021- 7-29 16:08     - 55 16  161  4   7.93 0.19  0.0    8  3.3 20.1        84
   85 2021- 7-29 16:09     - 55 10  160 47   8.12 0.34  0.0   13  3.4 30.7        85
   86 2021- 7-29 16:38     - 55 17  161  6  53.05 0.15  0.0    8 12.6  5.0        86
   87 2021- 7-29 17:00     - 55 12  159 22   7.92 0.14  0.0   11 14.3  8.1        87
   88 2021- 7-29 17:00     - 55 11  160 33   7.28 0.58  0.0    5 46.1 49.8        88
   89 2021- 7-29 17:04     - 55 14  161 32  49.04 0.06  0.0    4  9.7  5.5        89
   90 2021- 7-29 17:04       55 18  161 30   9.63 0.07  0.0    6  1.8  6.2        90
  SEQ ---DATE--- TIME REMARK -LAT-  --LON-  DEPTH  RMS PMAG  NUM  ERH  ERZ  ID
   91 2021- 7-29 17:08     - 55 22  161 48  12.05 0.01  0.0    4  8.7  8.8        91
   92 2021- 7-29 17:22     - 55 10  161 11   8.10 0.20  0.0   11  6.8 20.3        92
   93 2021- 7-29 17:28     - 55 19  162 46   9.84 0.50  0.0    5 12.8 43.5        93
   94 2021- 7-29 17:33     - 55 14  161 24  25.04 0.13  0.0    5 12.9  7.6        94
   95 2021- 7-29 17:34     - 55 34  161 22  31.67 0.28  0.0    4 24.4 15.0        95
   96 2021- 7-29 17:52     - 55 14  160 27  53.68 0.13  0.0   10 15.0  7.8        96
   97 2021- 7-29 18:14       55 19  161 26  44.76 0.42  0.0    9  6.0  7.4        97
   98 2021- 7-29 18:17     - 55 25  162  2   7.65 0.02  0.0    4  1.7 12.4        98
   99 2021- 7-29 18:18     - 55  0  161 32   7.41 0.43  0.0    4  5.9 38.0        99
  100 2021- 7-29 18:38     - 55 11  161  2   8.04 0.39  0.0   12  5.4 33.6       100
  101 2021- 7-29 18:46       55 19  160 50  45.98 0.11  0.0    9  3.2  4.4       101
  102 2021- 7-29 18:53     - 54 39  161 55   7.93 0.10  0.0    6  8.8 11.1       102
  103 2021- 7-29 19:12     - 55 16  160 44   8.01 0.17  0.0   10  2.3 18.8       103
  104 2021- 7-29 19:30     - 55 22  161 13   8.21 0.08  0.0    6  3.3 14.0       104
  105 2021- 7-29 19:53     - 55 11  160 47   8.18 0.29  0.0   11  4.4 27.1       105
  SEQ ---DATE--- TIME REMARK -LAT-  --LON-  DEPTH  RMS PMAG  NUM  ERH  ERZ  ID
  106 2021- 7-29 20:21     - 55 19  160 51  61.95 0.25  0.0    9 19.5  9.5       106
  107 2021- 7-29 20:23     - 55  5  160 46  22.65 0.18  0.0   10  3.3 14.9       107
  108 2021- 7-29 20:25     - 55 13  160 58   8.02 0.30  0.0    9  5.6 27.3       108
  109 2021- 7-29 20:31     - 55 16  161  7   8.54 0.15  0.0    9  4.5 16.8       109
  110 2021- 7-29 20:33     - 55 13  160 46   8.02 0.24  0.0   12  2.7 23.7       110
  111 2021- 7-29 20:42       55  7  161 42  21.15 0.04  0.0    6  2.9  2.1       111
  112 2021- 7-29 21:00     - 55 11  161 10   8.13 0.25  0.0   11  3.3 21.6       112
  113 2021- 7-29 21:08     - 55 20  160 45  35.49 0.18  0.0    6  6.5 15.6       113
  114 2021- 7-29 21:18     - 55 13  160 38   8.67 0.32  0.0   11 11.9 29.4       114
  115 2021- 7-29 21:39       55 15  161  7  32.74 0.15  0.0   13  3.2  0.7       115
  116 2021- 7-29 22:02       55 15  161 55  11.29 0.15  0.0    5  2.7  4.2       116
  117 2021- 7-29 22:18     - 55 14  160 23  57.65 0.20  0.0   10 18.9 10.1       117
  118 2021- 7-29 22:56     - 55 10  160 30   8.11 0.34  0.0   12  5.4 31.1       118
  119 2021- 7-29 23:38     - 55 14  160 48  34.78 0.10  0.0   12  2.9 10.7       119
