 HYPOINVERSE 2000 STARTING
6/2014 VERSION 1.40 (geoid depth possible)                            
 COMMAND?     33 STATIONS READ IN.
  FIND INPUT PHASE FILE TYPE & SET PHS(COP) & ARC(CAR) FORMATS
  INPUT IS A HYPOINVERSE ARCHIVE-2000 FILE, NO SHADOWS
  SETTING FORMATS COP 3, CAR 1
  SEQ ---DATE--- TIME REMARK -LAT-  --LON-  DEPTH  RMS PMAG  NUM  ERH  ERZ  ID
    1 2021- 7-29  7:59     # 55 26  162 23  71.93 0.14  0.0   10  2.1  3.7         1
    2 2021- 7-29  8:03       55 24  161 43  63.88 0.22  0.0   10  3.4  2.1         2
    3 2021- 7-29  8:09     - 55  4  161  9  14.36 0.07  0.0    5  5.7 12.3         3
    4 2021- 7-29  8:13     - 55 16  161 31  28.44 0.07  0.0    4 11.9  5.4         4
    5 2021- 7-29  8:16     - 55 13  160 32  21.90 0.12  0.0    9 15.1  4.1         5
    6 2021- 7-29  8:17     - 55 20  162  1   8.33 0.07  0.0    4  6.6  7.8         6
    7 2021- 7-29  8:26     - 55 15  160 57  26.31 0.13  0.0    6  5.1 15.0         7
    8 2021- 7-29  8:40       55 15  160 38  41.24 0.17  0.0   11  4.3  6.8         8
    9 2021- 7-29  8:55       55  5  161 37  14.60 0.07  0.0    5  2.4  1.5         9
   10 2021- 7-29  8:58     - 55 37  162 15  -1.88 0.23  0.0    6  2.1 23.0        10
   11 2021- 7-29  9:08     - 55  8  160 59  19.22 0.14  0.0    9  5.9 15.8        11
   12 2021- 7-29  9:17       55 19  160 60  34.67 0.25  0.0   11  2.8  6.2        12
   13 2021- 7-29  9:23       55 17  160 56  40.80 0.21  0.0   12  3.4  4.9        13
   14 2021- 7-29  9:26     - 55 20  160 39  14.02 0.20  0.0    7 15.1 13.1        14
   15 2021- 7-29  9:28     - 55 17  160 27  54.90 0.24  0.0   11 21.2 11.2        15
  SEQ ---DATE--- TIME REMARK -LAT-  --LON-  DEPTH  RMS PMAG  NUM  ERH  ERZ  ID
   16 2021- 7-29  9:36       55  5  161 46  14.10 0.09  0.0    6  2.5  0.7        16
   17 2021- 7-29  9:38       55  2  161 36   7.54 0.05  0.0    6  6.3  1.9        17
   18 2021- 7-29  9:43       55  6  161 29  19.67 0.09  0.0    6  2.4  2.5        18
   19 2021- 7-29  9:45       55 18  161  7  11.44 0.09  0.0    7  2.6  1.4        19
   20 2021- 7-29  9:52     - 55 17  161 15  20.05 0.20  0.0   11  3.2 16.7        20
   21 2021- 7-29  9:54       55 18  160 37  47.98 0.06  0.0   12  2.4  3.2        21
   22 2021- 7-29  9:59     - 55 14  161  6  58.38 0.13  0.0    6 13.6  7.0        22
   23 2021- 7-29 10:02       55  6  161 24  18.41 0.10  0.0    7  1.7  1.7        23
   24 2021- 7-29 10:05     - 55 15  161 47  26.48 0.23  0.0    4 11.1 15.3        24
   25 2021- 7-29 10:06     - 55 16  161 35   5.35 0.12  0.0    5  1.7 13.5        25
   26 2021- 7-29 10:13     - 55 17  161  1  15.87 0.19  0.0    5  7.7 17.6        26
   27 2021- 7-29 10:16     - 55 10  161 25   9.71 0.26  0.0    7 14.5 25.1        27
   28 2021- 7-29 10:17       55 13  161 21  18.22 0.20  0.0   11  2.3  3.5        28
   29 2021- 7-29 10:20     - 55 21  161 44  24.83 0.11  0.0    4  8.2  9.5        29
   30 2021- 7-29 10:22     - 55 28  161 27   5.76 0.16  0.0    5  2.6 14.3        30
  SEQ ---DATE--- TIME REMARK -LAT-  --LON-  DEPTH  RMS PMAG  NUM  ERH  ERZ  ID
   31 2021- 7-29 10:24     - 55  9  160 22   7.50 0.14  0.0    8 10.5 13.9        31
   32 2021- 7-29 10:27       55 11  160 50  39.15 0.18  0.0   10  4.3  7.2        32
   33 2021- 7-29 10:38       55 17  160 43  42.73 0.17  0.0   10  5.1  6.0        33
   34 2021- 7-29 10:42     - 55 17  161 24  17.95 0.10  0.0    5 11.5  3.3        34
   35 2021- 7-29 10:50     - 54 41  161  2   9.37 0.41  0.0   10 19.0 22.0        35
   36 2021- 7-29 10:54     - 55 20  161 12  13.53 0.15  0.0    6  6.9 13.3        36
   37 2021- 7-29 10:59     - 55 35  161 15   9.64 0.13  0.0    8  6.0 13.7        37
   38 2021- 7-29 11:05       55 12  161 39  16.01 0.35  0.0    8  5.3  3.5        38
   39 2021- 7-29 11:09     - 55 12  160 32   6.83 0.11  0.0   10 11.1  9.8        39
   40 2021- 7-29 11:17     - 55 16  161 40  23.91 0.04  0.0    4  9.2  8.2        40
   41 2021- 7-29 11:24     # 55  7  163 22   8.27 0.66  0.0    7 24.8 26.8        41
   42 2021- 7-29 11:29     - 55 15  160 26  39.70 0.20  0.0   10 17.7 11.3        42
   43 2021- 7-29 11:41     - 55 11  160 21   7.55 0.15  0.0   11 11.2 14.2        43
   44 2021- 7-29 11:48     - 55 17  160 38  41.65 0.17  0.0    8 16.8  9.4        44
   45 2021- 7-29 12:17     - 55 13  161  6   7.60 0.26  0.0    7 17.2 14.3        45
  SEQ ---DATE--- TIME REMARK -LAT-  --LON-  DEPTH  RMS PMAG  NUM  ERH  ERZ  ID
   46 2021- 7-29 12:18     - 55 14  161  8  34.32 0.17  0.0    8 13.8  4.8        46
   47 2021- 7-29 12:24     - 55 20  161 30   4.23 0.01  0.0    5  1.9 11.4        47
   48 2021- 7-29 12:28       55  6  161  2  16.40 0.34  0.0    9  8.5  3.6        48
   49 2021- 7-29 12:32     - 55 19  161  6  25.63 0.20  0.0    7 18.9  8.6        49
   50 2021- 7-29 12:43       55 16  161 24  22.06 0.21  0.0   12  2.3  3.7        50
   51 2021- 7-29 12:52     - 55 23  161 26  37.47 0.12  0.0    7 11.4  7.8        51
   52 2021- 7-29 13:03       55 27  162  6  34.32 0.13  0.0    6  2.2  7.2        52
   53 2021- 7-29 13:15     # 55 15  161 12  25.05 0.15  0.0   10  3.7  5.8        53
   54 2021- 7-29 13:18     - 55 18  160 49  30.92 0.18  0.0   10 17.2 11.2        54
   55 2021- 7-29 13:30     - 55 14  160 55  17.76 0.22  0.0   11  7.8 20.2        55
   56 2021- 7-29 13:48       55 14  161  4  31.93 0.11  0.0    9  3.7  3.5        56
   57 2021- 7-29 14:02     - 55 14  160 30   7.51 0.27  0.0    9 18.0 23.1        57
   58 2021- 7-29 14:08       55 19  161 10  47.28 0.16  0.0    8  5.9  3.4        58
   59 2021- 7-29 14:16       55 14  160 58  15.82 0.11  0.0    7  5.0  5.6        59
   60 2021- 7-29 14:20     - 55 12  159 60   7.53 0.23  0.0    5 20.8 22.8        60
  SEQ ---DATE--- TIME REMARK -LAT-  --LON-  DEPTH  RMS PMAG  NUM  ERH  ERZ  ID
   61 2021- 7-29 14:48     - 55 27  162 19   7.82 0.20  0.0    5  2.0 15.5        61
   62 2021- 7-29 14:49     - 55 14  161 12  26.61 0.10  0.0    8 10.9  6.2        62
   63 2021- 7-29 14:53       55 14  161  3  17.57 0.11  0.0    9  1.6  1.9        63
   64 2021- 7-29 14:57     - 55 20  161 53  12.92 0.09  0.0    4  9.5  8.5        64
   65 2021- 7-29 14:58     - 55 29  161 10  16.57 0.29  0.0    9  3.1 23.4        65
   66 2021- 7-29 15:11     - 54 35  161 19  26.37 0.17  0.0   12  1.4 17.1        66
   67 2021- 7-29 15:13     - 55  9  160 44   9.41 0.24  0.0   10 15.0 15.3        67
   68 2021- 7-29 15:30     - 55 13  161 21  19.96 0.20  0.0    8  2.6 14.8        68
   69 2021- 7-29 16:00     - 55  7  161  8   2.75 0.26  0.0    6 16.0 11.7        69
   70 2021- 7-29 16:08     - 55 15  160 56  18.41 0.21  0.0   12  7.5 19.2        70
   71 2021- 7-29 16:09     - 55 13  160 49  17.83 0.17  0.0   11  6.4 17.1        71
   72 2021- 7-29 16:38     - 55 17  160 57  52.57 0.13  0.0    8 13.3  5.1        72
   73 2021- 7-29 17:00     - 55 15  160  9  36.88 0.18  0.0   11 14.4 11.8        73
   74 2021- 7-29 17:04     - 55 15  161 46  52.19 0.01  0.0    4  9.9  3.1        74
   75 2021- 7-29 17:08       55 21  161 48  13.39 0.00  0.0    4  5.0  4.8        75
  SEQ ---DATE--- TIME REMARK -LAT-  --LON-  DEPTH  RMS PMAG  NUM  ERH  ERZ  ID
   76 2021- 7-29 17:23       55 14  161 24  13.15 0.11  0.0   10  3.5  1.0        76
   77 2021- 7-29 17:28     - 55 29  161 47  -0.32 0.11  0.0    4  4.1 15.3        77
   78 2021- 7-29 17:33       55 13  161  3  23.71 0.14  0.0    6  5.0  2.7        78
   79 2021- 7-29 17:34     - 55 30  161 34  20.23 0.26  0.0    5 22.6  8.3        79
   80 2021- 7-29 17:52     - 55 15  160 38  47.30 0.15  0.0   10 15.4  5.8        80
   81 2021- 7-29 18:14       55 14  161 37  12.04 0.20  0.0    8  2.8  5.1        81
   82 2021- 7-29 18:17       55  9  161 13  13.08 0.08  0.0    5  2.7  2.0        82
   83 2021- 7-29 18:38     - 55 13  161  8  24.80 0.17  0.0   11  3.2 18.9        83
   84 2021- 7-29 18:46       55 19  160 51  40.79 0.11  0.0    9  3.0  4.8        84
   85 2021- 7-29 18:53       54 46  161 57   7.07 0.11  0.0    6  4.5  1.0        85
   86 2021- 7-29 19:12     - 55 16  160 58  26.76 0.13  0.0   10 13.2  9.8        86
   87 2021- 7-29 19:30       55 26  161  9  26.37 0.05  0.0    6  3.0  6.1        87
   88 2021- 7-29 19:53     - 55 15  160 12   7.55 0.13  0.0   10 11.0 12.9        88
   89 2021- 7-29 20:21       55 19  161  9  37.88 0.24  0.0    9  6.9  6.6        89
   90 2021- 7-29 20:23     - 55  7  160 53   8.68 0.19  0.0   10  8.0 13.4        90
  SEQ ---DATE--- TIME REMARK -LAT-  --LON-  DEPTH  RMS PMAG  NUM  ERH  ERZ  ID
   91 2021- 7-29 20:25     - 55 15  161  2  25.28 0.13  0.0    9  4.1 13.4        91
   92 2021- 7-29 20:31     - 55 15  161  8  19.44 0.13  0.0    8 13.0 16.7        92
   93 2021- 7-29 20:33     - 55 13  160 48  27.60 0.12  0.0   12  2.5 12.2        93
   94 2021- 7-29 20:42       55  8  161 45  18.90 0.04  0.0    5  5.5  3.1        94
   95 2021- 7-29 21:00       55 13  161 16  17.66 0.12  0.0    8  3.2  1.5        95
   96 2021- 7-29 21:08     - 55 20  160 46  31.82 0.19  0.0    6  6.2 14.1        96
   97 2021- 7-29 21:18     - 55 14  160 55  18.67 0.23  0.0   11  7.9 20.4        97
   98 2021- 7-29 21:39     - 55 14  161  3  18.43 0.15  0.0    9 12.7  1.5        98
   99 2021- 7-29 22:02     - 55 10  160 58  12.74 0.09  0.0    7  7.0 10.0        99
  100 2021- 7-29 22:18     - 55 14  160 24  50.81 0.20  0.0   10 19.1  9.3       100
  101 2021- 7-29 22:56     - 55 15  160 33  23.65 0.12  0.0   11  4.3 15.2       101
  102 2021- 7-29 23:38     - 55 14  160 48  25.61 0.10  0.0   12  3.1 14.4       102
