 HYPOINVERSE 2000 STARTING
6/2014 VERSION 1.40 (geoid depth possible)                            
 COMMAND?     33 STATIONS READ IN.
  FIND INPUT PHASE FILE TYPE & SET PHS(COP) & ARC(CAR) FORMATS
  INPUT IS A HYPOINVERSE ARCHIVE-2000 FILE, NO SHADOWS
  SETTING FORMATS COP 3, CAR 1
  SEQ ---DATE--- TIME REMARK -LAT-  --LON-  DEPTH  RMS PMAG  NUM  ERH  ERZ  ID
    1 2021- 7-29  7:59     # 55 26  162 27  66.89 0.20  0.0    9  2.6  4.6         1
    2 2021- 7-29  8:03       55 24  161 43  63.80 0.22  0.0   10  3.4  2.1         2
    3 2021- 7-29  8:09     - 55  4  161  9  14.33 0.07  0.0    5  5.8 12.3         3
    4 2021- 7-29  8:13     - 55 16  161 29  28.99 0.07  0.0    4 11.3  4.7         4
    5 2021- 7-29  8:16     - 55 12  160 51  17.36 0.16  0.0    9 15.5 18.5         5
    6 2021- 7-29  8:17       55 19  161 56  14.89 0.01  0.0    4  3.6  3.8         6
    7 2021- 7-29  8:26     - 55 15  160 58  25.28 0.14  0.0    6  5.1 16.5         7
    8 2021- 7-29  8:40       55 15  160 38  41.09 0.16  0.0   11  4.2  6.8         8
    9 2021- 7-29  8:55       55  5  161 37  14.67 0.07  0.0    5  2.4  1.5         9
   10 2021- 7-29  8:58     - 55 38  162 13   2.38 0.21  0.0    6  6.5 19.0        10
   11 2021- 7-29  9:08     - 55  9  160 59  19.23 0.14  0.0    9  5.9 15.6        11
   12 2021- 7-29  9:17       55 21  161  1  35.54 0.26  0.0   10  3.1  5.9        12
   13 2021- 7-29  9:23       55 17  160 55  39.90 0.21  0.0   12  3.4  5.0        13
   14 2021- 7-29  9:26     - 55 20  160 46  16.73 0.20  0.0    7 19.6 20.8        14
   15 2021- 7-29  9:28     - 55 16  161  7  24.72 0.18  0.0    9 14.4  1.7        15
  SEQ ---DATE--- TIME REMARK -LAT-  --LON-  DEPTH  RMS PMAG  NUM  ERH  ERZ  ID
   16 2021- 7-29  9:36       55  5  161 46  14.11 0.08  0.0    6  2.5  0.7        16
   17 2021- 7-29  9:38     - 55  2  161 36  11.28 0.06  0.0    6  6.3 12.7        17
   18 2021- 7-29  9:43       55  6  161 28  20.59 0.09  0.0    6  1.6  6.0        18
   19 2021- 7-29  9:45       55 18  161  7  11.47 0.09  0.0    7  2.6  1.4        19
   20 2021- 7-29  9:52     - 55 15  161 15  14.42 0.22  0.0   11  8.0 17.5        20
   21 2021- 7-29  9:54       55 18  160 37  47.93 0.06  0.0   12  2.4  3.2        21
   22 2021- 7-29  9:59     - 55 12  160 49  68.01 0.12  0.0    7 13.9  8.3        22
   23 2021- 7-29 10:02       55  6  161 25  18.47 0.10  0.0    7  1.7  1.7        23
   24 2021- 7-29 10:05     - 55 14  161 37  40.12 0.13  0.0    4 10.1 12.4        24
   25 2021- 7-29 10:06     - 55 19  161 40  10.58 0.07  0.0    4  8.5  9.4        25
   26 2021- 7-29 10:13     - 55 17  161  1  19.24 0.19  0.0    5  6.2 18.7        26
   27 2021- 7-29 10:16       55 11  161 30  13.28 0.24  0.0    7 11.0  1.6        27
   28 2021- 7-29 10:17     # 55 13  161 24  14.21 0.19  0.0   10  3.2  1.1        28
   29 2021- 7-29 10:20     - 55 21  161 41  29.50 0.09  0.0    4  8.0 11.1        29
   30 2021- 7-29 10:22     - 55 28  161 27   5.91 0.16  0.0    5  2.7 14.1        30
  SEQ ---DATE--- TIME REMARK -LAT-  --LON-  DEPTH  RMS PMAG  NUM  ERH  ERZ  ID
   31 2021- 7-29 10:24     - 55 10  160 20  20.89 0.14  0.0    8 15.6 16.9        31
   32 2021- 7-29 10:27       55 11  160 50  38.98 0.17  0.0   10  4.3  7.2        32
   33 2021- 7-29 10:38     - 55 13  160 44  16.38 0.19  0.0   11  6.8 18.6        33
   34 2021- 7-29 10:42     - 55 19  161 13  19.85 0.15  0.0    6 15.1 17.6        34
   35 2021- 7-29 10:50     - 54 41  161  2   9.31 0.41  0.0   10 18.6 21.6        35
   36 2021- 7-29 10:54     - 55 20  161 15  21.11 0.13  0.0    6  3.0 14.5        36
   37 2021- 7-29 10:59       55 34  161 15  12.09 0.12  0.0    8  1.1  1.2        37
   38 2021- 7-29 11:05       55 12  161 39  16.64 0.35  0.0    9  5.6  3.6        38
   39 2021- 7-29 11:09     - 55 13  160 49  16.97 0.14  0.0   10 14.4 17.1        39
 *** DISTANCE & RESIDUAL WEIGHTING CANCELLED FOR EVENT: 2021  7 29 11 17
   40 2021- 7-29 11:17     # 55 14  161 26  12.00 0.76  0.0    6 38.9  9.3        40
   41 2021- 7-29 11:24     # 55  6  163 26  14.22 0.62  0.0    7 20.9 27.9        41
   42 2021- 7-29 11:29     - 55 15  161  4  26.72 0.23  0.0   10 17.2  9.9        42
   43 2021- 7-29 11:42       55 13  161  3  11.13 0.25  0.0   11  7.2  1.5        43
   44 2021- 7-29 11:48     - 55 18  160 52  40.76 0.21  0.0    8 16.5  7.3        44
   45 2021- 7-29 12:17     - 55 14  161  6  12.27 0.26  0.0    7 17.4  4.1        45
  SEQ ---DATE--- TIME REMARK -LAT-  --LON-  DEPTH  RMS PMAG  NUM  ERH  ERZ  ID
   46 2021- 7-29 12:18       55 16  161 26  25.03 0.15  0.0    8  4.4  2.6        46
   47 2021- 7-29 12:24       55 24  161 34  15.12 0.02  0.0    5  2.5  1.2        47
   48 2021- 7-29 12:28     - 55  5  160 57  15.00 0.33  0.0    8 23.4  5.4        48
   49 2021- 7-29 12:32     - 55 18  161 17  21.78 0.21  0.0    7 17.1  7.0        49
   50 2021- 7-29 12:43       55 16  161 24  22.16 0.21  0.0   12  2.3  3.7        50
   51 2021- 7-29 12:52     - 55 24  161 36  34.43 0.11  0.0    7  9.8  7.9        51
   52 2021- 7-29 13:03       55 27  162  6  34.22 0.13  0.0    6  2.2  7.2        52
   53 2021- 7-29 13:15       55 14  161 12  24.25 0.15  0.0   10  4.8  2.6        53
   54 2021- 7-29 13:18     - 55 18  160 51  31.55 0.18  0.0   10 17.4 10.8        54
   55 2021- 7-29 13:30     - 55 15  160 55  20.20 0.22  0.0   11  3.6 22.4        55
   56 2021- 7-29 13:48     - 55 14  160 58  35.48 0.10  0.0    9 11.9  4.1        56
   57 2021- 7-29 14:02     - 55 11  159 47  12.00 0.22  0.0    9 20.0 22.0        57
   58 2021- 7-29 14:08       55 18  161 10  47.20 0.16  0.0    8  5.9  3.5        58
   59 2021- 7-29 14:16       55 15  160 59  15.35 0.11  0.0    7  4.9  5.6        59
   60 2021- 7-29 14:20     - 55 13  160  3  12.02 0.23  0.0    5 20.7 22.8        60
  SEQ ---DATE--- TIME REMARK -LAT-  --LON-  DEPTH  RMS PMAG  NUM  ERH  ERZ  ID
   61 2021- 7-29 14:48       55 27  162 13  26.83 0.03  0.0    5  2.6  6.1        61
   62 2021- 7-29 14:49     - 55 18  161  6  45.34 0.13  0.0    9 13.4  3.7        62
   63 2021- 7-29 14:53     - 55 14  161  2  20.62 0.10  0.0    9  1.7 14.3        63
   64 2021- 7-29 14:57       55 18  161 32  20.07 0.01  0.0    5  3.0  1.6        64
   65 2021- 7-29 14:58     - 55 29  161 11  17.02 0.30  0.0    9  3.1 22.2        65
   66 2021- 7-29 15:11       54 37  161 20  13.21 0.12  0.0   12  1.8  3.3        66
   67 2021- 7-29 15:13     - 55  9  160 44  10.01 0.24  0.0   10 16.7 12.0        67
   68 2021- 7-29 15:30       55 13  161 20  20.60 0.20  0.0    8  2.6 10.3        68
   69 2021- 7-29 16:00     - 55  6  161 10  24.98 0.31  0.0    9 19.1 19.5        69
   70 2021- 7-29 16:08       55 16  160 59  17.88 0.21  0.0   12  2.7  2.6        70
   71 2021- 7-29 16:09     - 55 12  160 48  17.88 0.18  0.0   11  6.6 17.7        71
   72 2021- 7-29 16:38     - 55 15  161 19  11.41 0.13  0.0    7 10.1 14.6        72
   73 2021- 7-29 17:00     - 55 14  160 56  30.37 0.20  0.0   10 17.5 10.0        73
   74 2021- 7-29 17:04     - 55 15  161 49  52.66 0.01  0.0    5 10.0  3.1        74
   75 2021- 7-29 17:08     - 55 22  161 38  19.50 0.02  0.0    4 11.9  3.5        75
  SEQ ---DATE--- TIME REMARK -LAT-  --LON-  DEPTH  RMS PMAG  NUM  ERH  ERZ  ID
   76 2021- 7-29 17:23       55 14  161 23  13.19 0.12  0.0   10  3.6  1.0        76
   77 2021- 7-29 17:28     - 55 29  161 46  -0.76 0.13  0.0    4  4.6 14.9        77
   78 2021- 7-29 17:33     - 55 14  161 25  18.71 0.12  0.0    5 13.1  2.3        78
   79 2021- 7-29 17:34     - 55 30  161 27  22.96 0.27  0.0    5 24.2  7.0        79
   80 2021- 7-29 17:52     - 55 15  160 33  47.32 0.14  0.0   10 15.2  5.9        80
   81 2021- 7-29 18:14       55 14  161 36   9.82 0.20  0.0    7  3.1 12.6        81
   82 2021- 7-29 18:17       55  9  161 13  13.28 0.08  0.0    5  2.7  2.0        82
   83 2021- 7-29 18:38     - 55 10  160 58  25.74 0.29  0.0   11 17.5 20.5        83
   84 2021- 7-29 18:46       55 19  160 51  40.79 0.11  0.0    9  3.0  4.7        84
   85 2021- 7-29 18:53       54 45  161 57   7.00 0.11  0.0    6  4.7  1.1        85
   86 2021- 7-29 19:12       55 17  161 20  22.85 0.17  0.0   11  2.6  4.4        86
   87 2021- 7-29 19:30       55 26  161  9  26.24 0.05  0.0    6  3.0  6.1        87
   88 2021- 7-29 19:53     - 55 15  160 16  12.24 0.13  0.0   10 11.4 11.5        88
   89 2021- 7-29 20:21     - 55 22  160 32  75.82 0.23  0.0    9 20.0 11.3        89
   90 2021- 7-29 20:23     - 55  7  160 52  20.00 0.24  0.0   10  2.6 23.8        90
  SEQ ---DATE--- TIME REMARK -LAT-  --LON-  DEPTH  RMS PMAG  NUM  ERH  ERZ  ID
   91 2021- 7-29 20:25     - 55 15  161  2  25.37 0.13  0.0    9  4.1 12.6        91
   92 2021- 7-29 20:31     - 55 15  161  7  20.52 0.13  0.0    8 12.7 14.6        92
   93 2021- 7-29 20:33     - 55 12  160 49  17.94 0.14  0.0   12  5.8 15.2        93
   94 2021- 7-29 20:42       55  8  161 45  18.93 0.04  0.0    5  5.5  3.1        94
   95 2021- 7-29 21:00       55 13  161 16  13.46 0.13  0.0    8  3.0  0.9        95
   96 2021- 7-29 21:08     - 55 27  160 52  12.34 0.17  0.0    5  8.6 10.8        96
   97 2021- 7-29 21:18     - 55 14  160 32  24.94 0.18  0.0   10 18.0 19.8        97
   98 2021- 7-29 21:39       55 15  161  8  24.98 0.14  0.0   10  3.1  7.0        98
   99 2021- 7-29 22:02     - 55 16  161  5  12.75 0.08  0.0    7  6.3 12.1        99
  100 2021- 7-29 22:19     - 55 14  161  3  24.47 0.13  0.0    9 13.3  1.5       100
  101 2021- 7-29 22:56       55 14  160 33  21.89 0.12  0.0   11  2.7  1.7       101
  102 2021- 7-29 23:38     - 55 14  160 48  26.38 0.10  0.0   12  3.0 12.8       102
