 HYPOINVERSE 2000 STARTING
6/2014 VERSION 1.40 (geoid depth possible)                            
 COMMAND?     33 STATIONS READ IN.
  FIND INPUT PHASE FILE TYPE & SET PHS(COP) & ARC(CAR) FORMATS
  INPUT IS A HYPOINVERSE ARCHIVE-2000 FILE, NO SHADOWS
  SETTING FORMATS COP 3, CAR 1
  SEQ ---DATE--- TIME REMARK -LAT-  --LON-  DEPTH  RMS PMAG  NUM  ERH  ERZ  ID
    1 2021- 7-29 16:00     - 55  5  161  8  31.37 0.30  0.0    9 20.7 11.6         1
    2 2021- 7-29 16:08     # 55 15  160 55  16.35 0.23  0.0   12  4.5  1.8         2
    3 2021- 7-29 16:09     - 55 13  160 49  16.80 0.17  0.0   11  6.5 17.5         3
    4 2021- 7-29 16:38     - 55 17  160 58  51.89 0.13  0.0    8 13.4  5.1         4
    5 2021- 7-29 17:00     - 55 13  160 43  24.46 0.17  0.0   10 16.3 19.1         5
    6 2021- 7-29 17:04       55 13  161 18  31.31 0.12  0.0    5  3.9  6.3         6
    7 2021- 7-29 17:08     - 55 22  161 39  19.22 0.01  0.0    4 11.9  3.7         7
    8 2021- 7-29 17:23       55 14  161 23  13.18 0.11  0.0   10  3.6  1.0         8
    9 2021- 7-29 17:28     - 55 29  161 47  -0.37 0.11  0.0    4  4.1 15.1         9
   10 2021- 7-29 17:33       55 14  161  3  28.12 0.14  0.0    6  5.0  8.6        10
   11 2021- 7-29 17:34     - 55 30  161 37  19.15 0.26  0.0    5 21.0 12.1        11
   12 2021- 7-29 17:52     - 55 16  160 42  46.39 0.16  0.0   10 14.6  6.5        12
   13 2021- 7-29 18:14       55 14  161 37  12.05 0.20  0.0    8  2.8  5.1        13
   14 2021- 7-29 18:17       55  9  161 13  13.30 0.08  0.0    5  2.7  2.0        14
   15 2021- 7-29 18:38     # 55 11  161  3  15.11 0.38  0.0   10  9.0  5.9        15
  SEQ ---DATE--- TIME REMARK -LAT-  --LON-  DEPTH  RMS PMAG  NUM  ERH  ERZ  ID
   16 2021- 7-29 18:46       55 15  161  5  32.00 0.09  0.0    7  6.4  4.4        16
   17 2021- 7-29 18:53       54 45  161 58   8.31 0.11  0.0    6  5.4  1.4        17
   18 2021- 7-29 19:12     - 55 16  160 52  26.85 0.12  0.0   10 12.7 10.6        18
   19 2021- 7-29 19:30       55 26  161  9  26.19 0.06  0.0    6  3.1  6.1        19
   20 2021- 7-29 19:53     - 55 15  160 17   8.62 0.14  0.0   10 11.2 13.3        20
   21 2021- 7-29 20:21     - 55 19  161  8  43.44 0.24  0.0    8 18.2  7.8        21
   22 2021- 7-29 20:23     - 55  7  160 52  19.40 0.24  0.0   11  7.8 21.0        22
   23 2021- 7-29 20:25     - 55 12  160 29   8.50 0.12  0.0    9 12.4 13.6        23
   24 2021- 7-29 20:31     - 55 15  160 60  21.09 0.13  0.0    8 12.6 13.8        24
   25 2021- 7-29 20:33       55 14  160 50  11.69 0.18  0.0   12  4.3  8.1        25
   26 2021- 7-29 20:42     - 55 13  161 55   5.10 0.10  0.0    4  4.5 13.0        26
   27 2021- 7-29 21:00       55 13  161 16  17.71 0.12  0.0    8  3.2  1.5        27
   28 2021- 7-29 21:08     - 55 21  160 46  27.09 0.18  0.0    5  6.0 17.1        28
   29 2021- 7-29 21:18     - 55 12  160 19   8.57 0.17  0.0   10 13.1 15.6        29
   30 2021- 7-29 21:39       55 15  161  8  24.81 0.14  0.0   10  3.1  8.4        30
  SEQ ---DATE--- TIME REMARK -LAT-  --LON-  DEPTH  RMS PMAG  NUM  ERH  ERZ  ID
   31 2021- 7-29 22:02     - 55 16  161  6  12.51 0.08  0.0    7  6.2 12.0        31
   32 2021- 7-29 22:19     - 55 13  160 58  25.88 0.15  0.0    9 13.1 11.7        32
   33 2021- 7-29 22:56     - 55 14  160 35  13.57 0.14  0.0   11  6.5 10.5        33
   34 2021- 7-29 23:38     - 55 14  160 48  25.61 0.10  0.0   12  3.0 14.4        34
