DEER  AV  BHE  54 58.2762N162 19.4622W 392
DEER  AV  BHN  54 58.2762N162 19.4622W 392
DEER  AV  BHZ  54 58.2762N162 19.4622W 392
DOL   AV  BHE  55  8.9773N161 51.8832W 453
DOL   AV  BHN  55  8.9773N161 51.8832W 453
DOL   AV  BHZ  55  8.9773N161 51.8832W 453
DT1   AV  BHE  55  6.3762N162 16.9878W 198
DT1   AV  BHN  55  6.3762N162 16.9878W 198
DT1   AV  BHZ  55  6.3762N162 16.9878W 198
DTN   AV  BHE  55  8.6880N162 15.5400W 396
DTN   AV  BHN  55  8.6880N162 15.5400W 396
DTN   AV  BHZ  55  8.6880N162 15.5400W 396
HAG   AV  SHE  55 19.0116N161 54.2634W 515
HAG   AV  SHN  55 19.0116N161 54.2634W 515
HAG   AV  SHZ  55 19.0116N161 54.2634W 515
PN7A  AV  BHE  55 25.9740N161 59.8380W 838
PN7A  AV  BHN  55 25.9740N161 59.8380W 838
PN7A  AV  BHZ  55 25.9740N161 59.8380W 838
PS1A  AV  BHE  55 25.2030N161 44.6238W 282
PS1A  AV  BHN  55 25.2030N161 44.6238W 282
PS1A  AV  BHZ  55 25.2030N161 44.6238W 282
PS4A  AV  BHE  55 20.7624N161 51.3888W 326
PS4A  AV  BHN  55 20.7624N161 51.3888W 326
PS4A  AV  BHZ  55 20.7624N161 51.3888W 326
PV6A  AV  SHE  55 30.4200N161 58.2840W 352
PV6A  AV  SHN  55 30.4200N161 58.2840W 352
PV6A  AV  SHZ  55 30.4200N161 58.2840W 352
PVV   AV  SHE  55 22.3872N161 47.5152W 164
PVV   AV  SHN  55 22.3872N161 47.5152W 164
PVV   AV  SHZ  55 22.3872N161 47.5152W 164
S12K  AV  BHE  55 42.1793N162  4.0183W 399
S12K  AV  BHN  55 42.1793N162  4.0183W 399
S12K  AV  BHZ  55 42.1793N162  4.0183W 399
