 HYPOINVERSE 2000 STARTING
6/2014 VERSION 1.40 (geoid depth possible)                            
 COMMAND?     33 STATIONS READ IN.
  FIND INPUT PHASE FILE TYPE & SET PHS(COP) & ARC(CAR) FORMATS
  INPUT IS A HYPOINVERSE ARCHIVE-2000 FILE, NO SHADOWS
  SETTING FORMATS COP 3, CAR 1
  SEQ ---DATE--- TIME REMARK -LAT-  --LON-  DEPTH  RMS PMAG  NUM  ERH  ERZ  ID
    1 2021- 7-29  7:59       55 25  162 30  25.00 0.89  0.0   10 10.1 34.4         1
    2 2021- 7-29  8:03     - 55 17  161  4  17.20 0.40  0.0    8  3.7 35.2         2
    3 2021- 7-29  8:09     - 55  3  161  6  17.55 0.08  0.0    5  2.5 13.8         3
    4 2021- 7-29  8:13     - 55 17  161  5  17.69 0.11  0.0    5  9.4 11.8         4
    5 2021- 7-29  8:16     - 55  8  160 43  16.84 0.14  0.0    9 13.9 16.8         5
 *** DISTANCE & RESIDUAL WEIGHTING CANCELLED FOR EVENT: 2021  7 29  8 17
    6 2021- 7-29  8:17     # 55 14  162  3  34.36 0.79  0.0    6 12.6 17.9         6
    7 2021- 7-29  8:26     - 55 12  160 55  17.43 0.14  0.0    6  4.8 16.8         7
    8 2021- 7-29  8:40     - 55 15  160 33  49.89 0.16  0.0   10 13.2  6.8         8
    9 2021- 7-29  8:55       55  4  161 35  15.74 0.07  0.0    5  2.5  5.6         9
   10 2021- 7-29  8:58     - 55 42  162 11   9.02 0.17  0.0    5  2.4 18.9        10
   11 2021- 7-29  9:08     - 55  7  160 57  17.03 0.21  0.0   10  2.5 21.3        11
   12 2021- 7-29  9:17       55 19  161  7  44.61 0.17  0.0    9  3.3  3.1        12
   13 2021- 7-29  9:23       55 17  160 55  45.61 0.21  0.0   12  3.6  4.4        13
   14 2021- 7-29  9:26     - 55 20  161  4  32.06 0.20  0.0    7 19.0  1.3        14
   15 2021- 7-29  9:28     - 55 13  160 30  37.68 0.15  0.0   10 16.3 14.4        15
  SEQ ---DATE--- TIME REMARK -LAT-  --LON-  DEPTH  RMS PMAG  NUM  ERH  ERZ  ID
   16 2021- 7-29  9:36       55  5  161 45  13.69 0.10  0.0    6  3.2  2.1        16
   17 2021- 7-29  9:38     - 54 57  161 22  13.93 0.12  0.0    6  3.0 14.0        17
   18 2021- 7-29  9:43       55  5  161 27  27.27 0.08  0.0    6  2.7  5.7        18
   19 2021- 7-29  9:45       55 17  161  1  16.12 0.10  0.0    7  2.9  1.1        19
   20 2021- 7-29  9:52       55 17  161 15  30.95 0.17  0.0   11  2.4  3.0        20
   21 2021- 7-29  9:54     - 55 10  160 32  17.06 0.27  0.0   14  3.8 25.8        21
   22 2021- 7-29  9:59     - 55  9  160 58  33.02 0.27  0.0    8 21.8 25.6        22
   23 2021- 7-29 10:02       55  5  161 23  21.95 0.10  0.0    7  1.6  3.9        23
   24 2021- 7-29 10:05     - 55 14  161 36  43.06 0.13  0.0    4  9.8 12.2        24
   25 2021- 7-29 10:06     - 55 20  161 42  12.74 0.10  0.0    4 12.4  8.2        25
   26 2021- 7-29 10:13     - 55 16  160 56  15.53 0.18  0.0    5  7.5 17.5        26
   27 2021- 7-29 10:16       55 11  161 30  13.63 0.24  0.0    7 11.7  6.7        27
   28 2021- 7-29 10:17       55 13  161 22  12.84 0.21  0.0   10  2.4 10.0        28
   29 2021- 7-29 10:20     - 55 22  161 48  19.14 0.14  0.0    4  6.4 13.5        29
   30 2021- 7-29 10:22       55 20  161 28  23.56 0.13  0.0    8  2.8  1.9        30
  SEQ ---DATE--- TIME REMARK -LAT-  --LON-  DEPTH  RMS PMAG  NUM  ERH  ERZ  ID
   31 2021- 7-29 10:24     - 55 15  161 17  31.05 0.15  0.0    8 13.5  8.0        31
   32 2021- 7-29 10:27     - 55 13  161  5  38.86 0.19  0.0    9 17.0  5.9        32
   33 2021- 7-29 10:38     - 55 10  160 40  16.62 0.29  0.0   11 11.0 23.6        33
   34 2021- 7-29 10:42     - 55 16  161 19  17.78 0.10  0.0    5 13.6  5.0        34
   35 2021- 7-29 10:50     - 54 39  160 58  12.59 0.45  0.0   10 15.5 31.5        35
   36 2021- 7-29 10:54     - 55 20  161  8  17.70 0.17  0.0    6  3.1 18.1        36
   37 2021- 7-29 10:59       55 35  161 12  15.85 0.13  0.0    8  2.8 10.7        37
   38 2021- 7-29 11:05       55 13  161  3  43.39 0.27  0.0   10  7.3  6.7        38
   39 2021- 7-29 11:09     - 55 13  160 43  16.00 0.16  0.0    9 16.1 18.0        39
   40 2021- 7-29 11:17     - 55 15  161 26  38.05 0.06  0.0    4 11.0  7.4        40
   41 2021- 7-29 11:24     - 55  9  163 27  14.72 0.67  0.0    7 26.0 49.9        41
   42 2021- 7-29 11:29     - 55 14  160 26  32.12 0.20  0.0   10 16.6 20.9        42
   43 2021- 7-29 11:42       55 14  160 52  36.60 0.12  0.0   10  5.1  7.0        43
   44 2021- 7-29 11:48     # 55 17  161 28  26.54 0.13  0.0    6  9.6  5.7        44
   45 2021- 7-29 12:17     - 55 13  160 46  16.00 0.31  0.0    7 24.2 28.5        45
  SEQ ---DATE--- TIME REMARK -LAT-  --LON-  DEPTH  RMS PMAG  NUM  ERH  ERZ  ID
   46 2021- 7-29 12:18     - 55 16  161 21  33.12 0.14  0.0    7 12.2  3.0        46
   47 2021- 7-29 12:24     - 55 20  161 27   3.58 0.02  0.0    5  2.2 10.4        47
   48 2021- 7-29 12:28     - 55 12  160 49  45.76 0.23  0.0    8 19.2  8.4        48
   49 2021- 7-29 12:32     - 55 17  161 14  29.63 0.22  0.0    7 17.9  7.7        49
   50 2021- 7-29 12:43       55 16  161 23  24.95 0.21  0.0   12  2.3  3.8        50
   51 2021- 7-29 12:52     - 55 24  161 44  32.51 0.08  0.0    6  7.5  8.3        51
   52 2021- 7-29 13:03       55 27  162  6  36.73 0.13  0.0    6  2.2  7.0        52
   53 2021- 7-29 13:15       55 15  161 13  33.01 0.16  0.0   10  5.6  2.9        53
   54 2021- 7-29 13:18     - 55 18  160 49  34.32 0.17  0.0   10 14.1 12.5        54
   55 2021- 7-29 13:30     - 55 11  160 52  18.52 0.22  0.0   10  3.3 20.7        55
   56 2021- 7-29 13:48       55 14  161  4  36.79 0.11  0.0    9  4.1  2.8        56
   57 2021- 7-29 14:02     - 55  6  160 31  16.00 0.46  0.0    9 32.9 40.0        57
   58 2021- 7-29 14:08     - 55 18  161 18  52.28 0.12  0.0    7 10.6  6.0        58
   59 2021- 7-29 14:16       55 12  160 54  16.17 0.09  0.0    7  2.6  2.2        59
   60 2021- 7-29 14:20     - 55 12  159 58  24.82 0.22  0.0    5 21.0 22.1        60
  SEQ ---DATE--- TIME REMARK -LAT-  --LON-  DEPTH  RMS PMAG  NUM  ERH  ERZ  ID
   61 2021- 7-29 14:48       55 27  162 12  28.84 0.04  0.0    5  2.3  6.9        61
   62 2021- 7-29 14:49     - 55 18  161  4  50.12 0.13  0.0   10 13.8  4.1        62
   63 2021- 7-29 14:53       55 14  161  2  30.90 0.09  0.0    9  1.6  1.2        63
   64 2021- 7-29 14:57       55 17  161 31  22.17 0.02  0.0    5  3.5  1.9        64
   65 2021- 7-29 14:58     - 55 30  161  7   8.36 0.35  0.0    9  3.5 30.8        65
   66 2021- 7-29 15:11     - 54 35  161 16  16.24 0.13  0.0   13  6.3 12.6        66
   67 2021- 7-29 15:13     - 55  7  160 40  19.55 0.27  0.0   10 19.7 22.7        67
   68 2021- 7-29 15:30       55 13  161 20  26.53 0.20  0.0    8  2.5  6.0        68
   69 2021- 7-29 16:00     # 55  8  161 14  35.43 0.25  0.0    9 15.1  6.1        69
   70 2021- 7-29 16:08     - 55 15  160 58  17.90 0.20  0.0    9  3.3 18.7        70
   71 2021- 7-29 16:09     - 55 11  160 45  16.39 0.25  0.0   11 10.2 21.5        71
   72 2021- 7-29 16:38     - 55 15  161 15  27.20 0.20  0.0    9 13.7  8.5        72
   73 2021- 7-29 17:00     - 55 15  161  8  33.03 0.22  0.0   10 15.9  6.5        73
   74 2021- 7-29 17:04     - 55 14  161 35  50.61 0.05  0.0    4  9.9  4.7        74
 *** DISTANCE & RESIDUAL WEIGHTING CANCELLED FOR EVENT: 2021  7 29 17  8
   75 2021- 7-29 17:08     - 55 22  161 32  22.11 0.60  0.0    6 41.0 17.1        75
  SEQ ---DATE--- TIME REMARK -LAT-  --LON-  DEPTH  RMS PMAG  NUM  ERH  ERZ  ID
   76 2021- 7-29 17:23       55 13  161 19  16.74 0.13  0.0   11  4.5  0.9        76
   77 2021- 7-29 17:28     - 55 29  161 47   0.08 0.17  0.0    4  5.2 18.7        77
   78 2021- 7-29 17:33     - 55 15  161 28  22.24 0.13  0.0    5 11.5  7.1        78
   79 2021- 7-29 17:34     - 55 30  161 25  24.39 0.27  0.0    5 23.1  9.5        79
   80 2021- 7-29 17:52     - 55 15  160 39  51.70 0.15  0.0   10 15.2  6.3        80
   81 2021- 7-29 18:14     - 55  4  160 54  16.00 0.35  0.0    8 24.5  4.6        81
   82 2021- 7-29 18:17     - 55  7  161 10  14.05 0.10  0.0    6  2.5 11.4        82
   83 2021- 7-29 18:38       55 12  161  7  32.73 0.19  0.0   11  4.0  0.8        83
   84 2021- 7-29 18:46       55 14  160 52  37.40 0.08  0.0    7  3.4  6.1        84
   85 2021- 7-29 18:53     - 54 39  161 55  11.28 0.10  0.0    6  8.3 10.1        85
   86 2021- 7-29 19:12       55 17  161 20  27.91 0.16  0.0   10  3.1  2.9        86
   87 2021- 7-29 19:30       55 26  161  9  32.27 0.07  0.0    6  5.6  1.7        87
   88 2021- 7-29 19:53     - 55 14  160 45  17.00 0.24  0.0   11  4.3 23.6        88
   89 2021- 7-29 20:21     - 55 22  160 36  80.63 0.24  0.0    9 19.1 10.6        89
   90 2021- 7-29 20:23       55 17  161 40  12.37 0.15  0.0    8  3.0  1.9        90
  SEQ ---DATE--- TIME REMARK -LAT-  --LON-  DEPTH  RMS PMAG  NUM  ERH  ERZ  ID
   91 2021- 7-29 20:25     - 55 15  161  2  33.03 0.13  0.0    9  4.4 16.5        91
   92 2021- 7-29 20:31     - 55 15  161  2  33.02 0.13  0.0    9 13.9 16.2        92
   93 2021- 7-29 20:33     - 55  9  160 45  17.50 0.22  0.0   12  3.2 21.7        93
   94 2021- 7-29 20:42       55  8  161 44  19.24 0.03  0.0    5  5.3  3.1        94
   95 2021- 7-29 21:00       55 12  161 14  22.21 0.14  0.0    8  2.6  3.1        95
   96 2021- 7-29 21:08       55 17  160 46  42.89 0.19  0.0    6  6.0  9.9        96
   97 2021- 7-29 21:18       55 15  160 56  16.00 0.26  0.0   10  5.8  1.9        97
   98 2021- 7-29 21:39       55 15  161  8  33.03 0.14  0.0   10  3.2  3.0        98
   99 2021- 7-29 22:02     - 55 16  161  1  17.65 0.08  0.0    7  2.8 13.5        99
  100 2021- 7-29 22:18     - 55 14  161  1  32.73 0.14  0.0    9 13.3  0.8       100
  101 2021- 7-29 22:56     - 55 11  160 29  15.18 0.25  0.0   12 10.1 21.0       101
  102 2021- 7-29 23:38     - 55 14  160 47  33.75 0.14  0.0   12  3.7 15.9       102
