 HYPOINVERSE 2000 STARTING
6/2014 VERSION 1.40 (geoid depth possible)                            
 COMMAND?     33 STATIONS READ IN.
  FIND INPUT PHASE FILE TYPE & SET PHS(COP) & ARC(CAR) FORMATS
  INPUT IS A HYPOINVERSE ARCHIVE-2000 FILE, NO SHADOWS
  SETTING FORMATS COP 3, CAR 1
  SEQ ---DATE--- TIME REMARK -LAT-  --LON-  DEPTH  RMS PMAG  NUM  ERH  ERZ  ID
    1 2021- 7-29  7:59     # 55 25  162 29  73.66 0.28  0.0   10  4.2  7.1         1
    2 2021- 7-29  8:03       55 20  161 30  32.60 2.65  0.0   10 28.4 52.1         2
    3 2021- 7-29  8:09     - 55  3  161  6  17.59 0.08  0.0    5  2.5 13.6         3
    4 2021- 7-29  8:13     - 55 16  161  4  16.92 0.11  0.0    5 12.4 15.4         4
    5 2021- 7-29  8:16     - 55  8  160 45  17.82 0.14  0.0    9 14.0 16.9         5
    6 2021- 7-29  8:17       55 19  161 55  14.11 0.00  0.0    4  3.1  4.6         6
    7 2021- 7-29  8:25     - 55 11  160 54  17.90 0.13  0.0    6  4.7 16.3         7
    8 2021- 7-29  8:40     - 55 15  160 28  50.25 0.15  0.0   10 15.3  7.8         8
    9 2021- 7-29  8:55       55  4  161 35  15.75 0.07  0.0    5  2.5  5.5         9
   10 2021- 7-29  8:58     - 55 41  162  8  17.04 0.17  0.0    5  2.5 18.7        10
   11 2021- 7-29  9:08     - 55  7  160 57  19.34 0.21  0.0   10  2.5 16.3        11
   12 2021- 7-29  9:17       55 19  161  7  44.52 0.17  0.0    9  3.2  3.1        12
   13 2021- 7-29  9:23       55 17  160 55  45.90 0.21  0.0   12  3.7  4.4        13
   14 2021- 7-29  9:26     - 55 20  161  6  32.70 0.20  0.0    7 18.6  1.3        14
   15 2021- 7-29  9:28     - 55 13  160 31  37.47 0.14  0.0   10 16.3 14.3        15
  SEQ ---DATE--- TIME REMARK -LAT-  --LON-  DEPTH  RMS PMAG  NUM  ERH  ERZ  ID
   16 2021- 7-29  9:36       55  5  161 45  13.61 0.10  0.0    6  3.1  2.1        16
   17 2021- 7-29  9:38     - 54 58  161 22  15.07 0.12  0.0    6  3.0 13.5        17
   18 2021- 7-29  9:43       55  5  161 27  26.97 0.08  0.0    6  2.6  5.6        18
   19 2021- 7-29  9:45       55 17  161  1  16.07 0.10  0.0    7  3.0  1.1        19
   20 2021- 7-29  9:52       55 16  161 13  25.23 0.24  0.0   11  3.7  5.5        20
   21 2021- 7-29  9:54     - 55 10  160 32  17.00 0.27  0.0   14 10.7 21.8        21
   22 2021- 7-29  9:59     - 55 10  161 15  31.56 0.31  0.0    8 21.0  8.8        22
   23 2021- 7-29 10:02       55  5  161 23  22.13 0.10  0.0    7  1.6  4.0        23
   24 2021- 7-29 10:05     - 55 14  161 25  61.42 0.15  0.0    5 10.8 12.3        24
   25 2021- 7-29 10:06     - 55 19  161 41  12.22 0.10  0.0    4 11.8  8.9        25
   26 2021- 7-29 10:13     - 55 16  160 56  22.13 0.18  0.0    5  4.7 19.1        26
   27 2021- 7-29 10:16     - 55  6  161  8  13.44 0.27  0.0    7 19.3 13.7        27
   28 2021- 7-29 10:17       55 12  161 20  21.19 0.18  0.0   11  2.3  5.8        28
   29 2021- 7-29 10:20     - 55 22  161 48  18.24 0.15  0.0    4  6.7 13.6        29
   30 2021- 7-29 10:22     - 55 27  161 25   8.88 0.22  0.0    5  4.2 17.5        30
  SEQ ---DATE--- TIME REMARK -LAT-  --LON-  DEPTH  RMS PMAG  NUM  ERH  ERZ  ID
   31 2021- 7-29 10:24     - 55 15  161 10  32.73 0.20  0.0    8 14.9  1.1        31
   32 2021- 7-29 10:27     - 55 13  161  5  36.90 0.19  0.0    9 16.9  5.8        32
   33 2021- 7-29 10:38     - 55 10  160 39  17.80 0.29  0.0   11  7.8 26.9        33
   34 2021- 7-29 10:42     - 55 17  161 26  17.02 0.11  0.0    5 11.5  2.7        34
   35 2021- 7-29 10:50     - 54 39  160 57  14.34 0.45  0.0   10 15.6 31.8        35
   36 2021- 7-29 10:54     - 55 20  161  9  17.84 0.17  0.0    6  2.7 17.3        36
   37 2021- 7-29 10:59     - 55 35  161 11  14.64 0.13  0.0    8  2.6 11.4        37
   38 2021- 7-29 11:05       55  6  161 24  27.95 0.26  0.0    9  4.4  5.0        38
   39 2021- 7-29 11:09     - 55 13  160 37  15.00 0.15  0.0    9 16.1 17.7        39
   40 2021- 7-29 11:17     - 55 16  161 38  27.85 0.04  0.0    4  8.3  9.2        40
   41 2021- 7-29 11:24     - 55  9  163 29  19.92 0.67  0.0    7  6.7 56.0        41
   42 2021- 7-29 11:29     - 55 14  160 58  32.44 0.20  0.0   11 16.0  1.0        42
   43 2021- 7-29 11:41     - 55 13  160 46  38.88 0.12  0.0    9 13.2  7.3        43
   44 2021- 7-29 11:48     - 55 16  161 23  28.27 0.20  0.0    7 12.8  7.2        44
   45 2021- 7-29 12:17     - 55 13  161  6  14.80 0.22  0.0    7 19.1  4.1        45
  SEQ ---DATE--- TIME REMARK -LAT-  --LON-  DEPTH  RMS PMAG  NUM  ERH  ERZ  ID
   46 2021- 7-29 12:18       55 16  161 26  28.42 0.13  0.0    7  3.9  2.7        46
   47 2021- 7-29 12:24     - 55 21  161 28   6.66 0.12  0.0    5  2.6 15.5        47
   48 2021- 7-29 12:28     - 55 10  160 40  36.45 0.22  0.0    8 17.5 14.4        48
   49 2021- 7-29 12:32     - 55 18  161 16  28.47 0.23  0.0    7 17.5  7.9        49
   50 2021- 7-29 12:43       55 16  161 23  24.98 0.20  0.0   12  2.3  3.8        50
   51 2021- 7-29 12:52     - 55 24  161 46  30.76 0.07  0.0    6  7.1  8.1        51
   52 2021- 7-29 13:03       55 27  162  6  36.79 0.13  0.0    6  2.3  7.0        52
   53 2021- 7-29 13:15       55 15  161 14  33.03 0.16  0.0   10  5.5  2.8        53
   54 2021- 7-29 13:18     - 55 18  160 47  34.53 0.17  0.0   10 14.8 13.4        54
   55 2021- 7-29 13:30     - 55 12  160 52  18.86 0.23  0.0   11  3.3 20.0        55
   56 2021- 7-29 13:48     - 55 15  160 35  53.46 0.15  0.0   10 15.3  7.5        56
   57 2021- 7-29 14:02     - 55 13  160 24  15.02 0.37  0.0    9 27.0 33.5        57
   58 2021- 7-29 14:08     - 55 18  161 18  51.99 0.12  0.0    7 10.4  6.0        58
   59 2021- 7-29 14:16       55 11  160 54  15.10 0.08  0.0    6  2.6  2.3        59
   60 2021- 7-29 14:20     - 55 12  160  3  15.03 0.26  0.0    6 23.0 24.7        60
  SEQ ---DATE--- TIME REMARK -LAT-  --LON-  DEPTH  RMS PMAG  NUM  ERH  ERZ  ID
   61 2021- 7-29 14:48       55 27  162 13  28.65 0.04  0.0    5  2.3  6.9        61
   62 2021- 7-29 14:49     - 55 18  161  5  49.39 0.13  0.0    9 13.5  3.9        62
   63 2021- 7-29 14:53       55 14  161  2  30.94 0.09  0.0    9  1.6  1.2        63
   64 2021- 7-29 14:57       55 17  161 30  22.16 0.02  0.0    5  3.5  1.9        64
   65 2021- 7-29 14:58     - 55 26  161 10   7.27 0.41  0.0    9  5.0 36.4        65
   66 2021- 7-29 15:11     - 54 35  161 16  15.15 0.13  0.0   13  6.2 12.3        66
   67 2021- 7-29 15:13     - 55  6  160 38  15.00 0.26  0.0   10 20.8 25.3        67
   68 2021- 7-29 15:30       55 13  161 20  25.98 0.20  0.0    8  2.5  6.1        68
   69 2021- 7-29 16:00     # 55  8  161 14  34.06 0.26  0.0    9 15.5  6.1        69
   70 2021- 7-29 16:08     - 55 15  160 58  17.25 0.20  0.0    9  3.1 20.5        70
   71 2021- 7-29 16:09     - 55 11  160 45  18.35 0.25  0.0   11  3.2 22.9        71
   72 2021- 7-29 16:38     - 55 15  161 19   7.93 0.14  0.0    7 10.6 16.7        72
   73 2021- 7-29 17:00     - 55 16  161 10  33.60 0.22  0.0   10 16.4  5.1        73
   74 2021- 7-29 17:04     - 55 14  161 35  50.99 0.05  0.0    4 10.4  4.7        74
 *** DISTANCE & RESIDUAL WEIGHTING CANCELLED FOR EVENT: 2021  7 29 17  8
   75 2021- 7-29 17:08     - 55 22  161 33  21.10 0.59  0.0    6 39.1 16.2        75
  SEQ ---DATE--- TIME REMARK -LAT-  --LON-  DEPTH  RMS PMAG  NUM  ERH  ERZ  ID
   76 2021- 7-29 17:23       55 13  161 19  16.77 0.13  0.0   11  4.5  0.9        76
   77 2021- 7-29 17:28     - 55 29  161 47   0.82 0.17  0.0    4  5.2 14.9        77
   78 2021- 7-29 17:33     - 55 15  161 27  22.88 0.13  0.0    5 11.8  7.4        78
   79 2021- 7-29 17:34     - 55 30  161 26  24.26 0.27  0.0    5 23.3  9.5        79
   80 2021- 7-29 17:52     - 55 15  160 39  51.96 0.15  0.0   10 15.0  6.2        80
   81 2021- 7-29 18:14     - 55  3  160 49  15.00 0.35  0.0    8 25.2  4.9        81
   82 2021- 7-29 18:17     - 55  7  161 10  11.45 0.11  0.0    6  2.6 13.2        82
   83 2021- 7-29 18:38       55 13  161  9  32.46 0.19  0.0   11  3.8  0.8        83
   84 2021- 7-29 18:46     - 55 20  161  6  43.86 0.15  0.0    7 12.7  4.4        84
   85 2021- 7-29 18:53     - 54 39  161 56  11.04 0.10  0.0    6  8.3 10.0        85
   86 2021- 7-29 19:12       55 17  161 20  27.86 0.17  0.0   10  3.1  2.9        86
   87 2021- 7-29 19:30       55 26  161 12  29.08 0.09  0.0    6  3.7  6.0        87
   88 2021- 7-29 19:53     - 55 12  160 44  17.55 0.23  0.0   11  4.1 22.9        88
   89 2021- 7-29 20:21     - 55 22  160 38  79.98 0.24  0.0    9 19.5 10.6        89
   90 2021- 7-29 20:23       55 17  161 40  12.25 0.15  0.0    8  3.1  2.0        90
  SEQ ---DATE--- TIME REMARK -LAT-  --LON-  DEPTH  RMS PMAG  NUM  ERH  ERZ  ID
   91 2021- 7-29 20:25     - 55 15  161  2  33.08 0.13  0.0    9  4.4 15.5        91
   92 2021- 7-29 20:31     - 55 16  161  5  33.12 0.13  0.0    9 12.9  5.6        92
   93 2021- 7-29 20:33     - 55  9  160 45  18.69 0.21  0.0   12  3.2 20.5        93
   94 2021- 7-29 20:42       55  8  161 44  19.27 0.03  0.0    5  5.3  3.0        94
   95 2021- 7-29 21:00       55 12  161 14  22.06 0.14  0.0    8  2.6  3.1        95
   96 2021- 7-29 21:08     - 55 14  160 57  33.34 0.03  0.0    4 11.0 10.4        96
   97 2021- 7-29 21:18       55 15  160 51  35.74 0.22  0.0   11  5.3 13.4        97
   98 2021- 7-29 21:39       55 15  161  9  32.90 0.15  0.0   10  3.6  0.7        98
   99 2021- 7-29 22:02     - 55 16  161  1  17.31 0.08  0.0    7  2.9 13.9        99
  100 2021- 7-29 22:18     - 55 13  160 56  33.48 0.15  0.0    9 13.5 15.2       100
  101 2021- 7-29 22:56     - 55 11  160 30  14.21 0.25  0.0   12 10.1 20.9       101
  102 2021- 7-29 23:38     - 55 14  160 48  34.60 0.10  0.0   12  2.9 11.2       102
