 HYPOINVERSE 2000 STARTING
6/2014 VERSION 1.40 (geoid depth possible)                            
 COMMAND?     33 STATIONS READ IN.
  FIND INPUT PHASE FILE TYPE & SET PHS(COP) & ARC(CAR) FORMATS
  INPUT IS A HYPOINVERSE ARCHIVE-2000 FILE, NO SHADOWS
  SETTING FORMATS COP 3, CAR 1
  SEQ ---DATE--- TIME REMARK -LAT-  --LON-  DEPTH  RMS PMAG  NUM  ERH  ERZ  ID
    1 2021- 7-29  7:59     # 55 25  162 31  22.74 0.80  0.0   10  9.2 30.6         1
    2 2021- 7-29  8:03       55 19  161 28  29.92 2.42  0.0   11 24.1 43.5         2
    3 2021- 7-29  8:09     - 55  2  161  6  13.06 0.11  0.0    5  2.4 13.7         3
    4 2021- 7-29  8:13     - 55 17  161 20  27.29 0.11  0.0    5 12.3  5.6         4
    5 2021- 7-29  8:16     - 55  8  160 45  14.24 0.13  0.0    8 13.1  3.4         5
    6 2021- 7-29  8:17       55 19  161 55  13.94 0.00  0.0    4  3.0  4.6         6
    7 2021- 7-29  8:26     - 55 15  160 55  33.81 0.13  0.0    6  5.4 15.7         7
    8 2021- 7-29  8:40     - 55 14  160 22  50.50 0.14  0.0   11 15.5  8.5         8
    9 2021- 7-29  8:55       55  4  161 35  15.71 0.07  0.0    5  2.5  5.6         9
   10 2021- 7-29  8:58     - 55 41  162 10  13.91 0.17  0.0    5  4.8 18.3        10
   11 2021- 7-29  9:08     - 55  6  160 58  13.01 0.26  0.0   10  2.8 20.2        11
   12 2021- 7-29  9:17       55 19  161  7  44.62 0.17  0.0    9  3.3  3.1        12
   13 2021- 7-29  9:23       55 17  160 55  45.81 0.21  0.0   12  3.6  4.4        13
   14 2021- 7-29  9:26     - 55 19  160 59  13.01 0.33  0.0    7 22.5 21.7        14
   15 2021- 7-29  9:28     - 55 14  160 49  33.99 0.15  0.0   10 12.0 12.8        15
  SEQ ---DATE--- TIME REMARK -LAT-  --LON-  DEPTH  RMS PMAG  NUM  ERH  ERZ  ID
   16 2021- 7-29  9:36       55  5  161 45  13.39 0.10  0.0    6  3.1  2.0        16
   17 2021- 7-29  9:38     - 54 57  161 22  13.12 0.12  0.0    6  3.0 14.5        17
   18 2021- 7-29  9:43       55  5  161 27  27.07 0.08  0.0    6  2.6  5.6        18
   19 2021- 7-29  9:45     - 55 15  161  2  13.25 0.11  0.0    7 10.7  8.4        19
   20 2021- 7-29  9:52       55 17  161  2  32.55 0.21  0.0   11  9.9  1.0        20
   21 2021- 7-29  9:54       55 13  160 27  13.00 0.40  0.0   13  6.0  2.5        21
   22 2021- 7-29  9:59     - 55 16  161 23  51.19 0.14  0.0    8 13.4  8.4        22
   23 2021- 7-29 10:02       55  5  161 23  21.92 0.10  0.0    7  1.6  4.0        23
   24 2021- 7-29 10:05     - 55 15  161 36  45.28 0.17  0.0    4 10.9 14.4        24
   25 2021- 7-29 10:06     - 55 19  161 40  10.97 0.09  0.0    4 10.4 10.4        25
   26 2021- 7-29 10:13     - 55 16  160 56  23.45 0.18  0.0    5  5.6 18.7        26
   27 2021- 7-29 10:16     - 55  7  161 11  10.43 0.26  0.0    7 14.4 14.7        27
   28 2021- 7-29 10:17       55 12  161 20  20.99 0.18  0.0   11  2.3  5.8        28
   29 2021- 7-29 10:20     - 55 21  161 47  21.75 0.13  0.0    4  6.6 13.6        29
   30 2021- 7-29 10:22     - 55 27  161 25   9.18 0.23  0.0    5  4.4 16.8        30
  SEQ ---DATE--- TIME REMARK -LAT-  --LON-  DEPTH  RMS PMAG  NUM  ERH  ERZ  ID
   31 2021- 7-29 10:24     - 55 16  161 22  27.94 0.12  0.0    7 11.5  7.0        31
   32 2021- 7-29 10:27     - 55 13  161  4  39.09 0.19  0.0    9 17.4  6.1        32
   33 2021- 7-29 10:38     - 55 14  160 41  34.91 0.13  0.0   12  4.5 14.0        33
   34 2021- 7-29 10:42     - 55 17  161 29  15.59 0.10  0.0    5 10.7  3.6        34
   35 2021- 7-29 10:50     - 54 38  160 56  19.14 0.45  0.0   10  4.6 39.7        35
   36 2021- 7-29 10:54     - 55 19  161  6  12.83 0.19  0.0    6  4.4 17.5        36
   37 2021- 7-29 10:59     - 55 35  161 11  12.74 0.13  0.0    8  2.3 12.7        37
   38 2021- 7-29 11:05       55  6  161 24  27.98 0.26  0.0    9  4.4  5.0        38
   39 2021- 7-29 11:09     - 55 15  161  4  13.00 0.17  0.0    8 13.5 14.3        39
   40 2021- 7-29 11:17     - 55 16  161 39  26.72 0.03  0.0    4  8.2  9.1        40
   41 2021- 7-29 11:24     - 55  9  163 28  15.14 0.67  0.0    7 25.9 50.1        41
   42 2021- 7-29 11:29     - 55 17  160 54  45.33 0.26  0.0   11 18.5  7.4        42
   43 2021- 7-29 11:42     # 55 13  160 52  32.42 0.13  0.0   11  5.5  0.8        43
   44 2021- 7-29 11:48     - 55 16  161 22  29.28 0.21  0.0    7 13.9  7.7        44
   45 2021- 7-29 12:17     - 55 15  161  6  12.67 0.19  0.0    6 16.5 12.7        45
  SEQ ---DATE--- TIME REMARK -LAT-  --LON-  DEPTH  RMS PMAG  NUM  ERH  ERZ  ID
   46 2021- 7-29 12:18       55 16  161 26  28.37 0.14  0.0    7  3.9  2.7        46
   47 2021- 7-29 12:24     - 55 20  161 27   3.60 0.02  0.0    5  2.2 10.4        47
   48 2021- 7-29 12:28     # 55  6  161  2  31.84 0.32  0.0    9  9.4  1.4        48
   49 2021- 7-29 12:32     - 55 19  161 20  23.01 0.21  0.0    6 15.2  5.2        49
   50 2021- 7-29 12:43       55 16  161 23  24.84 0.20  0.0   12  2.3  3.8        50
   51 2021- 7-29 12:52     - 55 24  161 45  31.46 0.07  0.0    6  7.3  8.2        51
   52 2021- 7-29 13:03       55 27  162  6  36.76 0.13  0.0    6  2.3  7.0        52
   53 2021- 7-29 13:15     # 55 15  161 13  32.82 0.16  0.0   10  5.6  1.0        53
   54 2021- 7-29 13:18     - 55 18  160 49  34.40 0.17  0.0   10 14.5 12.7        54
   55 2021- 7-29 13:30     - 55 16  160 44  31.30 0.20  0.0    9 18.5  2.3        55
   56 2021- 7-29 13:48     - 55 15  160 34  53.55 0.15  0.0   10 15.4  7.6        56
   57 2021- 7-29 14:02     - 55  9  159 28  14.09 0.20  0.0    9 19.6 20.8        57
   58 2021- 7-29 14:08     - 55 18  161 19  51.50 0.12  0.0    7 10.5  6.1        58
   59 2021- 7-29 14:16     - 55 11  160 57  11.86 0.10  0.0    6  2.0 14.1        59
   60 2021- 7-29 14:20     - 55 12  160  3  13.03 0.26  0.0    6 23.0 24.6        60
  SEQ ---DATE--- TIME REMARK -LAT-  --LON-  DEPTH  RMS PMAG  NUM  ERH  ERZ  ID
   61 2021- 7-29 14:48       55 27  162 12  28.99 0.04  0.0    5  2.4  6.9        61
   62 2021- 7-29 14:49     - 55 13  161  5  32.95 0.10  0.0    9 11.4  0.8        62
   63 2021- 7-29 14:53       55 14  161  2  30.93 0.09  0.0    9  1.6  1.2        63
   64 2021- 7-29 14:57       55 17  161 30  22.10 0.02  0.0    5  3.5  1.9        64
   65 2021- 7-29 14:58     - 55 27  161  9   7.65 0.43  0.0    9  4.9 37.4        65
   66 2021- 7-29 15:11     - 54 35  161 16  15.69 0.13  0.0   13  6.3 12.6        66
   67 2021- 7-29 15:13     - 55  7  160 40  21.47 0.27  0.0   10 16.4 15.6        67
   68 2021- 7-29 15:30       55 13  161 20  25.70 0.20  0.0    8  2.5  6.1        68
   69 2021- 7-29 16:00     - 55  9  161  9  81.46 0.35  0.0    8 21.1 18.5        69
   70 2021- 7-29 16:08     - 55 16  160 59  16.86 0.20  0.0    9  9.2 17.8        70
   71 2021- 7-29 16:09     - 55 12  160 47  35.44 0.17  0.0   11  3.2 13.9        71
   72 2021- 7-29 16:38     - 55 15  161 19  10.10 0.15  0.0    7 10.2 14.4        72
   73 2021- 7-29 17:00     - 55 16  161 13  32.90 0.23  0.0   10 16.4  1.1        73
   74 2021- 7-29 17:04     - 55 14  161 38  52.11 0.04  0.0    4 10.1  3.7        74
   75 2021- 7-29 17:08     - 55 21  161 34  21.74 0.03  0.0    4 11.4  5.2        75
  SEQ ---DATE--- TIME REMARK -LAT-  --LON-  DEPTH  RMS PMAG  NUM  ERH  ERZ  ID
   76 2021- 7-29 17:23       55 13  161 19  16.71 0.13  0.0   11  4.4  0.9        76
   77 2021- 7-29 17:28     - 55 29  161 46   0.00 0.19  0.0    4  5.9 20.0        77
   78 2021- 7-29 17:33       55 13  161  4  32.26 0.14  0.0    6  5.4  0.9        78
   79 2021- 7-29 17:34     - 55 30  161 34  20.84 0.26  0.0    5 21.6 12.4        79
   80 2021- 7-29 17:52     - 55 15  161  7  35.20 0.13  0.0    8 12.7  4.3        80
   81 2021- 7-29 18:14     - 55  2  160 52  13.00 0.35  0.0    8 25.5  5.0        81
   82 2021- 7-29 18:17     - 55  7  161 10  13.13 0.10  0.0    6  2.6 12.0        82
   83 2021- 7-29 18:38       55 13  161  9  32.34 0.19  0.0   11  3.8  0.8        83
   84 2021- 7-29 18:46       55 19  160 49  45.98 0.11  0.0    9  3.2  4.4        84
   85 2021- 7-29 18:53     - 54 39  161 55  10.92 0.10  0.0    6  8.5 10.4        85
   86 2021- 7-29 19:12       55 17  161 20  27.79 0.16  0.0   10  3.0  2.9        86
   87 2021- 7-29 19:30       55 26  161 12  28.57 0.09  0.0    6  3.7  5.9        87
   88 2021- 7-29 19:53     - 55 11  160 12  13.00 0.21  0.0   10 20.3 21.8        88
   89 2021- 7-29 20:21     - 55 22  160 36  80.79 0.24  0.0    9 19.1 10.7        89
   90 2021- 7-29 20:23       55 17  161 40  12.39 0.15  0.0    8  3.0  1.9        90
  SEQ ---DATE--- TIME REMARK -LAT-  --LON-  DEPTH  RMS PMAG  NUM  ERH  ERZ  ID
   91 2021- 7-29 20:25     - 55 14  160 48  33.59 0.12  0.0    9  4.7 15.4        91
   92 2021- 7-29 20:31     - 55 16  161  2  13.00 0.14  0.0    7 11.8 10.8        92
   93 2021- 7-29 20:33     - 55 13  160 47  34.90 0.11  0.0   12  2.6 12.4        93
   94 2021- 7-29 20:42       55  8  161 44  19.24 0.03  0.0    5  5.3  3.1        94
   95 2021- 7-29 21:00       55 12  161 15  22.10 0.14  0.0    8  2.6  3.0        95
   96 2021- 7-29 21:08       55 17  160 46  43.16 0.19  0.0    6  6.1  9.8        96
   97 2021- 7-29 21:18     - 55 15  160 51  33.84 0.21  0.0   11  5.2 19.4        97
   98 2021- 7-29 21:39       55 15  161  9  32.80 0.14  0.0   10  3.5  0.7        98
   99 2021- 7-29 22:02     - 55 16  161  1  16.91 0.08  0.0    7  6.2 12.1        99
  100 2021- 7-29 22:18     - 55 12  160 41  33.09 0.14  0.0   10  5.5 16.9       100
  101 2021- 7-29 22:56     - 55 11  160 28  17.18 0.24  0.0   12  4.5 23.8       101
  102 2021- 7-29 23:38     - 55 14  160 48  33.46 0.10  0.0   12  2.9 14.4       102
