 HYPOINVERSE 2000 STARTING
6/2014 VERSION 1.40 (geoid depth possible)                            
 COMMAND?     33 STATIONS READ IN.
  FIND INPUT PHASE FILE TYPE & SET PHS(COP) & ARC(CAR) FORMATS
  INPUT IS A HYPOINVERSE ARCHIVE-2000 FILE, NO SHADOWS
  SETTING FORMATS COP 3, CAR 1
  SEQ ---DATE--- TIME REMARK -LAT-  --LON-  DEPTH  RMS PMAG  NUM  ERH  ERZ  ID
    1 2021- 7-29  7:59     # 55 26  162 23  73.13 0.13  0.0    9  2.0  3.5         1
    2 2021- 7-29  8:03     - 55 17  161  5  18.99 0.39  0.0    8  3.6 33.8         2
    3 2021- 7-29  8:09     - 55  3  161  6  18.78 0.07  0.0    5  2.4 12.1         3
    4 2021- 7-29  8:13     - 55 17  161 13  27.77 0.09  0.0    5 11.6  5.3         4
    5 2021- 7-29  8:16       55 17  161 19  32.00 0.15  0.0    8  3.2  3.9         5
 *** DISTANCE & RESIDUAL WEIGHTING CANCELLED FOR EVENT: 2021  7 29  8 17
    6 2021- 7-29  8:17     # 55 13  161 41  36.23 0.88  0.0    6 18.3  9.2         6
    7 2021- 7-29  8:25     - 55 11  160 54  19.27 0.13  0.0    6  4.7 15.6         7
    8 2021- 7-29  8:40     - 55 15  160 26  50.36 0.15  0.0   10 15.4  8.1         8
    9 2021- 7-29  8:55       55  4  161 35  16.10 0.07  0.0    5  2.5  5.4         9
   10 2021- 7-29  8:58     - 55 41  162  8  18.52 0.17  0.0    5  4.4 18.2        10
   11 2021- 7-29  9:08     - 55  7  160 57  18.99 0.21  0.0   10  2.5 17.2        11
   12 2021- 7-29  9:17       55 19  160 59  39.13 0.26  0.0   11  3.1  6.3        12
   13 2021- 7-29  9:23     - 55 14  160 53  33.69 0.17  0.0   12  2.6 15.7        13
   14 2021- 7-29  9:26     - 55 20  161  7  33.01 0.20  0.0    7 17.6 10.8        14
   15 2021- 7-29  9:28     - 55 13  160 33  36.79 0.15  0.0   10 15.9 14.1        15
  SEQ ---DATE--- TIME REMARK -LAT-  --LON-  DEPTH  RMS PMAG  NUM  ERH  ERZ  ID
   16 2021- 7-29  9:36       55  5  161 44  13.94 0.10  0.0    6  3.1  2.1        16
   17 2021- 7-29  9:38     - 54 58  161 21  19.02 0.14  0.0    6  3.6 14.7        17
   18 2021- 7-29  9:43       55  5  161 27  27.03 0.08  0.0    6  2.6  5.6        18
   19 2021- 7-29  9:45     - 55 17  161  0  18.61 0.10  0.0    7  2.9 12.2        19
   20 2021- 7-29  9:52     # 55 17  161 15  31.13 0.17  0.0   11  2.4  2.9        20
   21 2021- 7-29  9:54     - 55 10  160 32  19.00 0.27  0.0   14  3.8 24.6        21
   22 2021- 7-29  9:59     - 55 12  161 12  23.42 0.15  0.0    7 14.1  4.7        22
   23 2021- 7-29 10:02       55  5  161 23  22.10 0.10  0.0    7  1.6  4.0        23
   24 2021- 7-29 10:05     - 55 15  161 40  38.87 0.21  0.0    4 12.4 15.9        24
   25 2021- 7-29 10:06     - 55 21  161 44  14.26 0.10  0.0    4 13.9  5.1        25
   26 2021- 7-29 10:13     - 55 16  160 55  19.01 0.18  0.0    5  3.7 19.5        26
   27 2021- 7-29 10:16     - 55  4  161  3  14.34 0.29  0.0    8 22.8  6.5        27
   28 2021- 7-29 10:17       55 12  161 19  22.08 0.18  0.0   11  2.3  5.6        28
   29 2021- 7-29 10:20     - 55 17  161 14  66.21 0.04  0.0    4  8.8  9.2        29
   30 2021- 7-29 10:22     - 55 27  161 25   9.20 0.22  0.0    5  4.5 16.7        30
  SEQ ---DATE--- TIME REMARK -LAT-  --LON-  DEPTH  RMS PMAG  NUM  ERH  ERZ  ID
   31 2021- 7-29 10:24     - 55 16  161 26  25.09 0.11  0.0    7 10.9  7.0        31
   32 2021- 7-29 10:27     - 55 13  160 60  33.27 0.19  0.0    9 13.5 14.1        32
   33 2021- 7-29 10:38     - 55 10  160 39  19.86 0.29  0.0   11  7.8 24.3        33
   34 2021- 7-29 10:42     - 55 16  161 13  18.86 0.11  0.0    5 14.3  7.3        34
   35 2021- 7-29 10:50     - 54 38  160 56  19.41 0.46  0.0   10  4.5 39.7        35
   36 2021- 7-29 10:54     - 55 20  161  8  18.72 0.17  0.0    6  3.2 16.3        36
   37 2021- 7-29 10:59       55 35  161 11  20.06 0.13  0.0    8  1.6  8.7        37
   38 2021- 7-29 11:05       55  6  161 24  28.25 0.26  0.0    9  4.6  5.1        38
   39 2021- 7-29 11:09     - 55 15  161  8  30.28 0.17  0.0    9 13.1  6.0        39
   40 2021- 7-29 11:17     - 55 16  161 36  30.54 0.05  0.0    4  8.6  9.2        40
   41 2021- 7-29 11:24     - 55  9  163 29  19.71 0.66  0.0    7  6.6 55.9        41
   42 2021- 7-29 11:29     - 55 14  160 55  32.45 0.20  0.0   11 16.4  1.1        42
   43 2021- 7-29 11:42       55 13  160 53  32.33 0.13  0.0   11  5.4  0.8        43
   44 2021- 7-29 11:48     - 55 16  161 23  28.31 0.20  0.0    7 13.0  7.2        44
   45 2021- 7-29 12:17     - 55 21  160 59  31.87 0.20  0.0    6 19.5  2.4        45
  SEQ ---DATE--- TIME REMARK -LAT-  --LON-  DEPTH  RMS PMAG  NUM  ERH  ERZ  ID
   46 2021- 7-29 12:18       55 16  161 27  28.42 0.13  0.0    7  3.9  2.7        46
   47 2021- 7-29 12:24     - 55 20  161 27   3.55 0.02  0.0    5  2.2 10.5        47
   48 2021- 7-29 12:28     - 55  4  160 58  19.07 0.37  0.0    9 10.1 26.7        48
   49 2021- 7-29 12:32     - 55 18  161 12  36.36 0.23  0.0    8 19.0  6.0        49
   50 2021- 7-29 12:43       55 16  161 22  24.64 0.21  0.0   12  2.3  3.9        50
   51 2021- 7-29 12:52     - 55 24  161 33  37.01 0.11  0.0    7 10.4  8.7        51
   52 2021- 7-29 13:03       55 27  162  6  36.67 0.13  0.0    6  2.3  7.0        52
   53 2021- 7-29 13:15       55 15  161 13  33.23 0.16  0.0   10  5.6  3.0        53
   54 2021- 7-29 13:18     - 55 18  160 57  33.26 0.19  0.0   12  4.9 18.0        54
   55 2021- 7-29 13:30     - 55 11  160 52  19.50 0.22  0.0   10  3.3 18.7        55
   56 2021- 7-29 13:48       55 14  161  4  36.74 0.11  0.0    9  4.1  2.8        56
   57 2021- 7-29 14:02     - 55  6  160 32  19.03 0.45  0.0    9 32.0 37.8        57
   58 2021- 7-29 14:08       55 18  161  9  51.35 0.16  0.0    8  5.6  3.4        58
   59 2021- 7-29 14:16     - 55 12  160 54  19.36 0.09  0.0    7  2.3 13.6        59
   60 2021- 7-29 14:20     - 55 11  159 42  19.01 0.21  0.0    5 20.3 21.2        60
  SEQ ---DATE--- TIME REMARK -LAT-  --LON-  DEPTH  RMS PMAG  NUM  ERH  ERZ  ID
   61 2021- 7-29 14:48     # 55 27  162 12  28.90 0.04  0.0    5  2.4  6.9        61
   62 2021- 7-29 14:49     - 55 18  161  7  49.00 0.13  0.0    9 13.2  4.2        62
   63 2021- 7-29 14:53       55 14  161  2  30.85 0.09  0.0    9  1.6  1.2        63
   64 2021- 7-29 14:57       55 17  161 30  22.15 0.02  0.0    5  3.5  1.9        64
   65 2021- 7-29 14:58     - 55 26  161 10   6.97 0.41  0.0    9  5.0 36.2        65
   66 2021- 7-29 15:11     - 54 35  161 16  18.97 0.13  0.0   13  1.2 15.3        66
   67 2021- 7-29 15:13     - 55  7  160 40  20.28 0.26  0.0   10 18.5 20.9        67
   68 2021- 7-29 15:30       55 13  161 20  25.63 0.20  0.0    8  2.5  6.1        68
   69 2021- 7-29 16:00     - 54 57  160 33  42.91 0.37  0.0    9 31.3 25.3        69
   70 2021- 7-29 16:08     - 55 16  160 53  33.03 0.20  0.0   12  3.3 20.9        70
   71 2021- 7-29 16:09     - 55 11  160 45  19.38 0.25  0.0   11  3.2 20.6        71
   72 2021- 7-29 16:38     - 55 15  161 20   9.68 0.15  0.0    7 10.2 14.8        72
   73 2021- 7-29 17:00     - 55 15  160 60  33.74 0.20  0.0   10 16.2 12.0        73
   74 2021- 7-29 17:04     - 55 14  161 41  53.11 0.03  0.0    4 10.1  3.1        74
   75 2021- 7-29 17:08     - 55 21  161 35  21.17 0.03  0.0    4 11.3  5.4        75
  SEQ ---DATE--- TIME REMARK -LAT-  --LON-  DEPTH  RMS PMAG  NUM  ERH  ERZ  ID
   76 2021- 7-29 17:22       55 13  161 19  16.70 0.13  0.0   11  4.4  0.9        76
   77 2021- 7-29 17:28     - 55 31  161 25   0.29 0.67  0.0    5 16.5 56.5        77
   78 2021- 7-29 17:33     - 55 14  161  4  33.00 0.14  0.0    6  5.4 17.0        78
   79 2021- 7-29 17:34       55 27  161  6  50.27 0.23  0.0    8  9.4  4.0        79
   80 2021- 7-29 17:52     - 55 15  160 41  51.87 0.16  0.0    9 14.6  6.1        80
   81 2021- 7-29 18:14     - 55  4  160 55  19.00 0.34  0.0    8 22.9 27.8        81
   82 2021- 7-29 18:17     - 55  7  161 10  11.80 0.11  0.0    6  2.6 12.9        82
   83 2021- 7-29 18:38     # 55 12  161  7  32.61 0.20  0.0   12  4.3  0.8        83
   84 2021- 7-29 18:46       55 19  160 49  45.90 0.11  0.0    9  3.2  4.4        84
   85 2021- 7-29 18:53     - 54 34  161 57  17.64 0.24  0.0    6 18.3 22.6        85
   86 2021- 7-29 19:12       55 17  161 20  27.90 0.16  0.0   10  3.0  2.9        86
   87 2021- 7-29 19:30       55 26  161 12  28.60 0.09  0.0    6  3.7  5.9        87
   88 2021- 7-29 19:53     - 55 14  160 45  19.13 0.24  0.0   11  4.3 21.1        88
   89 2021- 7-29 20:21     - 55 18  161  7  49.87 0.24  0.0    8 18.9  8.4        89
   90 2021- 7-29 20:23     - 55  5  160 46  20.82 0.18  0.0   11  2.6 16.5        90
  SEQ ---DATE--- TIME REMARK -LAT-  --LON-  DEPTH  RMS PMAG  NUM  ERH  ERZ  ID
   91 2021- 7-29 20:25     - 55 16  161 14  32.51 0.11  0.0    8 11.5  0.7        91
   92 2021- 7-29 20:31     - 55 15  161  3  32.44 0.12  0.0    9 11.6  0.9        92
   93 2021- 7-29 20:33     - 55  9  160 46  19.28 0.21  0.0   12  3.2 19.6        93
   94 2021- 7-29 20:42     - 55 12  161 54   6.68 0.09  0.0    4  6.1 11.4        94
   95 2021- 7-29 21:00       55 13  161 21  20.10 0.14  0.0    8 10.3  3.5        95
   96 2021- 7-29 21:08     - 55 27  160 47  19.27 0.18  0.0    5  6.3 18.4        96
   97 2021- 7-29 21:18     - 55 14  160 55  19.14 0.26  0.0   11  5.2 18.6        97
   98 2021- 7-29 21:39       55 15  161  9  32.78 0.15  0.0   10  3.5  0.7        98
   99 2021- 7-29 22:02     - 55 16  161  1  19.29 0.08  0.0    7  2.9 11.0        99
  100 2021- 7-29 22:18     - 55 12  160 41  34.33 0.14  0.0   10  5.5 15.8       100
  101 2021- 7-29 22:56     - 55 11  160 28  19.16 0.24  0.0   12  4.5 23.1       101
  102 2021- 7-29 23:38     - 55 14  160 48  33.69 0.10  0.0   12  3.0 13.9       102
