 HYPOINVERSE 2000 STARTING
6/2014 VERSION 1.40 (geoid depth possible)                            
 COMMAND?     33 STATIONS READ IN.
  FIND INPUT PHASE FILE TYPE & SET PHS(COP) & ARC(CAR) FORMATS
  INPUT IS A HYPOINVERSE ARCHIVE-2000 FILE, NO SHADOWS
  SETTING FORMATS COP 3, CAR 1
  SEQ ---DATE--- TIME REMARK -LAT-  --LON-  DEPTH  RMS PMAG  NUM  ERH  ERZ  ID
    1 2021- 7-29  7:59     - 55 27  162 21   6.75 0.31  0.0    7  1.9 28.5         1
    2 2021- 7-29  8:03     # 55 11  161 22  58.07 0.18  0.0    9  7.7  6.9         2
    3 2021- 7-29  8:09     - 55  3  161  8   1.72 0.11  0.0    5  6.1 14.3         3
    4 2021- 7-29  8:13     - 55 17  161 15  27.45 0.09  0.0    5 12.3  5.9         4
    5 2021- 7-29  8:16     - 55 16  161  4  32.53 0.13  0.0    8 12.5  0.9         5
 *** DISTANCE & RESIDUAL WEIGHTING CANCELLED FOR EVENT: 2021  7 29  8 17
    6 2021- 7-29  8:17     - 55 19  162  7   1.99 0.82  0.0    6  3.7 61.7         6
    7 2021- 7-29  8:26     - 55 18  161 51  10.14 0.03  0.0    4  8.4  8.5         7
    8 2021- 7-29  8:40     - 55 14  160 54  33.81 0.14  0.0   12  2.5 13.1         8
    9 2021- 7-29  8:55     - 55  0  161 28   4.71 0.10  0.0    5  5.6 13.2         9
   10 2021- 7-29  8:58     # 55 35  162 19   0.02 0.62  0.0    7  4.1  8.6        10
   11 2021- 7-29  9:08     - 55  7  161  3   0.02 0.27  0.0   10  9.9 22.3        11
   12 2021- 7-29  9:17     # 55 23  161  4  46.06 0.43  0.0   11  5.8  6.8        12
   13 2021- 7-29  9:23       55 17  160 55  44.71 0.21  0.0   12  3.5  4.5        13
   14 2021- 7-29  9:26     - 55 19  160 40   2.01 0.34  0.0    7 28.9 31.0        14
   15 2021- 7-29  9:28     - 55 15  160 54  32.90 0.16  0.0   10 15.9 18.4        15
  SEQ ---DATE--- TIME REMARK -LAT-  --LON-  DEPTH  RMS PMAG  NUM  ERH  ERZ  ID
   16 2021- 7-29  9:36       55  5  161 47  11.99 0.07  0.0    6  2.6  1.7        16
   17 2021- 7-29  9:38       55  1  161 36   1.13 0.07  0.0    6  5.9  2.0        17
   18 2021- 7-29  9:43       55  3  161 27   2.12 0.10  0.0    5  3.1  4.2        18
   19 2021- 7-29  9:45     - 55 15  161  5   1.45 0.11  0.0    7  6.6 13.7        19
   20 2021- 7-29  9:52     # 55 15  161 13   1.48 0.18  0.0   11  2.6  1.4        20
   21 2021- 7-29  9:54       55 18  160 36  53.69 0.06  0.0   12  2.8  3.6        21
   22 2021- 7-29  9:59     - 55  7  160 44   2.00 0.20  0.0    7 17.9 20.5        22
   23 2021- 7-29 10:02       55  5  161 23  21.99 0.10  0.0    7  1.6  4.0        23
   24 2021- 7-29 10:05     - 55 14  161 33  48.68 0.14  0.0    4 10.2 12.7        24
   25 2021- 7-29 10:06     - 55 16  161 34   0.26 0.13  0.0    5  1.5 16.0        25
   26 2021- 7-29 10:13     - 55 17  160 57   0.00 0.28  0.0    5  9.3 23.3        26
   27 2021- 7-29 10:16       55 10  161 20   2.00 0.33  0.0    8 19.2  5.6        27
   28 2021- 7-29 10:17     - 55 13  161 23   5.15 0.22  0.0   10  7.4 14.5        28
   29 2021- 7-29 10:20     - 55 22  161 47  20.36 0.14  0.0    4  6.7 13.8        29
   30 2021- 7-29 10:22       55 26  161 45  19.16 0.13  0.0    5  4.3  1.7        30
  SEQ ---DATE--- TIME REMARK -LAT-  --LON-  DEPTH  RMS PMAG  NUM  ERH  ERZ  ID
   31 2021- 7-29 10:24     - 55  6  160 27   2.56 0.21  0.0    8 18.8 21.1        31
   32 2021- 7-29 10:27       55 11  160 49  45.06 0.18  0.0   10  4.4  6.0        32
   33 2021- 7-29 10:38       55 17  160 42  48.51 0.17  0.0   10  5.7  5.0        33
   34 2021- 7-29 10:42     - 55 16  161 24  18.11 0.11  0.0    5 12.6  4.0        34
   35 2021- 7-29 10:50     - 54 41  161  1   1.43 0.46  0.0   10 14.8 32.3        35
   36 2021- 7-29 10:54     - 55 19  161  7   2.47 0.18  0.0    6  7.2 15.5        36
   37 2021- 7-29 10:59       55 35  161 12   1.69 0.11  0.0    8  1.1  1.1        37
   38 2021- 7-29 11:05       55 12  161 38  17.75 0.35  0.0    9  6.3  3.7        38
   39 2021- 7-29 11:09     - 55 13  160 47  32.64 0.14  0.0   10 14.6 16.9        39
   40 2021- 7-29 11:17     - 55 16  161 46  18.46 0.02  0.0    4  7.2  8.7        40
   41 2021- 7-29 11:24     - 55 12  163 22   0.93 0.72  0.0    7 26.5 54.2        41
   42 2021- 7-29 11:29     - 55 15  160 27  50.28 0.19  0.0   10 18.2 10.0        42
   43 2021- 7-29 11:41     - 55 17  160 50  50.33 0.18  0.0   10 15.2  5.7        43
   44 2021- 7-29 11:48     - 55 17  160 35  48.03 0.17  0.0    8 16.6  9.4        44
   45 2021- 7-29 12:17     - 55 16  161  6  36.29 0.28  0.0    7 22.4  8.9        45
  SEQ ---DATE--- TIME REMARK -LAT-  --LON-  DEPTH  RMS PMAG  NUM  ERH  ERZ  ID
   46 2021- 7-29 12:18     - 55 15  161 20  33.37 0.15  0.0    7 13.0  3.2        46
   47 2021- 7-29 12:24     - 55 21  161 28   7.03 0.11  0.0    5  2.5 13.3        47
   48 2021- 7-29 12:28     - 55  4  160 60   3.48 0.41  0.0    9 13.6 30.8        48
   49 2021- 7-29 12:32     - 55 18  160 30  34.40 0.18  0.0    8 16.0 16.5        49
   50 2021- 7-29 12:43     - 55 16  161 18   8.81 0.24  0.0   11  3.2 17.8        50
   51 2021- 7-29 12:52     - 55 25  162  1   1.96 0.16  0.0    5  0.9 17.9        51
   52 2021- 7-29 13:03     - 55 27  162 15   2.14 0.20  0.0    4  1.8 20.5        52
   53 2021- 7-29 13:15       55 16  161 15  35.08 0.22  0.0   10  6.9  4.0        53
   54 2021- 7-29 13:18     - 55 18  160 52   2.32 0.29  0.0   10 10.4 23.6        54
   55 2021- 7-29 13:30       55 16  160 52  31.94 0.21  0.0   11  3.8  1.1        55
   56 2021- 7-29 13:48     - 55 12  160 60   1.65 0.41  0.0   12 14.1 30.7        56
   57 2021- 7-29 14:02     - 55 10  159 33  24.82 0.20  0.0    9 19.5 20.8        57
   58 2021- 7-29 14:08       55 23  161 41  32.98 0.03  0.0    5  5.9  6.2        58
   59 2021- 7-29 14:16     - 55 13  160 55  19.94 0.11  0.0    7  2.4 13.4        59
   60 2021- 7-29 14:20     - 54 54  160  5   3.18 0.23  0.0    6 18.6 13.4        60
  SEQ ---DATE--- TIME REMARK -LAT-  --LON-  DEPTH  RMS PMAG  NUM  ERH  ERZ  ID
   61 2021- 7-29 14:48     - 55 25  162 15   2.02 0.17  0.0    5  2.0 18.7        61
   62 2021- 7-29 14:49       55 17  161 25  23.38 0.09  0.0    8  3.0  4.8        62
   63 2021- 7-29 14:53     - 55 13  161  0   2.93 0.23  0.0    9  8.8 19.8        63
   64 2021- 7-29 14:57     - 55 20  161 59   1.64 0.14  0.0    4  2.0 16.7        64
   65 2021- 7-29 14:58     # 55 30  161 10   0.03 0.36  0.0    9  5.1  5.5        65
   66 2021- 7-29 15:11     - 54 36  161 18  32.41 0.18  0.0   12  8.2 14.9        66
   67 2021- 7-29 15:13     - 55  3  160 24   2.00 0.29  0.0   10 23.5 26.7        67
   68 2021- 7-29 15:30     - 55 13  161 22   7.57 0.29  0.0    8  3.2 25.6        68
   69 2021- 7-29 16:00     - 55  4  161  2   6.86 0.35  0.0    7 25.9 31.9        69
   70 2021- 7-29 16:08     - 55 15  160 52   0.74 0.30  0.0   11 11.5 24.5        70
   71 2021- 7-29 16:09     - 55 10  160 49   1.68 0.35  0.0   12 12.3 27.8        71
   72 2021- 7-29 16:38     - 55  4  159 12   4.15 0.22  0.0   10 20.8 21.7        72
   73 2021- 7-29 17:00     - 55 12  159 15   1.63 0.13  0.0   11 12.2 10.8        73
   74 2021- 7-29 17:04     - 55 16  162 23   4.70 0.17  0.0    4  4.7 18.6        74
 *** DISTANCE & RESIDUAL WEIGHTING CANCELLED FOR EVENT: 2021  7 29 17  8
   75 2021- 7-29 17:08     - 55 21  161 37  20.39 0.48  0.0    6 29.1 14.6        75
  SEQ ---DATE--- TIME REMARK -LAT-  --LON-  DEPTH  RMS PMAG  NUM  ERH  ERZ  ID
   76 2021- 7-29 17:22       55 12  161 15  23.28 0.18  0.0   11  4.4  6.6        76
   77 2021- 7-29 17:28     - 55 29  161 47   0.50 0.17  0.0    4  4.9 17.7        77
   78 2021- 7-29 17:33     - 55 15  161 30  20.04 0.13  0.0    5 10.5  6.3        78
   79 2021- 7-29 17:34     - 55 40  161 49   8.65 0.29  0.0    4 24.8 25.0        79
   80 2021- 7-29 17:52       55 16  160 44  49.37 0.17  0.0   10  6.4  4.3        80
   81 2021- 7-29 18:14     - 55  4  160 59   2.17 0.36  0.0    8 23.0 32.5        81
   82 2021- 7-29 18:17     - 55  7  161 10  10.67 0.11  0.0    6  2.6 13.8        82
   83 2021- 7-29 18:38       55 13  161  9  32.42 0.18  0.0   11  3.7  0.8        83
   84 2021- 7-29 18:46       55 19  160 50  45.99 0.11  0.0    9  3.2  4.4        84
   85 2021- 7-29 18:53     - 54 45  161 57   3.02 0.12  0.0    6 14.0  1.6        85
   86 2021- 7-29 19:12       55 17  161 20  27.90 0.17  0.0   10  3.0  2.9        86
   87 2021- 7-29 19:30       55 26  161 12  28.30 0.09  0.0    6  3.7  5.9        87
   88 2021- 7-29 19:53     - 55 26  160 59   2.00 0.64  0.0   11 17.0 38.5        88
   89 2021- 7-29 20:21       55 19  161 10  41.82 0.24  0.0    8  7.0  5.4        89
   90 2021- 7-29 20:23     - 55  5  160 46  20.43 0.18  0.0   10  2.4 17.0        90
  SEQ ---DATE--- TIME REMARK -LAT-  --LON-  DEPTH  RMS PMAG  NUM  ERH  ERZ  ID
   91 2021- 7-29 20:25     - 55 14  160 51   0.30 0.31  0.0    9 11.6 24.8        91
   92 2021- 7-29 20:31     - 55 16  161  5   2.00 0.15  0.0    7 13.6 17.5        92
   93 2021- 7-29 20:33     - 55 12  160 45  17.98 0.20  0.0   12  2.9 20.5        93
   94 2021- 7-29 20:42     - 55 13  161 56   2.24 0.10  0.0    4  2.2 14.3        94
   95 2021- 7-29 21:00       55 12  161 15  21.78 0.14  0.0    8  2.8  3.1        95
   96 2021- 7-29 21:08     - 55 20  160 45  36.51 0.18  0.0    6  6.3 14.3        96
   97 2021- 7-29 21:18     - 55 14  160 45  33.44 0.20  0.0   10 17.2 20.6        97
   98 2021- 7-29 21:39     - 55 15  161  7   2.55 0.26  0.0   12  9.4 20.3        98
   99 2021- 7-29 22:02     - 55 13  161  3  40.08 0.13  0.0    7 15.5  6.0        99
  100 2021- 7-29 22:18     - 55 17  160 56  49.93 0.24  0.0   10 16.9  5.8       100
  101 2021- 7-29 22:56     - 55 11  160 28  18.59 0.24  0.0   12  4.5 23.3       101
  102 2021- 7-29 23:38     - 55 17  160 41  50.03 0.18  0.0   10 16.1  6.4       102
