 HYPOINVERSE 2000 STARTING
6/2014 VERSION 1.40 (geoid depth possible)                            
 COMMAND?     33 STATIONS READ IN.
  FIND INPUT PHASE FILE TYPE & SET PHS(COP) & ARC(CAR) FORMATS
  INPUT IS A HYPOINVERSE ARCHIVE-2000 FILE, NO SHADOWS
  SETTING FORMATS COP 3, CAR 1
  SEQ ---DATE--- TIME REMARK -LAT-  --LON-  DEPTH  RMS PMAG  NUM  ERH  ERZ  ID
    1 2021- 7-29  7:59     - 55 27  162 21   6.87 0.31  0.0    7  1.9 28.4         1
    2 2021- 7-29  8:03       55 25  161 50  54.22 0.18  0.0    8  2.7  4.3         2
    3 2021- 7-29  8:09     - 55  3  161  7   3.84 0.11  0.0    5  6.1 14.2         3
    4 2021- 7-29  8:13     - 55 17  161 21  27.16 0.11  0.0    5 12.0  5.5         4
    5 2021- 7-29  8:16       55 17  161 19  31.68 0.15  0.0    8  3.5  4.2         5
 *** DISTANCE & RESIDUAL WEIGHTING CANCELLED FOR EVENT: 2021  7 29  8 17
    6 2021- 7-29  8:17     - 55 19  162  6   3.75 0.81  0.0    6 34.5 52.7         6
    7 2021- 7-29  8:25     - 55 17  160 37  52.38 0.17  0.0    5 17.4 13.5         7
    8 2021- 7-29  8:40     - 55 15  160 27  50.38 0.15  0.0   10 15.3  7.9         8
    9 2021- 7-29  8:55     - 55  0  161 28   4.69 0.10  0.0    5  5.6 13.2         9
   10 2021- 7-29  8:58     # 55 36  162 18   0.02 0.50  0.0    6  3.8  7.7        10
   11 2021- 7-29  9:08     - 55  7  160 59   3.20 0.27  0.0   10  9.9 22.1        11
   12 2021- 7-29  9:17     - 55 28  161  1   4.00 0.32  0.0    9 12.1 24.9        12
   13 2021- 7-29  9:23       55 17  160 55  45.55 0.21  0.0   12  3.6  4.4        13
   14 2021- 7-29  9:26     - 55 20  160 28   4.01 0.35  0.0    7 29.6 30.9        14
   15 2021- 7-29  9:28     - 55 14  160 41  36.13 0.15  0.0   10 16.2 13.7        15
  SEQ ---DATE--- TIME REMARK -LAT-  --LON-  DEPTH  RMS PMAG  NUM  ERH  ERZ  ID
   16 2021- 7-29  9:36       55  5  161 46  12.52 0.09  0.0    6  2.9  1.7        16
   17 2021- 7-29  9:38     - 55  2  161 37   3.94 0.08  0.0    6  6.6 14.1        17
   18 2021- 7-29  9:43       55  4  161 27   2.28 0.11  0.0    5  3.1  4.2        18
   19 2021- 7-29  9:45     - 55 16  161  4   3.67 0.11  0.0    7  6.6 13.8        19
   20 2021- 7-29  9:52     - 55 16  161 12   4.15 0.19  0.0   10  7.0 16.5        20
   21 2021- 7-29  9:54       55 19  160 57  49.07 0.09  0.0   11  2.1  2.9        21
   22 2021- 7-29  9:59     - 55  9  160 55   4.01 0.21  0.0    7 17.9 21.5        22
   23 2021- 7-29 10:02       55  5  161 23  22.02 0.10  0.0    7  1.6  4.0        23
   24 2021- 7-29 10:05     - 55  8  161 46  30.08 0.20  0.0    5  9.6 11.9        24
   25 2021- 7-29 10:06       55 17  161 35   2.14 0.16  0.0    5  1.5  5.3        25
   26 2021- 7-29 10:13     - 55 16  160 55   1.53 0.17  0.0    5  6.8 17.0        26
   27 2021- 7-29 10:16     - 55  9  161 22   5.71 0.26  0.0    7 16.6 24.9        27
   28 2021- 7-29 10:17     - 55 13  161 22   8.03 0.22  0.0   10  2.7 19.7        28
   29 2021- 7-29 10:20     - 55 22  161 48  19.20 0.14  0.0    4  6.5 13.8        29
   30 2021- 7-29 10:22       55 26  161 45  19.20 0.14  0.0    5  4.3  1.7        30
  SEQ ---DATE--- TIME REMARK -LAT-  --LON-  DEPTH  RMS PMAG  NUM  ERH  ERZ  ID
   31 2021- 7-29 10:24     - 55  8  160 49   4.02 0.25  0.0    8 18.9 24.5        31
   32 2021- 7-29 10:27     - 55 12  160 45   3.16 0.33  0.0   10 12.6 26.7        32
   33 2021- 7-29 10:38     - 55  8  160 44   2.11 0.35  0.0   11 12.2 28.2        33
   34 2021- 7-29 10:42     - 55 16  161 25  17.15 0.10  0.0    5 12.1  3.1        34
   35 2021- 7-29 10:50     - 54 41  161  1   0.04 0.46  0.0   10 14.7 32.1        35
   36 2021- 7-29 10:54     - 55 20  161 10   4.99 0.17  0.0    6  7.0 17.3        36
   37 2021- 7-29 10:59     - 55 35  161 11   4.90 0.13  0.0    8  6.2 14.1        37
   38 2021- 7-29 11:05       55 12  161 39  16.68 0.35  0.0    9  5.2  5.7        38
   39 2021- 7-29 11:09     - 55 14  160 48  33.28 0.14  0.0   10 14.6 16.8        39
   40 2021- 7-29 11:17     - 55 16  161 46  18.48 0.02  0.0    4  7.2  8.7        40
   41 2021- 7-29 11:24     - 55 12  163 23   2.91 0.72  0.0    7 26.3 54.2        41
   42 2021- 7-29 11:29     - 55 14  160 57  33.04 0.21  0.0   11 16.3 21.2        42
   43 2021- 7-29 11:41     - 55 16  160 36  53.34 0.16  0.0   10 16.0  7.4        43
   44 2021- 7-29 11:48     - 55 18  160 50  46.18 0.20  0.0    8 16.2  7.0        44
   45 2021- 7-29 12:17     - 55 21  160 51  30.96 0.19  0.0    6 19.2  2.6        45
  SEQ ---DATE--- TIME REMARK -LAT-  --LON-  DEPTH  RMS PMAG  NUM  ERH  ERZ  ID
   46 2021- 7-29 12:18       55 16  161 27  28.43 0.13  0.0    7  3.9  2.7        46
   47 2021- 7-29 12:24     - 55 21  161 28   6.67 0.11  0.0    5  2.7 15.4        47
   48 2021- 7-29 12:28     - 55  4  160 59   5.93 0.41  0.0    9 13.6 30.7        48
   49 2021- 7-29 12:32     - 55 20  161  3  32.54 0.21  0.0    7 18.0  2.0        49
   50 2021- 7-29 12:43     - 55 16  161 21   6.68 0.21  0.0   11  2.5 21.6        50
   51 2021- 7-29 12:52     - 55 24  161 49  26.22 0.07  0.0    6  6.1  7.7        51
   52 2021- 7-29 13:03       55 27  162  6  36.71 0.13  0.0    6  2.3  7.0        52
   53 2021- 7-29 13:15       55 17  161 21  33.86 0.22  0.0   10  6.0  2.9        53
   54 2021- 7-29 13:18     - 55 18  160 52   4.29 0.28  0.0   10 10.3 23.2        54
   55 2021- 7-29 13:30     - 55 11  160 57   3.35 0.28  0.0   10 10.5 22.8        55
   56 2021- 7-29 13:48     - 55 13  161  0   4.32 0.41  0.0   12 14.2 30.8        56
   57 2021- 7-29 14:02     - 55  6  160 38   3.99 0.56  0.0    9 39.1 47.7        57
   58 2021- 7-29 14:08       55 23  161 41  33.16 0.03  0.0    5  5.9  4.1        58
   59 2021- 7-29 14:16     - 55 10  160 58   3.17 0.09  0.0    6  6.0 13.0        59
   60 2021- 7-29 14:20     - 54 54  160  3   5.12 0.23  0.0    6 18.8 13.3        60
  SEQ ---DATE--- TIME REMARK -LAT-  --LON-  DEPTH  RMS PMAG  NUM  ERH  ERZ  ID
   61 2021- 7-29 14:48     - 55 25  162 14   6.84 0.18  0.0    5  2.1 19.0        61
   62 2021- 7-29 14:49       55 17  161 25  24.14 0.09  0.0    8  3.1  4.8        62
   63 2021- 7-29 14:53     - 55 13  160 59   4.53 0.23  0.0    9  8.8 19.8        63
   64 2021- 7-29 14:57     - 55 20  161 54  10.47 0.09  0.0    4  8.9  9.5        64
   65 2021- 7-29 14:58     - 55 30  161  8   4.38 0.34  0.0    9 11.2 25.6        65
   66 2021- 7-29 15:11       54 35  161 18  29.97 0.15  0.0   12  1.3  1.0        66
   67 2021- 7-29 15:13     - 55  3  160 19   2.46 0.28  0.0   10 23.7 26.4        67
   68 2021- 7-29 15:30     - 55 13  161 23   4.70 0.30  0.0    8  9.3 18.6        68
   69 2021- 7-29 16:00     - 54 60  160 52  19.74 0.37  0.0    8 22.6 21.5        69
   70 2021- 7-29 16:08     - 55 15  160 52   2.03 0.30  0.0   11 11.5 24.5        70
   71 2021- 7-29 16:09     - 55 11  160 48   3.85 0.34  0.0   12 12.3 27.6        71
   72 2021- 7-29 16:38     - 55  4  159 11   4.00 0.22  0.0   10 20.6 21.5        72
   73 2021- 7-29 17:00     - 55 17  160 19   4.00 0.42  0.0   11 29.8 37.1        73
   74 2021- 7-29 17:04       55 15  161 43  14.47 0.01  0.0    4  4.3  6.3        74
   75 2021- 7-29 17:08     - 55 22  161 51   8.25 0.01  0.0    4  7.1 10.2        75
  SEQ ---DATE--- TIME REMARK -LAT-  --LON-  DEPTH  RMS PMAG  NUM  ERH  ERZ  ID
   76 2021- 7-29 17:22     - 55  7  160 50   4.06 0.18  0.0   10 14.1 19.5        76
   77 2021- 7-29 17:28     - 55 29  161 43   0.00 0.24  0.0    4  9.7 23.7        77
   78 2021- 7-29 17:33     - 55 15  161 30  21.12 0.13  0.0    5 10.6  6.6        78
   79 2021- 7-29 17:34     - 55 30  161 47   9.14 0.26  0.0    5 12.6 19.0        79
   80 2021- 7-29 17:52     - 55 15  160 40  51.77 0.15  0.0   10 15.1  6.2        80
   81 2021- 7-29 18:14     - 55  9  161 18   4.00 0.35  0.0    8 14.9 31.8        81
   82 2021- 7-29 18:17     - 55  7  161 10  11.84 0.10  0.0    6  2.6 12.8        82
   83 2021- 7-29 18:38     - 55 13  160 58  44.99 0.27  0.0   11 19.3  6.7        83
   84 2021- 7-29 18:46     - 55 16  161 26  30.25 0.13  0.0    6 11.2  7.1        84
   85 2021- 7-29 18:53     - 54 39  161 55   3.98 0.10  0.0    6  9.6 14.9        85
   86 2021- 7-29 19:12       55 17  161 20  27.85 0.16  0.0   10  3.0  2.9        86
   87 2021- 7-29 19:30     - 55 26  160 38   4.32 0.23  0.0    7 16.0 22.6        87
   88 2021- 7-29 19:53     - 55 14  159 19   3.14 0.12  0.0   10 11.8 10.2        88
   89 2021- 7-29 20:21     - 55 19  161  7  46.25 0.24  0.0    8 17.5  7.4        89
   90 2021- 7-29 20:23     - 55  5  160 47  23.73 0.20  0.0   11  4.0 14.7        90
  SEQ ---DATE--- TIME REMARK -LAT-  --LON-  DEPTH  RMS PMAG  NUM  ERH  ERZ  ID
   91 2021- 7-29 20:25     - 55 12  160 47   0.06 0.31  0.0   10 11.7 25.5        91
   92 2021- 7-29 20:31     - 55 16  161  4   4.00 0.15  0.0    7 13.6 17.5        92
   93 2021- 7-29 20:33     - 55 13  160 47   3.93 0.25  0.0   11  9.6 21.2        93
   94 2021- 7-29 20:42       55  8  161 44  19.24 0.03  0.0    5  5.3  3.1        94
   95 2021- 7-29 21:00       55 12  161 14  22.04 0.14  0.0    8  2.6  3.1        95
   96 2021- 7-29 21:08       55 17  160 46  42.94 0.18  0.0    6  6.0  9.7        96
   97 2021- 7-29 21:18     - 55 15  161  2   4.92 0.30  0.0   10 11.2 23.6        97
   98 2021- 7-29 21:39     - 55 14  161  7   3.35 0.26  0.0   12  9.6 20.7        98
   99 2021- 7-29 22:02     - 55 17  161  7   5.04 0.07  0.0    6  5.6 11.7        99
  100 2021- 7-29 22:18     - 55 13  160 54  32.39 0.15  0.0    9 13.8  1.0       100
  101 2021- 7-29 22:56     - 55 10  160 32   3.21 0.35  0.0   12 12.5 27.8       101
  102 2021- 7-29 23:38     - 55 14  160 48  33.57 0.10  0.0   12  2.9 14.2       102
